Component: ARM Compiler 5.06 update 7 (build 960) Tool: armlink [4d3601]

==============================================================================

Section Cross References

    gd32f30x_it.o(.text) refers to tasks.o(.text) for xTaskGetSchedulerState
    gd32f30x_it.o(.text) refers to port.o(.text) for xPortSysTickHandler
    main.o(.text) refers to gd32f30x_dbg.o(.text) for dbg_periph_enable
    main.o(.text) refers to gd32f30x_rcu.o(.text) for rcu_flag_get
    main.o(.text) refers to printfa.o(i.__0printf) for __2printf
    main.o(.text) refers to gd32f30x_fwdgt.o(.text) for fwdgt_config
    main.o(.text) refers to queue.o(.text) for xQueueGenericCreate
    main.o(.text) refers to api_adc.o(.text) for adc_sample_all
    main.o(.text) refers to chassisctrl.o(.text) for ChassisCtrl
    main.o(.text) refers to msghndlr.o(.text) for MsgCoreHndlr
    main.o(.text) refers to bsp_i2c.o(.text) for i2c_int
    main.o(.text) refers to port.o(.text) for vPortEnterCritical
    main.o(.text) refers to tasks.o(.text) for xTaskCreate
    main.o(.text) refers to systick.o(.text) for bsp_systick_config
    main.o(.text) refers to gd32f30x_misc.o(.text) for nvic_priority_group_set
    main.o(.text) refers to gd32f30x_platform.o(.text) for platform_init
    main.o(.text) refers to bsp_uartcomm.o(.text) for UART_init
    main.o(.text) refers to bsp_gpio.o(.text) for GPIO_bspInit
    main.o(.text) refers to api_utc.o(.text) for currentSecsSinceEpoch
    main.o(.text) refers to api_cpu.o(.text) for GetBmcFirmwareVersion
    main.o(.text) refers to main.o(.data) for g_debugLevel
    main.o(.text) refers to api_sensor.o(.text) for Dev_Task
    main.o(.text) refers to shell_port.o(.bss) for shell
    main.o(.text) refers to shell.o(.text) for shellTask
    main.o(.data) refers to main.o(.conststring) for .conststring
    systick.o(.text) refers to system_gd32f30x.o(.data) for SystemCoreClock
    systick.o(.text) refers to main.o(.data) for g_localtime
    api_subdevices.o(.text) refers to bsp_gpio.o(.text) for get_board_addr
    api_subdevices.o(.text) refers to printfa.o(i.__0printf) for __2printf
    api_subdevices.o(.text) refers to api_sensor.o(.text) for api_getDevHandler
    api_subdevices.o(.text) refers to strlen.o(.text) for strlen
    api_subdevices.o(.text) refers to bsp_uartcomm.o(.text) for UART_sendData
    api_subdevices.o(.text) refers to tasks.o(.text) for vTaskDelay
    api_subdevices.o(.text) refers to timers.o(.text) for xTimerGenericCommand
    api_subdevices.o(.text) refers to cjson.o(.text) for cJSON_CreateObject
    api_subdevices.o(.text) refers to heap_4.o(.text) for xPortGetFreeHeapSize
    api_subdevices.o(.text) refers to memseta.o(.text) for __aeabi_memclr4
    api_subdevices.o(.text) refers to memcpya.o(.text) for __aeabi_memcpy
    api_subdevices.o(.text) refers to strcat.o(.text) for strcat
    api_subdevices.o(.text) refers to api_subdevices.o(.constdata) for g_SubDeviceConfigName
    api_subdevices.o(.text) refers to api_subdevices.o(.bss) for g_AllModes
    api_subdevices.o(.text) refers to main.o(.data) for g_debugLevel
    api_subdevices.o(.text) refers to api_subdevices.o(.data) for pSubDeviceSelf
    api_subdevices.o(.text) refers to printfa.o(i.__0sprintf) for __2sprintf
    api_subdevices.o(.text) refers to f2d.o(.text) for __aeabi_f2d
    api_subdevices.o(.text) refers to ipmi_common.o(.text) for CalculateCheckSum
    api_subdevices.o(.text) refers to sensor.o(.text) for GetSensorReading
    api_subdevices.o(.text) refers to msghndlr.o(.text) for SendMsgAndWait
    api_subdevices.o(.constdata) refers to api_subdevices.o(.conststring) for .conststring
    api_subdevices.o(.data) refers to api_subdevices.o(.conststring) for .conststring
    dev_main.o(.text) refers to tasks.o(.text) for vTaskDelay
    dev_main.o(.text) refers to printfa.o(i.__0printf) for __2printf
    dev_main.o(.text) refers to main.o(.data) for g_debugLevel
    dev_main.o(.constdata) refers to dev_main.o(.conststring) for .conststring
    dev_main.o(.constdata) refers to dev_main.o(.bss) for g_sensorVal_main
    dev_main.o(.constdata) refers to dev_main.o(.text) for DevTaskHandler
    dev_net.o(.text) refers to tasks.o(.text) for vTaskDelay
    dev_net.o(.text) refers to printfa.o(i.__0printf) for __2printf
    dev_net.o(.text) refers to main.o(.data) for g_debugLevel
    dev_net.o(.constdata) refers to dev_net.o(.conststring) for .conststring
    dev_net.o(.constdata) refers to dev_net.o(.data) for g_sensorVal_net
    dev_net.o(.constdata) refers to dev_net.o(.text) for DevTaskHandler
    dev_power.o(.text) refers to systick.o(.text) for GetTickMs
    dev_power.o(.text) refers to bsp_gpio.o(.text) for GPIO_isPinActive
    dev_power.o(.text) refers to tasks.o(.text) for vTaskDelay
    dev_power.o(.text) refers to printfa.o(i.__0printf) for __2printf
    dev_power.o(.text) refers to api_sensor.o(.text) for api_sensorGetValHuman
    dev_power.o(.text) refers to main.o(.data) for g_debugLevel
[...]
    timer_break_struct_para_init             0x0800f7a3   Thumb Code    18  gd32f30x_timer.o(.text)
    timer_break_config                       0x0800f7b5   Thumb Code    30  gd32f30x_timer.o(.text)
    timer_break_enable                       0x0800f7d3   Thumb Code    10  gd32f30x_timer.o(.text)
    timer_break_disable                      0x0800f7dd   Thumb Code    10  gd32f30x_timer.o(.text)
    timer_automatic_output_enable            0x0800f7e7   Thumb Code    10  gd32f30x_timer.o(.text)
    timer_automatic_output_disable           0x0800f7f1   Thumb Code    10  gd32f30x_timer.o(.text)
    timer_primary_output_config              0x0800f7fb   Thumb Code    24  gd32f30x_timer.o(.text)
    timer_channel_control_shadow_config      0x0800f813   Thumb Code    24  gd32f30x_timer.o(.text)
    timer_channel_control_shadow_update_config 0x0800f82b   Thumb Code    60  gd32f30x_timer.o(.text)
    timer_channel_output_struct_para_init    0x0800f867   Thumb Code    16  gd32f30x_timer.o(.text)
    timer_channel_output_config              0x0800f877   Thumb Code   482  gd32f30x_timer.o(.text)
    timer_channel_output_mode_config         0x0800fa59   Thumb Code    90  gd32f30x_timer.o(.text)
    timer_channel_output_pulse_value_config  0x0800fab3   Thumb Code    38  gd32f30x_timer.o(.text)
    timer_channel_output_shadow_config       0x0800fad9   Thumb Code    90  gd32f30x_timer.o(.text)
    timer_channel_output_fast_config         0x0800fb33   Thumb Code    90  gd32f30x_timer.o(.text)
    timer_channel_output_clear_config        0x0800fb8d   Thumb Code    90  gd32f30x_timer.o(.text)
    timer_channel_output_polarity_config     0x0800fbe7   Thumb Code    92  gd32f30x_timer.o(.text)
    timer_channel_complementary_output_polarity_config 0x0800fc43   Thumb Code    70  gd32f30x_timer.o(.text)
    timer_channel_output_state_config        0x0800fc89   Thumb Code   100  gd32f30x_timer.o(.text)
    timer_channel_complementary_output_state_config 0x0800fced   Thumb Code    70  gd32f30x_timer.o(.text)
    timer_channel_input_struct_para_init     0x0800fd33   Thumb Code    16  gd32f30x_timer.o(.text)
    timer_channel_input_capture_prescaler_config 0x0800fd43   Thumb Code    90  gd32f30x_timer.o(.text)
    timer_input_capture_config               0x0800fd9d   Thumb Code   326  gd32f30x_timer.o(.text)
    timer_channel_capture_value_register_read 0x0800fee3   Thumb Code    42  gd32f30x_timer.o(.text)
    timer_input_pwm_capture_config           0x0800ff0d   Thumb Code   356  gd32f30x_timer.o(.text)
    timer_hall_mode_config                   0x08010071   Thumb Code    26  gd32f30x_timer.o(.text)
    timer_input_trigger_source_select        0x0801008b   Thumb Code    16  gd32f30x_timer.o(.text)
    timer_master_output_trigger_source_select 0x0801009b   Thumb Code    16  gd32f30x_timer.o(.text)
    timer_slave_mode_select                  0x080100ab   Thumb Code    16  gd32f30x_timer.o(.text)
    timer_master_slave_mode_config           0x080100bb   Thumb Code    26  gd32f30x_timer.o(.text)
    timer_external_trigger_config            0x080100d5   Thumb Code    30  gd32f30x_timer.o(.text)
    timer_quadrature_decoder_mode_config     0x080100f3   Thumb Code    64  gd32f30x_timer.o(.text)
    timer_internal_clock_config              0x08010133   Thumb Code    10  gd32f30x_timer.o(.text)
    timer_internal_trigger_as_external_clock_config 0x0801013d   Thumb Code    32  gd32f30x_timer.o(.text)
    timer_external_trigger_as_external_clock_config 0x0801015d   Thumb Code   166  gd32f30x_timer.o(.text)
    timer_external_clock_mode0_config        0x08010203   Thumb Code    40  gd32f30x_timer.o(.text)
    timer_external_clock_mode1_config        0x0801022b   Thumb Code    32  gd32f30x_timer.o(.text)
    timer_external_clock_mode1_disable       0x0801024b   Thumb Code    10  gd32f30x_timer.o(.text)
    timer_write_chxval_register_config       0x08010255   Thumb Code    34  gd32f30x_timer.o(.text)
    timer_output_value_selection_config      0x08010277   Thumb Code    34  gd32f30x_timer.o(.text)
    nvic_priority_group_set                  0x08010299   Thumb Code    10  gd32f30x_misc.o(.text)
    nvic_irq_enable                          0x080102a3   Thumb Code   186  gd32f30x_misc.o(.text)
    nvic_irq_disable                         0x0801035d   Thumb Code    18  gd32f30x_misc.o(.text)
    nvic_vector_table_set                    0x0801036f   Thumb Code    18  gd32f30x_misc.o(.text)
    system_lowpower_set                      0x08010381   Thumb Code    16  gd32f30x_misc.o(.text)
    system_lowpower_reset                    0x08010391   Thumb Code    16  gd32f30x_misc.o(.text)
    systick_clksource_set                    0x080103a1   Thumb Code    40  gd32f30x_misc.o(.text)
    usart_deinit                             0x080103dd   Thumb Code   136  gd32f30x_usart.o(.text)
    usart_baudrate_set                       0x08010465   Thumb Code   136  gd32f30x_usart.o(.text)
    usart_parity_config                      0x080104ed   Thumb Code    16  gd32f30x_usart.o(.text)
    usart_word_length_set                    0x080104fd   Thumb Code    16  gd32f30x_usart.o(.text)
    usart_stop_bit_set                       0x0801050d   Thumb Code    16  gd32f30x_usart.o(.text)
    usart_enable                             0x0801051d   Thumb Code    10  gd32f30x_usart.o(.text)
    usart_disable                            0x08010527   Thumb Code    10  gd32f30x_usart.o(.text)
    usart_transmit_config                    0x08010531   Thumb Code    16  gd32f30x_usart.o(.text)
    usart_receive_config                     0x08010541   Thumb Code    16  gd32f30x_usart.o(.text)
    usart_data_first_config                  0x08010551   Thumb Code    20  gd32f30x_usart.o(.text)
    usart_invert_config                      0x08010565   Thumb Code   104  gd32f30x_usart.o(.text)
    usart_receiver_timeout_enable            0x080105cd   Thumb Code    14  gd32f30x_usart.o(.text)
    usart_receiver_timeout_disable           0x080105db   Thumb Code    14  gd32f30x_usart.o(.text)
    usart_receiver_timeout_threshold_config  0x080105e9   Thumb Code    20  gd32f30x_usart.o(.text)
    usart_data_transmit                      0x080105fd   Thumb Code     8  gd32f30x_usart.o(.text)
    usart_data_receive                       0x08010605   Thumb Code    10  gd32f30x_usart.o(.text)
    usart_address_config                     0x0801060f   Thumb Code    20  gd32f30x_usart.o(.text)
    usart_mute_mode_enable                   0x08010623   Thumb Code    10  gd32f30x_usart.o(.text)
    usart_mute_mode_disable                  0x0801062d   Thumb Code    10  gd32f30x_usart.o(.text)
    usart_mute_mode_wakeup_config            0x08010637   Thumb Code    16  gd32f30x_usart.o(.text)
    usart_lin_mode_enable                    0x08010647   Thumb Code    10  gd32f30x_usart.o(.text)
    usart_lin_mode_disable                   0x08010651   Thumb Code    10  gd32f30x_usart.o(.text)
    usart_lin_break_detection_length_config  0x0801065b   Thumb Code    20  gd32f30x_usart.o(.text)
    usart_send_break                         0x0801066f   Thumb Code    10  gd32f30x_usart.o(.text)
    usart_halfduplex_enable                  0x08010679   Thumb Code    10  gd32f30x_usart.o(.text)
    usart_halfduplex_disable                 0x08010683   Thumb Code    10  gd32f30x_usart.o(.text)
    usart_synchronous_clock_enable           0x0801068d   Thumb Code    10  gd32f30x_usart.o(.text)
    usart_synchronous_clock_disable          0x08010697   Thumb Code    10  gd32f30x_usart.o(.text)
    usart_synchronous_clock_config           0x080106a1   Thumb Code    34  gd32f30x_usart.o(.text)
    usart_guard_time_config                  0x080106c3   Thumb Code    24  gd32f30x_usart.o(.text)
    usart_smartcard_mode_enable              0x080106db   Thumb Code    10  gd32f30x_usart.o(.text)
    usart_smartcard_mode_disable             0x080106e5   Thumb Code    10  gd32f30x_usart.o(.text)
    usart_smartcard_mode_nack_enable         0x080106ef   Thumb Code    10  gd32f30x_usart.o(.text)
    usart_smartcard_mode_nack_disable        0x080106f9   Thumb Code    10  gd32f30x_usart.o(.text)
    usart_smartcard_autoretry_config         0x08010703   Thumb Code    26  gd32f30x_usart.o(.text)
    usart_block_length_config                0x0801071d   Thumb Code    28  gd32f30x_usart.o(.text)
    usart_irda_mode_enable                   0x08010739   Thumb Code    10  gd32f30x_usart.o(.text)
    usart_irda_mode_disable                  0x08010743   Thumb Code    10  gd32f30x_usart.o(.text)
    usart_prescaler_config                   0x0801074d   Thumb Code    16  gd32f30x_usart.o(.text)
    usart_irda_lowpower_config               0x0801075d   Thumb Code    20  gd32f30x_usart.o(.text)
    usart_hardware_flow_rts_config           0x08010771   Thumb Code    16  gd32f30x_usart.o(.text)
    usart_hardware_flow_cts_config           0x08010781   Thumb Code    16  gd32f30x_usart.o(.text)
    usart_dma_receive_config                 0x08010791   Thumb Code    16  gd32f30x_usart.o(.text)
    usart_dma_transmit_config                0x080107a1   Thumb Code    16  gd32f30x_usart.o(.text)
    usart_flag_get                           0x080107b1   Thumb Code    40  gd32f30x_usart.o(.text)
    usart_flag_clear                         0x080107d9   Thumb Code    26  gd32f30x_usart.o(.text)
    usart_interrupt_enable                   0x080107f3   Thumb Code    26  gd32f30x_usart.o(.text)
    usart_interrupt_disable                  0x0801080d   Thumb Code    26  gd32f30x_usart.o(.text)
    usart_interrupt_flag_get                 0x08010827   Thumb Code    56  gd32f30x_usart.o(.text)
    usart_interrupt_flag_clear               0x0801085f   Thumb Code    26  gd32f30x_usart.o(.text)
    dbg_deinit                               0x08010879   Thumb Code     8  gd32f30x_dbg.o(.text)
    dbg_id_get                               0x08010881   Thumb Code     6  gd32f30x_dbg.o(.text)
    dbg_low_power_enable                     0x08010887   Thumb Code    12  gd32f30x_dbg.o(.text)
    dbg_low_power_disable                    0x08010893   Thumb Code    12  gd32f30x_dbg.o(.text)
    dbg_periph_enable                        0x0801089f   Thumb Code    28  gd32f30x_dbg.o(.text)
    dbg_periph_disable                       0x080108bb   Thumb Code    28  gd32f30x_dbg.o(.text)
    dbg_trace_pin_enable                     0x080108d7   Thumb Code    14  gd32f30x_dbg.o(.text)
    dbg_trace_pin_disable                    0x080108e5   Thumb Code    14  gd32f30x_dbg.o(.text)
    Reset_Handler                            0x080108f9   Thumb Code     8  startup_gd32f30x_cl.o(.text)
    ADC0_1_IRQHandler                        0x08010913   Thumb Code     0  startup_gd32f30x_cl.o(.text)
    CAN0_EWMC_IRQHandler                     0x08010913   Thumb Code     0  startup_gd32f30x_cl.o(.text)
    CAN0_RX0_IRQHandler                      0x08010913   Thumb Code     0  startup_gd32f30x_cl.o(.text)
    CAN0_RX1_IRQHandler                      0x08010913   Thumb Code     0  startup_gd32f30x_cl.o(.text)
    CAN0_TX_IRQHandler                       0x08010913   Thumb Code     0  startup_gd32f30x_cl.o(.text)
    CAN1_EWMC_IRQHandler                     0x08010913   Thumb Code     0  startup_gd32f30x_cl.o(.text)
    CAN1_RX0_IRQHandler                      0x08010913   Thumb Code     0  startup_gd32f30x_cl.o(.text)
    CAN1_RX1_IRQHandler                      0x08010913   Thumb Code     0  startup_gd32f30x_cl.o(.text)
    CAN1_TX_IRQHandler                       0x08010913   Thumb Code     0  startup_gd32f30x_cl.o(.text)
    DMA0_Channel0_IRQHandler                 0x08010913   Thumb Code     0  startup_gd32f30x_cl.o(.text)
    DMA0_Channel1_IRQHandler                 0x08010913   Thumb Code     0  startup_gd32f30x_cl.o(.text)
    DMA0_Channel2_IRQHandler                 0x08010913   Thumb Code     0  startup_gd32f30x_cl.o(.text)
    DMA0_Channel3_IRQHandler                 0x08010913   Thumb Code     0  startup_gd32f30x_cl.o(.text)
    DMA0_Channel4_IRQHandler                 0x08010913   Thumb Code     0  startup_gd32f30x_cl.o(.text)
    DMA0_Channel5_IRQHandler                 0x08010913   Thumb Code     0  startup_gd32f30x_cl.o(.text)
    DMA0_Channel6_IRQHandler                 0x08010913   Thumb Code     0  startup_gd32f30x_cl.o(.text)
    DMA1_Channel0_IRQHandler                 0x08010913   Thumb Code     0  startup_gd32f30x_cl.o(.text)
    DMA1_Channel1_IRQHandler                 0x08010913   Thumb Code     0  startup_gd32f30x_cl.o(.text)
    DMA1_Channel2_IRQHandler                 0x08010913   Thumb Code     0  startup_gd32f30x_cl.o(.text)
    DMA1_Channel3_IRQHandler                 0x08010913   Thumb Code     0  startup_gd32f30x_cl.o(.text)
    DMA1_Channel4_IRQHandler                 0x08010913   Thumb Code     0  startup_gd32f30x_cl.o(.text)
    ENET_WKUP_IRQHandler                     0x08010913   Thumb Code     0  startup_gd32f30x_cl.o(.text)
    EXMC_IRQHandler                          0x08010913   Thumb Code     0  startup_gd32f30x_cl.o(.text)
    EXTI0_IRQHandler                         0x08010913   Thumb Code     0  startup_gd32f30x_cl.o(.text)
    EXTI10_15_IRQHandler                     0x08010913   Thumb Code     0  startup_gd32f30x_cl.o(.text)
    EXTI1_IRQHandler                         0x08010913   Thumb Code     0  startup_gd32f30x_cl.o(.text)
    EXTI2_IRQHandler                         0x08010913   Thumb Code     0  startup_gd32f30x_cl.o(.text)
    EXTI3_IRQHandler                         0x08010913   Thumb Code     0  startup_gd32f30x_cl.o(.text)
    EXTI4_IRQHandler                         0x08010913   Thumb Code     0  startup_gd32f30x_cl.o(.text)
    EXTI5_9_IRQHandler                       0x08010913   Thumb Code     0  startup_gd32f30x_cl.o(.text)
    FMC_IRQHandler                           0x08010913   Thumb Code     0  startup_gd32f30x_cl.o(.text)
    LVD_IRQHandler                           0x08010913   Thumb Code     0  startup_gd32f30x_cl.o(.text)
    RCU_CTC_IRQHandler                       0x08010913   Thumb Code     0  startup_gd32f30x_cl.o(.text)
    RTC_Alarm_IRQHandler                     0x08010913   Thumb Code     0  startup_gd32f30x_cl.o(.text)
    RTC_IRQHandler                           0x08010913   Thumb Code     0  startup_gd32f30x_cl.o(.text)
    SPI0_IRQHandler                          0x08010913   Thumb Code     0  startup_gd32f30x_cl.o(.text)
    SPI1_IRQHandler                          0x08010913   Thumb Code     0  startup_gd32f30x_cl.o(.text)
    SPI2_IRQHandler                          0x08010913   Thumb Code     0  startup_gd32f30x_cl.o(.text)
    TAMPER_IRQHandler                        0x08010913   Thumb Code     0  startup_gd32f30x_cl.o(.text)
    TIMER0_BRK_TIMER8_IRQHandler             0x08010913   Thumb Code     0  startup_gd32f30x_cl.o(.text)
    TIMER0_TRG_CMT_TIMER10_IRQHandler        0x08010913   Thumb Code     0  startup_gd32f30x_cl.o(.text)
    TIMER1_IRQHandler                        0x08010913   Thumb Code     0  startup_gd32f30x_cl.o(.text)
    TIMER3_IRQHandler                        0x08010913   Thumb Code     0  startup_gd32f30x_cl.o(.text)
    TIMER4_IRQHandler                        0x08010913   Thumb Code     0  startup_gd32f30x_cl.o(.text)
    TIMER5_IRQHandler                        0x08010913   Thumb Code     0  startup_gd32f30x_cl.o(.text)
    TIMER6_IRQHandler                        0x08010913   Thumb Code     0  startup_gd32f30x_cl.o(.text)
    TIMER7_BRK_TIMER11_IRQHandler            0x08010913   Thumb Code     0  startup_gd32f30x_cl.o(.text)
    TIMER7_Channel_IRQHandler                0x08010913   Thumb Code     0  startup_gd32f30x_cl.o(.text)
    TIMER7_TRG_CMT_TIMER13_IRQHandler        0x08010913   Thumb Code     0  startup_gd32f30x_cl.o(.text)
    TIMER7_UP_TIMER12_IRQHandler             0x08010913   Thumb Code     0  startup_gd32f30x_cl.o(.text)
    UART4_IRQHandler                         0x08010913   Thumb Code     0  startup_gd32f30x_cl.o(.text)
    USART2_IRQHandler                        0x08010913   Thumb Code     0  startup_gd32f30x_cl.o(.text)
    USBFS_IRQHandler                         0x08010913   Thumb Code     0  startup_gd32f30x_cl.o(.text)
    USBFS_WKUP_IRQHandler                    0x08010913   Thumb Code     0  startup_gd32f30x_cl.o(.text)
    WWDGT_IRQHandler                         0x08010913   Thumb Code     0  startup_gd32f30x_cl.o(.text)
    vListInitialise                          0x0801091d   Thumb Code    26  list.o(.text)
    vListInitialiseItem                      0x08010937   Thumb Code     6  list.o(.text)
    vListInsertEnd                           0x0801093d   Thumb Code    24  list.o(.text)
    vListInsert                              0x08010955   Thumb Code    52  list.o(.text)
    uxListRemove                             0x08010989   Thumb Code    40  list.o(.text)
    xQueueGenericReset                       0x080109b1   Thumb Code   136  queue.o(.text)
    xQueueGenericCreate                      0x08010a67   Thumb Code    80  queue.o(.text)
    xQueueGenericSend                        0x08010c61   Thumb Code   470  queue.o(.text)
    xQueueCreateMutex                        0x08010e55   Thumb Code    34  queue.o(.text)
    xQueueGiveMutexRecursive                 0x08010e77   Thumb Code    66  queue.o(.text)
    xQueueSemaphoreTake                      0x08010ee7   Thumb Code   410  queue.o(.text)
    xQueueTakeMutexRecursive                 0x08011081   Thumb Code    72  queue.o(.text)
    xQueueCreateCountingSemaphore            0x080110c9   Thumb Code    80  queue.o(.text)
    xQueueGenericSendFromISR                 0x08011119   Thumb Code   250  queue.o(.text)
    xQueueGiveFromISR                        0x08011213   Thumb Code   228  queue.o(.text)
    xQueueReceive                            0x08011321   Thumb Code   338  queue.o(.text)
    xQueuePeek                               0x08011473   Thumb Code   344  queue.o(.text)
    xQueueReceiveFromISR                     0x080115cb   Thumb Code   190  queue.o(.text)
    xQueuePeekFromISR                        0x08011689   Thumb Code   158  queue.o(.text)
    uxQueueMessagesWaiting                   0x08011727   Thumb Code    36  queue.o(.text)
    uxQueueSpacesAvailable                   0x0801174b   Thumb Code    42  queue.o(.text)
    uxQueueMessagesWaitingFromISR            0x08011775   Thumb Code    36  queue.o(.text)
    vQueueUnregisterQueue                    0x08011799   Thumb Code    44  queue.o(.text)
    vQueueDelete                             0x080117c5   Thumb Code    38  queue.o(.text)
    uxQueueGetQueueNumber                    0x080117eb   Thumb Code     6  queue.o(.text)
    vQueueSetQueueNumber                     0x080117f1   Thumb Code     4  queue.o(.text)
    ucQueueGetQueueType                      0x080117f5   Thumb Code     8  queue.o(.text)
    xQueueIsQueueEmptyFromISR                0x080117fd   Thumb Code    38  queue.o(.text)
    xQueueIsQueueFullFromISR                 0x08011823   Thumb Code    42  queue.o(.text)
    vQueueAddToRegistry                      0x0801184d   Thumb Code    38  queue.o(.text)
    pcQueueGetName                           0x08011873   Thumb Code    38  queue.o(.text)
    vQueueWaitForMessageRestricted           0x08011899   Thumb Code    74  queue.o(.text)
    xQueueCreateSet                          0x080118e3   Thumb Code    20  queue.o(.text)
    xQueueAddToSet                           0x080118f7   Thumb Code    38  queue.o(.text)
    xQueueRemoveFromSet                      0x0801191d   Thumb Code    48  queue.o(.text)
    xQueueSelectFromSet                      0x0801194d   Thumb Code    24  queue.o(.text)
    xQueueSelectFromSetFromISR               0x08011965   Thumb Code    22  queue.o(.text)
    vApplicationStackOverflowHook            0x08011981   Thumb Code    78  tasks.o(.text)
    xTaskCreate                              0x08011b69   Thumb Code    98  tasks.o(.text)
    vTaskDelete                              0x08011c07   Thumb Code   192  tasks.o(.text)
    xTaskIncrementTick                       0x08011cc7   Thumb Code   470  tasks.o(.text)
    xTaskResumeAll                           0x08011e9d   Thumb Code   218  tasks.o(.text)
    vTaskSuspendAll                          0x08011ff3   Thumb Code    12  tasks.o(.text)
    vTaskDelayUntil                          0x08011fff   Thumb Code   182  tasks.o(.text)
    vTaskDelay                               0x080120b5   Thumb Code    76  tasks.o(.text)
    eTaskGetState                            0x08012101   Thumb Code   122  tasks.o(.text)
    uxTaskPriorityGet                        0x0801217b   Thumb Code    30  tasks.o(.text)
    uxTaskPriorityGetFromISR                 0x08012199   Thumb Code    62  tasks.o(.text)
    vTaskPrioritySet                         0x080121d7   Thumb Code   316  tasks.o(.text)
    vTaskSwitchContext                       0x08012313   Thumb Code   142  tasks.o(.text)
    vTaskSuspend                             0x080123a1   Thumb Code   204  tasks.o(.text)
    vTaskResume                              0x080124b9   Thumb Code   122  tasks.o(.text)
    xTaskResumeFromISR                       0x08012533   Thumb Code   152  tasks.o(.text)
    vTaskStartScheduler                      0x08012633   Thumb Code   182  tasks.o(.text)
    vTaskEndScheduler                        0x080126e9   Thumb Code    32  tasks.o(.text)
    xTaskGetTickCount                        0x08012709   Thumb Code     6  tasks.o(.text)
    xTaskGetTickCountFromISR                 0x0801270f   Thumb Code    16  tasks.o(.text)
    uxTaskGetNumberOfTasks                   0x0801271f   Thumb Code     6  tasks.o(.text)
    pcTaskGetName                            0x08012725   Thumb Code    40  tasks.o(.text)
    vTaskGetInfo                             0x08012763   Thumb Code   126  tasks.o(.text)
    uxTaskGetSystemState                     0x0801284b   Thumb Code   152  tasks.o(.text)
    vTaskPlaceOnEventList                    0x080128e3   Thumb Code    46  tasks.o(.text)
    vTaskPlaceOnUnorderedEventList           0x08012911   Thumb Code    88  tasks.o(.text)
    vTaskPlaceOnEventListRestricted          0x08012969   Thumb Code    54  tasks.o(.text)
    xTaskRemoveFromEventList                 0x0801299f   Thumb Code   122  tasks.o(.text)
    vTaskRemoveFromUnorderedEventList        0x08012a19   Thumb Code   184  tasks.o(.text)
    vTaskSetTimeOutState                     0x08012ad1   Thumb Code    44  tasks.o(.text)
    vTaskInternalSetTimeOutState             0x08012afd   Thumb Code    14  tasks.o(.text)
    xTaskCheckForTimeOut                     0x08012b0b   Thumb Code   120  tasks.o(.text)
    vTaskMissedYield                         0x08012b83   Thumb Code     8  tasks.o(.text)
    uxTaskGetTaskNumber                      0x08012b8b   Thumb Code    14  tasks.o(.text)
    vTaskSetTaskNumber                       0x08012b99   Thumb Code     8  tasks.o(.text)
    xTaskGetCurrentTaskHandle                0x08012ba1   Thumb Code     6  tasks.o(.text)
    xTaskGetSchedulerState                   0x08012ba7   Thumb Code    24  tasks.o(.text)
    xTaskPriorityInherit                     0x08012bbf   Thumb Code   186  tasks.o(.text)
    xTaskPriorityDisinherit                  0x08012c79   Thumb Code   176  tasks.o(.text)
    vTaskPriorityDisinheritAfterTimeout      0x08012d29   Thumb Code   218  tasks.o(.text)
    vTaskList                                0x08012e2d   Thumb Code   254  tasks.o(.text)
    uxTaskResetEventItemValue                0x08012f2b   Thumb Code    24  tasks.o(.text)
    pvTaskIncrementMutexHeldCount            0x08012f43   Thumb Code    26  tasks.o(.text)
    ulTaskNotifyTake                         0x08012f5d   Thumb Code   108  tasks.o(.text)
    xTaskNotifyWait                          0x08012fc9   Thumb Code   150  tasks.o(.text)
    xTaskGenericNotify                       0x0801305f   Thumb Code   256  tasks.o(.text)
    xTaskGenericNotifyFromISR                0x0801315f   Thumb Code   310  tasks.o(.text)
    vTaskNotifyGiveFromISR                   0x08013295   Thumb Code   234  tasks.o(.text)
    xTaskNotifyStateClear                    0x0801337f   Thumb Code    48  tasks.o(.text)
    vTaskPrintThreadStatus                   0x080133af   Thumb Code   104  tasks.o(.text)
    xTimerGenericCommand                     0x080134d9   Thumb Code   118  timers.o(.text)
    xTimerCreateTimerTask                    0x0801383f   Thumb Code    56  timers.o(.text)
    xTimerCreate                             0x0801391d   Thumb Code    48  timers.o(.text)
    xTimerGetTimerDaemonTaskHandle           0x0801394d   Thumb Code    38  timers.o(.text)
    xTimerGetPeriod                          0x08013973   Thumb Code    28  timers.o(.text)
    xTimerGetExpiryTime                      0x0801398f   Thumb Code    30  timers.o(.text)
    pcTimerGetName                           0x080139ad   Thumb Code    28  timers.o(.text)
    xTimerIsTimerActive                      0x080139c9   Thumb Code    56  timers.o(.text)
    pvTimerGetTimerID                        0x08013a01   Thumb Code    38  timers.o(.text)
    vTimerSetTimerID                         0x08013a27   Thumb Code    38  timers.o(.text)
    xTimerPendFunctionCallFromISR            0x08013a4d   Thumb Code    48  timers.o(.text)
    xTimerPendFunctionCall                   0x08013a7d   Thumb Code    70  timers.o(.text)
    uxTimerGetTimerNumber                    0x08013ac3   Thumb Code     6  timers.o(.text)
    vTimerSetTimerNumber                     0x08013ac9   Thumb Code     4  timers.o(.text)
    pvPortMalloc                             0x08013b97   Thumb Code   262  heap_4.o(.text)
    vPortFree                                0x08013c9d   Thumb Code   120  heap_4.o(.text)
    xPortGetFreeHeapSize                     0x08013d15   Thumb Code     6  heap_4.o(.text)
    xPortGetMinimumEverFreeHeapSize          0x08013d1b   Thumb Code     6  heap_4.o(.text)
    vPortInitialiseBlocks                    0x08013d21   Thumb Code     2  heap_4.o(.text)
    pxPortInitialiseStack                    0x08013da5   Thumb Code    30  port.o(.text)
    vPortSetupTimerInterrupt                 0x08013dc3   Thumb Code    36  port.o(.text)
    xPortStartScheduler                      0x08013de7   Thumb Code   240  port.o(.text)
    vPortEndScheduler                        0x08013ed7   Thumb Code    34  port.o(.text)
    vPortEnterCritical                       0x08013ef9   Thumb Code    70  port.o(.text)
    vPortExitCritical                        0x08013f3f   Thumb Code    48  port.o(.text)
    xPortSysTickHandler                      0x08013f6f   Thumb Code    52  port.o(.text)
    vPortValidateInterruptPriority           0x08013fa3   Thumb Code    88  port.o(.text)
    shellWriteString                         0x08014055   Thumb Code    40  shell.o(.text)
    shellToHex                               0x080140d1   Thumb Code    56  shell.o(.text)
    shellCheckPermission                     0x08014155   Thumb Code    54  shell.o(.text)
    shellSeekCommand                         0x0801418b   Thumb Code   122  shell.o(.text)
    shellInit                                0x0801428b   Thumb Code   144  shell.o(.text)
    shellGetCurrent                          0x0801431b   Thumb Code    48  shell.o(.text)
    shellPrint                               0x080143a9   Thumb Code    50  shell.o(.text)
    shellToDec                               0x080143db   Thumb Code    86  shell.o(.text)
    shellListItem                            0x080144d1   Thumb Code   240  shell.o(.text)
    shellListCommand                         0x080145c1   Thumb Code    90  shell.o(.text)
    shellListVar                             0x0801461b   Thumb Code    84  shell.o(.text)
    shellListUser                            0x0801466f   Thumb Code    84  shell.o(.text)
    shellListKey                             0x080146c3   Thumb Code    84  shell.o(.text)
    shellListAll                             0x08014717   Thumb Code    12  shell.o(.text)
    shellDeleteCommandLine                   0x08014723   Thumb Code    28  shell.o(.text)
    shellClearCommandLine                    0x0801473f   Thumb Code    40  shell.o(.text)
    shellInsertByte                          0x08014767   Thumb Code   226  shell.o(.text)
    shellDeleteByte                          0x08014849   Thumb Code   232  shell.o(.text)
    shellGetVarValue                         0x08014a27   Thumb Code    84  shell.o(.text)
    shellSetVarValue                         0x08014b1b   Thumb Code   140  shell.o(.text)
    shellSetVar                              0x08014ba7   Thumb Code   106  shell.o(.text)
    shellRunCommand                          0x08014c7b   Thumb Code   174  shell.o(.text)
    shellNormalInput                         0x08014ed1   Thumb Code    28  shell.o(.text)
    shellExec                                0x08014eed   Thumb Code   110  shell.o(.text)
    shellUp                                  0x08014f5b   Thumb Code    14  shell.o(.text)
    shellDown                                0x08014f69   Thumb Code    16  shell.o(.text)
    shellRight                               0x08014f79   Thumb Code    30  shell.o(.text)
    shellLeft                                0x08014f97   Thumb Code    26  shell.o(.text)
    shellTab                                 0x08014fb1   Thumb Code   378  shell.o(.text)
    shellBackspace                           0x0801512b   Thumb Code    14  shell.o(.text)
    shellDelete                              0x08015139   Thumb Code    16  shell.o(.text)
    shellEnter                               0x08015149   Thumb Code    20  shell.o(.text)
    shellHelp                                0x0801515d   Thumb Code   118  shell.o(.text)
    shellHandler                             0x080151d3   Thumb Code   246  shell.o(.text)
    shellTask                                0x080152c9   Thumb Code    54  shell.o(.text)
    shellUsers                               0x080152ff   Thumb Code    18  shell.o(.text)
    shellCmds                                0x08015311   Thumb Code    36  shell.o(.text)
    shellVars                                0x08015335   Thumb Code    18  shell.o(.text)
    shellKeys                                0x08015347   Thumb Code    18  shell.o(.text)
    shellClear                               0x08015359   Thumb Code    22  shell.o(.text)
    shellRun                                 0x0801536f   Thumb Code    86  shell.o(.text)
    shellExtParsePara                        0x080155f3   Thumb Code    86  shell_ext.o(.text)
    shellExtRun                              0x08015649   Thumb Code   202  shell_ext.o(.text)
    userShellWrite                           0x08015719   Thumb Code    14  shell_port.o(.text)
    userShellRead                            0x08015727   Thumb Code    22  shell_port.o(.text)
    userShellInit                            0x0801573d   Thumb Code    30  shell_port.o(.text)
    tolower                                  0x08015769   Thumb Code    12  tolower.o(.text)
    rand                                     0x08015775   Thumb Code    20  rand.o(.text)
    srand                                    0x08015789   Thumb Code     6  rand.o(.text)
    __aeabi_memcpy                           0x08015799   Thumb Code    36  memcpya.o(.text)
    __aeabi_memcpy4                          0x08015799   Thumb Code     0  memcpya.o(.text)
    __aeabi_memcpy8                          0x08015799   Thumb Code     0  memcpya.o(.text)
    __aeabi_memset                           0x080157bd   Thumb Code    14  memseta.o(.text)
    __aeabi_memset4                          0x080157bd   Thumb Code     0  memseta.o(.text)
    __aeabi_memset8                          0x080157bd   Thumb Code     0  memseta.o(.text)
    __aeabi_memclr                           0x080157cb   Thumb Code     4  memseta.o(.text)
    __aeabi_memclr4                          0x080157cb   Thumb Code     0  memseta.o(.text)
    __aeabi_memclr8                          0x080157cb   Thumb Code     0  memseta.o(.text)
    _memset$wrapper                          0x080157cf   Thumb Code    18  memseta.o(.text)
    strcat                                   0x080157e1   Thumb Code    24  strcat.o(.text)
    strlen                                   0x080157f9   Thumb Code    14  strlen.o(.text)
    strcmp                                   0x08015807   Thumb Code    28  strcmp.o(.text)
    strcpy                                   0x08015823   Thumb Code    18  strcpy.o(.text)
    strncmp                                  0x08015835   Thumb Code    30  strncmp.o(.text)
    strtok                                   0x08015855   Thumb Code    62  strtok.o(.text)
    __0sscanf                                0x08015899   Thumb Code    48  __0sscanf.o(.text)
    _scanf_int                               0x080158d1   Thumb Code   332  _scanf_int.o(.text)
    _scanf_real                              0x08015b45   Thumb Code     0  scanf_fp.o(.text)
    _scanf_really_real                       0x08015b45   Thumb Code   556  scanf_fp.o(.text)
    strtol                                   0x08015d7d   Thumb Code   112  strtol.o(.text)
    atoi                                     0x08015ded   Thumb Code    26  atoi.o(.text)
    __aeabi_dadd                             0x08015e07   Thumb Code   322  dadd.o(.text)
    __aeabi_dsub                             0x08015f49   Thumb Code     6  dadd.o(.text)
    __aeabi_drsub                            0x08015f4f   Thumb Code     6  dadd.o(.text)
    __aeabi_dmul                             0x08015f55   Thumb Code   228  dmul.o(.text)
    __aeabi_ddiv                             0x08016039   Thumb Code   222  ddiv.o(.text)
    __aeabi_i2d                              0x08016117   Thumb Code    34  dflti.o(.text)
    __aeabi_d2iz                             0x08016139   Thumb Code    62  dfixi.o(.text)
    __aeabi_d2uiz                            0x08016177   Thumb Code    50  dfixui.o(.text)
    __aeabi_f2d                              0x080161a9   Thumb Code    38  f2d.o(.text)
    __aeabi_cdcmpeq                          0x080161d1   Thumb Code     0  cdcmple.o(.text)
    __aeabi_cdcmple                          0x080161d1   Thumb Code    48  cdcmple.o(.text)
    __aeabi_cdrcmple                         0x08016201   Thumb Code    48  cdrcmple.o(.text)
    __aeabi_d2f                              0x08016231   Thumb Code    56  d2f.o(.text)
    __aeabi_uidiv                            0x08016269   Thumb Code     0  uidiv.o(.text)
    __aeabi_uidivmod                         0x08016269   Thumb Code    44  uidiv.o(.text)
    __aeabi_uldivmod                         0x08016295   Thumb Code    98  uldiv.o(.text)
    __aeabi_llsl                             0x080162f7   Thumb Code    30  llshl.o(.text)
    _ll_shift_l                              0x080162f7   Thumb Code     0  llshl.o(.text)
    __aeabi_llsr                             0x08016315   Thumb Code    32  llushr.o(.text)
    _ll_ushift_r                             0x08016315   Thumb Code     0  llushr.o(.text)
    __aeabi_lasr                             0x08016335   Thumb Code    36  llsshr.o(.text)
    _ll_sshift_r                             0x08016335   Thumb Code     0  llsshr.o(.text)
    __rt_ctype_table                         0x08016359   Thumb Code     4  ctype_o.o(.text)
    isspace                                  0x08016361   Thumb Code    18  isspace_o.o(.text)
    _chval                                   0x08016373   Thumb Code    28  _chval.o(.text)
    __vfscanf_char                           0x0801639d   Thumb Code    20  scanf_char.o(.text)
    _sgetc                                   0x080163b9   Thumb Code    30  _sgetc.o(.text)
    _sbackspace                              0x080163d7   Thumb Code    34  _sgetc.o(.text)
    _strtoul                                 0x080163f9   Thumb Code   158  _strtoul.o(.text)
    __strtod_int                             0x080164cf   Thumb Code    90  strtod.o(.text)
    __I$use$fp                               0x08016535   Thumb Code     0  iusefp.o(.text)
    _float_round                             0x08016535   Thumb Code    18  fepilogue.o(.text)
    _float_epilogue                          0x08016547   Thumb Code    92  fepilogue.o(.text)
    _double_round                            0x080165a3   Thumb Code    30  depilogue.o(.text)
    _double_epilogue                         0x080165c1   Thumb Code   156  depilogue.o(.text)
    __ARM_scalbn                             0x0801665d   Thumb Code    46  dscalb.o(.text)
    scalbn                                   0x0801665d   Thumb Code     0  dscalb.o(.text)
    __aeabi_ul2d                             0x0801668b   Thumb Code    24  dfltul.o(.text)
    __aeabi_d2ulz                            0x080166a3   Thumb Code    48  dfixul.o(.text)
    __scatterload                            0x080166d5   Thumb Code    28  init.o(.text)
    __scatterload_rt2                        0x080166d5   Thumb Code     0  init.o(.text)
    __vfscanf                                0x080166f9   Thumb Code   810  _scanf.o(.text)
    _dsqrt                                   0x08016a29   Thumb Code   162  dsqrt.o(.text)
    __decompress                             0x08016acb   Thumb Code     0  __dczerorl2.o(.text)
    __decompress1                            0x08016acb   Thumb Code    86  __dczerorl2.o(.text)
    FIFO_Empty                               0x08016b21   Thumb Code    14  fifo.o(i.FIFO_Empty)
    __0printf                                0x08016b31   Thumb Code    22  printfa.o(i.__0printf)
    __1printf                                0x08016b31   Thumb Code     0  printfa.o(i.__0printf)
    __2printf                                0x08016b31   Thumb Code     0  printfa.o(i.__0printf)
    __c89printf                              0x08016b31   Thumb Code     0  printfa.o(i.__0printf)
    printf                                   0x08016b31   Thumb Code     0  printfa.o(i.__0printf)
    __0sprintf                               0x08016b51   Thumb Code    34  printfa.o(i.__0sprintf)
    __1sprintf                               0x08016b51   Thumb Code     0  printfa.o(i.__0sprintf)
    __2sprintf                               0x08016b51   Thumb Code     0  printfa.o(i.__0sprintf)
    __c89sprintf                             0x08016b51   Thumb Code     0  printfa.o(i.__0sprintf)
    sprintf                                  0x08016b51   Thumb Code     0  printfa.o(i.__0sprintf)
    __0vsnprintf                             0x08016b79   Thumb Code    46  printfa.o(i.__0vsnprintf)
    __1vsnprintf                             0x08016b79   Thumb Code     0  printfa.o(i.__0vsnprintf)
    __2vsnprintf                             0x08016b79   Thumb Code     0  printfa.o(i.__0vsnprintf)
    __c89vsnprintf                           0x08016b79   Thumb Code     0  printfa.o(i.__0vsnprintf)
    vsnprintf                                0x08016b79   Thumb Code     0  printfa.o(i.__0vsnprintf)
    __ARM_fpclassify                         0x08016bad   Thumb Code    48  fpclassify.o(i.__ARM_fpclassify)
    __aeabi_errno_addr                       0x08016bdd   Thumb Code     4  errno.o(i.__aeabi_errno_addr)
    __rt_errno_addr                          0x08016bdd   Thumb Code     0  errno.o(i.__aeabi_errno_addr)
    free                                     0x08016be5   Thumb Code    88  mallocr.o(i.__free$realloc)
    __hardfp_ceil                            0x08016c41   Thumb Code   252  ceil.o(i.__hardfp_ceil)
    __hardfp_fabs                            0x08016d59   Thumb Code    20  fabs.o(i.__hardfp_fabs)
    __hardfp_log                             0x08016d71   Thumb Code   872  log.o(i.__hardfp_log)
    __hardfp_pow                             0x08017139   Thumb Code  3072  pow.o(i.__hardfp_pow)
    __hardfp_strtod                          0x08017d89   Thumb Code    30  strtod.o(i.__hardfp_strtod)
    __kernel_poly                            0x08017db1   Thumb Code   248  poly.o(i.__kernel_poly)
    malloc                                   0x08017ea9   Thumb Code    64  mallocr.o(i.__malloc$realloc)
    __mathlib_dbl_divzero                    0x08017ef9   Thumb Code    28  dunder.o(i.__mathlib_dbl_divzero)
    __mathlib_dbl_infnan                     0x08017f29   Thumb Code    20  dunder.o(i.__mathlib_dbl_infnan)
    __mathlib_dbl_infnan2                    0x08017f3d   Thumb Code    20  dunder.o(i.__mathlib_dbl_infnan2)
    __mathlib_dbl_invalid                    0x08017f51   Thumb Code    24  dunder.o(i.__mathlib_dbl_invalid)
    __mathlib_dbl_overflow                   0x08017f71   Thumb Code    24  dunder.o(i.__mathlib_dbl_overflow)
    __mathlib_dbl_underflow                  0x08017f91   Thumb Code    24  dunder.o(i.__mathlib_dbl_underflow)
    __scatterload_copy                       0x08017fb1   Thumb Code    14  handlers.o(i.__scatterload_copy)
    __scatterload_null                       0x08017fbf   Thumb Code     2  handlers.o(i.__scatterload_null)
    __scatterload_zeroinit                   0x08017fc1   Thumb Code    14  handlers.o(i.__scatterload_zeroinit)
    __set_errno                              0x08017fd1   Thumb Code     6  errno.o(i.__set_errno)
    _is_digit                                0x08018161   Thumb Code    14  scanf_fp.o(i._is_digit)
    fabs                                     0x08018897   Thumb Code    24  fabs.o(i.fabs)
    realloc                                  0x08018901   Thumb Code   102  mallocr.o(i.realloc)
    sqrt                                     0x0801896d   Thumb Code   110  sqrt.o(i.sqrt)
    g_gpioConfigHandler_main                 0x08018b04   Data           8  dev_main.o(.constdata)
    g_devHandler_main                        0x08018b6c   Data          28  dev_main.o(.constdata)
    g_gpioConfigHandler_net                  0x08018b9c   Data           8  dev_net.o(.constdata)
    g_devHandler_net                         0x08018bc4   Data          28  dev_net.o(.constdata)
    g_gpioConfigHandler_power                0x08018c94   Data           8  dev_power.o(.constdata)
    g_devHandler_power                       0x08018d5c   Data          28  dev_power.o(.constdata)
    g_gpioConfigHandler_storage0             0x08018da0   Data           8  dev_storage0.o(.constdata)
    g_devHandler_storage0                    0x08018e28   Data          28  dev_storage0.o(.constdata)
    g_gpioConfigHandler_switch               0x08018e80   Data           8  dev_switch.o(.constdata)
    g_devHandler_switch                      0x08018f28   Data          28  dev_switch.o(.constdata)
    shellCmdi2cTest                          0x08018fac   Data           8  tools.o(.constdata)
    shellDesci2cTest                         0x08018fb4   Data           9  tools.o(.constdata)
    shellCmdreboot                           0x08018fbd   Data           7  tools.o(.constdata)
    shellDescreboot                          0x08018fc4   Data          15  tools.o(.constdata)
    shellCmdversion                          0x08018fd3   Data           8  tools.o(.constdata)
    shellDescversion                         0x08018fdb   Data          21  tools.o(.constdata)
    shellCmdsensor                           0x08018ff0   Data           7  tools.o(.constdata)
    shellDescsensor                          0x08018ff7   Data          17  tools.o(.constdata)
    shellCmdexit                             0x08019008   Data           5  tools.o(.constdata)
    shellDescexit                            0x0801900d   Data          11  tools.o(.constdata)
    shellCmdlog                              0x08019018   Data           4  log.o(.constdata)
    shellDesclog                             0x0801901c   Data          10  log.o(.constdata)
    m_FlashModeFilterTbl                     0x080190a0   Data          10  msghndlr.o(.constdata)
    g_App_CmdHndlr                           0x080190ac   Data         560  app.o(.constdata)
    g_Chassis_CmdHndlr                       0x080192dc   Data          48  chassis.o(.constdata)
    g_Oem_CmdHndlr                           0x0801930c   Data          96  oem.o(.constdata)
    g_SensorEvent_CmdHndlr                   0x0801936c   Data         272  sensorevent.o(.constdata)
    g_Storage_CmdHndlr                       0x080194e4   Data         224  storage.o(.constdata)
    SDRSize                                  0x080195c4   Data          20  sdr.o(.constdata)
    g_Bridge_CmdHndlr                        0x080195dc   Data          16  bridge.o(.constdata)
    shellCmdDefaultUser                      0x080196e4   Data           6  shell.o(.constdata)
    shellPasswordDefaultUser                 0x080196ea   Data           5  shell.o(.constdata)
    shellDesDefaultUser                      0x080196ef   Data          13  shell.o(.constdata)
    shellCmdsetVar                           0x080196fc   Data           7  shell.o(.constdata)
    shellDescsetVar                          0x08019703   Data           8  shell.o(.constdata)
    shellDesc0x1B5B4100                      0x0801970b   Data           3  shell.o(.constdata)
    shellDesc0x1B5B4200                      0x0801970e   Data           5  shell.o(.constdata)
    shellDesc0x1B5B4300                      0x08019713   Data           6  shell.o(.constdata)
    shellDesc0x1B5B4400                      0x08019719   Data           5  shell.o(.constdata)
    shellDesc0x09000000                      0x0801971e   Data           4  shell.o(.constdata)
    shellDesc0x08000000                      0x08019722   Data          10  shell.o(.constdata)
    shellDesc0x7F000000                      0x0801972c   Data          10  shell.o(.constdata)
    shellDesc0x1B5B337E                      0x08019736   Data           7  shell.o(.constdata)
    shellDesc0x0D000000                      0x0801973d   Data           6  shell.o(.constdata)
    shellDesc0x0D0A0000                      0x08019743   Data           6  shell.o(.constdata)
    shellCmdhelp                             0x08019749   Data           5  shell.o(.constdata)
    shellDeschelp                            0x0801974e   Data          30  shell.o(.constdata)
    shellCmdusers                            0x0801976c   Data           6  shell.o(.constdata)
    shellDescusers                           0x08019772   Data          14  shell.o(.constdata)
    shellCmdcmds                             0x08019780   Data           5  shell.o(.constdata)
    shellDesccmds                            0x08019785   Data          13  shell.o(.constdata)
    shellCmdvars                             0x08019792   Data           5  shell.o(.constdata)
    shellDescvars                            0x08019797   Data          13  shell.o(.constdata)
    shellCmdkeys                             0x080197a4   Data           5  shell.o(.constdata)
    shellDesckeys                            0x080197a9   Data          13  shell.o(.constdata)
    shellCmdclear                            0x080197b6   Data           6  shell.o(.constdata)
    shellDescclear                           0x080197bc   Data          14  shell.o(.constdata)
    __mathlib_zero                           0x08019890   Data           8  qnan.o(.constdata)
    __ctype_table                            0x08019898   Data         129  ctype_o.o(.constdata)
    Region$$Table$$Base                      0x08019e50   Number         0  anon$$obj.o(Region$$Table)
    Region$$Table$$Limit                     0x08019e70   Number         0  anon$$obj.o(Region$$Table)
    shellCommand$$Base                       0x08019e70   Number         0  tools.o(shellCommand)
    shellCommandi2cTest                      0x08019e70   Data          16  tools.o(shellCommand)
    shellCommandreboot                       0x08019e80   Data          16  tools.o(shellCommand)
    shellCommandversion                      0x08019e90   Data          16  tools.o(shellCommand)
    shellCommandsensor                       0x08019ea0   Data          16  tools.o(shellCommand)
    shellCommandexit                         0x08019eb0   Data          16  tools.o(shellCommand)
    shellCommandlog                          0x08019ec0   Data          16  log.o(shellCommand)
    shellUserDefault                         0x08019ed0   Data          16  shell.o(shellCommand)
    shellCommandsetVar                       0x08019ee0   Data          16  shell.o(shellCommand)
    shellKey0x1B5B4100                       0x08019ef0   Data          16  shell.o(shellCommand)
    shellKey0x1B5B4200                       0x08019f00   Data          16  shell.o(shellCommand)
    shellKey0x1B5B4300                       0x08019f10   Data          16  shell.o(shellCommand)
    shellKey0x1B5B4400                       0x08019f20   Data          16  shell.o(shellCommand)
    shellKey0x09000000                       0x08019f30   Data          16  shell.o(shellCommand)
    shellKey0x08000000                       0x08019f40   Data          16  shell.o(shellCommand)
    shellKey0x7F000000                       0x08019f50   Data          16  shell.o(shellCommand)
    shellKey0x1B5B337E                       0x08019f60   Data          16  shell.o(shellCommand)
    shellKey0x0D000000                       0x08019f70   Data          16  shell.o(shellCommand)
    shellKey0x0D0A0000                       0x08019f80   Data          16  shell.o(shellCommand)
    shellCommandhelp                         0x08019f90   Data          16  shell.o(shellCommand)
    shellCommandusers                        0x08019fa0   Data          16  shell.o(shellCommand)
    shellCommandcmds                         0x08019fb0   Data          16  shell.o(shellCommand)
    shellCommandvars                         0x08019fc0   Data          16  shell.o(shellCommand)
    shellCommandkeys                         0x08019fd0   Data          16  shell.o(shellCommand)
    shellCommandclear                        0x08019fe0   Data          16  shell.o(shellCommand)
    shellCommand$$Limit                      0x08019ff0   Number         0  shell.o(shellCommand)
    ComTask_Handler                          0x20000000   Data           4  main.o(.data)
    g_debugLevel                             0x20000004   Data           4  main.o(.data)
    g_localtime                              0x20000008   Data           4  main.o(.data)
    g_utc_time_bmc_firmware_build            0x20000010   Data           8  main.o(.data)
    g_bmc_firmware_version                   0x20000018   Data           2  main.o(.data)
    projectInfo                              0x2000001c   Data           4  main.o(.data)
    g_chassisCtrl_Queue                      0x20000020   Data           4  main.o(.data)
    GW_ADDR0                                 0x20000085   Data           1  tools.o(.data)
    GW_ADDR1                                 0x20000086   Data           1  tools.o(.data)
    GW_ADDR2                                 0x20000087   Data           1  tools.o(.data)
    GW_ADDR3                                 0x20000088   Data           1  tools.o(.data)
    IP_ADDR0                                 0x20000089   Data           1  tools.o(.data)
    IP_ADDR1                                 0x2000008a   Data           1  tools.o(.data)
    IP_ADDR2                                 0x2000008b   Data           1  tools.o(.data)
    IP_ADDR3                                 0x2000008c   Data           1  tools.o(.data)
    ResponseDatMsg_Queue                     0x2000010c   Data           4  msghndlr.o(.data)
    RecvDatMsg_Queue                         0x20000110   Data           4  msghndlr.o(.data)
    RecvForwardI2CDatMsg_Queue               0x20000114   Data           4  msghndlr.o(.data)
    g_sensor_sdr                             0x20000118   Data         640  sdr.o(.data)
    g_time_run                               0x20000478   Data           4  bsp_timer.o(.data)
    SystemCoreClock                          0x2000047c   Data           4  system_gd32f30x.o(.data)
    pxCurrentTCB                             0x20000480   Data           4  tasks.o(.data)
    __stdout                                 0x20000550   Data           4  stdout.o(.data)
    __microlib_freelist                      0x20000554   Data           4  mvars.o(.data)
    __microlib_freelist_initialised          0x20000558   Data           4  mvars.o(.data)
    g_BMCInfo                                0x200006ec   Data        4528  msghndlr.o(.bss)
    g_fullSensorRec_Tmp                      0x2000189c   Data          64  sdr.o(.bss)
    g_Cap                                    0x200018dc   Data          48  bsp_capture.o(.bss)
    xQueueRegistry                           0x20001c80   Data         120  queue.o(.bss)
    shell                                    0x2000ac24   Data         108  shell_port.o(.bss)
    shellBuffer                              0x2000ac90   Data         200  shell_port.o(.bss)
    __heap_base                              0x2000ad58   Data           0  startup_gd32f30x_cl.o(HEAP)
    __heap_limit                             0x2000b158   Data           0  startup_gd32f30x_cl.o(HEAP)
    __initial_sp                             0x2000b558   Data           0  startup_gd32f30x_cl.o(STACK)



==============================================================================

Memory Map of the image

  Image Entry point : 0x08000151

  Load Region LR_IROM1 (Base: 0x08000000, Size: 0x0001a550, Max: 0x00100000, ABSOLUTE, COMPRESSED[0x0001a208])

    Execution Region ER_IROM1 (Exec base: 0x08000000, Load base: 0x08000000, Size: 0x00019ff0, Max: 0x00100000, ABSOLUTE)

    Exec Addr    Load Addr    Size         Type   Attr      Idx    E Section Name        Object

    0x08000000   0x08000000   0x00000150   Data   RO         2487    RESET               startup_gd32f30x_cl.o
    0x08000150   0x08000150   0x00000000   Code   RO         2854  * .ARM.Collect$$$$00000000  mc_w.l(entry.o)
    0x08000150   0x08000150   0x00000004   Code   RO         3236    .ARM.Collect$$$$00000001  mc_w.l(entry2.o)
    0x08000154   0x08000154   0x00000004   Code   RO         3239    .ARM.Collect$$$$00000004  mc_w.l(entry5.o)
    0x08000158   0x08000158   0x00000000   Code   RO         3241    .ARM.Collect$$$$00000008  mc_w.l(entry7b.o)
    0x08000158   0x08000158   0x00000000   Code   RO         3243    .ARM.Collect$$$$0000000A  mc_w.l(entry8b.o)
    0x08000158   0x08000158   0x00000008   Code   RO         3244    .ARM.Collect$$$$0000000B  mc_w.l(entry9a.o)
    0x08000160   0x08000160   0x00000004   Code   RO         3251    .ARM.Collect$$$$0000000E  mc_w.l(entry12b.o)
    0x08000164   0x08000164   0x00000000   Code   RO         3246    .ARM.Collect$$$$0000000F  mc_w.l(entry10a.o)
    0x08000164   0x08000164   0x00000000   Code   RO         3248    .ARM.Collect$$$$00000011  mc_w.l(entry11a.o)
    0x08000164   0x08000164   0x00000004   Code   RO         3237    .ARM.Collect$$$$00002712  mc_w.l(entry2.o)
    0x08000168   0x08000168   0x00000096   Code   RO         2687    .emb_text           port.o
    0x080001fe   0x080001fe   0x00000026   Code   RO            3    .text               gd32f30x_it.o
    0x08000224   0x08000224   0x0000057c   Code   RO          183    .text               main.o
    0x080007a0   0x080007a0   0x00000080   Code   RO          374    .text               systick.o
    0x08000820   0x08000820   0x00000002   Code   RO          401    .text               gd32f30x_platform.o
    0x08000822   0x08000822   0x00000002   PAD
    0x08000824   0x08000824   0x00000cb8   Code   RO          421    .text               api_subdevices.o
    0x080014dc   0x080014dc   0x000000c0   Code   RO          634    .text               dev_main.o
    0x0800159c   0x0800159c   0x000000c0   Code   RO          665    .text               dev_net.o
    0x0800165c   0x0800165c   0x000000fc   Code   RO          693    .text               dev_power.o
    0x08001758   0x08001758   0x000000cc   Code   RO          721    .text               dev_storage0.o
    0x08001824   0x08001824   0x000000cc   Code   RO          749    .text               dev_switch.o
    0x080018f0   0x080018f0   0x00000424   Code   RO          777    .text               api_adc.o
    0x08001d14   0x08001d14   0x0000034c   Code   RO          806    .text               api_fan.o
    0x08002060   0x08002060   0x00000044   Code   RO          868    .text               api_cpu.o
    0x080020a4   0x080020a4   0x000003b8   Code   RO          893    .text               api_utc.o
    0x0800245c   0x0800245c   0x00000c34   Code   RO          915    .text               tools.o
    0x08003090   0x08003090   0x00000190   Code   RO          996    .text               fifo.o
    0x08003220   0x08003220   0x00000290   Code   RO         1073    .text               api_sensor.o
    0x080034b0   0x080034b0   0x0000237c   Code   RO         1112    .text               cjson.o
    0x0800582c   0x0800582c   0x00000348   Code   RO         1148    .text               log.o
    0x08005b74   0x08005b74   0x00000074   Code   RO         1171    .text               ipmi_common.o
    0x08005be8   0x08005be8   0x00000474   Code   RO         1255    .text               serialifc.o
    0x0800605c   0x0800605c   0x0000007e   Code   RO         1293    .text               serial.o
    0x080060da   0x080060da   0x00000002   PAD
    0x080060dc   0x080060dc   0x00000354   Code   RO         1368    .text               chassisctrl.o
    0x08006430   0x08006430   0x000008f4   Code   RO         1398    .text               msghndlr.o
    0x08006d24   0x08006d24   0x00000572   Code   RO         1472    .text               appdevice.o
    0x08007296   0x08007296   0x00000002   PAD
    0x08007298   0x08007298   0x000001a4   Code   RO         1525    .text               oem.o
    0x0800743c   0x0800743c   0x000027e4   Code   RO         1584    .text               sensor.o
    0x08009c20   0x08009c20   0x0000147c   Code   RO         1648    .text               sdr.o
    0x0800b09c   0x0800b09c   0x00000268   Code   RO         1683    .text               ipmdevice.o
    0x0800b304   0x0800b304   0x000005a0   Code   RO         1746    .text               chassisdevice.o
    0x0800b8a4   0x0800b8a4   0x00000c94   Code   RO         1770    .text               sensor_helpers.o
    0x0800c538   0x0800c538   0x000000d4   Code   RO         1812    .text               bsp_adc.o
    0x0800c60c   0x0800c60c   0x00000280   Code   RO         1832    .text               bsp_capture.o
    0x0800c88c   0x0800c88c   0x00000a50   Code   RO         1859    .text               bsp_i2c.o
    0x0800d2dc   0x0800d2dc   0x000000d0   Code   RO         1932    .text               bsp_pwm.o
    0x0800d3ac   0x0800d3ac   0x00000050   Code   RO         1955    .text               bsp_uart3.o
    0x0800d3fc   0x0800d3fc   0x000001bc   Code   RO         1982    .text               bsp_usart0.o
    0x0800d5b8   0x0800d5b8   0x00000088   Code   RO         2023    .text               bsp_usart1.o
    0x0800d640   0x0800d640   0x000002d8   Code   RO         2047    .text               bsp_gpio.o
    0x0800d918   0x0800d918   0x000000f0   Code   RO         2093    .text               bsp_timer.o
    0x0800da08   0x0800da08   0x00000298   Code   RO         2116    .text               bsp_uartcomm.o
    0x0800dca0   0x0800dca0   0x000002f8   Code   RO         2138    .text               system_gd32f30x.o
    0x0800df98   0x0800df98   0x000005ac   Code   RO         2164    .text               gd32f30x_adc.o
    0x0800e544   0x0800e544   0x00000360   Code   RO         2247    .text               gd32f30x_gpio.o
    0x0800e8a4   0x0800e8a4   0x00000108   Code   RO         2267    .text               gd32f30x_fwdgt.o
    0x0800e9ac   0x0800e9ac   0x000003cc   Code   RO         2307    .text               gd32f30x_i2c.o
    0x0800ed78   0x0800ed78   0x000006d4   Code   RO         2347    .text               gd32f30x_rcu.o
    0x0800f44c   0x0800f44c   0x00000e4c   Code   RO         2387    .text               gd32f30x_timer.o
    0x08010298   0x08010298   0x00000144   Code   RO         2407    .text               gd32f30x_misc.o
    0x080103dc   0x080103dc   0x0000049c   Code   RO         2427    .text               gd32f30x_usart.o
    0x08010878   0x08010878   0x00000080   Code   RO         2467    .text               gd32f30x_dbg.o
    0x080108f8   0x080108f8   0x00000024   Code   RO         2488    .text               startup_gd32f30x_cl.o
    0x0801091c   0x0801091c   0x00000094   Code   RO         2547    .text               list.o
    0x080109b0   0x080109b0   0x00000fd0   Code   RO         2570    .text               queue.o
    0x08011980   0x08011980   0x00001b08   Code   RO         2599    .text               tasks.o
    0x08013488   0x08013488   0x0000064c   Code   RO         2638    .text               timers.o
    0x08013ad4   0x08013ad4   0x000002a0   Code   RO         2664    .text               heap_4.o
    0x08013d74   0x08013d74   0x000002e0   Code   RO         2688    .text               port.o
    0x08014054   0x08014054   0x00001374   Code   RO         2725    .text               shell.o
    0x080153c8   0x080153c8   0x00000350   Code   RO         2773    .text               shell_ext.o
    0x08015718   0x08015718   0x00000050   Code   RO         2787    .text               shell_port.o
    0x08015768   0x08015768   0x0000000c   Code   RO         2857    .text               mc_w.l(tolower.o)
    0x08015774   0x08015774   0x00000024   Code   RO         2859    .text               mc_w.l(rand.o)
    0x08015798   0x08015798   0x00000024   Code   RO         2862    .text               mc_w.l(memcpya.o)
    0x080157bc   0x080157bc   0x00000024   Code   RO         2864    .text               mc_w.l(memseta.o)
    0x080157e0   0x080157e0   0x00000018   Code   RO         2866    .text               mc_w.l(strcat.o)
    0x080157f8   0x080157f8   0x0000000e   Code   RO         2868    .text               mc_w.l(strlen.o)
    0x08015806   0x08015806   0x0000001c   Code   RO         2870    .text               mc_w.l(strcmp.o)
    0x08015822   0x08015822   0x00000012   Code   RO         2872    .text               mc_w.l(strcpy.o)
    0x08015834   0x08015834   0x0000001e   Code   RO         2874    .text               mc_w.l(strncmp.o)
    0x08015852   0x08015852   0x00000002   PAD
    0x08015854   0x08015854   0x00000044   Code   RO         2876    .text               mc_w.l(strtok.o)
    0x08015898   0x08015898   0x00000038   Code   RO         3173    .text               mc_w.l(__0sscanf.o)
    0x080158d0   0x080158d0   0x0000014c   Code   RO         3175    .text               mc_w.l(_scanf_int.o)
    0x08015a1c   0x08015a1c   0x00000360   Code   RO         3177    .text               mc_w.l(scanf_fp.o)
    0x08015d7c   0x08015d7c   0x00000070   Code   RO         3181    .text               mc_w.l(strtol.o)
    0x08015dec   0x08015dec   0x0000001a   Code   RO         3183    .text               mc_w.l(atoi.o)
    0x08015e06   0x08015e06   0x0000014e   Code   RO         3185    .text               mf_w.l(dadd.o)
    0x08015f54   0x08015f54   0x000000e4   Code   RO         3187    .text               mf_w.l(dmul.o)
    0x08016038   0x08016038   0x000000de   Code   RO         3189    .text               mf_w.l(ddiv.o)
    0x08016116   0x08016116   0x00000022   Code   RO         3191    .text               mf_w.l(dflti.o)
    0x08016138   0x08016138   0x0000003e   Code   RO         3193    .text               mf_w.l(dfixi.o)
    0x08016176   0x08016176   0x00000032   Code   RO         3195    .text               mf_w.l(dfixui.o)
    0x080161a8   0x080161a8   0x00000026   Code   RO         3197    .text               mf_w.l(f2d.o)
    0x080161ce   0x080161ce   0x00000002   PAD
    0x080161d0   0x080161d0   0x00000030   Code   RO         3199    .text               mf_w.l(cdcmple.o)
    0x08016200   0x08016200   0x00000030   Code   RO         3201    .text               mf_w.l(cdrcmple.o)
    0x08016230   0x08016230   0x00000038   Code   RO         3203    .text               mf_w.l(d2f.o)
    0x08016268   0x08016268   0x0000002c   Code   RO         3253    .text               mc_w.l(uidiv.o)
    0x08016294   0x08016294   0x00000062   Code   RO         3255    .text               mc_w.l(uldiv.o)
    0x080162f6   0x080162f6   0x0000001e   Code   RO         3257    .text               mc_w.l(llshl.o)
    0x08016314   0x08016314   0x00000020   Code   RO         3259    .text               mc_w.l(llushr.o)
    0x08016334   0x08016334   0x00000024   Code   RO         3261    .text               mc_w.l(llsshr.o)
    0x08016358   0x08016358   0x00000008   Code   RO         3263    .text               mc_w.l(ctype_o.o)
    0x08016360   0x08016360   0x00000012   Code   RO         3285    .text               mc_w.l(isspace_o.o)
    0x08016372   0x08016372   0x0000001c   Code   RO         3300    .text               mc_w.l(_chval.o)
    0x0801638e   0x0801638e   0x00000002   PAD
    0x08016390   0x08016390   0x00000028   Code   RO         3302    .text               mc_w.l(scanf_char.o)
    0x080163b8   0x080163b8   0x00000040   Code   RO         3304    .text               mc_w.l(_sgetc.o)
    0x080163f8   0x080163f8   0x0000009e   Code   RO         3306    .text               mc_w.l(_strtoul.o)
    0x08016496   0x08016496   0x00000002   PAD
    0x08016498   0x08016498   0x0000009c   Code   RO         3308    .text               mc_w.l(strtod.o)
    0x08016534   0x08016534   0x00000000   Code   RO         3310    .text               mc_w.l(iusefp.o)
    0x08016534   0x08016534   0x0000006e   Code   RO         3311    .text               mf_w.l(fepilogue.o)
    0x080165a2   0x080165a2   0x000000ba   Code   RO         3313    .text               mf_w.l(depilogue.o)
    0x0801665c   0x0801665c   0x0000002e   Code   RO         3317    .text               mf_w.l(dscalb.o)
    0x0801668a   0x0801668a   0x00000018   Code   RO         3319    .text               mf_w.l(dfltul.o)
    0x080166a2   0x080166a2   0x00000030   Code   RO         3321    .text               mf_w.l(dfixul.o)
    0x080166d2   0x080166d2   0x00000002   PAD
    0x080166d4   0x080166d4   0x00000024   Code   RO         3323    .text               mc_w.l(init.o)
    0x080166f8   0x080166f8   0x00000330   Code   RO         3327    .text               mc_w.l(_scanf.o)
    0x08016a28   0x08016a28   0x000000a2   Code   RO         3329    .text               mf_w.l(dsqrt.o)
    0x08016aca   0x08016aca   0x00000056   Code   RO         3342    .text               mc_w.l(__dczerorl2.o)
    0x08016b20   0x08016b20   0x0000000e   Code   RO         1011    i.FIFO_Empty        fifo.o
    0x08016b2e   0x08016b2e   0x00000002   PAD
    0x08016b30   0x08016b30   0x00000020   Code   RO         3117    i.__0printf         mc_w.l(printfa.o)
    0x08016b50   0x08016b50   0x00000028   Code   RO         3119    i.__0sprintf        mc_w.l(printfa.o)
    0x08016b78   0x08016b78   0x00000034   Code   RO         3122    i.__0vsnprintf      mc_w.l(printfa.o)
    0x08016bac   0x08016bac   0x00000030   Code   RO         3219    i.__ARM_fpclassify  m_wm.l(fpclassify.o)
    0x08016bdc   0x08016bdc   0x00000008   Code   RO         3293    i.__aeabi_errno_addr  mc_w.l(errno.o)
    0x08016be4   0x08016be4   0x0000005c   Code   RO         3149    i.__free$realloc    mc_w.l(mallocr.o)
    0x08016c40   0x08016c40   0x00000118   Code   RO         2808    i.__hardfp_ceil     m_wm.l(ceil.o)
    0x08016d58   0x08016d58   0x00000014   Code   RO         2814    i.__hardfp_fabs     m_wm.l(fabs.o)
    0x08016d6c   0x08016d6c   0x00000004   PAD
    0x08016d70   0x08016d70   0x000003c4   Code   RO         2820    i.__hardfp_log      m_wm.l(log.o)
    0x08017134   0x08017134   0x00000004   PAD
    0x08017138   0x08017138   0x00000c50   Code   RO         2834    i.__hardfp_pow      m_wm.l(pow.o)
    0x08017d88   0x08017d88   0x00000028   Code   RO         2848    i.__hardfp_strtod   m_wm.l(strtod.o)
    0x08017db0   0x08017db0   0x000000f8   Code   RO         3221    i.__kernel_poly     m_wm.l(poly.o)
    0x08017ea8   0x08017ea8   0x00000050   Code   RO         3150    i.__malloc$realloc  mc_w.l(mallocr.o)
    0x08017ef8   0x08017ef8   0x00000030   Code   RO         3205    i.__mathlib_dbl_divzero  m_wm.l(dunder.o)
    0x08017f28   0x08017f28   0x00000014   Code   RO         3206    i.__mathlib_dbl_infnan  m_wm.l(dunder.o)
    0x08017f3c   0x08017f3c   0x00000014   Code   RO         3207    i.__mathlib_dbl_infnan2  m_wm.l(dunder.o)
    0x08017f50   0x08017f50   0x00000020   Code   RO         3208    i.__mathlib_dbl_invalid  m_wm.l(dunder.o)
    0x08017f70   0x08017f70   0x00000020   Code   RO         3209    i.__mathlib_dbl_overflow  m_wm.l(dunder.o)
    0x08017f90   0x08017f90   0x00000020   Code   RO         3211    i.__mathlib_dbl_underflow  m_wm.l(dunder.o)
    0x08017fb0   0x08017fb0   0x0000000e   Code   RO         3336    i.__scatterload_copy  mc_w.l(handlers.o)
    0x08017fbe   0x08017fbe   0x00000002   Code   RO         3337    i.__scatterload_null  mc_w.l(handlers.o)
    0x08017fc0   0x08017fc0   0x0000000e   Code   RO         3338    i.__scatterload_zeroinit  mc_w.l(handlers.o)
    0x08017fce   0x08017fce   0x00000002   PAD
    0x08017fd0   0x08017fd0   0x0000000c   Code   RO         3295    i.__set_errno       mc_w.l(errno.o)
    0x08017fdc   0x08017fdc   0x00000184   Code   RO         3124    i._fp_digits        mc_w.l(printfa.o)
    0x08018160   0x08018160   0x0000000e   Code   RO         3179    i._is_digit         mc_w.l(scanf_fp.o)
    0x0801816e   0x0801816e   0x00000002   PAD
    0x08018170   0x08018170   0x000006b4   Code   RO         3125    i._printf_core      mc_w.l(printfa.o)
    0x08018824   0x08018824   0x00000024   Code   RO         3126    i._printf_post_padding  mc_w.l(printfa.o)
    0x08018848   0x08018848   0x0000002e   Code   RO         3127    i._printf_pre_padding  mc_w.l(printfa.o)
    0x08018876   0x08018876   0x00000016   Code   RO         3128    i._snputc           mc_w.l(printfa.o)
    0x0801888c   0x0801888c   0x0000000a   Code   RO         3129    i._sputc            mc_w.l(printfa.o)
    0x08018896   0x08018896   0x00000018   Code   RO         2816    i.fabs              m_wm.l(fabs.o)
    0x080188ae   0x080188ae   0x00000002   PAD
    0x080188b0   0x080188b0   0x00000050   Code   RO         3151    i.internal_alloc    mc_w.l(mallocr.o)
    0x08018900   0x08018900   0x0000006c   Code   RO         3152    i.realloc           mc_w.l(mallocr.o)
    0x0801896c   0x0801896c   0x0000006e   Code   RO         3226    i.sqrt              m_wm.l(sqrt.o)
    0x080189da   0x080189da   0x00000002   PAD
    0x080189dc   0x080189dc   0x00000038   Data   RO          423    .constdata          api_subdevices.o
    0x08018a14   0x08018a14   0x00000174   Data   RO          636    .constdata          dev_main.o
    0x08018b88   0x08018b88   0x00000058   Data   RO          666    .constdata          dev_net.o
    0x08018be0   0x08018be0   0x00000198   Data   RO          695    .constdata          dev_power.o
    0x08018d78   0x08018d78   0x000000cc   Data   RO          723    .constdata          dev_storage0.o
    0x08018e44   0x08018e44   0x00000100   Data   RO          751    .constdata          dev_switch.o
    0x08018f44   0x08018f44   0x00000038   Data   RO          808    .constdata          api_fan.o
    0x08018f7c   0x08018f7c   0x00000030   Data   RO          894    .constdata          api_utc.o
    0x08018fac   0x08018fac   0x0000006c   Data   RO          916    .constdata          tools.o
    0x08019018   0x08019018   0x0000000e   Data   RO         1149    .constdata          log.o
    0x08019026   0x08019026   0x00000002   PAD
    0x08019028   0x08019028   0x00000082   Data   RO         1400    .constdata          msghndlr.o
    0x080190aa   0x080190aa   0x00000002   PAD
    0x080190ac   0x080190ac   0x00000230   Data   RO         1437    .constdata          app.o
    0x080192dc   0x080192dc   0x00000030   Data   RO         1505    .constdata          chassis.o
    0x0801930c   0x0801930c   0x00000060   Data   RO         1526    .constdata          oem.o
    0x0801936c   0x0801936c   0x00000110   Data   RO         1555    .constdata          sensorevent.o
    0x0801947c   0x0801947c   0x00000066   Data   RO         1585    .constdata          sensor.o
    0x080194e2   0x080194e2   0x00000002   PAD
    0x080194e4   0x080194e4   0x000000e0   Data   RO         1628    .constdata          storage.o
    0x080195c4   0x080195c4   0x00000014   Data   RO         1650    .constdata          sdr.o
    0x080195d8   0x080195d8   0x00000003   Data   RO         1684    .constdata          ipmdevice.o
    0x080195db   0x080195db   0x00000001   PAD
    0x080195dc   0x080195dc   0x00000010   Data   RO         1715    .constdata          bridge.o
    0x080195ec   0x080195ec   0x00000030   Data   RO         1834    .constdata          bsp_capture.o
    0x0801961c   0x0801961c   0x00000028   Data   RO         1957    .constdata          bsp_uart3.o
    0x08019644   0x08019644   0x00000028   Data   RO         1984    .constdata          bsp_usart0.o
    0x0801966c   0x0801966c   0x00000028   Data   RO         2025    .constdata          bsp_usart1.o
    0x08019694   0x08019694   0x00000050   Data   RO         2048    .constdata          bsp_gpio.o
    0x080196e4   0x080196e4   0x000000e6   Data   RO         2727    .constdata          shell.o
    0x080197ca   0x080197ca   0x00000006   PAD
    0x080197d0   0x080197d0   0x00000038   Data   RO         2823    .constdata          m_wm.l(log.o)
    0x08019808   0x08019808   0x00000088   Data   RO         2837    .constdata          m_wm.l(pow.o)
    0x08019890   0x08019890   0x00000008   Data   RO         3223    .constdata          m_wm.l(qnan.o)
    0x08019898   0x08019898   0x00000081   Data   RO         3264    .constdata          mc_w.l(ctype_o.o)
    0x08019919   0x08019919   0x00000003   PAD
    0x0801991c   0x0801991c   0x00000004   Data   RO         3265    .constdata          mc_w.l(ctype_o.o)
    0x08019920   0x08019920   0x00000105   Data   RO          184    .conststring        main.o
    0x08019a25   0x08019a25   0x00000003   PAD
    0x08019a28   0x08019a28   0x00000060   Data   RO          424    .conststring        api_subdevices.o
    0x08019a88   0x08019a88   0x00000025   Data   RO          637    .conststring        dev_main.o
    0x08019aad   0x08019aad   0x00000003   PAD
    0x08019ab0   0x08019ab0   0x00000039   Data   RO          696    .conststring        dev_power.o
    0x08019ae9   0x08019ae9   0x00000003   PAD
    0x08019aec   0x08019aec   0x00000019   Data   RO          724    .conststring        dev_storage0.o
    0x08019b05   0x08019b05   0x00000003   PAD
    0x08019b08   0x08019b08   0x00000009   Data   RO          752    .conststring        dev_switch.o
    0x08019b11   0x08019b11   0x00000003   PAD
    0x08019b14   0x08019b14   0x00000030   Data   RO          895    .conststring        api_utc.o
    0x08019b44   0x08019b44   0x000000be   Data   RO          917    .conststring        tools.o
    0x08019c02   0x08019c02   0x00000002   PAD
    0x08019c04   0x08019c04   0x0000000d   Data   RO         1150    .conststring        log.o
    0x08019c11   0x08019c11   0x00000003   PAD
    0x08019c14   0x08019c14   0x000000de   Data   RO         1586    .conststring        sensor.o
    0x08019cf2   0x08019cf2   0x00000002   PAD
    0x08019cf4   0x08019cf4   0x00000159   Data   RO         2728    .conststring        shell.o
    0x08019e4d   0x08019e4d   0x00000003   PAD
    0x08019e50   0x08019e50   0x00000020   Data   RO         3334    Region$$Table       anon$$obj.o
    0x08019e70   0x08019e70   0x00000050   Data   RO          919    shellCommand        tools.o
    0x08019ec0   0x08019ec0   0x00000010   Data   RO         1152    shellCommand        log.o
    0x08019ed0   0x08019ed0   0x00000120   Data   RO         2730    shellCommand        shell.o


    Execution Region RW_IRAM1 (Exec base: 0x20000000, Load base: 0x08019ff0, Size: 0x0000b558, Max: 0x00018000, ABSOLUTE, COMPRESSED[0x00000218])

    Exec Addr    Load Addr    Size         Type   Attr      Idx    E Section Name        Object

    0x20000000   COMPRESSED   0x00000028   Data   RW          185    .data               main.o
    0x20000028   COMPRESSED   0x00000040   Data   RW          425    .data               api_subdevices.o
    0x20000068   COMPRESSED   0x00000010   Data   RW          668    .data               dev_net.o
    0x20000078   COMPRESSED   0x00000004   Data   RW          778    .data               api_adc.o
    0x2000007c   COMPRESSED   0x00000044   Data   RW          918    .data               tools.o
    0x200000c0   COMPRESSED   0x00000018   Data   RW         1074    .data               api_sensor.o
    0x200000d8   COMPRESSED   0x00000018   Data   RW         1114    .data               cjson.o
    0x200000f0   COMPRESSED   0x00000018   Data   RW         1151    .data               log.o
    0x20000108   COMPRESSED   0x00000010   Data   RW         1401    .data               msghndlr.o
    0x20000118   COMPRESSED   0x00000280   Data   RW         1651    .data               sdr.o
    0x20000398   COMPRESSED   0x00000014   Data   RW         1685    .data               ipmdevice.o
    0x200003ac   COMPRESSED   0x00000008   Data   RW         1861    .data               bsp_i2c.o
    0x200003b4   COMPRESSED   0x00000034   Data   RW         1958    .data               bsp_uart3.o
    0x200003e8   COMPRESSED   0x00000039   Data   RW         1985    .data               bsp_usart0.o
    0x20000421   COMPRESSED   0x00000003   PAD
    0x20000424   COMPRESSED   0x00000039   Data   RW         2026    .data               bsp_usart1.o
    0x2000045d   COMPRESSED   0x00000003   PAD
    0x20000460   COMPRESSED   0x00000018   Data   RW         2049    .data               bsp_gpio.o
    0x20000478   COMPRESSED   0x00000004   Data   RW         2094    .data               bsp_timer.o
    0x2000047c   COMPRESSED   0x00000004   Data   RW         2139    .data               system_gd32f30x.o
    0x20000480   COMPRESSED   0x0000003c   Data   RW         2601    .data               tasks.o
    0x200004bc   COMPRESSED   0x00000014   Data   RW         2640    .data               timers.o
    0x200004d0   COMPRESSED   0x00000018   Data   RW         2666    .data               heap_4.o
    0x200004e8   COMPRESSED   0x0000000c   Data   RW         2689    .data               port.o
    0x200004f4   COMPRESSED   0x00000054   Data   RW         2729    .data               shell.o
    0x20000548   COMPRESSED   0x00000004   Data   RW         2860    .data               mc_w.l(rand.o)
    0x2000054c   COMPRESSED   0x00000004   Data   RW         2877    .data               mc_w.l(strtok.o)
    0x20000550   COMPRESSED   0x00000004   Data   RW         3252    .data               mc_w.l(stdout.o)
    0x20000554   COMPRESSED   0x00000004   Data   RW         3291    .data               mc_w.l(mvars.o)
    0x20000558   COMPRESSED   0x00000004   Data   RW         3292    .data               mc_w.l(mvars.o)
    0x2000055c   COMPRESSED   0x00000004   Data   RW         3296    .data               mc_w.l(errno.o)
    0x20000560        -       0x00000054   Zero   RW          422    .bss                api_subdevices.o
    0x200005b4        -       0x00000018   Zero   RW          635    .bss                dev_main.o
    0x200005cc        -       0x00000060   Zero   RW          694    .bss                dev_power.o
    0x2000062c        -       0x00000040   Zero   RW          722    .bss                dev_storage0.o
    0x2000066c        -       0x00000050   Zero   RW          750    .bss                dev_switch.o
    0x200006bc        -       0x00000020   Zero   RW          807    .bss                api_fan.o
    0x200006dc        -       0x0000000f   Zero   RW         1113    .bss                cjson.o
    0x200006eb   COMPRESSED   0x00000001   PAD
    0x200006ec        -       0x000011b0   Zero   RW         1399    .bss                msghndlr.o
    0x2000189c        -       0x00000040   Zero   RW         1649    .bss                sdr.o
    0x200018dc        -       0x00000030   Zero   RW         1833    .bss                bsp_capture.o
    0x2000190c        -       0x0000006f   Zero   RW         1860    .bss                bsp_i2c.o
    0x2000197b        -       0x00000064   Zero   RW         1956    .bss                bsp_uart3.o
    0x200019df        -       0x00000231   Zero   RW         1983    .bss                bsp_usart0.o
    0x20001c10        -       0x00000064   Zero   RW         2024    .bss                bsp_usart1.o
    0x20001c74        -       0x0000000c   Zero   RW         2117    .bss                bsp_uartcomm.o
    0x20001c80        -       0x00000078   Zero   RW         2571    .bss                queue.o
    0x20001cf8        -       0x000002e4   Zero   RW         2600    .bss                tasks.o
    0x20001fdc        -       0x00000028   Zero   RW         2639    .bss                timers.o
    0x20002004        -       0x00008c00   Zero   RW         2665    .bss                heap_4.o
    0x2000ac04        -       0x0000001d   Zero   RW         2726    .bss                shell.o
    0x2000ac21   COMPRESSED   0x00000003   PAD
    0x2000ac24        -       0x00000134   Zero   RW         2788    .bss                shell_port.o
    0x2000ad58        -       0x00000400   Zero   RW         2486    HEAP                startup_gd32f30x_cl.o
    0x2000b158        -       0x00000400   Zero   RW         2485    STACK               startup_gd32f30x_cl.o


==============================================================================

Image component sizes


      Code (inc. data)   RO Data    RW Data    ZI Data      Debug   Object Name

      1060        158          0          4          0       4548   api_adc.o
        68          4          0          0          0       1026   api_cpu.o
       844        116         56          0         32       5057   api_fan.o
       656         14          0         24          0       7058   api_sensor.o
      3256        592        152         64         84      73874   api_subdevices.o
       952        120         96          0          0       3102   api_utc.o
         0          0        560          0          0        897   app.o
      1394        148          0          0          0      16760   appdevice.o
         0          0         16          0          0        788   bridge.o
       212          0          0          0          0       1485   bsp_adc.o
       640         24         48          0         48       5301   bsp_capture.o
       728        170         80         24          0       3415   bsp_gpio.o
      2640        220          0          8        111       7160   bsp_i2c.o
       208          6          0          0          0       2009   bsp_pwm.o
       240         12          0          4          0       1387   bsp_timer.o
        80         22         40         52        100       1466   bsp_uart3.o
       664         10          0          0         12       4702   bsp_uartcomm.o
       444        124         40         57        561       3362   bsp_usart0.o
       136         28         40         57        100       1651   bsp_usart1.o
         0          0         48          0          0        801   chassis.o
       852        256          0          0          0      28621   chassisctrl.o
      1440        340          0          0          0       8539   chassisdevice.o
      9084        198          0         24         15      46155   cjson.o
       192        108        409          0         24       4705   dev_main.o
       192        108         88         16          0       3796   dev_net.o
       252        108        465          0         96       4166   dev_power.o
       204        114        229          0         64       3861   dev_storage0.o
       204        108        265          0         80       3847   dev_switch.o
       414          0          0          0          0      12740   fifo.o
      1452         22          0          0          0       9457   gd32f30x_adc.o
       128          6          0          0          0       1831   gd32f30x_dbg.o
         0          0          0          0          0       1472   gd32f30x_dma.o
       264         10          0          0          0       2398   gd32f30x_fwdgt.o
       864         12          0          0          0       5220   gd32f30x_gpio.o
       972         28          0          0          0       7968   gd32f30x_i2c.o
        38          0          0          0          0      19539   gd32f30x_it.o
       324         20          0          0          0       2033   gd32f30x_misc.o
         2          0          0          0          0        508   gd32f30x_platform.o
      1748         72          0          0          0       8508   gd32f30x_rcu.o
      3660         42          0          0          0      18935   gd32f30x_timer.o
      1180         16          0          0          0      11116   gd32f30x_usart.o
       672         82          0         24      35840       3440   heap_4.o
         0          0          0          0          0        796   ipmbmsghndlr.o
       616        164          3         20          0       6035   ipmdevice.o
       116          0          0          0          0       1666   ipmi_common.o
       148          0          0          0          0       1994   list.o
       840        496         43         24          0       2867   log.o
      1404        400        261         40          0     109404   main.o
      2292        432        130         16       4528      19348   msghndlr.o
       420          8         96          0          0       4168   oem.o
       886        102          0         12          0       8035   port.o
      4048         56          0          0        120      20926   queue.o
      5244        126         20        640         64      20777   sdr.o
     10212        678        324          0          0      35498   sensor.o
      3220        594          0          0          0      14177   sensor_helpers.o
         0          0        272          0          0       1625   sensorevent.o
       126          0          0          0          0       2161   serial.o
      1140        222          0          0          0      17356   serialifc.o
      4980        138        863         84         29      22389   shell.o
       848         14          0          0          0       3776   shell_ext.o
        80         14          0          0        308       1669   shell_port.o
        36          8        336          0       2048        928   startup_gd32f30x_cl.o
         0          0        224          0          0        845   storage.o
       760         58          0          4          0       2749   system_gd32f30x.o
       128         16          0          0          0      27454   systick.o
      6920        592          0         60        740      34154   tasks.o
      1612        110          0         20         40      11911   timers.o
      3124        834        378         68          0      39276   tools.o

    ----------------------------------------------------------------------
     87568       8480       5652       1352      45048     766688   Object Totals
         0          0         32          0          0          0   (incl. Generated)
         8          0         38          6          4          0   (incl. Padding)

    ----------------------------------------------------------------------

      Code (inc. data)   RO Data    RW Data    ZI Data      Debug   Library Member Name

       280         28          0          0          0        156   ceil.o
       184         44          0          0          0        744   dunder.o
        44          0          0          0          0        248   fabs.o
        48          0          0          0          0        124   fpclassify.o
       964         92         56          0          0        316   log.o
       248          0          0          0          0        152   poly.o
      3152        296        136          0          0        352   pow.o
         0          0          8          0          0          0   qnan.o
       110          0          0          0          0        148   sqrt.o
        40         10          0          0          0        128   strtod.o
        56          8          0          0          0         84   __0sscanf.o
        86          0          0          0          0          0   __dczerorl2.o
        28          0          0          0          0         68   _chval.o
       816          6          0          0          0        112   _scanf.o
       332          0          0          0          0         96   _scanf_int.o
        64          0          0          0          0         84   _sgetc.o
       158          0          0          0          0         92   _strtoul.o
        26          0          0          0          0         80   atoi.o
         8          4        133          0          0         68   ctype_o.o
         0          0          0          0          0          0   entry.o
         0          0          0          0          0          0   entry10a.o
         0          0          0          0          0          0   entry11a.o
         4          0          0          0          0          0   entry12b.o
         8          4          0          0          0          0   entry2.o
         4          0          0          0          0          0   entry5.o
         0          0          0          0          0          0   entry7b.o
         0          0          0          0          0          0   entry8b.o
         8          4          0          0          0          0   entry9a.o
        20         10          0          4          0        136   errno.o
        30          0          0          0          0          0   handlers.o
        36          8          0          0          0         68   init.o
        18          0          0          0          0         76   isspace_o.o
         0          0          0          0          0          0   iusefp.o
        30          0          0          0          0         68   llshl.o
        36          0          0          0          0         68   llsshr.o
        32          0          0          0          0         68   llushr.o
       360         30          0          0          0        356   mallocr.o
        36          0          0          0          0         68   memcpya.o
        36          0          0          0          0        108   memseta.o
         0          0          0          8          0          0   mvars.o
      2342        102          0          0          0        764   printfa.o
        36         10          0          4          0        136   rand.o
        40          8          0          0          0         84   scanf_char.o
       878         12          0          0          0        216   scanf_fp.o
         0          0          0          4          0          0   stdout.o
        24          0          0          0          0         68   strcat.o
        28          0          0          0          0         76   strcmp.o
        18          0          0          0          0         68   strcpy.o
        14          0          0          0          0         68   strlen.o
        30          0          0          0          0         80   strncmp.o
       156         12          0          0          0        120   strtod.o
        68          6          0          4          0         80   strtok.o
       112          0          0          0          0         88   strtol.o
        12          0          0          0          0         68   tolower.o
        44          0          0          0          0         80   uidiv.o
        98          0          0          0          0         92   uldiv.o
        48          0          0          0          0         68   cdcmple.o
        48          0          0          0          0         68   cdrcmple.o
        56          0          0          0          0         88   d2f.o
       334          0          0          0          0        148   dadd.o
       222          0          0          0          0        100   ddiv.o
       186          0          0          0          0        176   depilogue.o
        62          0          0          0          0         80   dfixi.o
        50          0          0          0          0         76   dfixui.o
        48          0          0          0          0         68   dfixul.o
        34          0          0          0          0         76   dflti.o
        24          0          0          0          0         76   dfltul.o
       228          0          0          0          0         96   dmul.o
        46          0          0          0          0         80   dscalb.o
       162          0          0          0          0        100   dsqrt.o
        38          0          0          0          0         68   f2d.o
       110          0          0          0          0        168   fepilogue.o

    ----------------------------------------------------------------------
     12924        698        336         24          0       7692   Library Totals
        26          4          3          0          0          0   (incl. Padding)

    ----------------------------------------------------------------------

      Code (inc. data)   RO Data    RW Data    ZI Data      Debug   Library Name

      5070        470        200          0          0       2368   m_wm.l
      6132        224        133         24          0       3788   mc_w.l
      1696          0          0          0          0       1536   mf_w.l

    ----------------------------------------------------------------------
     12924        698        336         24          0       7692   Library Totals

    ----------------------------------------------------------------------

==============================================================================


      Code (inc. data)   RO Data    RW Data    ZI Data      Debug   

    100492       9178       5988       1376      45048     756748   Grand Totals
    100492       9178       5988        536      45048     756748   ELF Image Totals (compressed)
    100492       9178       5988        536          0          0   ROM Totals

==============================================================================

    Total RO  Size (Code + RO Data)               106480 ( 103.98kB)
    Total RW  Size (RW Data + ZI Data)             46424 (  45.34kB)
    Total ROM Size (Code + RO Data + RW Data)     107016 ( 104.51kB)

==============================================================================

