Component: ARM Compiler 5.06 update 7 (build 960) Tool: armlink [4d3601]

==============================================================================

Section Cross References

    jump2bootloader.o(.text) refers to gd32f30x_rcu.o(.text) for rcu_deinit
    jump2bootloader.o(.text) refers to gd32f30x_fwdgt.o(.text) for fwdgt_write_disable
    jump2bootloader.o(.text) refers to gd32f30x_misc.o(.text) for nvic_vector_table_set
    gd32f30x_it.o(.text) refers to tasks.o(.text) for xTaskGetSchedulerState
    gd32f30x_it.o(.text) refers to port.o(.text) for xPortSysTickHandler
    main.o(.text) refers to gd32f30x_dbg.o(.text) for dbg_periph_enable
    main.o(.text) refers to gd32f30x_rcu.o(.text) for rcu_flag_get
    main.o(.text) refers to printfa.o(i.__0printf) for __2printf
    main.o(.text) refers to gd32f30x_fwdgt.o(.text) for fwdgt_config
    main.o(.text) refers to queue.o(.text) for xQueueGenericCreate
    main.o(.text) refers to api_adc.o(.text) for adc_sample_all
    main.o(.text) refers to chassisctrl.o(.text) for ChassisCtrl
    main.o(.text) refers to msghndlr.o(.text) for MsgCoreHndlr
    main.o(.text) refers to bsp_i2c.o(.text) for i2c_int
    main.o(.text) refers to port.o(.text) for vPortEnterCritical
    main.o(.text) refers to tasks.o(.text) for xTaskCreate
    main.o(.text) refers to systick.o(.text) for bsp_systick_config
    main.o(.text) refers to gd32f30x_misc.o(.text) for nvic_priority_group_set
    main.o(.text) refers to gd32f30x_platform.o(.text) for platform_init
    main.o(.text) refers to bsp_uartcomm.o(.text) for UART_init
    main.o(.text) refers to bsp_gpio.o(.text) for GPIO_bspInit
    main.o(.text) refers to api_utc.o(.text) for currentSecsSinceEpoch
    main.o(.text) refers to api_cpu.o(.text) for GetBmcFirmwareVersion
    main.o(.text) refers to main.o(.data) for g_debugLevel
    main.o(.text) refers to api_sensor.o(.text) for Dev_Task
    main.o(.text) refers to shell_port.o(.bss) for shell
    main.o(.text) refers to shell.o(.text) for shellTask
    main.o(.data) refers to main.o(.conststring) for .conststring
    systick.o(.text) refers to system_gd32f30x.o(.data) for SystemCoreClock
    systick.o(.text) refers to main.o(.data) for g_localtime
    api_subdevices.o(.text) refers to memseta.o(.text) for __aeabi_memclr4
    api_subdevices.o(.text) refers to bsp_gpio.o(.text) for get_board_addr
    api_subdevices.o(.text) refers to printfa.o(i.__0printf) for __2printf
    api_subdevices.o(.text) refers to printfa.o(i.__0sprintf) for __2sprintf
    api_subdevices.o(.text) refers to strlen.o(.text) for strlen
    api_subdevices.o(.text) refers to eeprom.o(.text) for EEP_WriteDataCheckFirst
    api_subdevices.o(.text) refers to api_sensor.o(.text) for api_getDevHandler
    api_subdevices.o(.text) refers to bsp_uartcomm.o(.text) for UART_sendData
    api_subdevices.o(.text) refers to tasks.o(.text) for vTaskDelay
    api_subdevices.o(.text) refers to timers.o(.text) for xTimerGenericCommand
    api_subdevices.o(.text) refers to cjson.o(.text) for cJSON_CreateObject
    api_subdevices.o(.text) refers to heap_4.o(.text) for xPortGetFreeHeapSize
    api_subdevices.o(.text) refers to api_subdevices.o(.constdata) for g_SubDeviceConfigName
    api_subdevices.o(.text) refers to api_subdevices.o(.bss) for g_AllModes
    api_subdevices.o(.text) refers to main.o(.data) for g_debugLevel
    api_subdevices.o(.text) refers to api_subdevices.o(.data) for pSubDeviceSelf
    api_subdevices.o(.text) refers to memcpya.o(.text) for __aeabi_memcpy
    api_subdevices.o(.text) refers to strcat.o(.text) for strcat
    api_subdevices.o(.text) refers to f2d.o(.text) for __aeabi_f2d
    api_subdevices.o(.text) refers to ipmi_common.o(.text) for CalculateCheckSum
    api_subdevices.o(.text) refers to sensor.o(.text) for GetSensorReading
    api_subdevices.o(.text) refers to msghndlr.o(.text) for SendMsgAndWait
    api_subdevices.o(.constdata) refers to api_subdevices.o(.conststring) for .conststring
    api_subdevices.o(.data) refers to api_subdevices.o(.conststring) for .conststring
    dev_main.o(.text) refers to queue.o(.text) for xQueueGenericCreate
    dev_main.o(.text) refers to ipmi_common.o(.text) for CalculateCheckSum
    dev_main.o(.text) refers to printfa.o(i.__0printf) for __2printf
    dev_main.o(.text) refers to bsp_gpio.o(.text) for GPIO_setPinStatus
    dev_main.o(.text) refers to tasks.o(.text) for vTaskDelay
    dev_main.o(.text) refers to dev_main.o(.data) for CPU_recvDatMsg_Queue
    dev_main.o(.text) refers to main.o(.data) for g_debugLevel
    dev_main.o(.constdata) refers to dev_main.o(.conststring) for .conststring
    dev_main.o(.constdata) refers to dev_main.o(.bss) for g_sensorVal_main
    dev_main.o(.constdata) refers to dev_main.o(.text) for DevTaskHandler
    dev_net.o(.text) refers to tasks.o(.text) for vTaskDelay
    dev_net.o(.text) refers to printfa.o(i.__0printf) for __2printf
    dev_net.o(.text) refers to main.o(.data) for g_debugLevel
[...]
    timer_channel_complementary_output_state_config 0x08018e55   Thumb Code    70  gd32f30x_timer.o(.text)
    timer_channel_input_struct_para_init     0x08018e9b   Thumb Code    16  gd32f30x_timer.o(.text)
    timer_channel_input_capture_prescaler_config 0x08018eab   Thumb Code    90  gd32f30x_timer.o(.text)
    timer_input_capture_config               0x08018f05   Thumb Code   326  gd32f30x_timer.o(.text)
    timer_channel_capture_value_register_read 0x0801904b   Thumb Code    42  gd32f30x_timer.o(.text)
    timer_input_pwm_capture_config           0x08019075   Thumb Code   356  gd32f30x_timer.o(.text)
    timer_hall_mode_config                   0x080191d9   Thumb Code    26  gd32f30x_timer.o(.text)
    timer_input_trigger_source_select        0x080191f3   Thumb Code    16  gd32f30x_timer.o(.text)
    timer_master_output_trigger_source_select 0x08019203   Thumb Code    16  gd32f30x_timer.o(.text)
    timer_slave_mode_select                  0x08019213   Thumb Code    16  gd32f30x_timer.o(.text)
    timer_master_slave_mode_config           0x08019223   Thumb Code    26  gd32f30x_timer.o(.text)
    timer_external_trigger_config            0x0801923d   Thumb Code    30  gd32f30x_timer.o(.text)
    timer_quadrature_decoder_mode_config     0x0801925b   Thumb Code    64  gd32f30x_timer.o(.text)
    timer_internal_clock_config              0x0801929b   Thumb Code    10  gd32f30x_timer.o(.text)
    timer_internal_trigger_as_external_clock_config 0x080192a5   Thumb Code    32  gd32f30x_timer.o(.text)
    timer_external_trigger_as_external_clock_config 0x080192c5   Thumb Code   166  gd32f30x_timer.o(.text)
    timer_external_clock_mode0_config        0x0801936b   Thumb Code    40  gd32f30x_timer.o(.text)
    timer_external_clock_mode1_config        0x08019393   Thumb Code    32  gd32f30x_timer.o(.text)
    timer_external_clock_mode1_disable       0x080193b3   Thumb Code    10  gd32f30x_timer.o(.text)
    timer_write_chxval_register_config       0x080193bd   Thumb Code    34  gd32f30x_timer.o(.text)
    timer_output_value_selection_config      0x080193df   Thumb Code    34  gd32f30x_timer.o(.text)
    nvic_priority_group_set                  0x08019401   Thumb Code    10  gd32f30x_misc.o(.text)
    nvic_irq_enable                          0x0801940b   Thumb Code   186  gd32f30x_misc.o(.text)
    nvic_irq_disable                         0x080194c5   Thumb Code    18  gd32f30x_misc.o(.text)
    nvic_vector_table_set                    0x080194d7   Thumb Code    18  gd32f30x_misc.o(.text)
    system_lowpower_set                      0x080194e9   Thumb Code    16  gd32f30x_misc.o(.text)
    system_lowpower_reset                    0x080194f9   Thumb Code    16  gd32f30x_misc.o(.text)
    systick_clksource_set                    0x08019509   Thumb Code    40  gd32f30x_misc.o(.text)
    usart_deinit                             0x08019545   Thumb Code   136  gd32f30x_usart.o(.text)
    usart_baudrate_set                       0x080195cd   Thumb Code   136  gd32f30x_usart.o(.text)
    usart_parity_config                      0x08019655   Thumb Code    16  gd32f30x_usart.o(.text)
    usart_word_length_set                    0x08019665   Thumb Code    16  gd32f30x_usart.o(.text)
    usart_stop_bit_set                       0x08019675   Thumb Code    16  gd32f30x_usart.o(.text)
    usart_enable                             0x08019685   Thumb Code    10  gd32f30x_usart.o(.text)
    usart_disable                            0x0801968f   Thumb Code    10  gd32f30x_usart.o(.text)
    usart_transmit_config                    0x08019699   Thumb Code    16  gd32f30x_usart.o(.text)
    usart_receive_config                     0x080196a9   Thumb Code    16  gd32f30x_usart.o(.text)
    usart_data_first_config                  0x080196b9   Thumb Code    20  gd32f30x_usart.o(.text)
    usart_invert_config                      0x080196cd   Thumb Code   104  gd32f30x_usart.o(.text)
    usart_receiver_timeout_enable            0x08019735   Thumb Code    14  gd32f30x_usart.o(.text)
    usart_receiver_timeout_disable           0x08019743   Thumb Code    14  gd32f30x_usart.o(.text)
    usart_receiver_timeout_threshold_config  0x08019751   Thumb Code    20  gd32f30x_usart.o(.text)
    usart_data_transmit                      0x08019765   Thumb Code     8  gd32f30x_usart.o(.text)
    usart_data_receive                       0x0801976d   Thumb Code    10  gd32f30x_usart.o(.text)
    usart_address_config                     0x08019777   Thumb Code    20  gd32f30x_usart.o(.text)
    usart_mute_mode_enable                   0x0801978b   Thumb Code    10  gd32f30x_usart.o(.text)
    usart_mute_mode_disable                  0x08019795   Thumb Code    10  gd32f30x_usart.o(.text)
    usart_mute_mode_wakeup_config            0x0801979f   Thumb Code    16  gd32f30x_usart.o(.text)
    usart_lin_mode_enable                    0x080197af   Thumb Code    10  gd32f30x_usart.o(.text)
    usart_lin_mode_disable                   0x080197b9   Thumb Code    10  gd32f30x_usart.o(.text)
    usart_lin_break_detection_length_config  0x080197c3   Thumb Code    20  gd32f30x_usart.o(.text)
    usart_send_break                         0x080197d7   Thumb Code    10  gd32f30x_usart.o(.text)
    usart_halfduplex_enable                  0x080197e1   Thumb Code    10  gd32f30x_usart.o(.text)
    usart_halfduplex_disable                 0x080197eb   Thumb Code    10  gd32f30x_usart.o(.text)
    usart_synchronous_clock_enable           0x080197f5   Thumb Code    10  gd32f30x_usart.o(.text)
    usart_synchronous_clock_disable          0x080197ff   Thumb Code    10  gd32f30x_usart.o(.text)
    usart_synchronous_clock_config           0x08019809   Thumb Code    34  gd32f30x_usart.o(.text)
    usart_guard_time_config                  0x0801982b   Thumb Code    24  gd32f30x_usart.o(.text)
    usart_smartcard_mode_enable              0x08019843   Thumb Code    10  gd32f30x_usart.o(.text)
    usart_smartcard_mode_disable             0x0801984d   Thumb Code    10  gd32f30x_usart.o(.text)
    usart_smartcard_mode_nack_enable         0x08019857   Thumb Code    10  gd32f30x_usart.o(.text)
    usart_smartcard_mode_nack_disable        0x08019861   Thumb Code    10  gd32f30x_usart.o(.text)
    usart_smartcard_autoretry_config         0x0801986b   Thumb Code    26  gd32f30x_usart.o(.text)
    usart_block_length_config                0x08019885   Thumb Code    28  gd32f30x_usart.o(.text)
    usart_irda_mode_enable                   0x080198a1   Thumb Code    10  gd32f30x_usart.o(.text)
    usart_irda_mode_disable                  0x080198ab   Thumb Code    10  gd32f30x_usart.o(.text)
    usart_prescaler_config                   0x080198b5   Thumb Code    16  gd32f30x_usart.o(.text)
    usart_irda_lowpower_config               0x080198c5   Thumb Code    20  gd32f30x_usart.o(.text)
    usart_hardware_flow_rts_config           0x080198d9   Thumb Code    16  gd32f30x_usart.o(.text)
    usart_hardware_flow_cts_config           0x080198e9   Thumb Code    16  gd32f30x_usart.o(.text)
    usart_dma_receive_config                 0x080198f9   Thumb Code    16  gd32f30x_usart.o(.text)
    usart_dma_transmit_config                0x08019909   Thumb Code    16  gd32f30x_usart.o(.text)
    usart_flag_get                           0x08019919   Thumb Code    40  gd32f30x_usart.o(.text)
    usart_flag_clear                         0x08019941   Thumb Code    26  gd32f30x_usart.o(.text)
    usart_interrupt_enable                   0x0801995b   Thumb Code    26  gd32f30x_usart.o(.text)
    usart_interrupt_disable                  0x08019975   Thumb Code    26  gd32f30x_usart.o(.text)
    usart_interrupt_flag_get                 0x0801998f   Thumb Code    56  gd32f30x_usart.o(.text)
    usart_interrupt_flag_clear               0x080199c7   Thumb Code    26  gd32f30x_usart.o(.text)
    dbg_deinit                               0x080199e1   Thumb Code     8  gd32f30x_dbg.o(.text)
    dbg_id_get                               0x080199e9   Thumb Code     6  gd32f30x_dbg.o(.text)
    dbg_low_power_enable                     0x080199ef   Thumb Code    12  gd32f30x_dbg.o(.text)
    dbg_low_power_disable                    0x080199fb   Thumb Code    12  gd32f30x_dbg.o(.text)
    dbg_periph_enable                        0x08019a07   Thumb Code    28  gd32f30x_dbg.o(.text)
    dbg_periph_disable                       0x08019a23   Thumb Code    28  gd32f30x_dbg.o(.text)
    dbg_trace_pin_enable                     0x08019a3f   Thumb Code    14  gd32f30x_dbg.o(.text)
    dbg_trace_pin_disable                    0x08019a4d   Thumb Code    14  gd32f30x_dbg.o(.text)
    Reset_Handler                            0x08019a61   Thumb Code     8  startup_gd32f30x_cl.o(.text)
    ADC0_1_IRQHandler                        0x08019a7b   Thumb Code     0  startup_gd32f30x_cl.o(.text)
    CAN0_EWMC_IRQHandler                     0x08019a7b   Thumb Code     0  startup_gd32f30x_cl.o(.text)
    CAN0_RX0_IRQHandler                      0x08019a7b   Thumb Code     0  startup_gd32f30x_cl.o(.text)
    CAN0_RX1_IRQHandler                      0x08019a7b   Thumb Code     0  startup_gd32f30x_cl.o(.text)
    CAN0_TX_IRQHandler                       0x08019a7b   Thumb Code     0  startup_gd32f30x_cl.o(.text)
    CAN1_EWMC_IRQHandler                     0x08019a7b   Thumb Code     0  startup_gd32f30x_cl.o(.text)
    CAN1_RX0_IRQHandler                      0x08019a7b   Thumb Code     0  startup_gd32f30x_cl.o(.text)
    CAN1_RX1_IRQHandler                      0x08019a7b   Thumb Code     0  startup_gd32f30x_cl.o(.text)
    CAN1_TX_IRQHandler                       0x08019a7b   Thumb Code     0  startup_gd32f30x_cl.o(.text)
    DMA0_Channel0_IRQHandler                 0x08019a7b   Thumb Code     0  startup_gd32f30x_cl.o(.text)
    DMA0_Channel1_IRQHandler                 0x08019a7b   Thumb Code     0  startup_gd32f30x_cl.o(.text)
    DMA0_Channel2_IRQHandler                 0x08019a7b   Thumb Code     0  startup_gd32f30x_cl.o(.text)
    DMA0_Channel3_IRQHandler                 0x08019a7b   Thumb Code     0  startup_gd32f30x_cl.o(.text)
    DMA0_Channel4_IRQHandler                 0x08019a7b   Thumb Code     0  startup_gd32f30x_cl.o(.text)
    DMA0_Channel5_IRQHandler                 0x08019a7b   Thumb Code     0  startup_gd32f30x_cl.o(.text)
    DMA0_Channel6_IRQHandler                 0x08019a7b   Thumb Code     0  startup_gd32f30x_cl.o(.text)
    DMA1_Channel0_IRQHandler                 0x08019a7b   Thumb Code     0  startup_gd32f30x_cl.o(.text)
    DMA1_Channel1_IRQHandler                 0x08019a7b   Thumb Code     0  startup_gd32f30x_cl.o(.text)
    DMA1_Channel2_IRQHandler                 0x08019a7b   Thumb Code     0  startup_gd32f30x_cl.o(.text)
    DMA1_Channel3_IRQHandler                 0x08019a7b   Thumb Code     0  startup_gd32f30x_cl.o(.text)
    DMA1_Channel4_IRQHandler                 0x08019a7b   Thumb Code     0  startup_gd32f30x_cl.o(.text)
    ENET_WKUP_IRQHandler                     0x08019a7b   Thumb Code     0  startup_gd32f30x_cl.o(.text)
    EXMC_IRQHandler                          0x08019a7b   Thumb Code     0  startup_gd32f30x_cl.o(.text)
    EXTI0_IRQHandler                         0x08019a7b   Thumb Code     0  startup_gd32f30x_cl.o(.text)
    EXTI10_15_IRQHandler                     0x08019a7b   Thumb Code     0  startup_gd32f30x_cl.o(.text)
    EXTI1_IRQHandler                         0x08019a7b   Thumb Code     0  startup_gd32f30x_cl.o(.text)
    EXTI2_IRQHandler                         0x08019a7b   Thumb Code     0  startup_gd32f30x_cl.o(.text)
    EXTI3_IRQHandler                         0x08019a7b   Thumb Code     0  startup_gd32f30x_cl.o(.text)
    EXTI4_IRQHandler                         0x08019a7b   Thumb Code     0  startup_gd32f30x_cl.o(.text)
    EXTI5_9_IRQHandler                       0x08019a7b   Thumb Code     0  startup_gd32f30x_cl.o(.text)
    FMC_IRQHandler                           0x08019a7b   Thumb Code     0  startup_gd32f30x_cl.o(.text)
    LVD_IRQHandler                           0x08019a7b   Thumb Code     0  startup_gd32f30x_cl.o(.text)
    RCU_CTC_IRQHandler                       0x08019a7b   Thumb Code     0  startup_gd32f30x_cl.o(.text)
    RTC_Alarm_IRQHandler                     0x08019a7b   Thumb Code     0  startup_gd32f30x_cl.o(.text)
    RTC_IRQHandler                           0x08019a7b   Thumb Code     0  startup_gd32f30x_cl.o(.text)
    SPI0_IRQHandler                          0x08019a7b   Thumb Code     0  startup_gd32f30x_cl.o(.text)
    SPI1_IRQHandler                          0x08019a7b   Thumb Code     0  startup_gd32f30x_cl.o(.text)
    SPI2_IRQHandler                          0x08019a7b   Thumb Code     0  startup_gd32f30x_cl.o(.text)
    TAMPER_IRQHandler                        0x08019a7b   Thumb Code     0  startup_gd32f30x_cl.o(.text)
    TIMER0_BRK_TIMER8_IRQHandler             0x08019a7b   Thumb Code     0  startup_gd32f30x_cl.o(.text)
    TIMER0_TRG_CMT_TIMER10_IRQHandler        0x08019a7b   Thumb Code     0  startup_gd32f30x_cl.o(.text)
    TIMER1_IRQHandler                        0x08019a7b   Thumb Code     0  startup_gd32f30x_cl.o(.text)
    TIMER3_IRQHandler                        0x08019a7b   Thumb Code     0  startup_gd32f30x_cl.o(.text)
    TIMER4_IRQHandler                        0x08019a7b   Thumb Code     0  startup_gd32f30x_cl.o(.text)
    TIMER5_IRQHandler                        0x08019a7b   Thumb Code     0  startup_gd32f30x_cl.o(.text)
    TIMER6_IRQHandler                        0x08019a7b   Thumb Code     0  startup_gd32f30x_cl.o(.text)
    TIMER7_BRK_TIMER11_IRQHandler            0x08019a7b   Thumb Code     0  startup_gd32f30x_cl.o(.text)
    TIMER7_Channel_IRQHandler                0x08019a7b   Thumb Code     0  startup_gd32f30x_cl.o(.text)
    TIMER7_TRG_CMT_TIMER13_IRQHandler        0x08019a7b   Thumb Code     0  startup_gd32f30x_cl.o(.text)
    TIMER7_UP_TIMER12_IRQHandler             0x08019a7b   Thumb Code     0  startup_gd32f30x_cl.o(.text)
    UART4_IRQHandler                         0x08019a7b   Thumb Code     0  startup_gd32f30x_cl.o(.text)
    USART2_IRQHandler                        0x08019a7b   Thumb Code     0  startup_gd32f30x_cl.o(.text)
    USBFS_IRQHandler                         0x08019a7b   Thumb Code     0  startup_gd32f30x_cl.o(.text)
    USBFS_WKUP_IRQHandler                    0x08019a7b   Thumb Code     0  startup_gd32f30x_cl.o(.text)
    WWDGT_IRQHandler                         0x08019a7b   Thumb Code     0  startup_gd32f30x_cl.o(.text)
    vListInitialise                          0x08019a85   Thumb Code    26  list.o(.text)
    vListInitialiseItem                      0x08019a9f   Thumb Code     6  list.o(.text)
    vListInsertEnd                           0x08019aa5   Thumb Code    24  list.o(.text)
    vListInsert                              0x08019abd   Thumb Code    52  list.o(.text)
    uxListRemove                             0x08019af1   Thumb Code    40  list.o(.text)
    xQueueGenericReset                       0x08019b19   Thumb Code   136  queue.o(.text)
    xQueueGenericCreate                      0x08019bcf   Thumb Code    80  queue.o(.text)
    xQueueGenericSend                        0x08019dc9   Thumb Code   470  queue.o(.text)
    xQueueCreateMutex                        0x08019fbd   Thumb Code    34  queue.o(.text)
    xQueueGiveMutexRecursive                 0x08019fdf   Thumb Code    66  queue.o(.text)
    xQueueSemaphoreTake                      0x0801a04f   Thumb Code   410  queue.o(.text)
    xQueueTakeMutexRecursive                 0x0801a1e9   Thumb Code    72  queue.o(.text)
    xQueueCreateCountingSemaphore            0x0801a231   Thumb Code    80  queue.o(.text)
    xQueueGenericSendFromISR                 0x0801a281   Thumb Code   250  queue.o(.text)
    xQueueGiveFromISR                        0x0801a37b   Thumb Code   228  queue.o(.text)
    xQueueReceive                            0x0801a489   Thumb Code   338  queue.o(.text)
    xQueuePeek                               0x0801a5db   Thumb Code   344  queue.o(.text)
    xQueueReceiveFromISR                     0x0801a733   Thumb Code   190  queue.o(.text)
    xQueuePeekFromISR                        0x0801a7f1   Thumb Code   158  queue.o(.text)
    uxQueueMessagesWaiting                   0x0801a88f   Thumb Code    36  queue.o(.text)
    uxQueueSpacesAvailable                   0x0801a8b3   Thumb Code    42  queue.o(.text)
    uxQueueMessagesWaitingFromISR            0x0801a8dd   Thumb Code    36  queue.o(.text)
    vQueueUnregisterQueue                    0x0801a901   Thumb Code    44  queue.o(.text)
    vQueueDelete                             0x0801a92d   Thumb Code    38  queue.o(.text)
    uxQueueGetQueueNumber                    0x0801a953   Thumb Code     6  queue.o(.text)
    vQueueSetQueueNumber                     0x0801a959   Thumb Code     4  queue.o(.text)
    ucQueueGetQueueType                      0x0801a95d   Thumb Code     8  queue.o(.text)
    xQueueIsQueueEmptyFromISR                0x0801a965   Thumb Code    38  queue.o(.text)
    xQueueIsQueueFullFromISR                 0x0801a98b   Thumb Code    42  queue.o(.text)
    vQueueAddToRegistry                      0x0801a9b5   Thumb Code    38  queue.o(.text)
    pcQueueGetName                           0x0801a9db   Thumb Code    38  queue.o(.text)
    vQueueWaitForMessageRestricted           0x0801aa01   Thumb Code    74  queue.o(.text)
    xQueueCreateSet                          0x0801aa4b   Thumb Code    20  queue.o(.text)
    xQueueAddToSet                           0x0801aa5f   Thumb Code    38  queue.o(.text)
    xQueueRemoveFromSet                      0x0801aa85   Thumb Code    48  queue.o(.text)
    xQueueSelectFromSet                      0x0801aab5   Thumb Code    24  queue.o(.text)
    xQueueSelectFromSetFromISR               0x0801aacd   Thumb Code    22  queue.o(.text)
    vApplicationStackOverflowHook            0x0801aae9   Thumb Code    78  tasks.o(.text)
    xTaskCreate                              0x0801acd1   Thumb Code    98  tasks.o(.text)
    vTaskDelete                              0x0801ad6f   Thumb Code   192  tasks.o(.text)
    xTaskIncrementTick                       0x0801ae2f   Thumb Code   470  tasks.o(.text)
    xTaskResumeAll                           0x0801b005   Thumb Code   218  tasks.o(.text)
    vTaskSuspendAll                          0x0801b15b   Thumb Code    12  tasks.o(.text)
    vTaskDelayUntil                          0x0801b167   Thumb Code   182  tasks.o(.text)
    vTaskDelay                               0x0801b21d   Thumb Code    76  tasks.o(.text)
    eTaskGetState                            0x0801b269   Thumb Code   122  tasks.o(.text)
    uxTaskPriorityGet                        0x0801b2e3   Thumb Code    30  tasks.o(.text)
    uxTaskPriorityGetFromISR                 0x0801b301   Thumb Code    62  tasks.o(.text)
    vTaskPrioritySet                         0x0801b33f   Thumb Code   316  tasks.o(.text)
    vTaskSwitchContext                       0x0801b47b   Thumb Code   142  tasks.o(.text)
    vTaskSuspend                             0x0801b509   Thumb Code   204  tasks.o(.text)
    vTaskResume                              0x0801b621   Thumb Code   122  tasks.o(.text)
    xTaskResumeFromISR                       0x0801b69b   Thumb Code   152  tasks.o(.text)
    vTaskStartScheduler                      0x0801b793   Thumb Code   182  tasks.o(.text)
    vTaskEndScheduler                        0x0801b849   Thumb Code    32  tasks.o(.text)
    xTaskGetTickCount                        0x0801b869   Thumb Code     6  tasks.o(.text)
    xTaskGetTickCountFromISR                 0x0801b86f   Thumb Code    16  tasks.o(.text)
    uxTaskGetNumberOfTasks                   0x0801b87f   Thumb Code     6  tasks.o(.text)
    pcTaskGetName                            0x0801b885   Thumb Code    40  tasks.o(.text)
    vTaskGetInfo                             0x0801b8c3   Thumb Code   126  tasks.o(.text)
    uxTaskGetSystemState                     0x0801b9ab   Thumb Code   152  tasks.o(.text)
    vTaskPlaceOnEventList                    0x0801ba43   Thumb Code    46  tasks.o(.text)
    vTaskPlaceOnUnorderedEventList           0x0801ba71   Thumb Code    88  tasks.o(.text)
    vTaskPlaceOnEventListRestricted          0x0801bac9   Thumb Code    54  tasks.o(.text)
    xTaskRemoveFromEventList                 0x0801baff   Thumb Code   122  tasks.o(.text)
    vTaskRemoveFromUnorderedEventList        0x0801bb79   Thumb Code   130  tasks.o(.text)
    vTaskSetTimeOutState                     0x0801bbfb   Thumb Code   102  tasks.o(.text)
    vTaskInternalSetTimeOutState             0x0801bc61   Thumb Code    14  tasks.o(.text)
    xTaskCheckForTimeOut                     0x0801bc6f   Thumb Code   120  tasks.o(.text)
    vTaskMissedYield                         0x0801bce7   Thumb Code     8  tasks.o(.text)
    uxTaskGetTaskNumber                      0x0801bcef   Thumb Code    14  tasks.o(.text)
    vTaskSetTaskNumber                       0x0801bcfd   Thumb Code     8  tasks.o(.text)
    xTaskGetCurrentTaskHandle                0x0801bd05   Thumb Code     6  tasks.o(.text)
    xTaskGetSchedulerState                   0x0801bd0b   Thumb Code    24  tasks.o(.text)
    xTaskPriorityInherit                     0x0801bd23   Thumb Code   186  tasks.o(.text)
    xTaskPriorityDisinherit                  0x0801bddd   Thumb Code   176  tasks.o(.text)
    vTaskPriorityDisinheritAfterTimeout      0x0801be8d   Thumb Code   218  tasks.o(.text)
    vTaskList                                0x0801bf91   Thumb Code   256  tasks.o(.text)
    uxTaskResetEventItemValue                0x0801c091   Thumb Code    24  tasks.o(.text)
    pvTaskIncrementMutexHeldCount            0x0801c0a9   Thumb Code    26  tasks.o(.text)
    ulTaskNotifyTake                         0x0801c0c3   Thumb Code   108  tasks.o(.text)
    xTaskNotifyWait                          0x0801c12f   Thumb Code   150  tasks.o(.text)
    xTaskGenericNotify                       0x0801c1c5   Thumb Code   256  tasks.o(.text)
    xTaskGenericNotifyFromISR                0x0801c2c5   Thumb Code   310  tasks.o(.text)
    vTaskNotifyGiveFromISR                   0x0801c3fb   Thumb Code   232  tasks.o(.text)
    xTaskNotifyStateClear                    0x0801c4e3   Thumb Code    48  tasks.o(.text)
    vTaskPrintThreadStatus                   0x0801c513   Thumb Code   104  tasks.o(.text)
    xTimerGenericCommand                     0x0801c63d   Thumb Code   118  timers.o(.text)
    xTimerCreateTimerTask                    0x0801c9a3   Thumb Code    56  timers.o(.text)
    xTimerCreate                             0x0801ca81   Thumb Code    48  timers.o(.text)
    xTimerGetTimerDaemonTaskHandle           0x0801cab1   Thumb Code    38  timers.o(.text)
    xTimerGetPeriod                          0x0801cad7   Thumb Code    28  timers.o(.text)
    xTimerGetExpiryTime                      0x0801caf3   Thumb Code    30  timers.o(.text)
    pcTimerGetName                           0x0801cb11   Thumb Code    28  timers.o(.text)
    xTimerIsTimerActive                      0x0801cb2d   Thumb Code    56  timers.o(.text)
    pvTimerGetTimerID                        0x0801cb65   Thumb Code    38  timers.o(.text)
    vTimerSetTimerID                         0x0801cb8b   Thumb Code    38  timers.o(.text)
    xTimerPendFunctionCallFromISR            0x0801cbb1   Thumb Code    48  timers.o(.text)
    xTimerPendFunctionCall                   0x0801cbe1   Thumb Code    70  timers.o(.text)
    uxTimerGetTimerNumber                    0x0801cc27   Thumb Code     6  timers.o(.text)
    vTimerSetTimerNumber                     0x0801cc2d   Thumb Code     4  timers.o(.text)
    pvPortMalloc                             0x0801ccfb   Thumb Code   262  heap_4.o(.text)
    vPortFree                                0x0801ce01   Thumb Code   120  heap_4.o(.text)
    xPortGetFreeHeapSize                     0x0801ce79   Thumb Code     6  heap_4.o(.text)
    xPortGetMinimumEverFreeHeapSize          0x0801ce7f   Thumb Code     6  heap_4.o(.text)
    vPortInitialiseBlocks                    0x0801ce85   Thumb Code     2  heap_4.o(.text)
    pxPortInitialiseStack                    0x0801cf09   Thumb Code    30  port.o(.text)
    vPortSetupTimerInterrupt                 0x0801cf27   Thumb Code    36  port.o(.text)
    xPortStartScheduler                      0x0801cf4b   Thumb Code   240  port.o(.text)
    vPortEndScheduler                        0x0801d03b   Thumb Code    34  port.o(.text)
    vPortEnterCritical                       0x0801d05d   Thumb Code    70  port.o(.text)
    vPortExitCritical                        0x0801d0a3   Thumb Code    48  port.o(.text)
    xPortSysTickHandler                      0x0801d0d3   Thumb Code    52  port.o(.text)
    vPortValidateInterruptPriority           0x0801d107   Thumb Code    88  port.o(.text)
    shellWriteString                         0x0801d1b9   Thumb Code    40  shell.o(.text)
    shellToHex                               0x0801d235   Thumb Code    56  shell.o(.text)
    shellCheckPermission                     0x0801d2b9   Thumb Code    54  shell.o(.text)
    shellSeekCommand                         0x0801d2ef   Thumb Code   122  shell.o(.text)
    shellInit                                0x0801d3ef   Thumb Code   144  shell.o(.text)
    shellGetCurrent                          0x0801d47f   Thumb Code    48  shell.o(.text)
    shellPrint                               0x0801d50d   Thumb Code    50  shell.o(.text)
    shellToDec                               0x0801d53f   Thumb Code    86  shell.o(.text)
    shellListItem                            0x0801d635   Thumb Code   240  shell.o(.text)
    shellListCommand                         0x0801d725   Thumb Code    90  shell.o(.text)
    shellListVar                             0x0801d77f   Thumb Code    84  shell.o(.text)
    shellListUser                            0x0801d7d3   Thumb Code    84  shell.o(.text)
    shellListKey                             0x0801d827   Thumb Code    84  shell.o(.text)
    shellListAll                             0x0801d87b   Thumb Code    12  shell.o(.text)
    shellDeleteCommandLine                   0x0801d887   Thumb Code    28  shell.o(.text)
    shellClearCommandLine                    0x0801d8a3   Thumb Code    40  shell.o(.text)
    shellInsertByte                          0x0801d8cb   Thumb Code   226  shell.o(.text)
    shellDeleteByte                          0x0801d9ad   Thumb Code   232  shell.o(.text)
    shellGetVarValue                         0x0801db8b   Thumb Code    84  shell.o(.text)
    shellSetVarValue                         0x0801dc7f   Thumb Code   140  shell.o(.text)
    shellSetVar                              0x0801dd0b   Thumb Code   106  shell.o(.text)
    shellRunCommand                          0x0801dddf   Thumb Code   174  shell.o(.text)
    shellNormalInput                         0x0801e035   Thumb Code    28  shell.o(.text)
    shellExec                                0x0801e051   Thumb Code   110  shell.o(.text)
    shellUp                                  0x0801e0bf   Thumb Code    14  shell.o(.text)
    shellDown                                0x0801e0cd   Thumb Code    16  shell.o(.text)
    shellRight                               0x0801e0dd   Thumb Code    30  shell.o(.text)
    shellLeft                                0x0801e0fb   Thumb Code    26  shell.o(.text)
    shellTab                                 0x0801e115   Thumb Code   378  shell.o(.text)
    shellBackspace                           0x0801e28f   Thumb Code    14  shell.o(.text)
    shellDelete                              0x0801e29d   Thumb Code    16  shell.o(.text)
    shellEnter                               0x0801e2ad   Thumb Code    20  shell.o(.text)
    shellHelp                                0x0801e2c1   Thumb Code   118  shell.o(.text)
    shellHandler                             0x0801e337   Thumb Code   246  shell.o(.text)
    shellTask                                0x0801e42d   Thumb Code    54  shell.o(.text)
    shellUsers                               0x0801e463   Thumb Code    18  shell.o(.text)
    shellCmds                                0x0801e475   Thumb Code    36  shell.o(.text)
    shellVars                                0x0801e499   Thumb Code    18  shell.o(.text)
    shellKeys                                0x0801e4ab   Thumb Code    18  shell.o(.text)
    shellClear                               0x0801e4bd   Thumb Code    22  shell.o(.text)
    shellRun                                 0x0801e4d3   Thumb Code    86  shell.o(.text)
    shellExtParsePara                        0x0801e757   Thumb Code    86  shell_ext.o(.text)
    shellExtRun                              0x0801e7ad   Thumb Code   202  shell_ext.o(.text)
    userShellWrite                           0x0801e87d   Thumb Code    14  shell_port.o(.text)
    userShellRead                            0x0801e88b   Thumb Code    22  shell_port.o(.text)
    userShellInit                            0x0801e8a1   Thumb Code    28  shell_port.o(.text)
    tolower                                  0x0801e8c9   Thumb Code    12  tolower.o(.text)
    rand                                     0x0801e8d5   Thumb Code    20  rand.o(.text)
    srand                                    0x0801e8e9   Thumb Code     6  rand.o(.text)
    __aeabi_memcpy                           0x0801e8f9   Thumb Code    36  memcpya.o(.text)
    __aeabi_memcpy4                          0x0801e8f9   Thumb Code     0  memcpya.o(.text)
    __aeabi_memcpy8                          0x0801e8f9   Thumb Code     0  memcpya.o(.text)
    __aeabi_memset                           0x0801e91d   Thumb Code    14  memseta.o(.text)
    __aeabi_memset4                          0x0801e91d   Thumb Code     0  memseta.o(.text)
    __aeabi_memset8                          0x0801e91d   Thumb Code     0  memseta.o(.text)
    __aeabi_memclr                           0x0801e92b   Thumb Code     4  memseta.o(.text)
    __aeabi_memclr4                          0x0801e92b   Thumb Code     0  memseta.o(.text)
    __aeabi_memclr8                          0x0801e92b   Thumb Code     0  memseta.o(.text)
    _memset$wrapper                          0x0801e92f   Thumb Code    18  memseta.o(.text)
    strcat                                   0x0801e941   Thumb Code    24  strcat.o(.text)
    strlen                                   0x0801e959   Thumb Code    14  strlen.o(.text)
    strcmp                                   0x0801e967   Thumb Code    28  strcmp.o(.text)
    memcmp                                   0x0801e983   Thumb Code    26  memcmp.o(.text)
    strcpy                                   0x0801e99d   Thumb Code    18  strcpy.o(.text)
    strncmp                                  0x0801e9af   Thumb Code    30  strncmp.o(.text)
    strtok                                   0x0801e9cd   Thumb Code    62  strtok.o(.text)
    __0sscanf                                0x0801ea11   Thumb Code    48  __0sscanf.o(.text)
    _scanf_int                               0x0801ea49   Thumb Code   332  _scanf_int.o(.text)
    _scanf_real                              0x0801ecbd   Thumb Code     0  scanf_fp.o(.text)
    _scanf_really_real                       0x0801ecbd   Thumb Code   556  scanf_fp.o(.text)
    strtol                                   0x0801eef5   Thumb Code   112  strtol.o(.text)
    atoi                                     0x0801ef65   Thumb Code    26  atoi.o(.text)
    __aeabi_dadd                             0x0801ef7f   Thumb Code   322  dadd.o(.text)
    __aeabi_dsub                             0x0801f0c1   Thumb Code     6  dadd.o(.text)
    __aeabi_drsub                            0x0801f0c7   Thumb Code     6  dadd.o(.text)
    __aeabi_dmul                             0x0801f0cd   Thumb Code   228  dmul.o(.text)
    __aeabi_ddiv                             0x0801f1b1   Thumb Code   222  ddiv.o(.text)
    __aeabi_i2d                              0x0801f28f   Thumb Code    34  dflti.o(.text)
    __aeabi_d2iz                             0x0801f2b1   Thumb Code    62  dfixi.o(.text)
    __aeabi_d2uiz                            0x0801f2ef   Thumb Code    50  dfixui.o(.text)
    __aeabi_f2d                              0x0801f321   Thumb Code    38  f2d.o(.text)
    __aeabi_cdcmpeq                          0x0801f349   Thumb Code     0  cdcmple.o(.text)
    __aeabi_cdcmple                          0x0801f349   Thumb Code    48  cdcmple.o(.text)
    __aeabi_cdrcmple                         0x0801f379   Thumb Code    48  cdrcmple.o(.text)
    __aeabi_d2f                              0x0801f3a9   Thumb Code    56  d2f.o(.text)
    __aeabi_uidiv                            0x0801f3e1   Thumb Code     0  uidiv.o(.text)
    __aeabi_uidivmod                         0x0801f3e1   Thumb Code    44  uidiv.o(.text)
    __aeabi_uldivmod                         0x0801f40d   Thumb Code    98  uldiv.o(.text)
    __aeabi_llsl                             0x0801f46f   Thumb Code    30  llshl.o(.text)
    _ll_shift_l                              0x0801f46f   Thumb Code     0  llshl.o(.text)
    __aeabi_llsr                             0x0801f48d   Thumb Code    32  llushr.o(.text)
    _ll_ushift_r                             0x0801f48d   Thumb Code     0  llushr.o(.text)
    __aeabi_lasr                             0x0801f4ad   Thumb Code    36  llsshr.o(.text)
    _ll_sshift_r                             0x0801f4ad   Thumb Code     0  llsshr.o(.text)
    __rt_ctype_table                         0x0801f4d1   Thumb Code     4  ctype_o.o(.text)
    isspace                                  0x0801f4d9   Thumb Code    18  isspace_o.o(.text)
    _chval                                   0x0801f4eb   Thumb Code    28  _chval.o(.text)
    __vfscanf_char                           0x0801f515   Thumb Code    20  scanf_char.o(.text)
    _sgetc                                   0x0801f531   Thumb Code    30  _sgetc.o(.text)
    _sbackspace                              0x0801f54f   Thumb Code    34  _sgetc.o(.text)
    _strtoul                                 0x0801f571   Thumb Code   158  _strtoul.o(.text)
    __strtod_int                             0x0801f647   Thumb Code    90  strtod.o(.text)
    __I$use$fp                               0x0801f6ad   Thumb Code     0  iusefp.o(.text)
    _float_round                             0x0801f6ad   Thumb Code    18  fepilogue.o(.text)
    _float_epilogue                          0x0801f6bf   Thumb Code    92  fepilogue.o(.text)
    _double_round                            0x0801f71b   Thumb Code    30  depilogue.o(.text)
    _double_epilogue                         0x0801f739   Thumb Code   156  depilogue.o(.text)
    __ARM_scalbn                             0x0801f7d5   Thumb Code    46  dscalb.o(.text)
    scalbn                                   0x0801f7d5   Thumb Code     0  dscalb.o(.text)
    __aeabi_ul2d                             0x0801f803   Thumb Code    24  dfltul.o(.text)
    __aeabi_d2ulz                            0x0801f81b   Thumb Code    48  dfixul.o(.text)
    __scatterload                            0x0801f84d   Thumb Code    28  init.o(.text)
    __scatterload_rt2                        0x0801f84d   Thumb Code     0  init.o(.text)
    __vfscanf                                0x0801f871   Thumb Code   810  _scanf.o(.text)
    _dsqrt                                   0x0801fba1   Thumb Code   162  dsqrt.o(.text)
    __decompress                             0x0801fc43   Thumb Code     0  __dczerorl2.o(.text)
    __decompress1                            0x0801fc43   Thumb Code    86  __dczerorl2.o(.text)
    FIFO_Empty                               0x0801fc99   Thumb Code    14  fifo.o(i.FIFO_Empty)
    __0printf                                0x0801fca9   Thumb Code    22  printfa.o(i.__0printf)
    __1printf                                0x0801fca9   Thumb Code     0  printfa.o(i.__0printf)
    __2printf                                0x0801fca9   Thumb Code     0  printfa.o(i.__0printf)
    __c89printf                              0x0801fca9   Thumb Code     0  printfa.o(i.__0printf)
    printf                                   0x0801fca9   Thumb Code     0  printfa.o(i.__0printf)
    __0sprintf                               0x0801fcc9   Thumb Code    34  printfa.o(i.__0sprintf)
    __1sprintf                               0x0801fcc9   Thumb Code     0  printfa.o(i.__0sprintf)
    __2sprintf                               0x0801fcc9   Thumb Code     0  printfa.o(i.__0sprintf)
    __c89sprintf                             0x0801fcc9   Thumb Code     0  printfa.o(i.__0sprintf)
    sprintf                                  0x0801fcc9   Thumb Code     0  printfa.o(i.__0sprintf)
    __0vsnprintf                             0x0801fcf1   Thumb Code    46  printfa.o(i.__0vsnprintf)
    __1vsnprintf                             0x0801fcf1   Thumb Code     0  printfa.o(i.__0vsnprintf)
    __2vsnprintf                             0x0801fcf1   Thumb Code     0  printfa.o(i.__0vsnprintf)
    __c89vsnprintf                           0x0801fcf1   Thumb Code     0  printfa.o(i.__0vsnprintf)
    vsnprintf                                0x0801fcf1   Thumb Code     0  printfa.o(i.__0vsnprintf)
    __ARM_fpclassify                         0x0801fd25   Thumb Code    48  fpclassify.o(i.__ARM_fpclassify)
    __aeabi_errno_addr                       0x0801fd55   Thumb Code     4  errno.o(i.__aeabi_errno_addr)
    __rt_errno_addr                          0x0801fd55   Thumb Code     0  errno.o(i.__aeabi_errno_addr)
    free                                     0x0801fd5d   Thumb Code    88  mallocr.o(i.__free$realloc)
    __hardfp_ceil                            0x0801fdb9   Thumb Code   252  ceil.o(i.__hardfp_ceil)
    __hardfp_fabs                            0x0801fed1   Thumb Code    20  fabs.o(i.__hardfp_fabs)
    __hardfp_log                             0x0801fee9   Thumb Code   872  log.o(i.__hardfp_log)
    __hardfp_pow                             0x080202b1   Thumb Code  3072  pow.o(i.__hardfp_pow)
    __hardfp_strtod                          0x08020f01   Thumb Code    30  strtod.o(i.__hardfp_strtod)
    __kernel_poly                            0x08020f29   Thumb Code   248  poly.o(i.__kernel_poly)
    malloc                                   0x08021021   Thumb Code    64  mallocr.o(i.__malloc$realloc)
    __mathlib_dbl_divzero                    0x08021071   Thumb Code    28  dunder.o(i.__mathlib_dbl_divzero)
    __mathlib_dbl_infnan                     0x080210a1   Thumb Code    20  dunder.o(i.__mathlib_dbl_infnan)
    __mathlib_dbl_infnan2                    0x080210b5   Thumb Code    20  dunder.o(i.__mathlib_dbl_infnan2)
    __mathlib_dbl_invalid                    0x080210c9   Thumb Code    24  dunder.o(i.__mathlib_dbl_invalid)
    __mathlib_dbl_overflow                   0x080210e9   Thumb Code    24  dunder.o(i.__mathlib_dbl_overflow)
    __mathlib_dbl_underflow                  0x08021109   Thumb Code    24  dunder.o(i.__mathlib_dbl_underflow)
    __scatterload_copy                       0x08021129   Thumb Code    14  handlers.o(i.__scatterload_copy)
    __scatterload_null                       0x08021137   Thumb Code     2  handlers.o(i.__scatterload_null)
    __scatterload_zeroinit                   0x08021139   Thumb Code    14  handlers.o(i.__scatterload_zeroinit)
    __set_errno                              0x08021149   Thumb Code     6  errno.o(i.__set_errno)
    _is_digit                                0x080212d9   Thumb Code    14  scanf_fp.o(i._is_digit)
    fabs                                     0x08021a0f   Thumb Code    24  fabs.o(i.fabs)
    realloc                                  0x08021a79   Thumb Code   102  mallocr.o(i.realloc)
    sqrt                                     0x08021ae5   Thumb Code   110  sqrt.o(i.sqrt)
    g_gpioConfigHandler_main                 0x08021c90   Data           8  dev_main.o(.constdata)
    g_devHandler_main                        0x08021cf8   Data          28  dev_main.o(.constdata)
    g_gpioConfigHandler_net                  0x08021d28   Data           8  dev_net.o(.constdata)
    g_devHandler_net                         0x08021d50   Data          28  dev_net.o(.constdata)
    g_gpioConfigHandler_power                0x08021e84   Data           8  dev_power.o(.constdata)
    g_devHandler_power                       0x08021f6c   Data          28  dev_power.o(.constdata)
    g_gpioConfigHandler_storage0             0x08021fb0   Data           8  dev_storage0.o(.constdata)
    g_devHandler_storage0                    0x08022038   Data          28  dev_storage0.o(.constdata)
    g_gpioConfigHandler_switch               0x080220b8   Data           8  dev_switch.o(.constdata)
    g_devHandler_switch                      0x08022160   Data          28  dev_switch.o(.constdata)
    shellCmdi2cTest                          0x08022214   Data           8  tools.o(.constdata)
    shellDesci2cTest                         0x0802221c   Data           9  tools.o(.constdata)
    shellCmdreboot                           0x08022225   Data           7  tools.o(.constdata)
    shellDescreboot                          0x0802222c   Data          15  tools.o(.constdata)
    shellCmdversion                          0x0802223b   Data           8  tools.o(.constdata)
    shellDescversion                         0x08022243   Data          21  tools.o(.constdata)
    shellCmdsensor                           0x08022258   Data           7  tools.o(.constdata)
    shellDescsensor                          0x0802225f   Data          17  tools.o(.constdata)
    shellCmdexit                             0x08022270   Data           5  tools.o(.constdata)
    shellDescexit                            0x08022275   Data          11  tools.o(.constdata)
    shellCmdlog                              0x08022298   Data           4  log.o(.constdata)
    shellDesclog                             0x0802229c   Data          10  log.o(.constdata)
    PMBusStdCmds                             0x08022328   Data         447  pmbus.o(.constdata)
    m_FlashModeFilterTbl                     0x08022520   Data          10  msghndlr.o(.constdata)
    g_App_CmdHndlr                           0x0802252c   Data         560  app.o(.constdata)
    g_Chassis_CmdHndlr                       0x0802275c   Data          48  chassis.o(.constdata)
    g_Oem_CmdHndlr                           0x0802278c   Data          96  oem.o(.constdata)
    g_SensorEvent_CmdHndlr                   0x080227ec   Data         272  sensorevent.o(.constdata)
    g_Storage_CmdHndlr                       0x08022964   Data         224  storage.o(.constdata)
    SDRSize                                  0x08022a44   Data          20  sdr.o(.constdata)
    g_Bridge_CmdHndlr                        0x08022a5c   Data          16  bridge.o(.constdata)
    shellCmdDefaultUser                      0x08022b78   Data           6  shell.o(.constdata)
    shellPasswordDefaultUser                 0x08022b7e   Data           5  shell.o(.constdata)
    shellDesDefaultUser                      0x08022b83   Data          13  shell.o(.constdata)
    shellCmdsetVar                           0x08022b90   Data           7  shell.o(.constdata)
    shellDescsetVar                          0x08022b97   Data           8  shell.o(.constdata)
    shellDesc0x1B5B4100                      0x08022b9f   Data           3  shell.o(.constdata)
    shellDesc0x1B5B4200                      0x08022ba2   Data           5  shell.o(.constdata)
    shellDesc0x1B5B4300                      0x08022ba7   Data           6  shell.o(.constdata)
    shellDesc0x1B5B4400                      0x08022bad   Data           5  shell.o(.constdata)
    shellDesc0x09000000                      0x08022bb2   Data           4  shell.o(.constdata)
    shellDesc0x08000000                      0x08022bb6   Data          10  shell.o(.constdata)
    shellDesc0x7F000000                      0x08022bc0   Data          10  shell.o(.constdata)
    shellDesc0x1B5B337E                      0x08022bca   Data           7  shell.o(.constdata)
    shellDesc0x0D000000                      0x08022bd1   Data           6  shell.o(.constdata)
    shellDesc0x0D0A0000                      0x08022bd7   Data           6  shell.o(.constdata)
    shellCmdhelp                             0x08022bdd   Data           5  shell.o(.constdata)
    shellDeschelp                            0x08022be2   Data          30  shell.o(.constdata)
    shellCmdusers                            0x08022c00   Data           6  shell.o(.constdata)
    shellDescusers                           0x08022c06   Data          14  shell.o(.constdata)
    shellCmdcmds                             0x08022c14   Data           5  shell.o(.constdata)
    shellDesccmds                            0x08022c19   Data          13  shell.o(.constdata)
    shellCmdvars                             0x08022c26   Data           5  shell.o(.constdata)
    shellDescvars                            0x08022c2b   Data          13  shell.o(.constdata)
    shellCmdkeys                             0x08022c38   Data           5  shell.o(.constdata)
    shellDesckeys                            0x08022c3d   Data          13  shell.o(.constdata)
    shellCmdclear                            0x08022c4a   Data           6  shell.o(.constdata)
    shellDescclear                           0x08022c50   Data          14  shell.o(.constdata)
    __mathlib_zero                           0x08022d20   Data           8  qnan.o(.constdata)
    __ctype_table                            0x08022d28   Data         129  ctype_o.o(.constdata)
    Region$$Table$$Base                      0x080233f0   Number         0  anon$$obj.o(Region$$Table)
    Region$$Table$$Limit                     0x08023410   Number         0  anon$$obj.o(Region$$Table)
    shellCommand$$Base                       0x08023410   Number         0  tools.o(shellCommand)
    shellCommandi2cTest                      0x08023410   Data          16  tools.o(shellCommand)
    shellCommandreboot                       0x08023420   Data          16  tools.o(shellCommand)
    shellCommandversion                      0x08023430   Data          16  tools.o(shellCommand)
    shellCommandsensor                       0x08023440   Data          16  tools.o(shellCommand)
    shellCommandexit                         0x08023450   Data          16  tools.o(shellCommand)
    shellCommandlog                          0x08023460   Data          16  log.o(shellCommand)
    shellUserDefault                         0x08023470   Data          16  shell.o(shellCommand)
    shellCommandsetVar                       0x08023480   Data          16  shell.o(shellCommand)
    shellKey0x1B5B4100                       0x08023490   Data          16  shell.o(shellCommand)
    shellKey0x1B5B4200                       0x080234a0   Data          16  shell.o(shellCommand)
    shellKey0x1B5B4300                       0x080234b0   Data          16  shell.o(shellCommand)
    shellKey0x1B5B4400                       0x080234c0   Data          16  shell.o(shellCommand)
    shellKey0x09000000                       0x080234d0   Data          16  shell.o(shellCommand)
    shellKey0x08000000                       0x080234e0   Data          16  shell.o(shellCommand)
    shellKey0x7F000000                       0x080234f0   Data          16  shell.o(shellCommand)
    shellKey0x1B5B337E                       0x08023500   Data          16  shell.o(shellCommand)
    shellKey0x0D000000                       0x08023510   Data          16  shell.o(shellCommand)
    shellKey0x0D0A0000                       0x08023520   Data          16  shell.o(shellCommand)
    shellCommandhelp                         0x08023530   Data          16  shell.o(shellCommand)
    shellCommandusers                        0x08023540   Data          16  shell.o(shellCommand)
    shellCommandcmds                         0x08023550   Data          16  shell.o(shellCommand)
    shellCommandvars                         0x08023560   Data          16  shell.o(shellCommand)
    shellCommandkeys                         0x08023570   Data          16  shell.o(shellCommand)
    shellCommandclear                        0x08023580   Data          16  shell.o(shellCommand)
    shellCommand$$Limit                      0x08023590   Number         0  shell.o(shellCommand)
    ComTask_Handler                          0x20000000   Data           4  main.o(.data)
    g_debugLevel                             0x20000004   Data           4  main.o(.data)
    g_localtime                              0x20000008   Data           4  main.o(.data)
    g_utc_time_bmc_firmware_build            0x20000010   Data           8  main.o(.data)
    g_bmc_firmware_version                   0x20000018   Data           2  main.o(.data)
    projectInfo                              0x2000001c   Data           4  main.o(.data)
    g_chassisCtrl_Queue                      0x20000020   Data           4  main.o(.data)
    CPU_recvDatMsg_Queue                     0x20000064   Data           4  dev_main.o(.data)
    PEC_Disable                              0x200000c4   Data           4  pmbus.o(.data)
    ResponseDatMsg_Queue                     0x200000cc   Data           4  msghndlr.o(.data)
    RecvDatMsg_Queue                         0x200000d0   Data           4  msghndlr.o(.data)
    RecvForwardI2CDatMsg_Queue               0x200000d4   Data           4  msghndlr.o(.data)
    g_sensor_sdr                             0x200000d8   Data         896  sdr.o(.data)
    g_I2CS0_semaphore                        0x20000474   Data           4  bsp_i2c_gpio.o(.data)
    g_time_run                               0x2000053c   Data           4  bsp_timer.o(.data)
    SystemCoreClock                          0x20000540   Data           4  system_gd32f30x.o(.data)
    pxCurrentTCB                             0x20000544   Data           4  tasks.o(.data)
    __stdout                                 0x20000614   Data           4  stdout.o(.data)
    __microlib_freelist                      0x20000618   Data           4  mvars.o(.data)
    __microlib_freelist_initialised          0x2000061c   Data           4  mvars.o(.data)
    g_BMCInfo                                0x200007ac   Data        4192  msghndlr.o(.bss)
    g_fullSensorRec_Tmp                      0x2000180c   Data          64  sdr.o(.bss)
    g_Cap                                    0x2000184c   Data          40  bsp_capture.o(.bss)
    xQueueRegistry                           0x20001c08   Data         120  queue.o(.bss)
    shell                                    0x2000abac   Data         108  shell_port.o(.bss)
    shellBuffer                              0x2000ac18   Data         200  shell_port.o(.bss)
    __heap_base                              0x2000ace0   Data           0  startup_gd32f30x_cl.o(HEAP)
    __heap_limit                             0x2000b0e0   Data           0  startup_gd32f30x_cl.o(HEAP)
    __initial_sp                             0x2000b4e0   Data           0  startup_gd32f30x_cl.o(STACK)



==============================================================================

Memory Map of the image

  Image Entry point : 0x08008151

  Load Region LR_IROM1 (Base: 0x08008000, Size: 0x0001bbb4, Max: 0x00020000, ABSOLUTE, COMPRESSED[0x0001b7e0])

    Execution Region ER_IROM1 (Exec base: 0x08008000, Load base: 0x08008000, Size: 0x0001b590, Max: 0x00020000, ABSOLUTE)

    Exec Addr    Load Addr    Size         Type   Attr      Idx    E Section Name        Object

    0x08008000   0x08008000   0x00000150   Data   RO         2851    RESET               startup_gd32f30x_cl.o
    0x08008150   0x08008150   0x00000000   Code   RO         3218  * .ARM.Collect$$$$00000000  mc_w.l(entry.o)
    0x08008150   0x08008150   0x00000004   Code   RO         3602    .ARM.Collect$$$$00000001  mc_w.l(entry2.o)
    0x08008154   0x08008154   0x00000004   Code   RO         3605    .ARM.Collect$$$$00000004  mc_w.l(entry5.o)
    0x08008158   0x08008158   0x00000000   Code   RO         3607    .ARM.Collect$$$$00000008  mc_w.l(entry7b.o)
    0x08008158   0x08008158   0x00000000   Code   RO         3609    .ARM.Collect$$$$0000000A  mc_w.l(entry8b.o)
    0x08008158   0x08008158   0x00000008   Code   RO         3610    .ARM.Collect$$$$0000000B  mc_w.l(entry9a.o)
    0x08008160   0x08008160   0x00000004   Code   RO         3617    .ARM.Collect$$$$0000000E  mc_w.l(entry12b.o)
    0x08008164   0x08008164   0x00000000   Code   RO         3612    .ARM.Collect$$$$0000000F  mc_w.l(entry10a.o)
    0x08008164   0x08008164   0x00000000   Code   RO         3614    .ARM.Collect$$$$00000011  mc_w.l(entry11a.o)
    0x08008164   0x08008164   0x00000004   Code   RO         3603    .ARM.Collect$$$$00002712  mc_w.l(entry2.o)
    0x08008168   0x08008168   0x00000096   Code   RO         3051    .emb_text           port.o
    0x080081fe   0x080081fe   0x00000002   PAD
    0x08008200   0x08008200   0x0000011c   Code   RO            3    .text               jump2bootloader.o
    0x0800831c   0x0800831c   0x00000026   Code   RO          159    .text               gd32f30x_it.o
    0x08008342   0x08008342   0x00000002   PAD
    0x08008344   0x08008344   0x0000057c   Code   RO          271    .text               main.o
    0x080088c0   0x080088c0   0x00000080   Code   RO          414    .text               systick.o
    0x08008940   0x08008940   0x00000002   Code   RO          441    .text               gd32f30x_platform.o
    0x08008942   0x08008942   0x00000002   PAD
    0x08008944   0x08008944   0x00000d04   Code   RO          461    .text               api_subdevices.o
    0x08009648   0x08009648   0x00000210   Code   RO          670    .text               dev_main.o
    0x08009858   0x08009858   0x000000c0   Code   RO          708    .text               dev_net.o
    0x08009918   0x08009918   0x00000108   Code   RO          736    .text               dev_power.o
    0x08009a20   0x08009a20   0x000000cc   Code   RO          765    .text               dev_storage0.o
    0x08009aec   0x08009aec   0x000000cc   Code   RO          793    .text               dev_switch.o
    0x08009bb8   0x08009bb8   0x00000424   Code   RO          821    .text               api_adc.o
    0x08009fdc   0x08009fdc   0x00000368   Code   RO          850    .text               api_fan.o
    0x0800a344   0x0800a344   0x00000044   Code   RO          886    .text               api_cpu.o
    0x0800a388   0x0800a388   0x000003b8   Code   RO          911    .text               api_utc.o
    0x0800a740   0x0800a740   0x00000b08   Code   RO          933    .text               tools.o
    0x0800b248   0x0800b248   0x00000190   Code   RO          989    .text               fifo.o
    0x0800b3d8   0x0800b3d8   0x00000288   Code   RO         1066    .text               api_sensor.o
    0x0800b660   0x0800b660   0x0000237c   Code   RO         1111    .text               cjson.o
    0x0800d9dc   0x0800d9dc   0x00000330   Code   RO         1147    .text               log.o
    0x0800dd0c   0x0800dd0c   0x00000348   Code   RO         1171    .text               mac5023.o
    0x0800e054   0x0800e054   0x00000648   Code   RO         1207    .text               pmbus.o
    0x0800e69c   0x0800e69c   0x00000286   Code   RO         1504    .text               eeprom.o
    0x0800e922   0x0800e922   0x00000074   Code   RO         1528    .text               ipmi_common.o
    0x0800e996   0x0800e996   0x00000002   PAD
    0x0800e998   0x0800e998   0x00000474   Code   RO         1612    .text               serialifc.o
    0x0800ee0c   0x0800ee0c   0x0000007e   Code   RO         1650    .text               serial.o
    0x0800ee8a   0x0800ee8a   0x00000002   PAD
    0x0800ee8c   0x0800ee8c   0x00000354   Code   RO         1725    .text               chassisctrl.o
    0x0800f1e0   0x0800f1e0   0x000008f8   Code   RO         1755    .text               msghndlr.o
    0x0800fad8   0x0800fad8   0x00000572   Code   RO         1829    .text               appdevice.o
    0x0801004a   0x0801004a   0x00000002   PAD
    0x0801004c   0x0801004c   0x000001a4   Code   RO         1882    .text               oem.o
    0x080101f0   0x080101f0   0x000027e4   Code   RO         1941    .text               sensor.o
    0x080129d4   0x080129d4   0x00001470   Code   RO         2005    .text               sdr.o
    0x08013e44   0x08013e44   0x00000268   Code   RO         2040    .text               ipmdevice.o
    0x080140ac   0x080140ac   0x000005a0   Code   RO         2103    .text               chassisdevice.o
    0x0801464c   0x0801464c   0x00000c94   Code   RO         2127    .text               sensor_helpers.o
    0x080152e0   0x080152e0   0x000000d4   Code   RO         2169    .text               bsp_adc.o
    0x080153b4   0x080153b4   0x000002a8   Code   RO         2189    .text               bsp_capture.o
    0x0801565c   0x0801565c   0x00000ad4   Code   RO         2216    .text               bsp_i2c.o
    0x08016130   0x08016130   0x00000328   Code   RO         2243    .text               bsp_i2c_gpio.o
    0x08016458   0x08016458   0x000000d0   Code   RO         2295    .text               bsp_pwm.o
    0x08016528   0x08016528   0x00000050   Code   RO         2318    .text               bsp_uart3.o
    0x08016578   0x08016578   0x00000124   Code   RO         2345    .text               bsp_usart0.o
    0x0801669c   0x0801669c   0x00000114   Code   RO         2386    .text               bsp_usart1.o
    0x080167b0   0x080167b0   0x000002d8   Code   RO         2411    .text               bsp_gpio.o
    0x08016a88   0x08016a88   0x000000f0   Code   RO         2457    .text               bsp_timer.o
    0x08016b78   0x08016b78   0x00000290   Code   RO         2480    .text               bsp_uartcomm.o
    0x08016e08   0x08016e08   0x000002f8   Code   RO         2502    .text               system_gd32f30x.o
    0x08017100   0x08017100   0x000005ac   Code   RO         2528    .text               gd32f30x_adc.o
    0x080176ac   0x080176ac   0x00000360   Code   RO         2611    .text               gd32f30x_gpio.o
    0x08017a0c   0x08017a0c   0x00000108   Code   RO         2631    .text               gd32f30x_fwdgt.o
    0x08017b14   0x08017b14   0x000003cc   Code   RO         2671    .text               gd32f30x_i2c.o
    0x08017ee0   0x08017ee0   0x000006d4   Code   RO         2711    .text               gd32f30x_rcu.o
    0x080185b4   0x080185b4   0x00000e4c   Code   RO         2751    .text               gd32f30x_timer.o
    0x08019400   0x08019400   0x00000144   Code   RO         2771    .text               gd32f30x_misc.o
    0x08019544   0x08019544   0x0000049c   Code   RO         2791    .text               gd32f30x_usart.o
    0x080199e0   0x080199e0   0x00000080   Code   RO         2831    .text               gd32f30x_dbg.o
    0x08019a60   0x08019a60   0x00000024   Code   RO         2852    .text               startup_gd32f30x_cl.o
    0x08019a84   0x08019a84   0x00000094   Code   RO         2911    .text               list.o
    0x08019b18   0x08019b18   0x00000fd0   Code   RO         2934    .text               queue.o
    0x0801aae8   0x0801aae8   0x00001b04   Code   RO         2963    .text               tasks.o
    0x0801c5ec   0x0801c5ec   0x0000064c   Code   RO         3002    .text               timers.o
    0x0801cc38   0x0801cc38   0x000002a0   Code   RO         3028    .text               heap_4.o
    0x0801ced8   0x0801ced8   0x000002e0   Code   RO         3052    .text               port.o
    0x0801d1b8   0x0801d1b8   0x00001374   Code   RO         3089    .text               shell.o
    0x0801e52c   0x0801e52c   0x00000350   Code   RO         3137    .text               shell_ext.o
    0x0801e87c   0x0801e87c   0x0000004c   Code   RO         3151    .text               shell_port.o
    0x0801e8c8   0x0801e8c8   0x0000000c   Code   RO         3221    .text               mc_w.l(tolower.o)
    0x0801e8d4   0x0801e8d4   0x00000024   Code   RO         3223    .text               mc_w.l(rand.o)
    0x0801e8f8   0x0801e8f8   0x00000024   Code   RO         3226    .text               mc_w.l(memcpya.o)
    0x0801e91c   0x0801e91c   0x00000024   Code   RO         3228    .text               mc_w.l(memseta.o)
    0x0801e940   0x0801e940   0x00000018   Code   RO         3230    .text               mc_w.l(strcat.o)
    0x0801e958   0x0801e958   0x0000000e   Code   RO         3232    .text               mc_w.l(strlen.o)
    0x0801e966   0x0801e966   0x0000001c   Code   RO         3234    .text               mc_w.l(strcmp.o)
    0x0801e982   0x0801e982   0x0000001a   Code   RO         3236    .text               mc_w.l(memcmp.o)
    0x0801e99c   0x0801e99c   0x00000012   Code   RO         3238    .text               mc_w.l(strcpy.o)
    0x0801e9ae   0x0801e9ae   0x0000001e   Code   RO         3240    .text               mc_w.l(strncmp.o)
    0x0801e9cc   0x0801e9cc   0x00000044   Code   RO         3242    .text               mc_w.l(strtok.o)
    0x0801ea10   0x0801ea10   0x00000038   Code   RO         3539    .text               mc_w.l(__0sscanf.o)
    0x0801ea48   0x0801ea48   0x0000014c   Code   RO         3541    .text               mc_w.l(_scanf_int.o)
    0x0801eb94   0x0801eb94   0x00000360   Code   RO         3543    .text               mc_w.l(scanf_fp.o)
    0x0801eef4   0x0801eef4   0x00000070   Code   RO         3547    .text               mc_w.l(strtol.o)
    0x0801ef64   0x0801ef64   0x0000001a   Code   RO         3549    .text               mc_w.l(atoi.o)
    0x0801ef7e   0x0801ef7e   0x0000014e   Code   RO         3551    .text               mf_w.l(dadd.o)
    0x0801f0cc   0x0801f0cc   0x000000e4   Code   RO         3553    .text               mf_w.l(dmul.o)
    0x0801f1b0   0x0801f1b0   0x000000de   Code   RO         3555    .text               mf_w.l(ddiv.o)
    0x0801f28e   0x0801f28e   0x00000022   Code   RO         3557    .text               mf_w.l(dflti.o)
    0x0801f2b0   0x0801f2b0   0x0000003e   Code   RO         3559    .text               mf_w.l(dfixi.o)
    0x0801f2ee   0x0801f2ee   0x00000032   Code   RO         3561    .text               mf_w.l(dfixui.o)
    0x0801f320   0x0801f320   0x00000026   Code   RO         3563    .text               mf_w.l(f2d.o)
    0x0801f346   0x0801f346   0x00000002   PAD
    0x0801f348   0x0801f348   0x00000030   Code   RO         3565    .text               mf_w.l(cdcmple.o)
    0x0801f378   0x0801f378   0x00000030   Code   RO         3567    .text               mf_w.l(cdrcmple.o)
    0x0801f3a8   0x0801f3a8   0x00000038   Code   RO         3569    .text               mf_w.l(d2f.o)
    0x0801f3e0   0x0801f3e0   0x0000002c   Code   RO         3619    .text               mc_w.l(uidiv.o)
    0x0801f40c   0x0801f40c   0x00000062   Code   RO         3621    .text               mc_w.l(uldiv.o)
    0x0801f46e   0x0801f46e   0x0000001e   Code   RO         3623    .text               mc_w.l(llshl.o)
    0x0801f48c   0x0801f48c   0x00000020   Code   RO         3625    .text               mc_w.l(llushr.o)
    0x0801f4ac   0x0801f4ac   0x00000024   Code   RO         3627    .text               mc_w.l(llsshr.o)
    0x0801f4d0   0x0801f4d0   0x00000008   Code   RO         3629    .text               mc_w.l(ctype_o.o)
    0x0801f4d8   0x0801f4d8   0x00000012   Code   RO         3651    .text               mc_w.l(isspace_o.o)
    0x0801f4ea   0x0801f4ea   0x0000001c   Code   RO         3666    .text               mc_w.l(_chval.o)
    0x0801f506   0x0801f506   0x00000002   PAD
    0x0801f508   0x0801f508   0x00000028   Code   RO         3668    .text               mc_w.l(scanf_char.o)
    0x0801f530   0x0801f530   0x00000040   Code   RO         3670    .text               mc_w.l(_sgetc.o)
    0x0801f570   0x0801f570   0x0000009e   Code   RO         3672    .text               mc_w.l(_strtoul.o)
    0x0801f60e   0x0801f60e   0x00000002   PAD
    0x0801f610   0x0801f610   0x0000009c   Code   RO         3674    .text               mc_w.l(strtod.o)
    0x0801f6ac   0x0801f6ac   0x00000000   Code   RO         3676    .text               mc_w.l(iusefp.o)
    0x0801f6ac   0x0801f6ac   0x0000006e   Code   RO         3677    .text               mf_w.l(fepilogue.o)
    0x0801f71a   0x0801f71a   0x000000ba   Code   RO         3679    .text               mf_w.l(depilogue.o)
    0x0801f7d4   0x0801f7d4   0x0000002e   Code   RO         3683    .text               mf_w.l(dscalb.o)
    0x0801f802   0x0801f802   0x00000018   Code   RO         3685    .text               mf_w.l(dfltul.o)
    0x0801f81a   0x0801f81a   0x00000030   Code   RO         3687    .text               mf_w.l(dfixul.o)
    0x0801f84a   0x0801f84a   0x00000002   PAD
    0x0801f84c   0x0801f84c   0x00000024   Code   RO         3689    .text               mc_w.l(init.o)
    0x0801f870   0x0801f870   0x00000330   Code   RO         3693    .text               mc_w.l(_scanf.o)
    0x0801fba0   0x0801fba0   0x000000a2   Code   RO         3695    .text               mf_w.l(dsqrt.o)
    0x0801fc42   0x0801fc42   0x00000056   Code   RO         3708    .text               mc_w.l(__dczerorl2.o)
    0x0801fc98   0x0801fc98   0x0000000e   Code   RO         1004    i.FIFO_Empty        fifo.o
    0x0801fca6   0x0801fca6   0x00000002   PAD
    0x0801fca8   0x0801fca8   0x00000020   Code   RO         3483    i.__0printf         mc_w.l(printfa.o)
    0x0801fcc8   0x0801fcc8   0x00000028   Code   RO         3485    i.__0sprintf        mc_w.l(printfa.o)
    0x0801fcf0   0x0801fcf0   0x00000034   Code   RO         3488    i.__0vsnprintf      mc_w.l(printfa.o)
    0x0801fd24   0x0801fd24   0x00000030   Code   RO         3585    i.__ARM_fpclassify  m_wm.l(fpclassify.o)
    0x0801fd54   0x0801fd54   0x00000008   Code   RO         3659    i.__aeabi_errno_addr  mc_w.l(errno.o)
    0x0801fd5c   0x0801fd5c   0x0000005c   Code   RO         3515    i.__free$realloc    mc_w.l(mallocr.o)
    0x0801fdb8   0x0801fdb8   0x00000118   Code   RO         3172    i.__hardfp_ceil     m_wm.l(ceil.o)
    0x0801fed0   0x0801fed0   0x00000014   Code   RO         3178    i.__hardfp_fabs     m_wm.l(fabs.o)
    0x0801fee4   0x0801fee4   0x00000004   PAD
    0x0801fee8   0x0801fee8   0x000003c4   Code   RO         3184    i.__hardfp_log      m_wm.l(log.o)
    0x080202ac   0x080202ac   0x00000004   PAD
    0x080202b0   0x080202b0   0x00000c50   Code   RO         3198    i.__hardfp_pow      m_wm.l(pow.o)
    0x08020f00   0x08020f00   0x00000028   Code   RO         3212    i.__hardfp_strtod   m_wm.l(strtod.o)
    0x08020f28   0x08020f28   0x000000f8   Code   RO         3587    i.__kernel_poly     m_wm.l(poly.o)
    0x08021020   0x08021020   0x00000050   Code   RO         3516    i.__malloc$realloc  mc_w.l(mallocr.o)
    0x08021070   0x08021070   0x00000030   Code   RO         3571    i.__mathlib_dbl_divzero  m_wm.l(dunder.o)
    0x080210a0   0x080210a0   0x00000014   Code   RO         3572    i.__mathlib_dbl_infnan  m_wm.l(dunder.o)
    0x080210b4   0x080210b4   0x00000014   Code   RO         3573    i.__mathlib_dbl_infnan2  m_wm.l(dunder.o)
    0x080210c8   0x080210c8   0x00000020   Code   RO         3574    i.__mathlib_dbl_invalid  m_wm.l(dunder.o)
    0x080210e8   0x080210e8   0x00000020   Code   RO         3575    i.__mathlib_dbl_overflow  m_wm.l(dunder.o)
    0x08021108   0x08021108   0x00000020   Code   RO         3577    i.__mathlib_dbl_underflow  m_wm.l(dunder.o)
    0x08021128   0x08021128   0x0000000e   Code   RO         3702    i.__scatterload_copy  mc_w.l(handlers.o)
    0x08021136   0x08021136   0x00000002   Code   RO         3703    i.__scatterload_null  mc_w.l(handlers.o)
    0x08021138   0x08021138   0x0000000e   Code   RO         3704    i.__scatterload_zeroinit  mc_w.l(handlers.o)
    0x08021146   0x08021146   0x00000002   PAD
    0x08021148   0x08021148   0x0000000c   Code   RO         3661    i.__set_errno       mc_w.l(errno.o)
    0x08021154   0x08021154   0x00000184   Code   RO         3490    i._fp_digits        mc_w.l(printfa.o)
    0x080212d8   0x080212d8   0x0000000e   Code   RO         3545    i._is_digit         mc_w.l(scanf_fp.o)
    0x080212e6   0x080212e6   0x00000002   PAD
    0x080212e8   0x080212e8   0x000006b4   Code   RO         3491    i._printf_core      mc_w.l(printfa.o)
    0x0802199c   0x0802199c   0x00000024   Code   RO         3492    i._printf_post_padding  mc_w.l(printfa.o)
    0x080219c0   0x080219c0   0x0000002e   Code   RO         3493    i._printf_pre_padding  mc_w.l(printfa.o)
    0x080219ee   0x080219ee   0x00000016   Code   RO         3494    i._snputc           mc_w.l(printfa.o)
    0x08021a04   0x08021a04   0x0000000a   Code   RO         3495    i._sputc            mc_w.l(printfa.o)
    0x08021a0e   0x08021a0e   0x00000018   Code   RO         3180    i.fabs              m_wm.l(fabs.o)
    0x08021a26   0x08021a26   0x00000002   PAD
    0x08021a28   0x08021a28   0x00000050   Code   RO         3517    i.internal_alloc    mc_w.l(mallocr.o)
    0x08021a78   0x08021a78   0x0000006c   Code   RO         3518    i.realloc           mc_w.l(mallocr.o)
    0x08021ae4   0x08021ae4   0x0000006e   Code   RO         3592    i.sqrt              m_wm.l(sqrt.o)
    0x08021b52   0x08021b52   0x00000002   PAD
    0x08021b54   0x08021b54   0x00000038   Data   RO          463    .constdata          api_subdevices.o
    0x08021b8c   0x08021b8c   0x00000188   Data   RO          672    .constdata          dev_main.o
    0x08021d14   0x08021d14   0x00000058   Data   RO          709    .constdata          dev_net.o
    0x08021d6c   0x08021d6c   0x0000021c   Data   RO          738    .constdata          dev_power.o
    0x08021f88   0x08021f88   0x000000cc   Data   RO          767    .constdata          dev_storage0.o
    0x08022054   0x08022054   0x00000128   Data   RO          795    .constdata          dev_switch.o
    0x0802217c   0x0802217c   0x00000038   Data   RO          852    .constdata          api_fan.o
    0x080221b4   0x080221b4   0x00000030   Data   RO          912    .constdata          api_utc.o
    0x080221e4   0x080221e4   0x0000009c   Data   RO          934    .constdata          tools.o
    0x08022280   0x08022280   0x00000026   Data   RO         1148    .constdata          log.o
    0x080222a6   0x080222a6   0x00000002   PAD
    0x080222a8   0x080222a8   0x00000080   Data   RO         1172    .constdata          mac5023.o
    0x08022328   0x08022328   0x000001bf   Data   RO         1208    .constdata          pmbus.o
    0x080224e7   0x080224e7   0x00000001   PAD
    0x080224e8   0x080224e8   0x00000042   Data   RO         1757    .constdata          msghndlr.o
    0x0802252a   0x0802252a   0x00000002   PAD
    0x0802252c   0x0802252c   0x00000230   Data   RO         1794    .constdata          app.o
    0x0802275c   0x0802275c   0x00000030   Data   RO         1862    .constdata          chassis.o
    0x0802278c   0x0802278c   0x00000060   Data   RO         1883    .constdata          oem.o
    0x080227ec   0x080227ec   0x00000110   Data   RO         1912    .constdata          sensorevent.o
    0x080228fc   0x080228fc   0x00000066   Data   RO         1942    .constdata          sensor.o
    0x08022962   0x08022962   0x00000002   PAD
    0x08022964   0x08022964   0x000000e0   Data   RO         1985    .constdata          storage.o
    0x08022a44   0x08022a44   0x00000014   Data   RO         2007    .constdata          sdr.o
    0x08022a58   0x08022a58   0x00000003   Data   RO         2041    .constdata          ipmdevice.o
    0x08022a5b   0x08022a5b   0x00000001   PAD
    0x08022a5c   0x08022a5c   0x00000010   Data   RO         2072    .constdata          bridge.o
    0x08022a6c   0x08022a6c   0x00000030   Data   RO         2191    .constdata          bsp_capture.o
    0x08022a9c   0x08022a9c   0x00000028   Data   RO         2320    .constdata          bsp_uart3.o
    0x08022ac4   0x08022ac4   0x00000028   Data   RO         2347    .constdata          bsp_usart0.o
    0x08022aec   0x08022aec   0x00000028   Data   RO         2388    .constdata          bsp_usart1.o
    0x08022b14   0x08022b14   0x00000064   Data   RO         2412    .constdata          bsp_gpio.o
    0x08022b78   0x08022b78   0x000000e6   Data   RO         3091    .constdata          shell.o
    0x08022c5e   0x08022c5e   0x00000002   PAD
    0x08022c60   0x08022c60   0x00000038   Data   RO         3187    .constdata          m_wm.l(log.o)
    0x08022c98   0x08022c98   0x00000088   Data   RO         3201    .constdata          m_wm.l(pow.o)
    0x08022d20   0x08022d20   0x00000008   Data   RO         3589    .constdata          m_wm.l(qnan.o)
    0x08022d28   0x08022d28   0x00000081   Data   RO         3630    .constdata          mc_w.l(ctype_o.o)
    0x08022da9   0x08022da9   0x00000003   PAD
    0x08022dac   0x08022dac   0x00000004   Data   RO         3631    .constdata          mc_w.l(ctype_o.o)
    0x08022db0   0x08022db0   0x00000105   Data   RO          272    .conststring        main.o
    0x08022eb5   0x08022eb5   0x00000003   PAD
    0x08022eb8   0x08022eb8   0x00000060   Data   RO          464    .conststring        api_subdevices.o
    0x08022f18   0x08022f18   0x00000025   Data   RO          673    .conststring        dev_main.o
    0x08022f3d   0x08022f3d   0x00000003   PAD
    0x08022f40   0x08022f40   0x0000006d   Data   RO          739    .conststring        dev_power.o
    0x08022fad   0x08022fad   0x00000003   PAD
    0x08022fb0   0x08022fb0   0x0000000a   Data   RO          768    .conststring        dev_storage0.o
    0x08022fba   0x08022fba   0x00000002   PAD
    0x08022fbc   0x08022fbc   0x00000014   Data   RO          796    .conststring        dev_switch.o
    0x08022fd0   0x08022fd0   0x00000030   Data   RO          913    .conststring        api_utc.o
    0x08023000   0x08023000   0x000000be   Data   RO          935    .conststring        tools.o
    0x080230be   0x080230be   0x00000002   PAD
    0x080230c0   0x080230c0   0x00000051   Data   RO         1149    .conststring        log.o
    0x08023111   0x08023111   0x00000003   PAD
    0x08023114   0x08023114   0x0000009d   Data   RO         1173    .conststring        mac5023.o
    0x080231b1   0x080231b1   0x00000003   PAD
    0x080231b4   0x080231b4   0x000000de   Data   RO         1943    .conststring        sensor.o
    0x08023292   0x08023292   0x00000002   PAD
    0x08023294   0x08023294   0x00000159   Data   RO         3092    .conststring        shell.o
    0x080233ed   0x080233ed   0x00000003   PAD
    0x080233f0   0x080233f0   0x00000020   Data   RO         3700    Region$$Table       anon$$obj.o
    0x08023410   0x08023410   0x00000050   Data   RO          937    shellCommand        tools.o
    0x08023460   0x08023460   0x00000010   Data   RO         1150    shellCommand        log.o
    0x08023470   0x08023470   0x00000120   Data   RO         3094    shellCommand        shell.o


    Execution Region RW_IRAM1 (Exec base: 0x20000000, Load base: 0x08023590, Size: 0x0000b4e0, Max: 0x00018000, ABSOLUTE, COMPRESSED[0x00000250])

    Exec Addr    Load Addr    Size         Type   Attr      Idx    E Section Name        Object

    0x20000000   COMPRESSED   0x00000028   Data   RW          273    .data               main.o
    0x20000028   COMPRESSED   0x0000003c   Data   RW          465    .data               api_subdevices.o
    0x20000064   COMPRESSED   0x00000004   Data   RW          674    .data               dev_main.o
    0x20000068   COMPRESSED   0x00000010   Data   RW          711    .data               dev_net.o
    0x20000078   COMPRESSED   0x00000004   Data   RW          740    .data               dev_power.o
    0x2000007c   COMPRESSED   0x00000004   Data   RW          822    .data               api_adc.o
    0x20000080   COMPRESSED   0x00000003   Data   RW          936    .data               tools.o
    0x20000083   COMPRESSED   0x00000001   PAD
    0x20000084   COMPRESSED   0x00000018   Data   RW         1067    .data               api_sensor.o
    0x2000009c   COMPRESSED   0x00000018   Data   RW         1113    .data               cjson.o
    0x200000b4   COMPRESSED   0x00000009   Data   RW         1174    .data               mac5023.o
    0x200000bd   COMPRESSED   0x00000003   PAD
    0x200000c0   COMPRESSED   0x00000008   Data   RW         1210    .data               pmbus.o
    0x200000c8   COMPRESSED   0x00000010   Data   RW         1758    .data               msghndlr.o
    0x200000d8   COMPRESSED   0x00000380   Data   RW         2008    .data               sdr.o
    0x20000458   COMPRESSED   0x00000014   Data   RW         2042    .data               ipmdevice.o
    0x2000046c   COMPRESSED   0x00000008   Data   RW         2218    .data               bsp_i2c.o
    0x20000474   COMPRESSED   0x00000004   Data   RW         2244    .data               bsp_i2c_gpio.o
    0x20000478   COMPRESSED   0x00000034   Data   RW         2321    .data               bsp_uart3.o
    0x200004ac   COMPRESSED   0x00000039   Data   RW         2348    .data               bsp_usart0.o
    0x200004e5   COMPRESSED   0x00000003   PAD
    0x200004e8   COMPRESSED   0x00000039   Data   RW         2389    .data               bsp_usart1.o
    0x20000521   COMPRESSED   0x00000003   PAD
    0x20000524   COMPRESSED   0x00000018   Data   RW         2413    .data               bsp_gpio.o
    0x2000053c   COMPRESSED   0x00000004   Data   RW         2458    .data               bsp_timer.o
    0x20000540   COMPRESSED   0x00000004   Data   RW         2503    .data               system_gd32f30x.o
    0x20000544   COMPRESSED   0x0000003c   Data   RW         2965    .data               tasks.o
    0x20000580   COMPRESSED   0x00000014   Data   RW         3004    .data               timers.o
    0x20000594   COMPRESSED   0x00000018   Data   RW         3030    .data               heap_4.o
    0x200005ac   COMPRESSED   0x0000000c   Data   RW         3053    .data               port.o
    0x200005b8   COMPRESSED   0x00000054   Data   RW         3093    .data               shell.o
    0x2000060c   COMPRESSED   0x00000004   Data   RW         3224    .data               mc_w.l(rand.o)
    0x20000610   COMPRESSED   0x00000004   Data   RW         3243    .data               mc_w.l(strtok.o)
    0x20000614   COMPRESSED   0x00000004   Data   RW         3618    .data               mc_w.l(stdout.o)
    0x20000618   COMPRESSED   0x00000004   Data   RW         3657    .data               mc_w.l(mvars.o)
    0x2000061c   COMPRESSED   0x00000004   Data   RW         3658    .data               mc_w.l(mvars.o)
    0x20000620   COMPRESSED   0x00000004   Data   RW         3662    .data               mc_w.l(errno.o)
    0x20000624        -       0x00000038   Zero   RW          462    .bss                api_subdevices.o
    0x2000065c        -       0x00000018   Zero   RW          671    .bss                dev_main.o
    0x20000674        -       0x00000080   Zero   RW          737    .bss                dev_power.o
    0x200006f4        -       0x00000040   Zero   RW          766    .bss                dev_storage0.o
    0x20000734        -       0x00000050   Zero   RW          794    .bss                dev_switch.o
    0x20000784        -       0x00000018   Zero   RW          851    .bss                api_fan.o
    0x2000079c        -       0x0000000f   Zero   RW         1112    .bss                cjson.o
    0x200007ab   COMPRESSED   0x00000001   PAD
    0x200007ac        -       0x00001060   Zero   RW         1756    .bss                msghndlr.o
    0x2000180c        -       0x00000040   Zero   RW         2006    .bss                sdr.o
    0x2000184c        -       0x00000028   Zero   RW         2190    .bss                bsp_capture.o
    0x20001874        -       0x0000006f   Zero   RW         2217    .bss                bsp_i2c.o
    0x200018e3        -       0x00000064   Zero   RW         2319    .bss                bsp_uart3.o
    0x20001947        -       0x00000231   Zero   RW         2346    .bss                bsp_usart0.o
    0x20001b78        -       0x00000083   Zero   RW         2387    .bss                bsp_usart1.o
    0x20001bfb   COMPRESSED   0x00000001   PAD
    0x20001bfc        -       0x0000000c   Zero   RW         2481    .bss                bsp_uartcomm.o
    0x20001c08        -       0x00000078   Zero   RW         2935    .bss                queue.o
    0x20001c80        -       0x000002e4   Zero   RW         2964    .bss                tasks.o
    0x20001f64        -       0x00000028   Zero   RW         3003    .bss                timers.o
    0x20001f8c        -       0x00008c00   Zero   RW         3029    .bss                heap_4.o
    0x2000ab8c        -       0x0000001d   Zero   RW         3090    .bss                shell.o
    0x2000aba9   COMPRESSED   0x00000003   PAD
    0x2000abac        -       0x00000134   Zero   RW         3152    .bss                shell_port.o
    0x2000ace0        -       0x00000400   Zero   RW         2850    HEAP                startup_gd32f30x_cl.o
    0x2000b0e0        -       0x00000400   Zero   RW         2849    STACK               startup_gd32f30x_cl.o


==============================================================================

Image component sizes


      Code (inc. data)   RO Data    RW Data    ZI Data      Debug   Object Name

      1060        158          0          4          0       4548   api_adc.o
        68          4          0          0          0       1026   api_cpu.o
       872        118         56          0         24       5085   api_fan.o
       648         12          0         24          0       7226   api_sensor.o
      3332        592        152         60         56      72318   api_subdevices.o
       952        120         96          0          0       3102   api_utc.o
         0          0        560          0          0        897   app.o
      1394        148          0          0          0      16760   appdevice.o
         0          0         16          0          0        788   bridge.o
       212          0          0          0          0       1485   bsp_adc.o
       680         26         48          0         40       5309   bsp_capture.o
       728        170        100         24          0       3435   bsp_gpio.o
      2772        218          0          8        111       7625   bsp_i2c.o
       808         10          0          4          0       4481   bsp_i2c_gpio.o
       208          6          0          0          0       2009   bsp_pwm.o
       240         12          0          4          0       1387   bsp_timer.o
        80         22         40         52        100       1466   bsp_uart3.o
       656          8          0          0         12       4662   bsp_uartcomm.o
       292         46         40         57        561       3330   bsp_usart0.o
       276         46         40         57        131       1850   bsp_usart1.o
         0          0         48          0          0        801   chassis.o
       852        256          0          0          0      28621   chassisctrl.o
      1440        340          0          0          0       8539   chassisdevice.o
      9084        198          0         24         15      46155   cjson.o
       528        186        429          4         24       5758   dev_main.o
       192        108         88         16          0       3912   dev_net.o
       264         18        649          4        128       4798   dev_power.o
       204        114        214          0         64       3977   dev_storage0.o
       204        108        316          0         80       3963   dev_switch.o
       646          0          0          0          0       3577   eeprom.o
       414          0          0          0          0      12740   fifo.o
      1452         22          0          0          0       9457   gd32f30x_adc.o
       128          6          0          0          0       1831   gd32f30x_dbg.o
         0          0          0          0          0       1472   gd32f30x_dma.o
       264         10          0          0          0       2398   gd32f30x_fwdgt.o
       864         12          0          0          0       5220   gd32f30x_gpio.o
       972         28          0          0          0       7968   gd32f30x_i2c.o
        38          0          0          0          0      14995   gd32f30x_it.o
       324         20          0          0          0       2033   gd32f30x_misc.o
         2          0          0          0          0        508   gd32f30x_platform.o
      1748         72          0          0          0       8508   gd32f30x_rcu.o
      3660         42          0          0          0      18935   gd32f30x_timer.o
      1180         16          0          0          0      11116   gd32f30x_usart.o
       672         82          0         24      35840       3440   heap_4.o
         0          0          0          0          0        796   ipmbmsghndlr.o
       616        164          3         20          0       6035   ipmdevice.o
       116          0          0          0          0       1666   ipmi_common.o
       284         10          0          0          0      99138   jump2bootloader.o
       148          0          0          0          0       1994   list.o
       816        474        135          0          0       2859   log.o
       840        160        285          9          0       4397   mac5023.o
      1404        402        261         40          0      48604   main.o
      2296        432         66         16       4192      19060   msghndlr.o
       420          8         96          0          0       4168   oem.o
      1608        262        447          8          0      11773   pmbus.o
       886        102          0         12          0       8035   port.o
      4048         56          0          0        120      20926   queue.o
      5232        130         20        896         64      20785   sdr.o
     10212        678        324          0          0      35222   sensor.o
      3220        594          0          0          0      14177   sensor_helpers.o
         0          0        272          0          0       1625   sensorevent.o
       126          0          0          0          0       2161   serial.o
      1140        222          0          0          0      17100   serialifc.o
      4980        138        863         84         29      22389   shell.o
       848         14          0          0          0       3776   shell_ext.o
        76         12          0          0        308       1669   shell_port.o
        36          8        336          0       2048        928   startup_gd32f30x_cl.o
         0          0        224          0          0        845   storage.o
       760         58          0          4          0       2749   system_gd32f30x.o
       128         16          0          0          0      27454   systick.o
      6916        594          0         60        740      34126   tasks.o
      1612        110          0         20         40      11911   timers.o
      2824        886        426          3          0      38864   tools.o

    ----------------------------------------------------------------------
     92016       8884       6716       1548      44732     824743   Object Totals
         0          0         32          0          0          0   (incl. Generated)
        14          0         34         10          5          0   (incl. Padding)

    ----------------------------------------------------------------------

      Code (inc. data)   RO Data    RW Data    ZI Data      Debug   Library Member Name

       280         28          0          0          0        156   ceil.o
       184         44          0          0          0        744   dunder.o
        44          0          0          0          0        248   fabs.o
        48          0          0          0          0        124   fpclassify.o
       964         92         56          0          0        316   log.o
       248          0          0          0          0        152   poly.o
      3152        296        136          0          0        352   pow.o
         0          0          8          0          0          0   qnan.o
       110          0          0          0          0        148   sqrt.o
        40         10          0          0          0        128   strtod.o
        56          8          0          0          0         84   __0sscanf.o
        86          0          0          0          0          0   __dczerorl2.o
        28          0          0          0          0         68   _chval.o
       816          6          0          0          0        112   _scanf.o
       332          0          0          0          0         96   _scanf_int.o
        64          0          0          0          0         84   _sgetc.o
       158          0          0          0          0         92   _strtoul.o
        26          0          0          0          0         80   atoi.o
         8          4        133          0          0         68   ctype_o.o
         0          0          0          0          0          0   entry.o
         0          0          0          0          0          0   entry10a.o
         0          0          0          0          0          0   entry11a.o
         4          0          0          0          0          0   entry12b.o
         8          4          0          0          0          0   entry2.o
         4          0          0          0          0          0   entry5.o
         0          0          0          0          0          0   entry7b.o
         0          0          0          0          0          0   entry8b.o
         8          4          0          0          0          0   entry9a.o
        20         10          0          4          0        136   errno.o
        30          0          0          0          0          0   handlers.o
        36          8          0          0          0         68   init.o
        18          0          0          0          0         76   isspace_o.o
         0          0          0          0          0          0   iusefp.o
        30          0          0          0          0         68   llshl.o
        36          0          0          0          0         68   llsshr.o
        32          0          0          0          0         68   llushr.o
       360         30          0          0          0        356   mallocr.o
        26          0          0          0          0         80   memcmp.o
        36          0          0          0          0         68   memcpya.o
        36          0          0          0          0        108   memseta.o
         0          0          0          8          0          0   mvars.o
      2342        102          0          0          0        764   printfa.o
        36         10          0          4          0        136   rand.o
        40          8          0          0          0         84   scanf_char.o
       878         12          0          0          0        216   scanf_fp.o
         0          0          0          4          0          0   stdout.o
        24          0          0          0          0         68   strcat.o
        28          0          0          0          0         76   strcmp.o
        18          0          0          0          0         68   strcpy.o
        14          0          0          0          0         68   strlen.o
        30          0          0          0          0         80   strncmp.o
       156         12          0          0          0        120   strtod.o
        68          6          0          4          0         80   strtok.o
       112          0          0          0          0         88   strtol.o
        12          0          0          0          0         68   tolower.o
        44          0          0          0          0         80   uidiv.o
        98          0          0          0          0         92   uldiv.o
        48          0          0          0          0         68   cdcmple.o
        48          0          0          0          0         68   cdrcmple.o
        56          0          0          0          0         88   d2f.o
       334          0          0          0          0        148   dadd.o
       222          0          0          0          0        100   ddiv.o
       186          0          0          0          0        176   depilogue.o
        62          0          0          0          0         80   dfixi.o
        50          0          0          0          0         76   dfixui.o
        48          0          0          0          0         68   dfixul.o
        34          0          0          0          0         76   dflti.o
        24          0          0          0          0         76   dfltul.o
       228          0          0          0          0         96   dmul.o
        46          0          0          0          0         80   dscalb.o
       162          0          0          0          0        100   dsqrt.o
        38          0          0          0          0         68   f2d.o
       110          0          0          0          0        168   fepilogue.o

    ----------------------------------------------------------------------
     12948        698        336         24          0       7772   Library Totals
        24          4          3          0          0          0   (incl. Padding)

    ----------------------------------------------------------------------

      Code (inc. data)   RO Data    RW Data    ZI Data      Debug   Library Name

      5070        470        200          0          0       2368   m_wm.l
      6158        224        133         24          0       3868   mc_w.l
      1696          0          0          0          0       1536   mf_w.l

    ----------------------------------------------------------------------
     12948        698        336         24          0       7772   Library Totals

    ----------------------------------------------------------------------

==============================================================================


      Code (inc. data)   RO Data    RW Data    ZI Data      Debug   

    104964       9582       7052       1572      44732     814131   Grand Totals
    104964       9582       7052        592      44732     814131   ELF Image Totals (compressed)
    104964       9582       7052        592          0          0   ROM Totals

==============================================================================

    Total RO  Size (Code + RO Data)               112016 ( 109.39kB)
    Total RW  Size (RW Data + ZI Data)             46304 (  45.22kB)
    Total ROM Size (Code + RO Data + RW Data)     112608 ( 109.97kB)

==============================================================================

