Component: ARM Compiler 5.06 update 7 (build 960) Tool: armlink [4d3601]

==============================================================================

Section Cross References

    gd32f30x_it.o(.text) refers to strlen.o(.text) for strlen
    gd32f30x_it.o(.text) refers to printfa.o(i.__0sprintf) for __2sprintf
    gd32f30x_it.o(.text) refers to bsp_uartcomm.o(.text) for UART_sendDataBlock
    gd32f30x_it.o(.text) refers to tasks.o(.text) for xTaskGetSchedulerState
    gd32f30x_it.o(.text) refers to port.o(.text) for xPortSysTickHandler
    gd32f30x_it.o(.text) refers to gd32f30x_it.o(.data) for r_msp
    gd32f30x_it.o(.text) refers to gd32f30x_it.o(.bss) for faultBuf
    gd32f30x_it.o(.text) refers to main.o(.data) for projectInfo
    main.o(.text) refers to gd32f30x_dbg.o(.text) for dbg_periph_enable
    main.o(.text) refers to gd32f30x_platform.o(.text) for update_BkpDateRead
    main.o(.text) refers to jump.o(.text) for common_printfResetCause
    main.o(.text) refers to gd32f30x_rcu.o(.text) for rcu_all_reset_flag_clear
    main.o(.text) refers to gd32f30x_fwdgt.o(.text) for fwdgt_config
    main.o(.text) refers to queue.o(.text) for xQueueGenericCreate
    main.o(.text) refers to api_adc.o(.text) for adc_sample_all
    main.o(.text) refers to chassisctrl.o(.text) for ChassisCtrl
    main.o(.text) refers to msghndlr.o(.text) for MsgCoreHndlr
    main.o(.text) refers to bsp_i2c.o(.text) for i2c_int
    main.o(.text) refers to port.o(.text) for vPortEnterCritical
    main.o(.text) refers to tasks.o(.text) for xTaskCreate
    main.o(.text) refers to printfa.o(i.__0printf) for __2printf
    main.o(.text) refers to systick.o(.text) for bsp_systick_config
    main.o(.text) refers to gd32f30x_misc.o(.text) for nvic_priority_group_set
    main.o(.text) refers to bsp_uartcomm.o(.text) for UART_init
    main.o(.text) refers to bsp_gpio.o(.text) for GPIO_bspInit
    main.o(.text) refers to cm_backtrace.o(.text) for cm_backtrace_init
    main.o(.text) refers to api_utc.o(.text) for currentSecsSinceEpoch
    main.o(.text) refers to main.o(.data) for g_chassisCtrl_Queue
    main.o(.text) refers to api_sensor.o(.text) for Dev_Task
    main.o(.text) refers to shell_port.o(.bss) for shell
    main.o(.text) refers to shell.o(.text) for shellTask
    main.o(.data) refers to main.o(.conststring) for .conststring
    systick.o(.text) refers to system_gd32f30x.o(.data) for SystemCoreClock
    systick.o(.text) refers to systick.o(.data) for g_localtime
    gd32f30x_platform.o(.text) refers to gd32f30x_rcu.o(.text) for rcu_periph_clock_enable
    gd32f30x_platform.o(.text) refers to gd32f30x_pmu.o(.text) for pmu_backup_write_enable
    gd32f30x_platform.o(.text) refers to gd32f30x_bkp.o(.text) for bkp_write_data
    api_subdevices.o(.text) refers to ipmdevice.o(.text) for SetDevAddr
    api_subdevices.o(.text) refers to printfa.o(i.__0printf) for __2printf
    api_subdevices.o(.text) refers to memseta.o(.text) for __aeabi_memclr4
    api_subdevices.o(.text) refers to bsp_gpio.o(.text) for get_board_addr
    api_subdevices.o(.text) refers to printfa.o(i.__0sprintf) for __2sprintf
    api_subdevices.o(.text) refers to strlen.o(.text) for strlen
    api_subdevices.o(.text) refers to eeprom.o(.text) for EEP_WriteDataCheckFirst
    api_subdevices.o(.text) refers to api_sensor.o(.text) for api_getDevHandler
    api_subdevices.o(.text) refers to cjson.o(.text) for cJSON_InitHooks
    api_subdevices.o(.text) refers to api_subdevices.o(.constdata) for g_SubDeviceConfigName
    api_subdevices.o(.text) refers to api_subdevices.o(.bss) for g_AllModesStatus
    api_subdevices.o(.text) refers to main.o(.data) for g_debugLevel
    api_subdevices.o(.text) refers to api_subdevices.o(.data) for pSubDeviceSelf
    api_subdevices.o(.text) refers to heap_4.o(.text) for pvPortMalloc
    api_subdevices.o(.text) refers to bsp_uartcomm.o(.text) for UART_sendDataBlock
    api_subdevices.o(.text) refers to tasks.o(.text) for vTaskDelay
    api_subdevices.o(.text) refers to memcpya.o(.text) for __aeabi_memcpy
    api_subdevices.o(.text) refers to strcat.o(.text) for strcat
    api_subdevices.o(.text) refers to f2d.o(.text) for __aeabi_f2d
    api_subdevices.o(.text) refers to ipmi_common.o(.text) for CalculateCheckSum
    api_subdevices.o(.text) refers to sensor.o(.text) for GetSensorReading
    api_subdevices.o(.text) refers to msghndlr.o(.text) for SendMsgAndWait
    api_subdevices.o(.text) refers to systick.o(.text) for GetTickMs
    api_subdevices.o(.constdata) refers to api_subdevices.o(.conststring) for .conststring
    api_subdevices.o(.data) refers to api_subdevices.o(.conststring) for .conststring
    dev_main.o(.text) refers to queue.o(.text) for xQueueGenericCreate
    dev_main.o(.text) refers to ipmi_common.o(.text) for CalculateCheckSum
    dev_main.o(.text) refers to printfa.o(i.__0printf) for __2printf
    dev_main.o(.text) refers to systick.o(.text) for GetTickMs
    dev_main.o(.text) refers to bsp_gpio.o(.text) for GPIO_setPinStatus
[...]
    usart_smartcard_mode_enable              0x0801b08f   Thumb Code    10  gd32f30x_usart.o(.text)
    usart_smartcard_mode_disable             0x0801b099   Thumb Code    10  gd32f30x_usart.o(.text)
    usart_smartcard_mode_nack_enable         0x0801b0a3   Thumb Code    10  gd32f30x_usart.o(.text)
    usart_smartcard_mode_nack_disable        0x0801b0ad   Thumb Code    10  gd32f30x_usart.o(.text)
    usart_smartcard_autoretry_config         0x0801b0b7   Thumb Code    26  gd32f30x_usart.o(.text)
    usart_block_length_config                0x0801b0d1   Thumb Code    28  gd32f30x_usart.o(.text)
    usart_irda_mode_enable                   0x0801b0ed   Thumb Code    10  gd32f30x_usart.o(.text)
    usart_irda_mode_disable                  0x0801b0f7   Thumb Code    10  gd32f30x_usart.o(.text)
    usart_prescaler_config                   0x0801b101   Thumb Code    16  gd32f30x_usart.o(.text)
    usart_irda_lowpower_config               0x0801b111   Thumb Code    20  gd32f30x_usart.o(.text)
    usart_hardware_flow_rts_config           0x0801b125   Thumb Code    16  gd32f30x_usart.o(.text)
    usart_hardware_flow_cts_config           0x0801b135   Thumb Code    16  gd32f30x_usart.o(.text)
    usart_dma_receive_config                 0x0801b145   Thumb Code    16  gd32f30x_usart.o(.text)
    usart_dma_transmit_config                0x0801b155   Thumb Code    16  gd32f30x_usart.o(.text)
    usart_flag_get                           0x0801b165   Thumb Code    40  gd32f30x_usart.o(.text)
    usart_flag_clear                         0x0801b18d   Thumb Code    26  gd32f30x_usart.o(.text)
    usart_interrupt_enable                   0x0801b1a7   Thumb Code    26  gd32f30x_usart.o(.text)
    usart_interrupt_disable                  0x0801b1c1   Thumb Code    26  gd32f30x_usart.o(.text)
    usart_interrupt_flag_get                 0x0801b1db   Thumb Code    56  gd32f30x_usart.o(.text)
    usart_interrupt_flag_clear               0x0801b213   Thumb Code    26  gd32f30x_usart.o(.text)
    dbg_deinit                               0x0801b22d   Thumb Code     8  gd32f30x_dbg.o(.text)
    dbg_id_get                               0x0801b235   Thumb Code     6  gd32f30x_dbg.o(.text)
    dbg_low_power_enable                     0x0801b23b   Thumb Code    12  gd32f30x_dbg.o(.text)
    dbg_low_power_disable                    0x0801b247   Thumb Code    12  gd32f30x_dbg.o(.text)
    dbg_periph_enable                        0x0801b253   Thumb Code    28  gd32f30x_dbg.o(.text)
    dbg_periph_disable                       0x0801b26f   Thumb Code    28  gd32f30x_dbg.o(.text)
    dbg_trace_pin_enable                     0x0801b28b   Thumb Code    14  gd32f30x_dbg.o(.text)
    dbg_trace_pin_disable                    0x0801b299   Thumb Code    14  gd32f30x_dbg.o(.text)
    pmu_deinit                               0x0801b2ad   Thumb Code    20  gd32f30x_pmu.o(.text)
    pmu_lvd_select                           0x0801b2c1   Thumb Code    42  gd32f30x_pmu.o(.text)
    pmu_ldo_output_select                    0x0801b2eb   Thumb Code    22  gd32f30x_pmu.o(.text)
    pmu_lvd_disable                          0x0801b301   Thumb Code    14  gd32f30x_pmu.o(.text)
    pmu_flag_get                             0x0801b30f   Thumb Code    18  gd32f30x_pmu.o(.text)
    pmu_highdriver_switch_select             0x0801b321   Thumb Code    40  gd32f30x_pmu.o(.text)
    pmu_highdriver_mode_enable               0x0801b349   Thumb Code    14  gd32f30x_pmu.o(.text)
    pmu_highdriver_mode_disable              0x0801b357   Thumb Code    14  gd32f30x_pmu.o(.text)
    pmu_lowdriver_mode_enable                0x0801b365   Thumb Code    14  gd32f30x_pmu.o(.text)
    pmu_lowdriver_mode_disable               0x0801b373   Thumb Code    14  gd32f30x_pmu.o(.text)
    pmu_lowpower_driver_config               0x0801b381   Thumb Code    22  gd32f30x_pmu.o(.text)
    pmu_normalpower_driver_config            0x0801b397   Thumb Code    22  gd32f30x_pmu.o(.text)
    pmu_to_sleepmode                         0x0801b3ad   Thumb Code    22  gd32f30x_pmu.o(.text)
    pmu_to_deepsleepmode                     0x0801b3c3   Thumb Code   206  gd32f30x_pmu.o(.text)
    pmu_to_standbymode                       0x0801b491   Thumb Code    84  gd32f30x_pmu.o(.text)
    pmu_backup_write_enable                  0x0801b4e5   Thumb Code    14  gd32f30x_pmu.o(.text)
    pmu_backup_write_disable                 0x0801b4f3   Thumb Code    14  gd32f30x_pmu.o(.text)
    pmu_wakeup_pin_enable                    0x0801b501   Thumb Code    14  gd32f30x_pmu.o(.text)
    pmu_wakeup_pin_disable                   0x0801b50f   Thumb Code    14  gd32f30x_pmu.o(.text)
    pmu_flag_clear                           0x0801b51d   Thumb Code    42  gd32f30x_pmu.o(.text)
    Reset_Handler                            0x0801b56d   Thumb Code     8  startup_gd32f30x_xd.o(.text)
    ADC2_IRQHandler                          0x0801b587   Thumb Code     0  startup_gd32f30x_xd.o(.text)
    CAN0_EWMC_IRQHandler                     0x0801b587   Thumb Code     0  startup_gd32f30x_xd.o(.text)
    CAN0_RX1_IRQHandler                      0x0801b587   Thumb Code     0  startup_gd32f30x_xd.o(.text)
    DMA0_Channel0_IRQHandler                 0x0801b587   Thumb Code     0  startup_gd32f30x_xd.o(.text)
    DMA0_Channel1_IRQHandler                 0x0801b587   Thumb Code     0  startup_gd32f30x_xd.o(.text)
    DMA0_Channel2_IRQHandler                 0x0801b587   Thumb Code     0  startup_gd32f30x_xd.o(.text)
    DMA0_Channel3_IRQHandler                 0x0801b587   Thumb Code     0  startup_gd32f30x_xd.o(.text)
    DMA0_Channel4_IRQHandler                 0x0801b587   Thumb Code     0  startup_gd32f30x_xd.o(.text)
    DMA0_Channel5_IRQHandler                 0x0801b587   Thumb Code     0  startup_gd32f30x_xd.o(.text)
    DMA0_Channel6_IRQHandler                 0x0801b587   Thumb Code     0  startup_gd32f30x_xd.o(.text)
    DMA1_Channel0_IRQHandler                 0x0801b587   Thumb Code     0  startup_gd32f30x_xd.o(.text)
    DMA1_Channel1_IRQHandler                 0x0801b587   Thumb Code     0  startup_gd32f30x_xd.o(.text)
    DMA1_Channel2_IRQHandler                 0x0801b587   Thumb Code     0  startup_gd32f30x_xd.o(.text)
    DMA1_Channel3_4_IRQHandler               0x0801b587   Thumb Code     0  startup_gd32f30x_xd.o(.text)
    EXMC_IRQHandler                          0x0801b587   Thumb Code     0  startup_gd32f30x_xd.o(.text)
    EXTI0_IRQHandler                         0x0801b587   Thumb Code     0  startup_gd32f30x_xd.o(.text)
    EXTI10_15_IRQHandler                     0x0801b587   Thumb Code     0  startup_gd32f30x_xd.o(.text)
    EXTI1_IRQHandler                         0x0801b587   Thumb Code     0  startup_gd32f30x_xd.o(.text)
    EXTI2_IRQHandler                         0x0801b587   Thumb Code     0  startup_gd32f30x_xd.o(.text)
    EXTI3_IRQHandler                         0x0801b587   Thumb Code     0  startup_gd32f30x_xd.o(.text)
    EXTI4_IRQHandler                         0x0801b587   Thumb Code     0  startup_gd32f30x_xd.o(.text)
    EXTI5_9_IRQHandler                       0x0801b587   Thumb Code     0  startup_gd32f30x_xd.o(.text)
    FMC_IRQHandler                           0x0801b587   Thumb Code     0  startup_gd32f30x_xd.o(.text)
    LVD_IRQHandler                           0x0801b587   Thumb Code     0  startup_gd32f30x_xd.o(.text)
    RCU_CTC_IRQHandler                       0x0801b587   Thumb Code     0  startup_gd32f30x_xd.o(.text)
    RTC_Alarm_IRQHandler                     0x0801b587   Thumb Code     0  startup_gd32f30x_xd.o(.text)
    RTC_IRQHandler                           0x0801b587   Thumb Code     0  startup_gd32f30x_xd.o(.text)
    SDIO_IRQHandler                          0x0801b587   Thumb Code     0  startup_gd32f30x_xd.o(.text)
    SPI0_IRQHandler                          0x0801b587   Thumb Code     0  startup_gd32f30x_xd.o(.text)
    SPI1_IRQHandler                          0x0801b587   Thumb Code     0  startup_gd32f30x_xd.o(.text)
    SPI2_IRQHandler                          0x0801b587   Thumb Code     0  startup_gd32f30x_xd.o(.text)
    TAMPER_IRQHandler                        0x0801b587   Thumb Code     0  startup_gd32f30x_xd.o(.text)
    TIMER0_BRK_TIMER8_IRQHandler             0x0801b587   Thumb Code     0  startup_gd32f30x_xd.o(.text)
    TIMER0_TRG_CMT_TIMER10_IRQHandler        0x0801b587   Thumb Code     0  startup_gd32f30x_xd.o(.text)
    TIMER1_IRQHandler                        0x0801b587   Thumb Code     0  startup_gd32f30x_xd.o(.text)
    TIMER3_IRQHandler                        0x0801b587   Thumb Code     0  startup_gd32f30x_xd.o(.text)
    TIMER4_IRQHandler                        0x0801b587   Thumb Code     0  startup_gd32f30x_xd.o(.text)
    TIMER5_IRQHandler                        0x0801b587   Thumb Code     0  startup_gd32f30x_xd.o(.text)
    TIMER6_IRQHandler                        0x0801b587   Thumb Code     0  startup_gd32f30x_xd.o(.text)
    TIMER7_BRK_TIMER11_IRQHandler            0x0801b587   Thumb Code     0  startup_gd32f30x_xd.o(.text)
    TIMER7_Channel_IRQHandler                0x0801b587   Thumb Code     0  startup_gd32f30x_xd.o(.text)
    TIMER7_TRG_CMT_TIMER13_IRQHandler        0x0801b587   Thumb Code     0  startup_gd32f30x_xd.o(.text)
    TIMER7_UP_TIMER12_IRQHandler             0x0801b587   Thumb Code     0  startup_gd32f30x_xd.o(.text)
    UART4_IRQHandler                         0x0801b587   Thumb Code     0  startup_gd32f30x_xd.o(.text)
    USART2_IRQHandler                        0x0801b587   Thumb Code     0  startup_gd32f30x_xd.o(.text)
    USBD_HP_CAN0_TX_IRQHandler               0x0801b587   Thumb Code     0  startup_gd32f30x_xd.o(.text)
    USBD_LP_CAN0_RX0_IRQHandler              0x0801b587   Thumb Code     0  startup_gd32f30x_xd.o(.text)
    USBD_WKUP_IRQHandler                     0x0801b587   Thumb Code     0  startup_gd32f30x_xd.o(.text)
    WWDGT_IRQHandler                         0x0801b587   Thumb Code     0  startup_gd32f30x_xd.o(.text)
    vListInitialise                          0x0801b591   Thumb Code    26  list.o(.text)
    vListInitialiseItem                      0x0801b5ab   Thumb Code     6  list.o(.text)
    vListInsertEnd                           0x0801b5b1   Thumb Code    24  list.o(.text)
    vListInsert                              0x0801b5c9   Thumb Code    52  list.o(.text)
    uxListRemove                             0x0801b5fd   Thumb Code    40  list.o(.text)
    xQueueGenericReset                       0x0801b625   Thumb Code   136  queue.o(.text)
    xQueueGenericCreate                      0x0801b6db   Thumb Code    80  queue.o(.text)
    xQueueGenericSend                        0x0801b8d5   Thumb Code   470  queue.o(.text)
    xQueueCreateMutex                        0x0801bac9   Thumb Code    34  queue.o(.text)
    xQueueGiveMutexRecursive                 0x0801baeb   Thumb Code    66  queue.o(.text)
    xQueueSemaphoreTake                      0x0801bb5b   Thumb Code   410  queue.o(.text)
    xQueueTakeMutexRecursive                 0x0801bcf5   Thumb Code    72  queue.o(.text)
    xQueueCreateCountingSemaphore            0x0801bd3d   Thumb Code    80  queue.o(.text)
    xQueueGenericSendFromISR                 0x0801bd8d   Thumb Code   250  queue.o(.text)
    xQueueGiveFromISR                        0x0801be87   Thumb Code   228  queue.o(.text)
    xQueueReceive                            0x0801bf95   Thumb Code   338  queue.o(.text)
    xQueuePeek                               0x0801c0e7   Thumb Code   344  queue.o(.text)
    xQueueReceiveFromISR                     0x0801c23f   Thumb Code   190  queue.o(.text)
    xQueuePeekFromISR                        0x0801c2fd   Thumb Code   158  queue.o(.text)
    uxQueueMessagesWaiting                   0x0801c39b   Thumb Code    36  queue.o(.text)
    uxQueueSpacesAvailable                   0x0801c3bf   Thumb Code    42  queue.o(.text)
    uxQueueMessagesWaitingFromISR            0x0801c3e9   Thumb Code    36  queue.o(.text)
    vQueueUnregisterQueue                    0x0801c40d   Thumb Code    44  queue.o(.text)
    vQueueDelete                             0x0801c439   Thumb Code    38  queue.o(.text)
    uxQueueGetQueueNumber                    0x0801c45f   Thumb Code     6  queue.o(.text)
    vQueueSetQueueNumber                     0x0801c465   Thumb Code     4  queue.o(.text)
    ucQueueGetQueueType                      0x0801c469   Thumb Code     8  queue.o(.text)
    xQueueIsQueueEmptyFromISR                0x0801c471   Thumb Code    38  queue.o(.text)
    xQueueIsQueueFullFromISR                 0x0801c497   Thumb Code    42  queue.o(.text)
    vQueueAddToRegistry                      0x0801c4c1   Thumb Code    38  queue.o(.text)
    pcQueueGetName                           0x0801c4e7   Thumb Code    38  queue.o(.text)
    vQueueWaitForMessageRestricted           0x0801c50d   Thumb Code    74  queue.o(.text)
    xQueueCreateSet                          0x0801c557   Thumb Code    20  queue.o(.text)
    xQueueAddToSet                           0x0801c56b   Thumb Code    38  queue.o(.text)
    xQueueRemoveFromSet                      0x0801c591   Thumb Code    48  queue.o(.text)
    xQueueSelectFromSet                      0x0801c5c1   Thumb Code    24  queue.o(.text)
    xQueueSelectFromSetFromISR               0x0801c5d9   Thumb Code    22  queue.o(.text)
    vApplicationStackOverflowHook            0x0801c5f5   Thumb Code    78  tasks.o(.text)
    xTaskCreate                              0x0801c7e5   Thumb Code    98  tasks.o(.text)
    vTaskDelete                              0x0801c883   Thumb Code   192  tasks.o(.text)
    xTaskIncrementTick                       0x0801c943   Thumb Code   468  tasks.o(.text)
    xTaskResumeAll                           0x0801cb17   Thumb Code   218  tasks.o(.text)
    vTaskSuspendAll                          0x0801cc6d   Thumb Code    12  tasks.o(.text)
    vTaskDelayUntil                          0x0801cc79   Thumb Code   182  tasks.o(.text)
    vTaskDelay                               0x0801cd2f   Thumb Code    76  tasks.o(.text)
    eTaskGetState                            0x0801cd7b   Thumb Code   122  tasks.o(.text)
    uxTaskPriorityGet                        0x0801cdf5   Thumb Code    30  tasks.o(.text)
    uxTaskPriorityGetFromISR                 0x0801ce13   Thumb Code    62  tasks.o(.text)
    vTaskPrioritySet                         0x0801ce51   Thumb Code   316  tasks.o(.text)
    vTaskSwitchContext                       0x0801cf8d   Thumb Code   142  tasks.o(.text)
    vTaskSuspend                             0x0801d01b   Thumb Code   204  tasks.o(.text)
    vTaskResume                              0x0801d133   Thumb Code   122  tasks.o(.text)
    xTaskResumeFromISR                       0x0801d1ad   Thumb Code   152  tasks.o(.text)
    vTaskStartScheduler                      0x0801d2a5   Thumb Code   178  tasks.o(.text)
    vTaskEndScheduler                        0x0801d357   Thumb Code    32  tasks.o(.text)
    xTaskGetTickCount                        0x0801d377   Thumb Code     6  tasks.o(.text)
    xTaskGetTickCountFromISR                 0x0801d37d   Thumb Code    16  tasks.o(.text)
    uxTaskGetNumberOfTasks                   0x0801d38d   Thumb Code     6  tasks.o(.text)
    pcTaskGetName                            0x0801d393   Thumb Code    40  tasks.o(.text)
    vTaskGetInfo                             0x0801d3d1   Thumb Code   126  tasks.o(.text)
    uxTaskGetSystemState                     0x0801d4b9   Thumb Code   152  tasks.o(.text)
    vTaskPlaceOnEventList                    0x0801d551   Thumb Code    46  tasks.o(.text)
    vTaskPlaceOnUnorderedEventList           0x0801d57f   Thumb Code    88  tasks.o(.text)
    vTaskPlaceOnEventListRestricted          0x0801d5d7   Thumb Code    54  tasks.o(.text)
    xTaskRemoveFromEventList                 0x0801d60d   Thumb Code   122  tasks.o(.text)
    vTaskRemoveFromUnorderedEventList        0x0801d687   Thumb Code   186  tasks.o(.text)
    vTaskSetTimeOutState                     0x0801d741   Thumb Code    44  tasks.o(.text)
    vTaskInternalSetTimeOutState             0x0801d76d   Thumb Code    14  tasks.o(.text)
    xTaskCheckForTimeOut                     0x0801d77b   Thumb Code   120  tasks.o(.text)
    vTaskMissedYield                         0x0801d7f3   Thumb Code     8  tasks.o(.text)
    uxTaskGetTaskNumber                      0x0801d7fb   Thumb Code    14  tasks.o(.text)
    vTaskSetTaskNumber                       0x0801d809   Thumb Code     8  tasks.o(.text)
    xTaskGetCurrentTaskHandle                0x0801d811   Thumb Code     6  tasks.o(.text)
    xTaskGetSchedulerState                   0x0801d817   Thumb Code    24  tasks.o(.text)
    xTaskPriorityInherit                     0x0801d82f   Thumb Code   186  tasks.o(.text)
    xTaskPriorityDisinherit                  0x0801d8e9   Thumb Code   176  tasks.o(.text)
    vTaskPriorityDisinheritAfterTimeout      0x0801d999   Thumb Code   218  tasks.o(.text)
    vTaskList                                0x0801da9d   Thumb Code   254  tasks.o(.text)
    uxTaskResetEventItemValue                0x0801db9b   Thumb Code    24  tasks.o(.text)
    pvTaskIncrementMutexHeldCount            0x0801dbb3   Thumb Code    26  tasks.o(.text)
    ulTaskNotifyTake                         0x0801dbcd   Thumb Code   108  tasks.o(.text)
    xTaskNotifyWait                          0x0801dc39   Thumb Code   150  tasks.o(.text)
    xTaskGenericNotify                       0x0801dccf   Thumb Code   256  tasks.o(.text)
    xTaskGenericNotifyFromISR                0x0801ddcf   Thumb Code   310  tasks.o(.text)
    vTaskNotifyGiveFromISR                   0x0801df05   Thumb Code   234  tasks.o(.text)
    xTaskNotifyStateClear                    0x0801dfef   Thumb Code    48  tasks.o(.text)
    vTaskStackAddr                           0x0801e01f   Thumb Code     8  tasks.o(.text)
    vTaskStackSize                           0x0801e027   Thumb Code     8  tasks.o(.text)
    vTaskName                                0x0801e02f   Thumb Code     8  tasks.o(.text)
    vTaskPrintThreadStatus                   0x0801e037   Thumb Code   104  tasks.o(.text)
    xTimerGenericCommand                     0x0801e15d   Thumb Code   118  timers.o(.text)
    xTimerCreateTimerTask                    0x0801e4c3   Thumb Code    54  timers.o(.text)
    xTimerCreate                             0x0801e59f   Thumb Code    48  timers.o(.text)
    xTimerGetTimerDaemonTaskHandle           0x0801e5cf   Thumb Code    38  timers.o(.text)
    xTimerGetPeriod                          0x0801e5f5   Thumb Code    28  timers.o(.text)
    xTimerGetExpiryTime                      0x0801e611   Thumb Code    30  timers.o(.text)
    pcTimerGetName                           0x0801e62f   Thumb Code    28  timers.o(.text)
    xTimerIsTimerActive                      0x0801e64b   Thumb Code    56  timers.o(.text)
    pvTimerGetTimerID                        0x0801e683   Thumb Code    38  timers.o(.text)
    vTimerSetTimerID                         0x0801e6a9   Thumb Code    38  timers.o(.text)
    xTimerPendFunctionCallFromISR            0x0801e6cf   Thumb Code    48  timers.o(.text)
    xTimerPendFunctionCall                   0x0801e6ff   Thumb Code    70  timers.o(.text)
    uxTimerGetTimerNumber                    0x0801e745   Thumb Code     6  timers.o(.text)
    vTimerSetTimerNumber                     0x0801e74b   Thumb Code     4  timers.o(.text)
    pvPortMalloc                             0x0801e81b   Thumb Code   262  heap_4.o(.text)
    vPortFree                                0x0801e921   Thumb Code   120  heap_4.o(.text)
    xPortGetFreeHeapSize                     0x0801e999   Thumb Code     6  heap_4.o(.text)
    xPortGetMinimumEverFreeHeapSize          0x0801e99f   Thumb Code     6  heap_4.o(.text)
    vPortInitialiseBlocks                    0x0801e9a5   Thumb Code     2  heap_4.o(.text)
    pxPortInitialiseStack                    0x0801ea29   Thumb Code    38  port.o(.text)
    vPortSetupTimerInterrupt                 0x0801ea4f   Thumb Code    36  port.o(.text)
    xPortStartScheduler                      0x0801ea73   Thumb Code   322  port.o(.text)
    vPortEndScheduler                        0x0801ebb5   Thumb Code    34  port.o(.text)
    vPortEnterCritical                       0x0801ebd7   Thumb Code    70  port.o(.text)
    vPortExitCritical                        0x0801ec1d   Thumb Code    48  port.o(.text)
    xPortSysTickHandler                      0x0801ec4d   Thumb Code    52  port.o(.text)
    vPortValidateInterruptPriority           0x0801ec81   Thumb Code    88  port.o(.text)
    shellWriteString                         0x0801ed39   Thumb Code    40  shell.o(.text)
    shellToHex                               0x0801edb5   Thumb Code    56  shell.o(.text)
    shellCheckPermission                     0x0801ee39   Thumb Code    54  shell.o(.text)
    shellSeekCommand                         0x0801ee6f   Thumb Code   122  shell.o(.text)
    shellInit                                0x0801ef6f   Thumb Code   144  shell.o(.text)
    shellGetCurrent                          0x0801efff   Thumb Code    48  shell.o(.text)
    shellPrint                               0x0801f08d   Thumb Code    50  shell.o(.text)
    shellToDec                               0x0801f0bf   Thumb Code    86  shell.o(.text)
    shellListItem                            0x0801f1b5   Thumb Code   240  shell.o(.text)
    shellListCommand                         0x0801f2a5   Thumb Code    90  shell.o(.text)
    shellListVar                             0x0801f2ff   Thumb Code    84  shell.o(.text)
    shellListUser                            0x0801f353   Thumb Code    84  shell.o(.text)
    shellListKey                             0x0801f3a7   Thumb Code    84  shell.o(.text)
    shellListAll                             0x0801f3fb   Thumb Code    12  shell.o(.text)
    shellDeleteCommandLine                   0x0801f407   Thumb Code    28  shell.o(.text)
    shellClearCommandLine                    0x0801f423   Thumb Code    40  shell.o(.text)
    shellInsertByte                          0x0801f44b   Thumb Code   226  shell.o(.text)
    shellDeleteByte                          0x0801f52d   Thumb Code   232  shell.o(.text)
    shellGetVarValue                         0x0801f70b   Thumb Code    84  shell.o(.text)
    shellSetVarValue                         0x0801f7ff   Thumb Code   140  shell.o(.text)
    shellSetVar                              0x0801f88b   Thumb Code   106  shell.o(.text)
    shellRunCommand                          0x0801f95f   Thumb Code   174  shell.o(.text)
    shellNormalInput                         0x0801fbb5   Thumb Code    28  shell.o(.text)
    shellExec                                0x0801fbd1   Thumb Code   110  shell.o(.text)
    shellUp                                  0x0801fc3f   Thumb Code    14  shell.o(.text)
    shellDown                                0x0801fc4d   Thumb Code    16  shell.o(.text)
    shellRight                               0x0801fc5d   Thumb Code    30  shell.o(.text)
    shellLeft                                0x0801fc7b   Thumb Code    26  shell.o(.text)
    shellTab                                 0x0801fc95   Thumb Code   378  shell.o(.text)
    shellBackspace                           0x0801fe0f   Thumb Code    14  shell.o(.text)
    shellDelete                              0x0801fe1d   Thumb Code    16  shell.o(.text)
    shellEnter                               0x0801fe2d   Thumb Code    20  shell.o(.text)
    shellHelp                                0x0801fe41   Thumb Code   118  shell.o(.text)
    shellHandler                             0x0801feb7   Thumb Code   246  shell.o(.text)
    shellTask                                0x0801ffad   Thumb Code    54  shell.o(.text)
    shellUsers                               0x0801ffe3   Thumb Code    18  shell.o(.text)
    shellCmds                                0x0801fff5   Thumb Code    36  shell.o(.text)
    shellVars                                0x08020019   Thumb Code    18  shell.o(.text)
    shellKeys                                0x0802002b   Thumb Code    18  shell.o(.text)
    shellClear                               0x0802003d   Thumb Code    22  shell.o(.text)
    shellRun                                 0x08020053   Thumb Code    86  shell.o(.text)
    shellExtParsePara                        0x080202d7   Thumb Code    86  shell_ext.o(.text)
    shellExtRun                              0x0802032d   Thumb Code   202  shell_ext.o(.text)
    userShellWrite                           0x080203fd   Thumb Code    14  shell_port.o(.text)
    userShellRead                            0x0802040b   Thumb Code    22  shell_port.o(.text)
    userShellInit                            0x08020421   Thumb Code    28  shell_port.o(.text)
    cm_backtrace_init                        0x08020449   Thumb Code   102  cm_backtrace.o(.text)
    cm_backtrace_firmware_info               0x080204af   Thumb Code    24  cm_backtrace.o(.text)
    cm_backtrace_call_stack                  0x080205bf   Thumb Code   276  cm_backtrace.o(.text)
    cm_backtrace_assert                      0x08020749   Thumb Code   150  cm_backtrace.o(.text)
    HardFault_Handler_bt                     0x08020c0b   Thumb Code   588  cm_backtrace.o(.text)
    HardFault_Handler                        0x08020ecd   Thumb Code    12  cmb_fault.o(.text)
    tolower                                  0x08020ed9   Thumb Code    12  tolower.o(.text)
    rand                                     0x08020ee5   Thumb Code    20  rand.o(.text)
    srand                                    0x08020ef9   Thumb Code     6  rand.o(.text)
    __aeabi_memcpy                           0x08020f09   Thumb Code    36  memcpya.o(.text)
    __aeabi_memcpy4                          0x08020f09   Thumb Code     0  memcpya.o(.text)
    __aeabi_memcpy8                          0x08020f09   Thumb Code     0  memcpya.o(.text)
    __aeabi_memset                           0x08020f2d   Thumb Code    14  memseta.o(.text)
    __aeabi_memset4                          0x08020f2d   Thumb Code     0  memseta.o(.text)
    __aeabi_memset8                          0x08020f2d   Thumb Code     0  memseta.o(.text)
    __aeabi_memclr                           0x08020f3b   Thumb Code     4  memseta.o(.text)
    __aeabi_memclr4                          0x08020f3b   Thumb Code     0  memseta.o(.text)
    __aeabi_memclr8                          0x08020f3b   Thumb Code     0  memseta.o(.text)
    _memset$wrapper                          0x08020f3f   Thumb Code    18  memseta.o(.text)
    strcat                                   0x08020f51   Thumb Code    24  strcat.o(.text)
    strncpy                                  0x08020f69   Thumb Code    24  strncpy.o(.text)
    strlen                                   0x08020f81   Thumb Code    14  strlen.o(.text)
    strcmp                                   0x08020f8f   Thumb Code    28  strcmp.o(.text)
    memcmp                                   0x08020fab   Thumb Code    26  memcmp.o(.text)
    strcpy                                   0x08020fc5   Thumb Code    18  strcpy.o(.text)
    strncmp                                  0x08020fd7   Thumb Code    30  strncmp.o(.text)
    strtok                                   0x08020ff5   Thumb Code    62  strtok.o(.text)
    __0sscanf                                0x08021039   Thumb Code    48  __0sscanf.o(.text)
    _scanf_int                               0x08021071   Thumb Code   332  _scanf_int.o(.text)
    _scanf_real                              0x080212e5   Thumb Code     0  scanf_fp.o(.text)
    _scanf_really_real                       0x080212e5   Thumb Code   556  scanf_fp.o(.text)
    strtol                                   0x0802151d   Thumb Code   112  strtol.o(.text)
    atoi                                     0x0802158d   Thumb Code    26  atoi.o(.text)
    __aeabi_dadd                             0x080215a7   Thumb Code   322  dadd.o(.text)
    __aeabi_dsub                             0x080216e9   Thumb Code     6  dadd.o(.text)
    __aeabi_drsub                            0x080216ef   Thumb Code     6  dadd.o(.text)
    __aeabi_dmul                             0x080216f5   Thumb Code   228  dmul.o(.text)
    __aeabi_ddiv                             0x080217d9   Thumb Code   222  ddiv.o(.text)
    __aeabi_i2d                              0x080218b7   Thumb Code    34  dflti.o(.text)
    __aeabi_d2iz                             0x080218d9   Thumb Code    62  dfixi.o(.text)
    __aeabi_d2uiz                            0x08021917   Thumb Code    50  dfixui.o(.text)
    __aeabi_f2d                              0x08021949   Thumb Code    38  f2d.o(.text)
    __aeabi_cdcmpeq                          0x08021971   Thumb Code     0  cdcmple.o(.text)
    __aeabi_cdcmple                          0x08021971   Thumb Code    48  cdcmple.o(.text)
    __aeabi_cdrcmple                         0x080219a1   Thumb Code    48  cdrcmple.o(.text)
    __aeabi_d2f                              0x080219d1   Thumb Code    56  d2f.o(.text)
    __aeabi_uidiv                            0x08021a09   Thumb Code     0  uidiv.o(.text)
    __aeabi_uidivmod                         0x08021a09   Thumb Code    44  uidiv.o(.text)
    __aeabi_uldivmod                         0x08021a35   Thumb Code    98  uldiv.o(.text)
    __aeabi_llsl                             0x08021a97   Thumb Code    30  llshl.o(.text)
    _ll_shift_l                              0x08021a97   Thumb Code     0  llshl.o(.text)
    __aeabi_llsr                             0x08021ab5   Thumb Code    32  llushr.o(.text)
    _ll_ushift_r                             0x08021ab5   Thumb Code     0  llushr.o(.text)
    __aeabi_lasr                             0x08021ad5   Thumb Code    36  llsshr.o(.text)
    _ll_sshift_r                             0x08021ad5   Thumb Code     0  llsshr.o(.text)
    __rt_ctype_table                         0x08021af9   Thumb Code     4  ctype_o.o(.text)
    isspace                                  0x08021b01   Thumb Code    18  isspace_o.o(.text)
    _chval                                   0x08021b13   Thumb Code    28  _chval.o(.text)
    __vfscanf_char                           0x08021b3d   Thumb Code    20  scanf_char.o(.text)
    _sgetc                                   0x08021b59   Thumb Code    30  _sgetc.o(.text)
    _sbackspace                              0x08021b77   Thumb Code    34  _sgetc.o(.text)
    _strtoul                                 0x08021b99   Thumb Code   158  _strtoul.o(.text)
    __strtod_int                             0x08021c6f   Thumb Code    90  strtod.o(.text)
    __I$use$fp                               0x08021cd5   Thumb Code     0  iusefp.o(.text)
    _float_round                             0x08021cd5   Thumb Code    18  fepilogue.o(.text)
    _float_epilogue                          0x08021ce7   Thumb Code    92  fepilogue.o(.text)
    _double_round                            0x08021d43   Thumb Code    30  depilogue.o(.text)
    _double_epilogue                         0x08021d61   Thumb Code   156  depilogue.o(.text)
    __ARM_scalbn                             0x08021dfd   Thumb Code    46  dscalb.o(.text)
    scalbn                                   0x08021dfd   Thumb Code     0  dscalb.o(.text)
    __aeabi_ul2d                             0x08021e2b   Thumb Code    24  dfltul.o(.text)
    __aeabi_d2ulz                            0x08021e43   Thumb Code    48  dfixul.o(.text)
    __scatterload                            0x08021e75   Thumb Code    28  init.o(.text)
    __scatterload_rt2                        0x08021e75   Thumb Code     0  init.o(.text)
    __vfscanf                                0x08021e99   Thumb Code   810  _scanf.o(.text)
    _dsqrt                                   0x080221c9   Thumb Code   162  dsqrt.o(.text)
    __decompress                             0x0802226b   Thumb Code     0  __dczerorl2.o(.text)
    __decompress1                            0x0802226b   Thumb Code    86  __dczerorl2.o(.text)
    FIFO_Empty                               0x080222c1   Thumb Code    14  fifo.o(i.FIFO_Empty)
    __0printf                                0x080222d1   Thumb Code    22  printfa.o(i.__0printf)
    __1printf                                0x080222d1   Thumb Code     0  printfa.o(i.__0printf)
    __2printf                                0x080222d1   Thumb Code     0  printfa.o(i.__0printf)
    __c89printf                              0x080222d1   Thumb Code     0  printfa.o(i.__0printf)
    printf                                   0x080222d1   Thumb Code     0  printfa.o(i.__0printf)
    __0sprintf                               0x080222f1   Thumb Code    34  printfa.o(i.__0sprintf)
    __1sprintf                               0x080222f1   Thumb Code     0  printfa.o(i.__0sprintf)
    __2sprintf                               0x080222f1   Thumb Code     0  printfa.o(i.__0sprintf)
    __c89sprintf                             0x080222f1   Thumb Code     0  printfa.o(i.__0sprintf)
    sprintf                                  0x080222f1   Thumb Code     0  printfa.o(i.__0sprintf)
    __0vsnprintf                             0x08022319   Thumb Code    46  printfa.o(i.__0vsnprintf)
    __1vsnprintf                             0x08022319   Thumb Code     0  printfa.o(i.__0vsnprintf)
    __2vsnprintf                             0x08022319   Thumb Code     0  printfa.o(i.__0vsnprintf)
    __c89vsnprintf                           0x08022319   Thumb Code     0  printfa.o(i.__0vsnprintf)
    vsnprintf                                0x08022319   Thumb Code     0  printfa.o(i.__0vsnprintf)
    __ARM_fpclassify                         0x0802234d   Thumb Code    48  fpclassify.o(i.__ARM_fpclassify)
    __aeabi_errno_addr                       0x0802237d   Thumb Code     4  errno.o(i.__aeabi_errno_addr)
    __rt_errno_addr                          0x0802237d   Thumb Code     0  errno.o(i.__aeabi_errno_addr)
    free                                     0x08022385   Thumb Code    88  mallocr.o(i.__free$realloc)
    __hardfp_ceil                            0x080223e1   Thumb Code   252  ceil.o(i.__hardfp_ceil)
    __hardfp_fabs                            0x080224f9   Thumb Code    20  fabs.o(i.__hardfp_fabs)
    __hardfp_log                             0x08022511   Thumb Code   872  log.o(i.__hardfp_log)
    __hardfp_pow                             0x080228d9   Thumb Code  3072  pow.o(i.__hardfp_pow)
    __hardfp_strtod                          0x08023529   Thumb Code    30  strtod.o(i.__hardfp_strtod)
    __kernel_poly                            0x08023551   Thumb Code   248  poly.o(i.__kernel_poly)
    malloc                                   0x08023649   Thumb Code    64  mallocr.o(i.__malloc$realloc)
    __mathlib_dbl_divzero                    0x08023699   Thumb Code    28  dunder.o(i.__mathlib_dbl_divzero)
    __mathlib_dbl_infnan                     0x080236c9   Thumb Code    20  dunder.o(i.__mathlib_dbl_infnan)
    __mathlib_dbl_infnan2                    0x080236dd   Thumb Code    20  dunder.o(i.__mathlib_dbl_infnan2)
    __mathlib_dbl_invalid                    0x080236f1   Thumb Code    24  dunder.o(i.__mathlib_dbl_invalid)
    __mathlib_dbl_overflow                   0x08023711   Thumb Code    24  dunder.o(i.__mathlib_dbl_overflow)
    __mathlib_dbl_underflow                  0x08023731   Thumb Code    24  dunder.o(i.__mathlib_dbl_underflow)
    __scatterload_copy                       0x08023751   Thumb Code    14  handlers.o(i.__scatterload_copy)
    __scatterload_null                       0x0802375f   Thumb Code     2  handlers.o(i.__scatterload_null)
    __scatterload_zeroinit                   0x08023761   Thumb Code    14  handlers.o(i.__scatterload_zeroinit)
    __set_errno                              0x08023771   Thumb Code     6  errno.o(i.__set_errno)
    _is_digit                                0x08023901   Thumb Code    14  scanf_fp.o(i._is_digit)
    fabs                                     0x08024037   Thumb Code    24  fabs.o(i.fabs)
    realloc                                  0x080240a1   Thumb Code   102  mallocr.o(i.realloc)
    sqrt                                     0x0802410d   Thumb Code   110  sqrt.o(i.sqrt)
    g_gpioConfigHandler_main                 0x080242b0   Data           8  dev_main.o(.constdata)
    g_devHandler_main                        0x080243f8   Data          28  dev_main.o(.constdata)
    g_gpioConfigHandler_power                0x0802452c   Data           8  dev_power.o(.constdata)
    g_devHandler_power                       0x08024664   Data          28  dev_power.o(.constdata)
    shellCmdps                               0x080246e0   Data           3  dev_power.o(.constdata)
    shellDescps                              0x080246e3   Data          26  dev_power.o(.constdata)
    g_gpioConfigHandler_storage0             0x08024728   Data           8  dev_storage0.o(.constdata)
    g_devHandler_storage0                    0x080247d0   Data          28  dev_storage0.o(.constdata)
    g_gpioConfigHandler_switch               0x08024850   Data           8  dev_switch.o(.constdata)
    g_devHandler_switch                      0x08024920   Data          28  dev_switch.o(.constdata)
    g_gpioConfigHandler_storage1             0x08024964   Data           8  dev_storage1.o(.constdata)
    g_devHandler_storage1                    0x08024a0c   Data          28  dev_storage1.o(.constdata)
    g_gpioConfigHandler_storage3             0x08024a28   Data           8  dev_storage3.o(.constdata)
    g_devHandler_storage3                    0x08024aa8   Data          28  dev_storage3.o(.constdata)
    shellCmdi2cTest                          0x08024b5c   Data           8  tools.o(.constdata)
    shellDesci2cTest                         0x08024b64   Data           9  tools.o(.constdata)
    shellCmdreboot                           0x08024b6d   Data           7  tools.o(.constdata)
    shellDescreboot                          0x08024b74   Data          15  tools.o(.constdata)
    shellCmdupdate                           0x08024b83   Data           7  tools.o(.constdata)
    shellDescupdate                          0x08024b8a   Data          15  tools.o(.constdata)
    shellCmdversion                          0x08024b99   Data           8  tools.o(.constdata)
    shellDescversion                         0x08024ba1   Data          21  tools.o(.constdata)
    shellCmdsensor                           0x08024bb6   Data           7  tools.o(.constdata)
    shellDescsensor                          0x08024bbd   Data          17  tools.o(.constdata)
    shellCmdlog                              0x08024be8   Data           4  log.o(.constdata)
    shellDesclog                             0x08024bec   Data          10  log.o(.constdata)
    PMBusStdCmds                             0x08024c78   Data         447  pmbus.o(.constdata)
    shellCmdmodever                          0x08024e70   Data           8  update_devs.o(.constdata)
    shellDescmodever                         0x08024e78   Data          24  update_devs.o(.constdata)
    m_FlashModeFilterTbl                     0x08024ec8   Data          10  msghndlr.o(.constdata)
    g_App_CmdHndlr                           0x08024ed4   Data         560  app.o(.constdata)
    g_Chassis_CmdHndlr                       0x08025104   Data          48  chassis.o(.constdata)
    g_Oem_CmdHndlr                           0x08025134   Data         112  oem.o(.constdata)
    g_SensorEvent_CmdHndlr                   0x080251a4   Data         272  sensorevent.o(.constdata)
    g_Storage_CmdHndlr                       0x0802531c   Data         224  storage.o(.constdata)
    SDRSize                                  0x080253fc   Data          20  sdr.o(.constdata)
    g_Bridge_CmdHndlr                        0x08025414   Data          16  bridge.o(.constdata)
    shellCmdDefaultUser                      0x08025530   Data           6  shell.o(.constdata)
    shellPasswordDefaultUser                 0x08025536   Data           5  shell.o(.constdata)
    shellDesDefaultUser                      0x0802553b   Data          13  shell.o(.constdata)
    shellDesc0x1B5B4100                      0x08025548   Data           3  shell.o(.constdata)
    shellDesc0x1B5B4200                      0x0802554b   Data           5  shell.o(.constdata)
    shellDesc0x1B5B4300                      0x08025550   Data           6  shell.o(.constdata)
    shellDesc0x1B5B4400                      0x08025556   Data           5  shell.o(.constdata)
    shellDesc0x09000000                      0x0802555b   Data           4  shell.o(.constdata)
    shellDesc0x08000000                      0x0802555f   Data          10  shell.o(.constdata)
    shellDesc0x7F000000                      0x08025569   Data          10  shell.o(.constdata)
    shellDesc0x1B5B337E                      0x08025573   Data           7  shell.o(.constdata)
    shellDesc0x0D000000                      0x0802557a   Data           6  shell.o(.constdata)
    shellDesc0x0D0A0000                      0x08025580   Data           6  shell.o(.constdata)
    shellCmdhelp                             0x08025586   Data           5  shell.o(.constdata)
    shellDeschelp                            0x0802558b   Data          30  shell.o(.constdata)
    shellCmdcmds                             0x080255a9   Data           5  shell.o(.constdata)
    shellDesccmds                            0x080255ae   Data          13  shell.o(.constdata)
    shellCmdclear                            0x080255bb   Data           6  shell.o(.constdata)
    shellDescclear                           0x080255c1   Data          14  shell.o(.constdata)
    __mathlib_zero                           0x08025790   Data           8  qnan.o(.constdata)
    __ctype_table                            0x08025798   Data         129  ctype_o.o(.constdata)
    Region$$Table$$Base                      0x08026930   Number         0  anon$$obj.o(Region$$Table)
    Region$$Table$$Limit                     0x08026950   Number         0  anon$$obj.o(Region$$Table)
    shellCommand$$Base                       0x08026950   Number         0  dev_power.o(shellCommand)
    shellCommandps                           0x08026950   Data          16  dev_power.o(shellCommand)
    shellCommandi2cTest                      0x08026960   Data          16  tools.o(shellCommand)
    shellCommandreboot                       0x08026970   Data          16  tools.o(shellCommand)
    shellCommandupdate                       0x08026980   Data          16  tools.o(shellCommand)
    shellCommandversion                      0x08026990   Data          16  tools.o(shellCommand)
    shellCommandsensor                       0x080269a0   Data          16  tools.o(shellCommand)
    shellCommandlog                          0x080269b0   Data          16  log.o(shellCommand)
    shellCommandmodever                      0x080269c0   Data          16  update_devs.o(shellCommand)
    shellUserDefault                         0x080269d0   Data          16  shell.o(shellCommand)
    shellKey0x1B5B4100                       0x080269e0   Data          16  shell.o(shellCommand)
    shellKey0x1B5B4200                       0x080269f0   Data          16  shell.o(shellCommand)
    shellKey0x1B5B4300                       0x08026a00   Data          16  shell.o(shellCommand)
    shellKey0x1B5B4400                       0x08026a10   Data          16  shell.o(shellCommand)
    shellKey0x09000000                       0x08026a20   Data          16  shell.o(shellCommand)
    shellKey0x08000000                       0x08026a30   Data          16  shell.o(shellCommand)
    shellKey0x7F000000                       0x08026a40   Data          16  shell.o(shellCommand)
    shellKey0x1B5B337E                       0x08026a50   Data          16  shell.o(shellCommand)
    shellKey0x0D000000                       0x08026a60   Data          16  shell.o(shellCommand)
    shellKey0x0D0A0000                       0x08026a70   Data          16  shell.o(shellCommand)
    shellCommandhelp                         0x08026a80   Data          16  shell.o(shellCommand)
    shellCommandcmds                         0x08026a90   Data          16  shell.o(shellCommand)
    shellCommandclear                        0x08026aa0   Data          16  shell.o(shellCommand)
    Image$$ER_IROM1$$Limit                   0x08026ab0   Number         0  anon$$obj.o ABSOLUTE
    shellCommand$$Limit                      0x08026ab0   Number         0  shell.o(shellCommand)
    ComTask_Handler                          0x20000008   Data           4  main.o(.data)
    g_debugLevel                             0x2000000c   Data           4  main.o(.data)
    g_utc_time_bmc_firmware_build            0x20000010   Data           8  main.o(.data)
    projectInfo                              0x20000018   Data           4  main.o(.data)
    g_chassisCtrl_Queue                      0x2000001c   Data           4  main.o(.data)
    g_localtime                              0x20000028   Data           4  systick.o(.data)
    CPU_recvDatMsg_Queue                     0x20000068   Data           4  dev_main.o(.data)
    xHandleUploadTask                        0x2000006c   Data           4  dev_main.o(.data)
    PEC_Disable                              0x200000cc   Data           4  pmbus.o(.data)
    xHandleTaskResponseDatWrite              0x200000d0   Data           4  msghndlr.o(.data)
    ResponseDatMsg_Queue                     0x200000d4   Data           4  msghndlr.o(.data)
    RecvDatMsg_Queue                         0x200000d8   Data           4  msghndlr.o(.data)
    RecvForwardI2CDatMsg_Queue               0x200000dc   Data           4  msghndlr.o(.data)
    g_sensor_sdr                             0x200000e0   Data         896  sdr.o(.data)
    g_time_run                               0x20000548   Data           4  bsp_timer.o(.data)
    g_isPrintUseFifo                         0x2000054c   Data           1  bsp_uartcomm.o(.data)
    SystemCoreClock                          0x20000550   Data           4  system_gd32f30x.o(.data)
    pxCurrentTCB                             0x20000554   Data           4  tasks.o(.data)
    __stdout                                 0x2000063c   Data           4  stdout.o(.data)
    __microlib_freelist                      0x20000640   Data           4  mvars.o(.data)
    __microlib_freelist_initialised          0x20000644   Data           4  mvars.o(.data)
    g_BMCInfo                                0x20000810   Data        4192  msghndlr.o(.bss)
    g_fullSensorRec_Tmp                      0x20001870   Data          64  sdr.o(.bss)
    g_Cap                                    0x200018b0   Data          40  bsp_capture.o(.bss)
    xQueueRegistry                           0x200024b0   Data         120  queue.o(.bss)
    shell                                    0x2000a054   Data         108  shell_port.o(.bss)
    shellBuffer                              0x2000a0c0   Data         200  shell_port.o(.bss)
    __heap_base                              0x2000a2c0   Data           0  startup_gd32f30x_xd.o(HEAP)
    STACK$$Base                              0x2000a6c0   Number         0  startup_gd32f30x_xd.o(STACK)
    __heap_limit                             0x2000a6c0   Data           0  startup_gd32f30x_xd.o(HEAP)
    STACK$$Limit                             0x2000aac0   Number         0  startup_gd32f30x_xd.o(STACK)
    __initial_sp                             0x2000aac0   Data           0  startup_gd32f30x_xd.o(STACK)



==============================================================================

Memory Map of the image

  Image Entry point : 0x08008131

  Load Region LR_IROM1 (Base: 0x08008000, Size: 0x0001f0fc, Max: 0x00020000, ABSOLUTE, COMPRESSED[0x0001ed18])

    Execution Region ER_IROM1 (Exec base: 0x08008000, Load base: 0x08008000, Size: 0x0001eab0, Max: 0x00020000, ABSOLUTE)

    Exec Addr    Load Addr    Size         Type   Attr      Idx    E Section Name        Object

    0x08008000   0x08008000   0x00000130   Data   RO         2977    RESET               startup_gd32f30x_xd.o
    0x08008130   0x08008130   0x00000000   Code   RO         3375  * .ARM.Collect$$$$00000000  mc_w.l(entry.o)
    0x08008130   0x08008130   0x00000004   Code   RO         3761    .ARM.Collect$$$$00000001  mc_w.l(entry2.o)
    0x08008134   0x08008134   0x00000004   Code   RO         3764    .ARM.Collect$$$$00000004  mc_w.l(entry5.o)
    0x08008138   0x08008138   0x00000000   Code   RO         3766    .ARM.Collect$$$$00000008  mc_w.l(entry7b.o)
    0x08008138   0x08008138   0x00000000   Code   RO         3768    .ARM.Collect$$$$0000000A  mc_w.l(entry8b.o)
    0x08008138   0x08008138   0x00000008   Code   RO         3769    .ARM.Collect$$$$0000000B  mc_w.l(entry9a.o)
    0x08008140   0x08008140   0x00000004   Code   RO         3776    .ARM.Collect$$$$0000000E  mc_w.l(entry12b.o)
    0x08008144   0x08008144   0x00000000   Code   RO         3771    .ARM.Collect$$$$0000000F  mc_w.l(entry10a.o)
    0x08008144   0x08008144   0x00000000   Code   RO         3773    .ARM.Collect$$$$00000011  mc_w.l(entry11a.o)
    0x08008144   0x08008144   0x00000004   Code   RO         3762    .ARM.Collect$$$$00002712  mc_w.l(entry2.o)
    0x08008148   0x08008148   0x000000be   Code   RO         3177    .emb_text           port.o
    0x08008206   0x08008206   0x00000002   PAD
    0x08008208   0x08008208   0x00000010   Code   RO         3297    .emb_text           cm_backtrace.o
    0x08008218   0x08008218   0x00000120   Code   RO            3    .text               gd32f30x_it.o
    0x08008338   0x08008338   0x00000374   Code   RO          197    .text               main.o
    0x080086ac   0x080086ac   0x0000008c   Code   RO          409    .text               systick.o
    0x08008738   0x08008738   0x00000032   Code   RO          436    .text               gd32f30x_platform.o
    0x0800876a   0x0800876a   0x00000002   PAD
    0x0800876c   0x0800876c   0x00000c28   Code   RO          460    .text               api_subdevices.o
    0x08009394   0x08009394   0x000004ac   Code   RO          665    .text               dev_main.o
    0x08009840   0x08009840   0x00000380   Code   RO          703    .text               dev_power.o
    0x08009bc0   0x08009bc0   0x000000cc   Code   RO          739    .text               dev_storage0.o
    0x08009c8c   0x08009c8c   0x000000cc   Code   RO          767    .text               dev_switch.o
    0x08009d58   0x08009d58   0x00000114   Code   RO          795    .text               dev_fsm.o
    0x08009e6c   0x08009e6c   0x000000cc   Code   RO          821    .text               dev_storage1.o
    0x08009f38   0x08009f38   0x000000cc   Code   RO          849    .text               dev_storage3.o
    0x0800a004   0x0800a004   0x00000630   Code   RO          877    .text               api_adc.o
    0x0800a634   0x0800a634   0x00000364   Code   RO          903    .text               api_fan.o
    0x0800a998   0x0800a998   0x0000006c   Code   RO          938    .text               api_cpu.o
    0x0800aa04   0x0800aa04   0x000003b8   Code   RO          959    .text               api_utc.o
    0x0800adbc   0x0800adbc   0x00000e7c   Code   RO          981    .text               tools.o
    0x0800bc38   0x0800bc38   0x00000196   Code   RO         1034    .text               fifo.o
    0x0800bdce   0x0800bdce   0x00000002   PAD
    0x0800bdd0   0x0800bdd0   0x00000294   Code   RO         1111    .text               api_sensor.o
    0x0800c064   0x0800c064   0x0000237c   Code   RO         1156    .text               cjson.o
    0x0800e3e0   0x0800e3e0   0x00000330   Code   RO         1192    .text               log.o
    0x0800e710   0x0800e710   0x0000035c   Code   RO         1216    .text               mac5023.o
    0x0800ea6c   0x0800ea6c   0x00000644   Code   RO         1252    .text               pmbus.o
    0x0800f0b0   0x0800f0b0   0x00000286   Code   RO         1549    .text               eeprom.o
    0x0800f336   0x0800f336   0x00000002   PAD
    0x0800f338   0x0800f338   0x000001b8   Code   RO         1575    .text               jump.o
    0x0800f4f0   0x0800f4f0   0x000009f4   Code   RO         1608    .text               update_devs.o
    0x0800fee4   0x0800fee4   0x00000074   Code   RO         1642    .text               ipmi_common.o
    0x0800ff58   0x0800ff58   0x00000474   Code   RO         1719    .text               serialifc.o
    0x080103cc   0x080103cc   0x00000088   Code   RO         1757    .text               serial.o
    0x08010454   0x08010454   0x00000354   Code   RO         1832    .text               chassisctrl.o
    0x080107a8   0x080107a8   0x000008bc   Code   RO         1858    .text               msghndlr.o
    0x08011064   0x08011064   0x00000572   Code   RO         1929    .text               appdevice.o
    0x080115d6   0x080115d6   0x00000002   PAD
    0x080115d8   0x080115d8   0x000001f8   Code   RO         1982    .text               oem.o
    0x080117d0   0x080117d0   0x000027e4   Code   RO         2041    .text               sensor.o
    0x08013fb4   0x08013fb4   0x00001470   Code   RO         2105    .text               sdr.o
    0x08015424   0x08015424   0x00000268   Code   RO         2140    .text               ipmdevice.o
    0x0801568c   0x0801568c   0x000005a4   Code   RO         2203    .text               chassisdevice.o
    0x08015c30   0x08015c30   0x00000c94   Code   RO         2227    .text               sensor_helpers.o
    0x080168c4   0x080168c4   0x00000100   Code   RO         2269    .text               bsp_adc.o
    0x080169c4   0x080169c4   0x000002a8   Code   RO         2289    .text               bsp_capture.o
    0x08016c6c   0x08016c6c   0x00000b0c   Code   RO         2316    .text               bsp_i2c.o
    0x08017778   0x08017778   0x00000328   Code   RO         2347    .text               bsp_i2c_gpio.o
    0x08017aa0   0x08017aa0   0x000000d0   Code   RO         2398    .text               bsp_pwm.o
    0x08017b70   0x08017b70   0x00000050   Code   RO         2421    .text               bsp_uart3.o
    0x08017bc0   0x08017bc0   0x00000124   Code   RO         2448    .text               bsp_usart0.o
    0x08017ce4   0x08017ce4   0x00000114   Code   RO         2489    .text               bsp_usart1.o
    0x08017df8   0x08017df8   0x000002fc   Code   RO         2514    .text               bsp_gpio.o
    0x080180f4   0x080180f4   0x000000f0   Code   RO         2560    .text               bsp_timer.o
    0x080181e4   0x080181e4   0x000002b8   Code   RO         2583    .text               bsp_uartcomm.o
    0x0801849c   0x0801849c   0x000002f8   Code   RO         2607    .text               system_gd32f30x.o
    0x08018794   0x08018794   0x000005ac   Code   RO         2633    .text               gd32f30x_adc.o
    0x08018d40   0x08018d40   0x000001b8   Code   RO         2653    .text               gd32f30x_bkp.o
    0x08018ef8   0x08018ef8   0x00000360   Code   RO         2716    .text               gd32f30x_gpio.o
    0x08019258   0x08019258   0x00000108   Code   RO         2736    .text               gd32f30x_fwdgt.o
    0x08019360   0x08019360   0x000003cc   Code   RO         2776    .text               gd32f30x_i2c.o
    0x0801972c   0x0801972c   0x000006d4   Code   RO         2816    .text               gd32f30x_rcu.o
    0x08019e00   0x08019e00   0x00000e4c   Code   RO         2856    .text               gd32f30x_timer.o
    0x0801ac4c   0x0801ac4c   0x00000144   Code   RO         2876    .text               gd32f30x_misc.o
    0x0801ad90   0x0801ad90   0x0000049c   Code   RO         2896    .text               gd32f30x_usart.o
    0x0801b22c   0x0801b22c   0x00000080   Code   RO         2936    .text               gd32f30x_dbg.o
    0x0801b2ac   0x0801b2ac   0x000002c0   Code   RO         2956    .text               gd32f30x_pmu.o
    0x0801b56c   0x0801b56c   0x00000024   Code   RO         2978    .text               startup_gd32f30x_xd.o
    0x0801b590   0x0801b590   0x00000094   Code   RO         3037    .text               list.o
    0x0801b624   0x0801b624   0x00000fd0   Code   RO         3060    .text               queue.o
    0x0801c5f4   0x0801c5f4   0x00001b18   Code   RO         3089    .text               tasks.o
    0x0801e10c   0x0801e10c   0x0000064c   Code   RO         3128    .text               timers.o
    0x0801e758   0x0801e758   0x000002a0   Code   RO         3154    .text               heap_4.o
    0x0801e9f8   0x0801e9f8   0x00000340   Code   RO         3178    .text               port.o
    0x0801ed38   0x0801ed38   0x00001374   Code   RO         3215    .text               shell.o
    0x080200ac   0x080200ac   0x00000350   Code   RO         3260    .text               shell_ext.o
    0x080203fc   0x080203fc   0x0000004c   Code   RO         3274    .text               shell_port.o
    0x08020448   0x08020448   0x00000a84   Code   RO         3298    .text               cm_backtrace.o
    0x08020ecc   0x08020ecc   0x0000000c   Code   RO         3325    .text               cmb_fault.o
    0x08020ed8   0x08020ed8   0x0000000c   Code   RO         3378    .text               mc_w.l(tolower.o)
    0x08020ee4   0x08020ee4   0x00000024   Code   RO         3380    .text               mc_w.l(rand.o)
    0x08020f08   0x08020f08   0x00000024   Code   RO         3383    .text               mc_w.l(memcpya.o)
    0x08020f2c   0x08020f2c   0x00000024   Code   RO         3385    .text               mc_w.l(memseta.o)
    0x08020f50   0x08020f50   0x00000018   Code   RO         3387    .text               mc_w.l(strcat.o)
    0x08020f68   0x08020f68   0x00000018   Code   RO         3389    .text               mc_w.l(strncpy.o)
    0x08020f80   0x08020f80   0x0000000e   Code   RO         3391    .text               mc_w.l(strlen.o)
    0x08020f8e   0x08020f8e   0x0000001c   Code   RO         3393    .text               mc_w.l(strcmp.o)
    0x08020faa   0x08020faa   0x0000001a   Code   RO         3395    .text               mc_w.l(memcmp.o)
    0x08020fc4   0x08020fc4   0x00000012   Code   RO         3397    .text               mc_w.l(strcpy.o)
    0x08020fd6   0x08020fd6   0x0000001e   Code   RO         3399    .text               mc_w.l(strncmp.o)
    0x08020ff4   0x08020ff4   0x00000044   Code   RO         3401    .text               mc_w.l(strtok.o)
    0x08021038   0x08021038   0x00000038   Code   RO         3698    .text               mc_w.l(__0sscanf.o)
    0x08021070   0x08021070   0x0000014c   Code   RO         3700    .text               mc_w.l(_scanf_int.o)
    0x080211bc   0x080211bc   0x00000360   Code   RO         3702    .text               mc_w.l(scanf_fp.o)
    0x0802151c   0x0802151c   0x00000070   Code   RO         3706    .text               mc_w.l(strtol.o)
    0x0802158c   0x0802158c   0x0000001a   Code   RO         3708    .text               mc_w.l(atoi.o)
    0x080215a6   0x080215a6   0x0000014e   Code   RO         3710    .text               mf_w.l(dadd.o)
    0x080216f4   0x080216f4   0x000000e4   Code   RO         3712    .text               mf_w.l(dmul.o)
    0x080217d8   0x080217d8   0x000000de   Code   RO         3714    .text               mf_w.l(ddiv.o)
    0x080218b6   0x080218b6   0x00000022   Code   RO         3716    .text               mf_w.l(dflti.o)
    0x080218d8   0x080218d8   0x0000003e   Code   RO         3718    .text               mf_w.l(dfixi.o)
    0x08021916   0x08021916   0x00000032   Code   RO         3720    .text               mf_w.l(dfixui.o)
    0x08021948   0x08021948   0x00000026   Code   RO         3722    .text               mf_w.l(f2d.o)
    0x0802196e   0x0802196e   0x00000002   PAD
    0x08021970   0x08021970   0x00000030   Code   RO         3724    .text               mf_w.l(cdcmple.o)
    0x080219a0   0x080219a0   0x00000030   Code   RO         3726    .text               mf_w.l(cdrcmple.o)
    0x080219d0   0x080219d0   0x00000038   Code   RO         3728    .text               mf_w.l(d2f.o)
    0x08021a08   0x08021a08   0x0000002c   Code   RO         3778    .text               mc_w.l(uidiv.o)
    0x08021a34   0x08021a34   0x00000062   Code   RO         3780    .text               mc_w.l(uldiv.o)
    0x08021a96   0x08021a96   0x0000001e   Code   RO         3782    .text               mc_w.l(llshl.o)
    0x08021ab4   0x08021ab4   0x00000020   Code   RO         3784    .text               mc_w.l(llushr.o)
    0x08021ad4   0x08021ad4   0x00000024   Code   RO         3786    .text               mc_w.l(llsshr.o)
    0x08021af8   0x08021af8   0x00000008   Code   RO         3788    .text               mc_w.l(ctype_o.o)
    0x08021b00   0x08021b00   0x00000012   Code   RO         3810    .text               mc_w.l(isspace_o.o)
    0x08021b12   0x08021b12   0x0000001c   Code   RO         3825    .text               mc_w.l(_chval.o)
    0x08021b2e   0x08021b2e   0x00000002   PAD
    0x08021b30   0x08021b30   0x00000028   Code   RO         3827    .text               mc_w.l(scanf_char.o)
    0x08021b58   0x08021b58   0x00000040   Code   RO         3829    .text               mc_w.l(_sgetc.o)
    0x08021b98   0x08021b98   0x0000009e   Code   RO         3831    .text               mc_w.l(_strtoul.o)
    0x08021c36   0x08021c36   0x00000002   PAD
    0x08021c38   0x08021c38   0x0000009c   Code   RO         3833    .text               mc_w.l(strtod.o)
    0x08021cd4   0x08021cd4   0x00000000   Code   RO         3835    .text               mc_w.l(iusefp.o)
    0x08021cd4   0x08021cd4   0x0000006e   Code   RO         3836    .text               mf_w.l(fepilogue.o)
    0x08021d42   0x08021d42   0x000000ba   Code   RO         3838    .text               mf_w.l(depilogue.o)
    0x08021dfc   0x08021dfc   0x0000002e   Code   RO         3842    .text               mf_w.l(dscalb.o)
    0x08021e2a   0x08021e2a   0x00000018   Code   RO         3844    .text               mf_w.l(dfltul.o)
    0x08021e42   0x08021e42   0x00000030   Code   RO         3846    .text               mf_w.l(dfixul.o)
    0x08021e72   0x08021e72   0x00000002   PAD
    0x08021e74   0x08021e74   0x00000024   Code   RO         3848    .text               mc_w.l(init.o)
    0x08021e98   0x08021e98   0x00000330   Code   RO         3852    .text               mc_w.l(_scanf.o)
    0x080221c8   0x080221c8   0x000000a2   Code   RO         3854    .text               mf_w.l(dsqrt.o)
    0x0802226a   0x0802226a   0x00000056   Code   RO         3867    .text               mc_w.l(__dczerorl2.o)
    0x080222c0   0x080222c0   0x0000000e   Code   RO         1049    i.FIFO_Empty        fifo.o
    0x080222ce   0x080222ce   0x00000002   PAD
    0x080222d0   0x080222d0   0x00000020   Code   RO         3642    i.__0printf         mc_w.l(printfa.o)
    0x080222f0   0x080222f0   0x00000028   Code   RO         3644    i.__0sprintf        mc_w.l(printfa.o)
    0x08022318   0x08022318   0x00000034   Code   RO         3647    i.__0vsnprintf      mc_w.l(printfa.o)
    0x0802234c   0x0802234c   0x00000030   Code   RO         3744    i.__ARM_fpclassify  m_wm.l(fpclassify.o)
    0x0802237c   0x0802237c   0x00000008   Code   RO         3818    i.__aeabi_errno_addr  mc_w.l(errno.o)
    0x08022384   0x08022384   0x0000005c   Code   RO         3674    i.__free$realloc    mc_w.l(mallocr.o)
    0x080223e0   0x080223e0   0x00000118   Code   RO         3329    i.__hardfp_ceil     m_wm.l(ceil.o)
    0x080224f8   0x080224f8   0x00000014   Code   RO         3335    i.__hardfp_fabs     m_wm.l(fabs.o)
    0x0802250c   0x0802250c   0x00000004   PAD
    0x08022510   0x08022510   0x000003c4   Code   RO         3341    i.__hardfp_log      m_wm.l(log.o)
    0x080228d4   0x080228d4   0x00000004   PAD
    0x080228d8   0x080228d8   0x00000c50   Code   RO         3355    i.__hardfp_pow      m_wm.l(pow.o)
    0x08023528   0x08023528   0x00000028   Code   RO         3369    i.__hardfp_strtod   m_wm.l(strtod.o)
    0x08023550   0x08023550   0x000000f8   Code   RO         3746    i.__kernel_poly     m_wm.l(poly.o)
    0x08023648   0x08023648   0x00000050   Code   RO         3675    i.__malloc$realloc  mc_w.l(mallocr.o)
    0x08023698   0x08023698   0x00000030   Code   RO         3730    i.__mathlib_dbl_divzero  m_wm.l(dunder.o)
    0x080236c8   0x080236c8   0x00000014   Code   RO         3731    i.__mathlib_dbl_infnan  m_wm.l(dunder.o)
    0x080236dc   0x080236dc   0x00000014   Code   RO         3732    i.__mathlib_dbl_infnan2  m_wm.l(dunder.o)
    0x080236f0   0x080236f0   0x00000020   Code   RO         3733    i.__mathlib_dbl_invalid  m_wm.l(dunder.o)
    0x08023710   0x08023710   0x00000020   Code   RO         3734    i.__mathlib_dbl_overflow  m_wm.l(dunder.o)
    0x08023730   0x08023730   0x00000020   Code   RO         3736    i.__mathlib_dbl_underflow  m_wm.l(dunder.o)
    0x08023750   0x08023750   0x0000000e   Code   RO         3861    i.__scatterload_copy  mc_w.l(handlers.o)
    0x0802375e   0x0802375e   0x00000002   Code   RO         3862    i.__scatterload_null  mc_w.l(handlers.o)
    0x08023760   0x08023760   0x0000000e   Code   RO         3863    i.__scatterload_zeroinit  mc_w.l(handlers.o)
    0x0802376e   0x0802376e   0x00000002   PAD
    0x08023770   0x08023770   0x0000000c   Code   RO         3820    i.__set_errno       mc_w.l(errno.o)
    0x0802377c   0x0802377c   0x00000184   Code   RO         3649    i._fp_digits        mc_w.l(printfa.o)
    0x08023900   0x08023900   0x0000000e   Code   RO         3704    i._is_digit         mc_w.l(scanf_fp.o)
    0x0802390e   0x0802390e   0x00000002   PAD
    0x08023910   0x08023910   0x000006b4   Code   RO         3650    i._printf_core      mc_w.l(printfa.o)
    0x08023fc4   0x08023fc4   0x00000024   Code   RO         3651    i._printf_post_padding  mc_w.l(printfa.o)
    0x08023fe8   0x08023fe8   0x0000002e   Code   RO         3652    i._printf_pre_padding  mc_w.l(printfa.o)
    0x08024016   0x08024016   0x00000016   Code   RO         3653    i._snputc           mc_w.l(printfa.o)
    0x0802402c   0x0802402c   0x0000000a   Code   RO         3654    i._sputc            mc_w.l(printfa.o)
    0x08024036   0x08024036   0x00000018   Code   RO         3337    i.fabs              m_wm.l(fabs.o)
    0x0802404e   0x0802404e   0x00000002   PAD
    0x08024050   0x08024050   0x00000050   Code   RO         3676    i.internal_alloc    mc_w.l(mallocr.o)
    0x080240a0   0x080240a0   0x0000006c   Code   RO         3677    i.realloc           mc_w.l(mallocr.o)
    0x0802410c   0x0802410c   0x0000006e   Code   RO         3751    i.sqrt              m_wm.l(sqrt.o)
    0x0802417a   0x0802417a   0x00000002   PAD
    0x0802417c   0x0802417c   0x00000030   Data   RO          462    .constdata          api_subdevices.o
    0x080241ac   0x080241ac   0x00000268   Data   RO          667    .constdata          dev_main.o
    0x08024414   0x08024414   0x000002e9   Data   RO          705    .constdata          dev_power.o
    0x080246fd   0x080246fd   0x00000003   PAD
    0x08024700   0x08024700   0x000000ec   Data   RO          741    .constdata          dev_storage0.o
    0x080247ec   0x080247ec   0x00000150   Data   RO          769    .constdata          dev_switch.o
    0x0802493c   0x0802493c   0x000000ec   Data   RO          823    .constdata          dev_storage1.o
    0x08024a28   0x08024a28   0x0000009c   Data   RO          851    .constdata          dev_storage3.o
    0x08024ac4   0x08024ac4   0x00000038   Data   RO          905    .constdata          api_fan.o
    0x08024afc   0x08024afc   0x00000030   Data   RO          960    .constdata          api_utc.o
    0x08024b2c   0x08024b2c   0x000000a2   Data   RO          982    .constdata          tools.o
    0x08024bce   0x08024bce   0x00000002   PAD
    0x08024bd0   0x08024bd0   0x00000026   Data   RO         1193    .constdata          log.o
    0x08024bf6   0x08024bf6   0x00000002   PAD
    0x08024bf8   0x08024bf8   0x00000080   Data   RO         1217    .constdata          mac5023.o
    0x08024c78   0x08024c78   0x000001bf   Data   RO         1253    .constdata          pmbus.o
    0x08024e37   0x08024e37   0x00000001   PAD
    0x08024e38   0x08024e38   0x00000038   Data   RO         1576    .constdata          jump.o
    0x08024e70   0x08024e70   0x00000020   Data   RO         1610    .constdata          update_devs.o
    0x08024e90   0x08024e90   0x00000042   Data   RO         1860    .constdata          msghndlr.o
    0x08024ed2   0x08024ed2   0x00000002   PAD
    0x08024ed4   0x08024ed4   0x00000230   Data   RO         1894    .constdata          app.o
    0x08025104   0x08025104   0x00000030   Data   RO         1962    .constdata          chassis.o
    0x08025134   0x08025134   0x00000070   Data   RO         1983    .constdata          oem.o
    0x080251a4   0x080251a4   0x00000110   Data   RO         2012    .constdata          sensorevent.o
    0x080252b4   0x080252b4   0x00000066   Data   RO         2042    .constdata          sensor.o
    0x0802531a   0x0802531a   0x00000002   PAD
    0x0802531c   0x0802531c   0x000000e0   Data   RO         2085    .constdata          storage.o
    0x080253fc   0x080253fc   0x00000014   Data   RO         2107    .constdata          sdr.o
    0x08025410   0x08025410   0x00000003   Data   RO         2141    .constdata          ipmdevice.o
    0x08025413   0x08025413   0x00000001   PAD
    0x08025414   0x08025414   0x00000010   Data   RO         2172    .constdata          bridge.o
    0x08025424   0x08025424   0x00000030   Data   RO         2291    .constdata          bsp_capture.o
    0x08025454   0x08025454   0x00000028   Data   RO         2423    .constdata          bsp_uart3.o
    0x0802547c   0x0802547c   0x00000028   Data   RO         2450    .constdata          bsp_usart0.o
    0x080254a4   0x080254a4   0x00000028   Data   RO         2491    .constdata          bsp_usart1.o
    0x080254cc   0x080254cc   0x00000064   Data   RO         2515    .constdata          bsp_gpio.o
    0x08025530   0x08025530   0x0000009f   Data   RO         3217    .constdata          shell.o
    0x080255cf   0x080255cf   0x00000001   PAD
    0x080255d0   0x080255d0   0x000000fc   Data   RO         3300    .constdata          cm_backtrace.o
    0x080256cc   0x080256cc   0x00000004   PAD
    0x080256d0   0x080256d0   0x00000038   Data   RO         3344    .constdata          m_wm.l(log.o)
    0x08025708   0x08025708   0x00000088   Data   RO         3358    .constdata          m_wm.l(pow.o)
    0x08025790   0x08025790   0x00000008   Data   RO         3748    .constdata          m_wm.l(qnan.o)
    0x08025798   0x08025798   0x00000081   Data   RO         3789    .constdata          mc_w.l(ctype_o.o)
    0x08025819   0x08025819   0x00000003   PAD
    0x0802581c   0x0802581c   0x00000004   Data   RO         3790    .constdata          mc_w.l(ctype_o.o)
    0x08025820   0x08025820   0x00000107   Data   RO          198    .conststring        main.o
    0x08025927   0x08025927   0x00000001   PAD
    0x08025928   0x08025928   0x0000005c   Data   RO          463    .conststring        api_subdevices.o
    0x08025984   0x08025984   0x00000059   Data   RO          668    .conststring        dev_main.o
    0x080259dd   0x080259dd   0x00000003   PAD
    0x080259e0   0x080259e0   0x000000d5   Data   RO          706    .conststring        dev_power.o
    0x08025ab5   0x08025ab5   0x00000003   PAD
    0x08025ab8   0x08025ab8   0x0000000a   Data   RO          742    .conststring        dev_storage0.o
    0x08025ac2   0x08025ac2   0x00000002   PAD
    0x08025ac4   0x08025ac4   0x00000009   Data   RO          770    .conststring        dev_switch.o
    0x08025acd   0x08025acd   0x00000003   PAD
    0x08025ad0   0x08025ad0   0x00000030   Data   RO          961    .conststring        api_utc.o
    0x08025b00   0x08025b00   0x000001a6   Data   RO          983    .conststring        tools.o
    0x08025ca6   0x08025ca6   0x00000002   PAD
    0x08025ca8   0x08025ca8   0x00000051   Data   RO         1194    .conststring        log.o
    0x08025cf9   0x08025cf9   0x00000003   PAD
    0x08025cfc   0x08025cfc   0x00000095   Data   RO         1218    .conststring        mac5023.o
    0x08025d91   0x08025d91   0x00000003   PAD
    0x08025d94   0x08025d94   0x000000e4   Data   RO         1577    .conststring        jump.o
    0x08025e78   0x08025e78   0x000000de   Data   RO         2043    .conststring        sensor.o
    0x08025f56   0x08025f56   0x00000002   PAD
    0x08025f58   0x08025f58   0x00000159   Data   RO         3218    .conststring        shell.o
    0x080260b1   0x080260b1   0x00000003   PAD
    0x080260b4   0x080260b4   0x00000879   Data   RO         3301    .conststring        cm_backtrace.o
    0x0802692d   0x0802692d   0x00000003   PAD
    0x08026930   0x08026930   0x00000020   Data   RO         3859    Region$$Table       anon$$obj.o
    0x08026950   0x08026950   0x00000010   Data   RO          708    shellCommand        dev_power.o
    0x08026960   0x08026960   0x00000050   Data   RO          985    shellCommand        tools.o
    0x080269b0   0x080269b0   0x00000010   Data   RO         1195    shellCommand        log.o
    0x080269c0   0x080269c0   0x00000010   Data   RO         1611    shellCommand        update_devs.o
    0x080269d0   0x080269d0   0x000000e0   Data   RO         3220    shellCommand        shell.o


    Execution Region RW_IRAM1 (Exec base: 0x20000000, Load base: 0x08026ab0, Size: 0x0000aac0, Max: 0x00018000, ABSOLUTE, COMPRESSED[0x00000268])

    Exec Addr    Load Addr    Size         Type   Attr      Idx    E Section Name        Object

    0x20000000   COMPRESSED   0x00000004   Data   RW            5    .data               gd32f30x_it.o
    0x20000004   COMPRESSED   0x00000004   PAD
    0x20000008   COMPRESSED   0x0000001c   Data   RW          199    .data               main.o
    0x20000024   COMPRESSED   0x00000008   Data   RW          410    .data               systick.o
    0x2000002c   COMPRESSED   0x00000034   Data   RW          464    .data               api_subdevices.o
    0x20000060   COMPRESSED   0x00000010   Data   RW          669    .data               dev_main.o
    0x20000070   COMPRESSED   0x00000014   Data   RW          707    .data               dev_power.o
    0x20000084   COMPRESSED   0x00000004   Data   RW          878    .data               api_adc.o
    0x20000088   COMPRESSED   0x00000003   Data   RW          984    .data               tools.o
    0x2000008b   COMPRESSED   0x00000001   PAD
    0x2000008c   COMPRESSED   0x0000001c   Data   RW         1112    .data               api_sensor.o
    0x200000a8   COMPRESSED   0x00000018   Data   RW         1158    .data               cjson.o
    0x200000c0   COMPRESSED   0x00000005   Data   RW         1219    .data               mac5023.o
    0x200000c5   COMPRESSED   0x00000003   PAD
    0x200000c8   COMPRESSED   0x00000008   Data   RW         1255    .data               pmbus.o
    0x200000d0   COMPRESSED   0x00000010   Data   RW         1861    .data               msghndlr.o
    0x200000e0   COMPRESSED   0x00000380   Data   RW         2108    .data               sdr.o
    0x20000460   COMPRESSED   0x00000014   Data   RW         2142    .data               ipmdevice.o
    0x20000474   COMPRESSED   0x00000008   Data   RW         2318    .data               bsp_i2c.o
    0x2000047c   COMPRESSED   0x00000004   Data   RW         2348    .data               bsp_i2c_gpio.o
    0x20000480   COMPRESSED   0x00000034   Data   RW         2424    .data               bsp_uart3.o
    0x200004b4   COMPRESSED   0x00000039   Data   RW         2451    .data               bsp_usart0.o
    0x200004ed   COMPRESSED   0x00000003   PAD
    0x200004f0   COMPRESSED   0x00000039   Data   RW         2492    .data               bsp_usart1.o
    0x20000529   COMPRESSED   0x00000003   PAD
    0x2000052c   COMPRESSED   0x0000001c   Data   RW         2516    .data               bsp_gpio.o
    0x20000548   COMPRESSED   0x00000004   Data   RW         2561    .data               bsp_timer.o
    0x2000054c   COMPRESSED   0x00000001   Data   RW         2585    .data               bsp_uartcomm.o
    0x2000054d   COMPRESSED   0x00000003   PAD
    0x20000550   COMPRESSED   0x00000004   Data   RW         2608    .data               system_gd32f30x.o
    0x20000554   COMPRESSED   0x0000003c   Data   RW         3091    .data               tasks.o
    0x20000590   COMPRESSED   0x00000014   Data   RW         3130    .data               timers.o
    0x200005a4   COMPRESSED   0x00000018   Data   RW         3156    .data               heap_4.o
    0x200005bc   COMPRESSED   0x0000000c   Data   RW         3179    .data               port.o
    0x200005c8   COMPRESSED   0x00000054   Data   RW         3219    .data               shell.o
    0x2000061c   COMPRESSED   0x00000015   Data   RW         3302    .data               cm_backtrace.o
    0x20000631   COMPRESSED   0x00000003   PAD
    0x20000634   COMPRESSED   0x00000004   Data   RW         3381    .data               mc_w.l(rand.o)
    0x20000638   COMPRESSED   0x00000004   Data   RW         3402    .data               mc_w.l(strtok.o)
    0x2000063c   COMPRESSED   0x00000004   Data   RW         3777    .data               mc_w.l(stdout.o)
    0x20000640   COMPRESSED   0x00000004   Data   RW         3816    .data               mc_w.l(mvars.o)
    0x20000644   COMPRESSED   0x00000004   Data   RW         3817    .data               mc_w.l(mvars.o)
    0x20000648   COMPRESSED   0x00000004   Data   RW         3821    .data               mc_w.l(errno.o)
    0x2000064c        -       0x0000005a   Zero   RW            4    .bss                gd32f30x_it.o
    0x200006a6   COMPRESSED   0x00000002   PAD
    0x200006a8        -       0x00000030   Zero   RW          461    .bss                api_subdevices.o
    0x200006d8        -       0x00000040   Zero   RW          666    .bss                dev_main.o
    0x20000718        -       0x00000050   Zero   RW          704    .bss                dev_power.o
    0x20000768        -       0x00000020   Zero   RW          740    .bss                dev_storage0.o
    0x20000788        -       0x00000028   Zero   RW          768    .bss                dev_switch.o
    0x200007b0        -       0x00000020   Zero   RW          822    .bss                dev_storage1.o
    0x200007d0        -       0x00000018   Zero   RW          850    .bss                dev_storage3.o
    0x200007e8        -       0x00000018   Zero   RW          904    .bss                api_fan.o
    0x20000800        -       0x0000000f   Zero   RW         1157    .bss                cjson.o
    0x2000080f   COMPRESSED   0x00000001   PAD
    0x20000810        -       0x00001060   Zero   RW         1859    .bss                msghndlr.o
    0x20001870        -       0x00000040   Zero   RW         2106    .bss                sdr.o
    0x200018b0        -       0x00000028   Zero   RW         2290    .bss                bsp_capture.o
    0x200018d8        -       0x0000006f   Zero   RW         2317    .bss                bsp_i2c.o
    0x20001947        -       0x00000064   Zero   RW         2422    .bss                bsp_uart3.o
    0x200019ab        -       0x00000937   Zero   RW         2449    .bss                bsp_usart0.o
    0x200022e2        -       0x000001af   Zero   RW         2490    .bss                bsp_usart1.o
    0x20002491   COMPRESSED   0x00000003   PAD
    0x20002494        -       0x0000000c   Zero   RW         2584    .bss                bsp_uartcomm.o
    0x200024a0        -       0x00000010   Zero   RW         2957    .bss                gd32f30x_pmu.o
    0x200024b0        -       0x00000078   Zero   RW         3061    .bss                queue.o
    0x20002528        -       0x000002e4   Zero   RW         3090    .bss                tasks.o
    0x2000280c        -       0x00000028   Zero   RW         3129    .bss                timers.o
    0x20002834        -       0x00007800   Zero   RW         3155    .bss                heap_4.o
    0x2000a034        -       0x0000001d   Zero   RW         3216    .bss                shell.o
    0x2000a051   COMPRESSED   0x00000003   PAD
    0x2000a054        -       0x00000134   Zero   RW         3275    .bss                shell_port.o
    0x2000a188        -       0x00000134   Zero   RW         3299    .bss                cm_backtrace.o
    0x2000a2bc   COMPRESSED   0x00000004   PAD
    0x2000a2c0        -       0x00000400   Zero   RW         2976    HEAP                startup_gd32f30x_xd.o
    0x2000a6c0        -       0x00000400   Zero   RW         2975    STACK               startup_gd32f30x_xd.o


==============================================================================

Image component sizes


      Code (inc. data)   RO Data    RW Data    ZI Data      Debug   Object Name

      1584        274          0          4          0       4908   api_adc.o
       108          6          0          0          0       1098   api_cpu.o
       868        118         56          0         24       5029   api_fan.o
       660         12          0         28          0       7362   api_sensor.o
      3112        462        140         52         48      72578   api_subdevices.o
       952        120         96          0          0       3102   api_utc.o
         0          0        560          0          0        897   app.o
      1394        148          0          0          0      16760   appdevice.o
         0          0         16          0          0        788   bridge.o
       256          4          0          0          0       1580   bsp_adc.o
       680         26         48          0         40       5309   bsp_capture.o
       764        170        100         28          0       3551   bsp_gpio.o
      2828        220          0          8        111       7617   bsp_i2c.o
       808         10          0          4          0       4437   bsp_i2c_gpio.o
       208          6          0          0          0       2009   bsp_pwm.o
       240         12          0          4          0       1387   bsp_timer.o
        80         22         40         52        100       1466   bsp_uart3.o
       696         14          0          1         12       4813   bsp_uartcomm.o
       292         46         40         57       2359       3330   bsp_usart0.o
       276         46         40         57        431       1850   bsp_usart1.o
         0          0         48          0          0        801   chassis.o
       852        256          0          0          0       2166   chassisctrl.o
      1444        340          0          0          0       8543   chassisdevice.o
      9084        198          0         24         15      46155   cjson.o
      2708        414       2421         21        308       8181   cm_backtrace.o
        12          0          0          0          0        428   cmb_fault.o
       276         86          0          0          0       1542   dev_fsm.o
      1196        410        705         16         64       6606   dev_main.o
       896        114        974         20         80       9594   dev_power.o
       204        114        246          0         32       4011   dev_storage0.o
       204        114        236          0         32       4011   dev_storage1.o
       204        114        156          0         24       3967   dev_storage3.o
       204        108        345          0         40       4001   dev_switch.o
       646          0          0          0          0       3577   eeprom.o
       420          0          0          0          0      12652   fifo.o
      1452         22          0          0          0       9457   gd32f30x_adc.o
       440         10          0          0          0       4116   gd32f30x_bkp.o
       128          6          0          0          0       1831   gd32f30x_dbg.o
         0          0          0          0          0       1472   gd32f30x_dma.o
       264         10          0          0          0       2398   gd32f30x_fwdgt.o
       864         12          0          0          0       5220   gd32f30x_gpio.o
       972         28          0          0          0       7968   gd32f30x_i2c.o
       288         98          0          4         90      22124   gd32f30x_it.o
       324         20          0          0          0       2033   gd32f30x_misc.o
        50          0          0          0          0       1075   gd32f30x_platform.o
       704         38          0          0         16       3863   gd32f30x_pmu.o
      1748         72          0          0          0       8508   gd32f30x_rcu.o
      3660         42          0          0          0      18935   gd32f30x_timer.o
      1180         16          0          0          0      11116   gd32f30x_usart.o
       672         82          0         24      30720       3440   heap_4.o
       616        164          3         20          0       6035   ipmdevice.o
       116          0          0          0          0       1666   ipmi_common.o
       440         68        284          0          0      30134   jump.o
       148          0          0          0          0       1994   list.o
       816        474        135          0          0       2855   log.o
       860        160        277          5          0       4353   mac5023.o
       884        254        263         28          0     121776   main.o
      2236        430         66         16       4192      17148   msghndlr.o
       504          8        112          0          0       4285   oem.o
      1604        264        447          8          0      11717   pmbus.o
      1022        112          0         12          0       8391   port.o
      4048         56          0          0        120      20926   queue.o
      5232        130         20        896         64      20785   sdr.o
     10212        678        324          0          0      35222   sensor.o
      3220        594          0          0          0      14177   sensor_helpers.o
         0          0        272          0          0       1625   sensorevent.o
       136          0          0          0          0       2165   serial.o
      1140        222          0          0          0      17100   serialifc.o
      4980        138        728         84         29      21352   shell.o
       848         14          0          0          0       3776   shell_ext.o
        76         12          0          0        308       1669   shell_port.o
        36          8        304          0       2048        928   startup_gd32f30x_xd.o
         0          0        224          0          0        845   storage.o
       760         58          0          4          0       2749   system_gd32f30x.o
       140         16          0          8          0      28264   systick.o
      6936        586          0         60        740      34542   tasks.o
      1612        112          0         20         40      11911   timers.o
      3708       1194        664          3          0      39310   tools.o
      2548        566         48          0          0       8990   update_devs.o

    ----------------------------------------------------------------------
    101792      10758      10516       1588      42100     846352   Object Totals
         0          0         32          0          0          0   (incl. Generated)
        12          0         46         20         13          0   (incl. Padding)

    ----------------------------------------------------------------------

      Code (inc. data)   RO Data    RW Data    ZI Data      Debug   Library Member Name

       280         28          0          0          0        156   ceil.o
       184         44          0          0          0        744   dunder.o
        44          0          0          0          0        248   fabs.o
        48          0          0          0          0        124   fpclassify.o
       964         92         56          0          0        316   log.o
       248          0          0          0          0        152   poly.o
      3152        296        136          0          0        352   pow.o
         0          0          8          0          0          0   qnan.o
       110          0          0          0          0        148   sqrt.o
        40         10          0          0          0        128   strtod.o
        56          8          0          0          0         84   __0sscanf.o
        86          0          0          0          0          0   __dczerorl2.o
        28          0          0          0          0         68   _chval.o
       816          6          0          0          0        112   _scanf.o
       332          0          0          0          0         96   _scanf_int.o
        64          0          0          0          0         84   _sgetc.o
       158          0          0          0          0         92   _strtoul.o
        26          0          0          0          0         80   atoi.o
         8          4        133          0          0         68   ctype_o.o
         0          0          0          0          0          0   entry.o
         0          0          0          0          0          0   entry10a.o
         0          0          0          0          0          0   entry11a.o
         4          0          0          0          0          0   entry12b.o
         8          4          0          0          0          0   entry2.o
         4          0          0          0          0          0   entry5.o
         0          0          0          0          0          0   entry7b.o
         0          0          0          0          0          0   entry8b.o
         8          4          0          0          0          0   entry9a.o
        20         10          0          4          0        136   errno.o
        30          0          0          0          0          0   handlers.o
        36          8          0          0          0         68   init.o
        18          0          0          0          0         76   isspace_o.o
         0          0          0          0          0          0   iusefp.o
        30          0          0          0          0         68   llshl.o
        36          0          0          0          0         68   llsshr.o
        32          0          0          0          0         68   llushr.o
       360         30          0          0          0        356   mallocr.o
        26          0          0          0          0         80   memcmp.o
        36          0          0          0          0         68   memcpya.o
        36          0          0          0          0        108   memseta.o
         0          0          0          8          0          0   mvars.o
      2342        102          0          0          0        764   printfa.o
        36         10          0          4          0        136   rand.o
        40          8          0          0          0         84   scanf_char.o
       878         12          0          0          0        216   scanf_fp.o
         0          0          0          4          0          0   stdout.o
        24          0          0          0          0         68   strcat.o
        28          0          0          0          0         76   strcmp.o
        18          0          0          0          0         68   strcpy.o
        14          0          0          0          0         68   strlen.o
        30          0          0          0          0         80   strncmp.o
        24          0          0          0          0         76   strncpy.o
       156         12          0          0          0        120   strtod.o
        68          6          0          4          0         80   strtok.o
       112          0          0          0          0         88   strtol.o
        12          0          0          0          0         68   tolower.o
        44          0          0          0          0         80   uidiv.o
        98          0          0          0          0         92   uldiv.o
        48          0          0          0          0         68   cdcmple.o
        48          0          0          0          0         68   cdrcmple.o
        56          0          0          0          0         88   d2f.o
       334          0          0          0          0        148   dadd.o
       222          0          0          0          0        100   ddiv.o
       186          0          0          0          0        176   depilogue.o
        62          0          0          0          0         80   dfixi.o
        50          0          0          0          0         76   dfixui.o
        48          0          0          0          0         68   dfixul.o
        34          0          0          0          0         76   dflti.o
        24          0          0          0          0         76   dfltul.o
       228          0          0          0          0         96   dmul.o
        46          0          0          0          0         80   dscalb.o
       162          0          0          0          0        100   dsqrt.o
        38          0          0          0          0         68   f2d.o
       110          0          0          0          0        168   fepilogue.o

    ----------------------------------------------------------------------
     12972        698        336         24          0       7848   Library Totals
        24          4          3          0          0          0   (incl. Padding)

    ----------------------------------------------------------------------

      Code (inc. data)   RO Data    RW Data    ZI Data      Debug   Library Name

      5070        470        200          0          0       2368   m_wm.l
      6182        224        133         24          0       3944   mc_w.l
      1696          0          0          0          0       1536   mf_w.l

    ----------------------------------------------------------------------
     12972        698        336         24          0       7848   Library Totals

    ----------------------------------------------------------------------

==============================================================================


      Code (inc. data)   RO Data    RW Data    ZI Data      Debug   

    114764      11456      10852       1612      42100     834464   Grand Totals
    114764      11456      10852        616      42100     834464   ELF Image Totals (compressed)
    114764      11456      10852        616          0          0   ROM Totals

==============================================================================

    Total RO  Size (Code + RO Data)               125616 ( 122.67kB)
    Total RW  Size (RW Data + ZI Data)             43712 (  42.69kB)
    Total ROM Size (Code + RO Data + RW Data)     126232 ( 123.27kB)

==============================================================================

