Component: ARM Compiler 5.06 update 7 (build 960) Tool: armlink [4d3601]

==============================================================================

Section Cross References

    gd32f30x_it.o(.text) refers to tasks.o(.text) for xTaskGetSchedulerState
    gd32f30x_it.o(.text) refers to port.o(.text) for xPortSysTickHandler
    main.o(.text) refers to gd32f30x_dbg.o(.text) for dbg_periph_enable
    main.o(.text) refers to gd32f30x_rcu.o(.text) for rcu_flag_get
    main.o(.text) refers to printfa.o(i.__0printf) for __2printf
    main.o(.text) refers to gd32f30x_fwdgt.o(.text) for fwdgt_config
    main.o(.text) refers to queue.o(.text) for xQueueGenericCreate
    main.o(.text) refers to api_adc.o(.text) for adc_sample_all
    main.o(.text) refers to chassisctrl.o(.text) for ChassisCtrl
    main.o(.text) refers to msghndlr.o(.text) for MsgCoreHndlr
    main.o(.text) refers to bsp_i2c.o(.text) for i2c_int
    main.o(.text) refers to port.o(.text) for vPortEnterCritical
    main.o(.text) refers to tasks.o(.text) for xTaskCreate
    main.o(.text) refers to systick.o(.text) for bsp_systick_config
    main.o(.text) refers to gd32f30x_misc.o(.text) for nvic_priority_group_set
    main.o(.text) refers to gd32f30x_platform.o(.text) for platform_init
    main.o(.text) refers to bsp_uartcomm.o(.text) for UART_init
    main.o(.text) refers to bsp_gpio.o(.text) for GPIO_bspInit
    main.o(.text) refers to api_utc.o(.text) for currentSecsSinceEpoch
    main.o(.text) refers to api_cpu.o(.text) for GetBmcFirmwareVersion
    main.o(.text) refers to main.o(.data) for g_debugLevel
    main.o(.text) refers to api_sensor.o(.text) for Dev_Task
    main.o(.text) refers to shell_port.o(.bss) for shell
    main.o(.text) refers to shell.o(.text) for shellTask
    main.o(.data) refers to main.o(.conststring) for .conststring
    systick.o(.text) refers to system_gd32f30x.o(.data) for SystemCoreClock
    systick.o(.text) refers to main.o(.data) for g_localtime
    api_subdevices.o(.text) refers to bsp_gpio.o(.text) for get_board_addr
    api_subdevices.o(.text) refers to printfa.o(i.__0printf) for __2printf
    api_subdevices.o(.text) refers to api_sensor.o(.text) for api_getDevHandler
    api_subdevices.o(.text) refers to strlen.o(.text) for strlen
    api_subdevices.o(.text) refers to bsp_uartcomm.o(.text) for UART_sendData
    api_subdevices.o(.text) refers to tasks.o(.text) for vTaskDelay
    api_subdevices.o(.text) refers to timers.o(.text) for xTimerGenericCommand
    api_subdevices.o(.text) refers to cjson.o(.text) for cJSON_CreateObject
    api_subdevices.o(.text) refers to heap_4.o(.text) for xPortGetFreeHeapSize
    api_subdevices.o(.text) refers to memseta.o(.text) for __aeabi_memclr4
    api_subdevices.o(.text) refers to memcpya.o(.text) for __aeabi_memcpy
    api_subdevices.o(.text) refers to strcat.o(.text) for strcat
    api_subdevices.o(.text) refers to api_subdevices.o(.constdata) for g_SubDeviceConfigName
    api_subdevices.o(.text) refers to api_subdevices.o(.bss) for g_AllModes
    api_subdevices.o(.text) refers to main.o(.data) for g_debugLevel
    api_subdevices.o(.text) refers to api_subdevices.o(.data) for pSubDeviceSelf
    api_subdevices.o(.text) refers to printfa.o(i.__0sprintf) for __2sprintf
    api_subdevices.o(.text) refers to f2d.o(.text) for __aeabi_f2d
    api_subdevices.o(.text) refers to ipmi_common.o(.text) for CalculateCheckSum
    api_subdevices.o(.text) refers to sensor.o(.text) for GetSensorReading
    api_subdevices.o(.text) refers to msghndlr.o(.text) for SendMsgAndWait
    api_subdevices.o(.constdata) refers to api_subdevices.o(.conststring) for .conststring
    api_subdevices.o(.data) refers to api_subdevices.o(.conststring) for .conststring
    dev_main.o(.text) refers to tasks.o(.text) for vTaskDelay
    dev_main.o(.text) refers to printfa.o(i.__0printf) for __2printf
    dev_main.o(.text) refers to main.o(.data) for g_debugLevel
    dev_main.o(.constdata) refers to dev_main.o(.conststring) for .conststring
    dev_main.o(.constdata) refers to dev_main.o(.bss) for g_sensorVal_main
    dev_main.o(.constdata) refers to dev_main.o(.text) for DevTaskHandler
    dev_net.o(.constdata) refers to dev_net.o(.conststring) for .conststring
    dev_net.o(.constdata) refers to dev_net.o(.bss) for g_sensorVal_net
    dev_power.o(.constdata) refers to dev_power.o(.conststring) for .conststring
    dev_power.o(.constdata) refers to dev_power.o(.bss) for g_sensorVal_power
    dev_storage0.o(.constdata) refers to dev_storage0.o(.conststring) for .conststring
    dev_storage0.o(.constdata) refers to dev_storage0.o(.bss) for g_sensorVal_storage0
    dev_switch.o(.constdata) refers to dev_switch.o(.conststring) for .conststring
    dev_switch.o(.constdata) refers to dev_switch.o(.bss) for g_sensorVal_switch
    api_adc.o(.text) refers to bsp_adc.o(.text) for adc_init_channle
    api_adc.o(.text) refers to log.o(i.__hardfp_log) for __hardfp_log
    api_adc.o(.text) refers to f2d.o(.text) for __aeabi_f2d
[...]
    timer_flag_get                           0x0800f363   Thumb Code    16  gd32f30x_timer.o(.text)
    timer_flag_clear                         0x0800f373   Thumb Code     6  gd32f30x_timer.o(.text)
    timer_dma_enable                         0x0800f379   Thumb Code     8  gd32f30x_timer.o(.text)
    timer_dma_disable                        0x0800f381   Thumb Code     8  gd32f30x_timer.o(.text)
    timer_channel_dma_request_source_select  0x0800f389   Thumb Code    26  gd32f30x_timer.o(.text)
    timer_dma_transfer_config                0x0800f3a3   Thumb Code    24  gd32f30x_timer.o(.text)
    timer_event_software_generate            0x0800f3bb   Thumb Code     8  gd32f30x_timer.o(.text)
    timer_break_struct_para_init             0x0800f3c3   Thumb Code    18  gd32f30x_timer.o(.text)
    timer_break_config                       0x0800f3d5   Thumb Code    30  gd32f30x_timer.o(.text)
    timer_break_enable                       0x0800f3f3   Thumb Code    10  gd32f30x_timer.o(.text)
    timer_break_disable                      0x0800f3fd   Thumb Code    10  gd32f30x_timer.o(.text)
    timer_automatic_output_enable            0x0800f407   Thumb Code    10  gd32f30x_timer.o(.text)
    timer_automatic_output_disable           0x0800f411   Thumb Code    10  gd32f30x_timer.o(.text)
    timer_primary_output_config              0x0800f41b   Thumb Code    24  gd32f30x_timer.o(.text)
    timer_channel_control_shadow_config      0x0800f433   Thumb Code    24  gd32f30x_timer.o(.text)
    timer_channel_control_shadow_update_config 0x0800f44b   Thumb Code    60  gd32f30x_timer.o(.text)
    timer_channel_output_struct_para_init    0x0800f487   Thumb Code    16  gd32f30x_timer.o(.text)
    timer_channel_output_config              0x0800f497   Thumb Code   482  gd32f30x_timer.o(.text)
    timer_channel_output_mode_config         0x0800f679   Thumb Code    90  gd32f30x_timer.o(.text)
    timer_channel_output_pulse_value_config  0x0800f6d3   Thumb Code    38  gd32f30x_timer.o(.text)
    timer_channel_output_shadow_config       0x0800f6f9   Thumb Code    90  gd32f30x_timer.o(.text)
    timer_channel_output_fast_config         0x0800f753   Thumb Code    90  gd32f30x_timer.o(.text)
    timer_channel_output_clear_config        0x0800f7ad   Thumb Code    90  gd32f30x_timer.o(.text)
    timer_channel_output_polarity_config     0x0800f807   Thumb Code    92  gd32f30x_timer.o(.text)
    timer_channel_complementary_output_polarity_config 0x0800f863   Thumb Code    70  gd32f30x_timer.o(.text)
    timer_channel_output_state_config        0x0800f8a9   Thumb Code   100  gd32f30x_timer.o(.text)
    timer_channel_complementary_output_state_config 0x0800f90d   Thumb Code    70  gd32f30x_timer.o(.text)
    timer_channel_input_struct_para_init     0x0800f953   Thumb Code    16  gd32f30x_timer.o(.text)
    timer_channel_input_capture_prescaler_config 0x0800f963   Thumb Code    90  gd32f30x_timer.o(.text)
    timer_input_capture_config               0x0800f9bd   Thumb Code   326  gd32f30x_timer.o(.text)
    timer_channel_capture_value_register_read 0x0800fb03   Thumb Code    42  gd32f30x_timer.o(.text)
    timer_input_pwm_capture_config           0x0800fb2d   Thumb Code   356  gd32f30x_timer.o(.text)
    timer_hall_mode_config                   0x0800fc91   Thumb Code    26  gd32f30x_timer.o(.text)
    timer_input_trigger_source_select        0x0800fcab   Thumb Code    16  gd32f30x_timer.o(.text)
    timer_master_output_trigger_source_select 0x0800fcbb   Thumb Code    16  gd32f30x_timer.o(.text)
    timer_slave_mode_select                  0x0800fccb   Thumb Code    16  gd32f30x_timer.o(.text)
    timer_master_slave_mode_config           0x0800fcdb   Thumb Code    26  gd32f30x_timer.o(.text)
    timer_external_trigger_config            0x0800fcf5   Thumb Code    30  gd32f30x_timer.o(.text)
    timer_quadrature_decoder_mode_config     0x0800fd13   Thumb Code    64  gd32f30x_timer.o(.text)
    timer_internal_clock_config              0x0800fd53   Thumb Code    10  gd32f30x_timer.o(.text)
    timer_internal_trigger_as_external_clock_config 0x0800fd5d   Thumb Code    32  gd32f30x_timer.o(.text)
    timer_external_trigger_as_external_clock_config 0x0800fd7d   Thumb Code   166  gd32f30x_timer.o(.text)
    timer_external_clock_mode0_config        0x0800fe23   Thumb Code    40  gd32f30x_timer.o(.text)
    timer_external_clock_mode1_config        0x0800fe4b   Thumb Code    32  gd32f30x_timer.o(.text)
    timer_external_clock_mode1_disable       0x0800fe6b   Thumb Code    10  gd32f30x_timer.o(.text)
    timer_write_chxval_register_config       0x0800fe75   Thumb Code    34  gd32f30x_timer.o(.text)
    timer_output_value_selection_config      0x0800fe97   Thumb Code    34  gd32f30x_timer.o(.text)
    nvic_priority_group_set                  0x0800feb9   Thumb Code    10  gd32f30x_misc.o(.text)
    nvic_irq_enable                          0x0800fec3   Thumb Code   186  gd32f30x_misc.o(.text)
    nvic_irq_disable                         0x0800ff7d   Thumb Code    18  gd32f30x_misc.o(.text)
    nvic_vector_table_set                    0x0800ff8f   Thumb Code    18  gd32f30x_misc.o(.text)
    system_lowpower_set                      0x0800ffa1   Thumb Code    16  gd32f30x_misc.o(.text)
    system_lowpower_reset                    0x0800ffb1   Thumb Code    16  gd32f30x_misc.o(.text)
    systick_clksource_set                    0x0800ffc1   Thumb Code    40  gd32f30x_misc.o(.text)
    usart_deinit                             0x0800fffd   Thumb Code   136  gd32f30x_usart.o(.text)
    usart_baudrate_set                       0x08010085   Thumb Code   136  gd32f30x_usart.o(.text)
    usart_parity_config                      0x0801010d   Thumb Code    16  gd32f30x_usart.o(.text)
    usart_word_length_set                    0x0801011d   Thumb Code    16  gd32f30x_usart.o(.text)
    usart_stop_bit_set                       0x0801012d   Thumb Code    16  gd32f30x_usart.o(.text)
    usart_enable                             0x0801013d   Thumb Code    10  gd32f30x_usart.o(.text)
    usart_disable                            0x08010147   Thumb Code    10  gd32f30x_usart.o(.text)
    usart_transmit_config                    0x08010151   Thumb Code    16  gd32f30x_usart.o(.text)
    usart_receive_config                     0x08010161   Thumb Code    16  gd32f30x_usart.o(.text)
    usart_data_first_config                  0x08010171   Thumb Code    20  gd32f30x_usart.o(.text)
    usart_invert_config                      0x08010185   Thumb Code   104  gd32f30x_usart.o(.text)
    usart_receiver_timeout_enable            0x080101ed   Thumb Code    14  gd32f30x_usart.o(.text)
    usart_receiver_timeout_disable           0x080101fb   Thumb Code    14  gd32f30x_usart.o(.text)
    usart_receiver_timeout_threshold_config  0x08010209   Thumb Code    20  gd32f30x_usart.o(.text)
    usart_data_transmit                      0x0801021d   Thumb Code     8  gd32f30x_usart.o(.text)
    usart_data_receive                       0x08010225   Thumb Code    10  gd32f30x_usart.o(.text)
    usart_address_config                     0x0801022f   Thumb Code    20  gd32f30x_usart.o(.text)
    usart_mute_mode_enable                   0x08010243   Thumb Code    10  gd32f30x_usart.o(.text)
    usart_mute_mode_disable                  0x0801024d   Thumb Code    10  gd32f30x_usart.o(.text)
    usart_mute_mode_wakeup_config            0x08010257   Thumb Code    16  gd32f30x_usart.o(.text)
    usart_lin_mode_enable                    0x08010267   Thumb Code    10  gd32f30x_usart.o(.text)
    usart_lin_mode_disable                   0x08010271   Thumb Code    10  gd32f30x_usart.o(.text)
    usart_lin_break_detection_length_config  0x0801027b   Thumb Code    20  gd32f30x_usart.o(.text)
    usart_send_break                         0x0801028f   Thumb Code    10  gd32f30x_usart.o(.text)
    usart_halfduplex_enable                  0x08010299   Thumb Code    10  gd32f30x_usart.o(.text)
    usart_halfduplex_disable                 0x080102a3   Thumb Code    10  gd32f30x_usart.o(.text)
    usart_synchronous_clock_enable           0x080102ad   Thumb Code    10  gd32f30x_usart.o(.text)
    usart_synchronous_clock_disable          0x080102b7   Thumb Code    10  gd32f30x_usart.o(.text)
    usart_synchronous_clock_config           0x080102c1   Thumb Code    34  gd32f30x_usart.o(.text)
    usart_guard_time_config                  0x080102e3   Thumb Code    24  gd32f30x_usart.o(.text)
    usart_smartcard_mode_enable              0x080102fb   Thumb Code    10  gd32f30x_usart.o(.text)
    usart_smartcard_mode_disable             0x08010305   Thumb Code    10  gd32f30x_usart.o(.text)
    usart_smartcard_mode_nack_enable         0x0801030f   Thumb Code    10  gd32f30x_usart.o(.text)
    usart_smartcard_mode_nack_disable        0x08010319   Thumb Code    10  gd32f30x_usart.o(.text)
    usart_smartcard_autoretry_config         0x08010323   Thumb Code    26  gd32f30x_usart.o(.text)
    usart_block_length_config                0x0801033d   Thumb Code    28  gd32f30x_usart.o(.text)
    usart_irda_mode_enable                   0x08010359   Thumb Code    10  gd32f30x_usart.o(.text)
    usart_irda_mode_disable                  0x08010363   Thumb Code    10  gd32f30x_usart.o(.text)
    usart_prescaler_config                   0x0801036d   Thumb Code    16  gd32f30x_usart.o(.text)
    usart_irda_lowpower_config               0x0801037d   Thumb Code    20  gd32f30x_usart.o(.text)
    usart_hardware_flow_rts_config           0x08010391   Thumb Code    16  gd32f30x_usart.o(.text)
    usart_hardware_flow_cts_config           0x080103a1   Thumb Code    16  gd32f30x_usart.o(.text)
    usart_dma_receive_config                 0x080103b1   Thumb Code    16  gd32f30x_usart.o(.text)
    usart_dma_transmit_config                0x080103c1   Thumb Code    16  gd32f30x_usart.o(.text)
    usart_flag_get                           0x080103d1   Thumb Code    40  gd32f30x_usart.o(.text)
    usart_flag_clear                         0x080103f9   Thumb Code    26  gd32f30x_usart.o(.text)
    usart_interrupt_enable                   0x08010413   Thumb Code    26  gd32f30x_usart.o(.text)
    usart_interrupt_disable                  0x0801042d   Thumb Code    26  gd32f30x_usart.o(.text)
    usart_interrupt_flag_get                 0x08010447   Thumb Code    56  gd32f30x_usart.o(.text)
    usart_interrupt_flag_clear               0x0801047f   Thumb Code    26  gd32f30x_usart.o(.text)
    dbg_deinit                               0x08010499   Thumb Code     8  gd32f30x_dbg.o(.text)
    dbg_id_get                               0x080104a1   Thumb Code     6  gd32f30x_dbg.o(.text)
    dbg_low_power_enable                     0x080104a7   Thumb Code    12  gd32f30x_dbg.o(.text)
    dbg_low_power_disable                    0x080104b3   Thumb Code    12  gd32f30x_dbg.o(.text)
    dbg_periph_enable                        0x080104bf   Thumb Code    28  gd32f30x_dbg.o(.text)
    dbg_periph_disable                       0x080104db   Thumb Code    28  gd32f30x_dbg.o(.text)
    dbg_trace_pin_enable                     0x080104f7   Thumb Code    14  gd32f30x_dbg.o(.text)
    dbg_trace_pin_disable                    0x08010505   Thumb Code    14  gd32f30x_dbg.o(.text)
    Reset_Handler                            0x08010519   Thumb Code     8  startup_gd32f30x_cl.o(.text)
    ADC0_1_IRQHandler                        0x08010533   Thumb Code     0  startup_gd32f30x_cl.o(.text)
    CAN0_EWMC_IRQHandler                     0x08010533   Thumb Code     0  startup_gd32f30x_cl.o(.text)
    CAN0_RX0_IRQHandler                      0x08010533   Thumb Code     0  startup_gd32f30x_cl.o(.text)
    CAN0_RX1_IRQHandler                      0x08010533   Thumb Code     0  startup_gd32f30x_cl.o(.text)
    CAN0_TX_IRQHandler                       0x08010533   Thumb Code     0  startup_gd32f30x_cl.o(.text)
    CAN1_EWMC_IRQHandler                     0x08010533   Thumb Code     0  startup_gd32f30x_cl.o(.text)
    CAN1_RX0_IRQHandler                      0x08010533   Thumb Code     0  startup_gd32f30x_cl.o(.text)
    CAN1_RX1_IRQHandler                      0x08010533   Thumb Code     0  startup_gd32f30x_cl.o(.text)
    CAN1_TX_IRQHandler                       0x08010533   Thumb Code     0  startup_gd32f30x_cl.o(.text)
    DMA0_Channel0_IRQHandler                 0x08010533   Thumb Code     0  startup_gd32f30x_cl.o(.text)
    DMA0_Channel1_IRQHandler                 0x08010533   Thumb Code     0  startup_gd32f30x_cl.o(.text)
    DMA0_Channel2_IRQHandler                 0x08010533   Thumb Code     0  startup_gd32f30x_cl.o(.text)
    DMA0_Channel3_IRQHandler                 0x08010533   Thumb Code     0  startup_gd32f30x_cl.o(.text)
    DMA0_Channel4_IRQHandler                 0x08010533   Thumb Code     0  startup_gd32f30x_cl.o(.text)
    DMA0_Channel5_IRQHandler                 0x08010533   Thumb Code     0  startup_gd32f30x_cl.o(.text)
    DMA0_Channel6_IRQHandler                 0x08010533   Thumb Code     0  startup_gd32f30x_cl.o(.text)
    DMA1_Channel0_IRQHandler                 0x08010533   Thumb Code     0  startup_gd32f30x_cl.o(.text)
    DMA1_Channel1_IRQHandler                 0x08010533   Thumb Code     0  startup_gd32f30x_cl.o(.text)
    DMA1_Channel2_IRQHandler                 0x08010533   Thumb Code     0  startup_gd32f30x_cl.o(.text)
    DMA1_Channel3_IRQHandler                 0x08010533   Thumb Code     0  startup_gd32f30x_cl.o(.text)
    DMA1_Channel4_IRQHandler                 0x08010533   Thumb Code     0  startup_gd32f30x_cl.o(.text)
    ENET_WKUP_IRQHandler                     0x08010533   Thumb Code     0  startup_gd32f30x_cl.o(.text)
    EXMC_IRQHandler                          0x08010533   Thumb Code     0  startup_gd32f30x_cl.o(.text)
    EXTI0_IRQHandler                         0x08010533   Thumb Code     0  startup_gd32f30x_cl.o(.text)
    EXTI10_15_IRQHandler                     0x08010533   Thumb Code     0  startup_gd32f30x_cl.o(.text)
    EXTI1_IRQHandler                         0x08010533   Thumb Code     0  startup_gd32f30x_cl.o(.text)
    EXTI2_IRQHandler                         0x08010533   Thumb Code     0  startup_gd32f30x_cl.o(.text)
    EXTI3_IRQHandler                         0x08010533   Thumb Code     0  startup_gd32f30x_cl.o(.text)
    EXTI4_IRQHandler                         0x08010533   Thumb Code     0  startup_gd32f30x_cl.o(.text)
    EXTI5_9_IRQHandler                       0x08010533   Thumb Code     0  startup_gd32f30x_cl.o(.text)
    FMC_IRQHandler                           0x08010533   Thumb Code     0  startup_gd32f30x_cl.o(.text)
    LVD_IRQHandler                           0x08010533   Thumb Code     0  startup_gd32f30x_cl.o(.text)
    RCU_CTC_IRQHandler                       0x08010533   Thumb Code     0  startup_gd32f30x_cl.o(.text)
    RTC_Alarm_IRQHandler                     0x08010533   Thumb Code     0  startup_gd32f30x_cl.o(.text)
    RTC_IRQHandler                           0x08010533   Thumb Code     0  startup_gd32f30x_cl.o(.text)
    SPI0_IRQHandler                          0x08010533   Thumb Code     0  startup_gd32f30x_cl.o(.text)
    SPI1_IRQHandler                          0x08010533   Thumb Code     0  startup_gd32f30x_cl.o(.text)
    SPI2_IRQHandler                          0x08010533   Thumb Code     0  startup_gd32f30x_cl.o(.text)
    TAMPER_IRQHandler                        0x08010533   Thumb Code     0  startup_gd32f30x_cl.o(.text)
    TIMER0_BRK_TIMER8_IRQHandler             0x08010533   Thumb Code     0  startup_gd32f30x_cl.o(.text)
    TIMER0_TRG_CMT_TIMER10_IRQHandler        0x08010533   Thumb Code     0  startup_gd32f30x_cl.o(.text)
    TIMER1_IRQHandler                        0x08010533   Thumb Code     0  startup_gd32f30x_cl.o(.text)
    TIMER3_IRQHandler                        0x08010533   Thumb Code     0  startup_gd32f30x_cl.o(.text)
    TIMER4_IRQHandler                        0x08010533   Thumb Code     0  startup_gd32f30x_cl.o(.text)
    TIMER5_IRQHandler                        0x08010533   Thumb Code     0  startup_gd32f30x_cl.o(.text)
    TIMER6_IRQHandler                        0x08010533   Thumb Code     0  startup_gd32f30x_cl.o(.text)
    TIMER7_BRK_TIMER11_IRQHandler            0x08010533   Thumb Code     0  startup_gd32f30x_cl.o(.text)
    TIMER7_Channel_IRQHandler                0x08010533   Thumb Code     0  startup_gd32f30x_cl.o(.text)
    TIMER7_TRG_CMT_TIMER13_IRQHandler        0x08010533   Thumb Code     0  startup_gd32f30x_cl.o(.text)
    TIMER7_UP_TIMER12_IRQHandler             0x08010533   Thumb Code     0  startup_gd32f30x_cl.o(.text)
    UART4_IRQHandler                         0x08010533   Thumb Code     0  startup_gd32f30x_cl.o(.text)
    USART2_IRQHandler                        0x08010533   Thumb Code     0  startup_gd32f30x_cl.o(.text)
    USBFS_IRQHandler                         0x08010533   Thumb Code     0  startup_gd32f30x_cl.o(.text)
    USBFS_WKUP_IRQHandler                    0x08010533   Thumb Code     0  startup_gd32f30x_cl.o(.text)
    WWDGT_IRQHandler                         0x08010533   Thumb Code     0  startup_gd32f30x_cl.o(.text)
    vListInitialise                          0x0801053d   Thumb Code    26  list.o(.text)
    vListInitialiseItem                      0x08010557   Thumb Code     6  list.o(.text)
    vListInsertEnd                           0x0801055d   Thumb Code    24  list.o(.text)
    vListInsert                              0x08010575   Thumb Code    52  list.o(.text)
    uxListRemove                             0x080105a9   Thumb Code    40  list.o(.text)
    xQueueGenericReset                       0x080105d1   Thumb Code   136  queue.o(.text)
    xQueueGenericCreate                      0x08010687   Thumb Code    80  queue.o(.text)
    xQueueGenericSend                        0x08010881   Thumb Code   470  queue.o(.text)
    xQueueCreateMutex                        0x08010a75   Thumb Code    34  queue.o(.text)
    xQueueGiveMutexRecursive                 0x08010a97   Thumb Code    66  queue.o(.text)
    xQueueSemaphoreTake                      0x08010b07   Thumb Code   410  queue.o(.text)
    xQueueTakeMutexRecursive                 0x08010ca1   Thumb Code    72  queue.o(.text)
    xQueueCreateCountingSemaphore            0x08010ce9   Thumb Code    80  queue.o(.text)
    xQueueGenericSendFromISR                 0x08010d39   Thumb Code   250  queue.o(.text)
    xQueueGiveFromISR                        0x08010e33   Thumb Code   228  queue.o(.text)
    xQueueReceive                            0x08010f41   Thumb Code   338  queue.o(.text)
    xQueuePeek                               0x08011093   Thumb Code   344  queue.o(.text)
    xQueueReceiveFromISR                     0x080111eb   Thumb Code   190  queue.o(.text)
    xQueuePeekFromISR                        0x080112a9   Thumb Code   158  queue.o(.text)
    uxQueueMessagesWaiting                   0x08011347   Thumb Code    36  queue.o(.text)
    uxQueueSpacesAvailable                   0x0801136b   Thumb Code    42  queue.o(.text)
    uxQueueMessagesWaitingFromISR            0x08011395   Thumb Code    36  queue.o(.text)
    vQueueUnregisterQueue                    0x080113b9   Thumb Code    44  queue.o(.text)
    vQueueDelete                             0x080113e5   Thumb Code    38  queue.o(.text)
    uxQueueGetQueueNumber                    0x0801140b   Thumb Code     6  queue.o(.text)
    vQueueSetQueueNumber                     0x08011411   Thumb Code     4  queue.o(.text)
    ucQueueGetQueueType                      0x08011415   Thumb Code     8  queue.o(.text)
    xQueueIsQueueEmptyFromISR                0x0801141d   Thumb Code    38  queue.o(.text)
    xQueueIsQueueFullFromISR                 0x08011443   Thumb Code    42  queue.o(.text)
    vQueueAddToRegistry                      0x0801146d   Thumb Code    38  queue.o(.text)
    pcQueueGetName                           0x08011493   Thumb Code    38  queue.o(.text)
    vQueueWaitForMessageRestricted           0x080114b9   Thumb Code    74  queue.o(.text)
    xQueueCreateSet                          0x08011503   Thumb Code    20  queue.o(.text)
    xQueueAddToSet                           0x08011517   Thumb Code    38  queue.o(.text)
    xQueueRemoveFromSet                      0x0801153d   Thumb Code    48  queue.o(.text)
    xQueueSelectFromSet                      0x0801156d   Thumb Code    24  queue.o(.text)
    xQueueSelectFromSetFromISR               0x08011585   Thumb Code    22  queue.o(.text)
    vApplicationStackOverflowHook            0x080115a1   Thumb Code    78  tasks.o(.text)
    xTaskCreate                              0x08011789   Thumb Code    98  tasks.o(.text)
    vTaskDelete                              0x08011827   Thumb Code   192  tasks.o(.text)
    xTaskIncrementTick                       0x080118e7   Thumb Code   470  tasks.o(.text)
    xTaskResumeAll                           0x08011abd   Thumb Code   218  tasks.o(.text)
    vTaskSuspendAll                          0x08011c13   Thumb Code    12  tasks.o(.text)
    vTaskDelayUntil                          0x08011c1f   Thumb Code   182  tasks.o(.text)
    vTaskDelay                               0x08011cd5   Thumb Code    76  tasks.o(.text)
    eTaskGetState                            0x08011d21   Thumb Code   122  tasks.o(.text)
    uxTaskPriorityGet                        0x08011d9b   Thumb Code    30  tasks.o(.text)
    uxTaskPriorityGetFromISR                 0x08011db9   Thumb Code    62  tasks.o(.text)
    vTaskPrioritySet                         0x08011df7   Thumb Code   316  tasks.o(.text)
    vTaskSwitchContext                       0x08011f33   Thumb Code   142  tasks.o(.text)
    vTaskSuspend                             0x08011fc1   Thumb Code   204  tasks.o(.text)
    vTaskResume                              0x080120d9   Thumb Code   122  tasks.o(.text)
    xTaskResumeFromISR                       0x08012153   Thumb Code   152  tasks.o(.text)
    vTaskStartScheduler                      0x08012253   Thumb Code   182  tasks.o(.text)
    vTaskEndScheduler                        0x08012309   Thumb Code    32  tasks.o(.text)
    xTaskGetTickCount                        0x08012329   Thumb Code     6  tasks.o(.text)
    xTaskGetTickCountFromISR                 0x0801232f   Thumb Code    16  tasks.o(.text)
    uxTaskGetNumberOfTasks                   0x0801233f   Thumb Code     6  tasks.o(.text)
    pcTaskGetName                            0x08012345   Thumb Code    40  tasks.o(.text)
    vTaskGetInfo                             0x08012383   Thumb Code   126  tasks.o(.text)
    uxTaskGetSystemState                     0x0801246b   Thumb Code   152  tasks.o(.text)
    vTaskPlaceOnEventList                    0x08012503   Thumb Code    46  tasks.o(.text)
    vTaskPlaceOnUnorderedEventList           0x08012531   Thumb Code    88  tasks.o(.text)
    vTaskPlaceOnEventListRestricted          0x08012589   Thumb Code    54  tasks.o(.text)
    xTaskRemoveFromEventList                 0x080125bf   Thumb Code   122  tasks.o(.text)
    vTaskRemoveFromUnorderedEventList        0x08012639   Thumb Code   184  tasks.o(.text)
    vTaskSetTimeOutState                     0x080126f1   Thumb Code    44  tasks.o(.text)
    vTaskInternalSetTimeOutState             0x0801271d   Thumb Code    14  tasks.o(.text)
    xTaskCheckForTimeOut                     0x0801272b   Thumb Code   120  tasks.o(.text)
    vTaskMissedYield                         0x080127a3   Thumb Code     8  tasks.o(.text)
    uxTaskGetTaskNumber                      0x080127ab   Thumb Code    14  tasks.o(.text)
    vTaskSetTaskNumber                       0x080127b9   Thumb Code     8  tasks.o(.text)
    xTaskGetCurrentTaskHandle                0x080127c1   Thumb Code     6  tasks.o(.text)
    xTaskGetSchedulerState                   0x080127c7   Thumb Code    24  tasks.o(.text)
    xTaskPriorityInherit                     0x080127df   Thumb Code   186  tasks.o(.text)
    xTaskPriorityDisinherit                  0x08012899   Thumb Code   176  tasks.o(.text)
    vTaskPriorityDisinheritAfterTimeout      0x08012949   Thumb Code   218  tasks.o(.text)
    vTaskList                                0x08012a4d   Thumb Code   254  tasks.o(.text)
    uxTaskResetEventItemValue                0x08012b4b   Thumb Code    24  tasks.o(.text)
    pvTaskIncrementMutexHeldCount            0x08012b63   Thumb Code    26  tasks.o(.text)
    ulTaskNotifyTake                         0x08012b7d   Thumb Code   108  tasks.o(.text)
    xTaskNotifyWait                          0x08012be9   Thumb Code   150  tasks.o(.text)
    xTaskGenericNotify                       0x08012c7f   Thumb Code   256  tasks.o(.text)
    xTaskGenericNotifyFromISR                0x08012d7f   Thumb Code   310  tasks.o(.text)
    vTaskNotifyGiveFromISR                   0x08012eb5   Thumb Code   234  tasks.o(.text)
    xTaskNotifyStateClear                    0x08012f9f   Thumb Code    48  tasks.o(.text)
    vTaskPrintThreadStatus                   0x08012fcf   Thumb Code   104  tasks.o(.text)
    xTimerGenericCommand                     0x080130f9   Thumb Code   118  timers.o(.text)
    xTimerCreateTimerTask                    0x0801345f   Thumb Code    56  timers.o(.text)
    xTimerCreate                             0x0801353d   Thumb Code    48  timers.o(.text)
    xTimerGetTimerDaemonTaskHandle           0x0801356d   Thumb Code    38  timers.o(.text)
    xTimerGetPeriod                          0x08013593   Thumb Code    28  timers.o(.text)
    xTimerGetExpiryTime                      0x080135af   Thumb Code    30  timers.o(.text)
    pcTimerGetName                           0x080135cd   Thumb Code    28  timers.o(.text)
    xTimerIsTimerActive                      0x080135e9   Thumb Code    56  timers.o(.text)
    pvTimerGetTimerID                        0x08013621   Thumb Code    38  timers.o(.text)
    vTimerSetTimerID                         0x08013647   Thumb Code    38  timers.o(.text)
    xTimerPendFunctionCallFromISR            0x0801366d   Thumb Code    48  timers.o(.text)
    xTimerPendFunctionCall                   0x0801369d   Thumb Code    70  timers.o(.text)
    uxTimerGetTimerNumber                    0x080136e3   Thumb Code     6  timers.o(.text)
    vTimerSetTimerNumber                     0x080136e9   Thumb Code     4  timers.o(.text)
    pvPortMalloc                             0x080137b7   Thumb Code   262  heap_4.o(.text)
    vPortFree                                0x080138bd   Thumb Code   120  heap_4.o(.text)
    xPortGetFreeHeapSize                     0x08013935   Thumb Code     6  heap_4.o(.text)
    xPortGetMinimumEverFreeHeapSize          0x0801393b   Thumb Code     6  heap_4.o(.text)
    vPortInitialiseBlocks                    0x08013941   Thumb Code     2  heap_4.o(.text)
    pxPortInitialiseStack                    0x080139c5   Thumb Code    30  port.o(.text)
    vPortSetupTimerInterrupt                 0x080139e3   Thumb Code    36  port.o(.text)
    xPortStartScheduler                      0x08013a07   Thumb Code   240  port.o(.text)
    vPortEndScheduler                        0x08013af7   Thumb Code    34  port.o(.text)
    vPortEnterCritical                       0x08013b19   Thumb Code    70  port.o(.text)
    vPortExitCritical                        0x08013b5f   Thumb Code    48  port.o(.text)
    xPortSysTickHandler                      0x08013b8f   Thumb Code    52  port.o(.text)
    vPortValidateInterruptPriority           0x08013bc3   Thumb Code    88  port.o(.text)
    shellWriteString                         0x08013c75   Thumb Code    40  shell.o(.text)
    shellToHex                               0x08013cf1   Thumb Code    56  shell.o(.text)
    shellCheckPermission                     0x08013d75   Thumb Code    54  shell.o(.text)
    shellSeekCommand                         0x08013dab   Thumb Code   122  shell.o(.text)
    shellInit                                0x08013eab   Thumb Code   144  shell.o(.text)
    shellGetCurrent                          0x08013f3b   Thumb Code    48  shell.o(.text)
    shellPrint                               0x08013fc9   Thumb Code    50  shell.o(.text)
    shellToDec                               0x08013ffb   Thumb Code    86  shell.o(.text)
    shellListItem                            0x080140f1   Thumb Code   240  shell.o(.text)
    shellListCommand                         0x080141e1   Thumb Code    90  shell.o(.text)
    shellListVar                             0x0801423b   Thumb Code    84  shell.o(.text)
    shellListUser                            0x0801428f   Thumb Code    84  shell.o(.text)
    shellListKey                             0x080142e3   Thumb Code    84  shell.o(.text)
    shellListAll                             0x08014337   Thumb Code    12  shell.o(.text)
    shellDeleteCommandLine                   0x08014343   Thumb Code    28  shell.o(.text)
    shellClearCommandLine                    0x0801435f   Thumb Code    40  shell.o(.text)
    shellInsertByte                          0x08014387   Thumb Code   226  shell.o(.text)
    shellDeleteByte                          0x08014469   Thumb Code   232  shell.o(.text)
    shellGetVarValue                         0x08014647   Thumb Code    84  shell.o(.text)
    shellSetVarValue                         0x0801473b   Thumb Code   140  shell.o(.text)
    shellSetVar                              0x080147c7   Thumb Code   106  shell.o(.text)
    shellRunCommand                          0x0801489b   Thumb Code   174  shell.o(.text)
    shellNormalInput                         0x08014af1   Thumb Code    28  shell.o(.text)
    shellExec                                0x08014b0d   Thumb Code   110  shell.o(.text)
    shellUp                                  0x08014b7b   Thumb Code    14  shell.o(.text)
    shellDown                                0x08014b89   Thumb Code    16  shell.o(.text)
    shellRight                               0x08014b99   Thumb Code    30  shell.o(.text)
    shellLeft                                0x08014bb7   Thumb Code    26  shell.o(.text)
    shellTab                                 0x08014bd1   Thumb Code   378  shell.o(.text)
    shellBackspace                           0x08014d4b   Thumb Code    14  shell.o(.text)
    shellDelete                              0x08014d59   Thumb Code    16  shell.o(.text)
    shellEnter                               0x08014d69   Thumb Code    20  shell.o(.text)
    shellHelp                                0x08014d7d   Thumb Code   118  shell.o(.text)
    shellHandler                             0x08014df3   Thumb Code   246  shell.o(.text)
    shellTask                                0x08014ee9   Thumb Code    54  shell.o(.text)
    shellUsers                               0x08014f1f   Thumb Code    18  shell.o(.text)
    shellCmds                                0x08014f31   Thumb Code    36  shell.o(.text)
    shellVars                                0x08014f55   Thumb Code    18  shell.o(.text)
    shellKeys                                0x08014f67   Thumb Code    18  shell.o(.text)
    shellClear                               0x08014f79   Thumb Code    22  shell.o(.text)
    shellRun                                 0x08014f8f   Thumb Code    86  shell.o(.text)
    shellExtParsePara                        0x08015213   Thumb Code    86  shell_ext.o(.text)
    shellExtRun                              0x08015269   Thumb Code   202  shell_ext.o(.text)
    userShellWrite                           0x08015339   Thumb Code    14  shell_port.o(.text)
    userShellRead                            0x08015347   Thumb Code    22  shell_port.o(.text)
    userShellInit                            0x0801535d   Thumb Code    30  shell_port.o(.text)
    tolower                                  0x08015389   Thumb Code    12  tolower.o(.text)
    rand                                     0x08015395   Thumb Code    20  rand.o(.text)
    srand                                    0x080153a9   Thumb Code     6  rand.o(.text)
    __aeabi_memcpy                           0x080153b9   Thumb Code    36  memcpya.o(.text)
    __aeabi_memcpy4                          0x080153b9   Thumb Code     0  memcpya.o(.text)
    __aeabi_memcpy8                          0x080153b9   Thumb Code     0  memcpya.o(.text)
    __aeabi_memset                           0x080153dd   Thumb Code    14  memseta.o(.text)
    __aeabi_memset4                          0x080153dd   Thumb Code     0  memseta.o(.text)
    __aeabi_memset8                          0x080153dd   Thumb Code     0  memseta.o(.text)
    __aeabi_memclr                           0x080153eb   Thumb Code     4  memseta.o(.text)
    __aeabi_memclr4                          0x080153eb   Thumb Code     0  memseta.o(.text)
    __aeabi_memclr8                          0x080153eb   Thumb Code     0  memseta.o(.text)
    _memset$wrapper                          0x080153ef   Thumb Code    18  memseta.o(.text)
    strcat                                   0x08015401   Thumb Code    24  strcat.o(.text)
    strlen                                   0x08015419   Thumb Code    14  strlen.o(.text)
    strcmp                                   0x08015427   Thumb Code    28  strcmp.o(.text)
    strcpy                                   0x08015443   Thumb Code    18  strcpy.o(.text)
    strncmp                                  0x08015455   Thumb Code    30  strncmp.o(.text)
    strtok                                   0x08015475   Thumb Code    62  strtok.o(.text)
    __0sscanf                                0x080154b9   Thumb Code    48  __0sscanf.o(.text)
    _scanf_int                               0x080154f1   Thumb Code   332  _scanf_int.o(.text)
    _scanf_real                              0x08015765   Thumb Code     0  scanf_fp.o(.text)
    _scanf_really_real                       0x08015765   Thumb Code   556  scanf_fp.o(.text)
    strtol                                   0x0801599d   Thumb Code   112  strtol.o(.text)
    atoi                                     0x08015a0d   Thumb Code    26  atoi.o(.text)
    __aeabi_dadd                             0x08015a27   Thumb Code   322  dadd.o(.text)
    __aeabi_dsub                             0x08015b69   Thumb Code     6  dadd.o(.text)
    __aeabi_drsub                            0x08015b6f   Thumb Code     6  dadd.o(.text)
    __aeabi_dmul                             0x08015b75   Thumb Code   228  dmul.o(.text)
    __aeabi_ddiv                             0x08015c59   Thumb Code   222  ddiv.o(.text)
    __aeabi_i2d                              0x08015d37   Thumb Code    34  dflti.o(.text)
    __aeabi_d2iz                             0x08015d59   Thumb Code    62  dfixi.o(.text)
    __aeabi_d2uiz                            0x08015d97   Thumb Code    50  dfixui.o(.text)
    __aeabi_f2d                              0x08015dc9   Thumb Code    38  f2d.o(.text)
    __aeabi_cdcmpeq                          0x08015df1   Thumb Code     0  cdcmple.o(.text)
    __aeabi_cdcmple                          0x08015df1   Thumb Code    48  cdcmple.o(.text)
    __aeabi_cdrcmple                         0x08015e21   Thumb Code    48  cdrcmple.o(.text)
    __aeabi_d2f                              0x08015e51   Thumb Code    56  d2f.o(.text)
    __aeabi_uidiv                            0x08015e89   Thumb Code     0  uidiv.o(.text)
    __aeabi_uidivmod                         0x08015e89   Thumb Code    44  uidiv.o(.text)
    __aeabi_uldivmod                         0x08015eb5   Thumb Code    98  uldiv.o(.text)
    __aeabi_llsl                             0x08015f17   Thumb Code    30  llshl.o(.text)
    _ll_shift_l                              0x08015f17   Thumb Code     0  llshl.o(.text)
    __aeabi_llsr                             0x08015f35   Thumb Code    32  llushr.o(.text)
    _ll_ushift_r                             0x08015f35   Thumb Code     0  llushr.o(.text)
    __aeabi_lasr                             0x08015f55   Thumb Code    36  llsshr.o(.text)
    _ll_sshift_r                             0x08015f55   Thumb Code     0  llsshr.o(.text)
    __rt_ctype_table                         0x08015f79   Thumb Code     4  ctype_o.o(.text)
    isspace                                  0x08015f81   Thumb Code    18  isspace_o.o(.text)
    _chval                                   0x08015f93   Thumb Code    28  _chval.o(.text)
    __vfscanf_char                           0x08015fbd   Thumb Code    20  scanf_char.o(.text)
    _sgetc                                   0x08015fd9   Thumb Code    30  _sgetc.o(.text)
    _sbackspace                              0x08015ff7   Thumb Code    34  _sgetc.o(.text)
    _strtoul                                 0x08016019   Thumb Code   158  _strtoul.o(.text)
    __strtod_int                             0x080160ef   Thumb Code    90  strtod.o(.text)
    __I$use$fp                               0x08016155   Thumb Code     0  iusefp.o(.text)
    _float_round                             0x08016155   Thumb Code    18  fepilogue.o(.text)
    _float_epilogue                          0x08016167   Thumb Code    92  fepilogue.o(.text)
    _double_round                            0x080161c3   Thumb Code    30  depilogue.o(.text)
    _double_epilogue                         0x080161e1   Thumb Code   156  depilogue.o(.text)
    __ARM_scalbn                             0x0801627d   Thumb Code    46  dscalb.o(.text)
    scalbn                                   0x0801627d   Thumb Code     0  dscalb.o(.text)
    __aeabi_ul2d                             0x080162ab   Thumb Code    24  dfltul.o(.text)
    __aeabi_d2ulz                            0x080162c3   Thumb Code    48  dfixul.o(.text)
    __scatterload                            0x080162f5   Thumb Code    28  init.o(.text)
    __scatterload_rt2                        0x080162f5   Thumb Code     0  init.o(.text)
    __vfscanf                                0x08016319   Thumb Code   810  _scanf.o(.text)
    _dsqrt                                   0x08016649   Thumb Code   162  dsqrt.o(.text)
    __decompress                             0x080166eb   Thumb Code     0  __dczerorl2.o(.text)
    __decompress1                            0x080166eb   Thumb Code    86  __dczerorl2.o(.text)
    FIFO_Empty                               0x08016741   Thumb Code    14  fifo.o(i.FIFO_Empty)
    __0printf                                0x08016751   Thumb Code    22  printfa.o(i.__0printf)
    __1printf                                0x08016751   Thumb Code     0  printfa.o(i.__0printf)
    __2printf                                0x08016751   Thumb Code     0  printfa.o(i.__0printf)
    __c89printf                              0x08016751   Thumb Code     0  printfa.o(i.__0printf)
    printf                                   0x08016751   Thumb Code     0  printfa.o(i.__0printf)
    __0sprintf                               0x08016771   Thumb Code    34  printfa.o(i.__0sprintf)
    __1sprintf                               0x08016771   Thumb Code     0  printfa.o(i.__0sprintf)
    __2sprintf                               0x08016771   Thumb Code     0  printfa.o(i.__0sprintf)
    __c89sprintf                             0x08016771   Thumb Code     0  printfa.o(i.__0sprintf)
    sprintf                                  0x08016771   Thumb Code     0  printfa.o(i.__0sprintf)
    __0vsnprintf                             0x08016799   Thumb Code    46  printfa.o(i.__0vsnprintf)
    __1vsnprintf                             0x08016799   Thumb Code     0  printfa.o(i.__0vsnprintf)
    __2vsnprintf                             0x08016799   Thumb Code     0  printfa.o(i.__0vsnprintf)
    __c89vsnprintf                           0x08016799   Thumb Code     0  printfa.o(i.__0vsnprintf)
    vsnprintf                                0x08016799   Thumb Code     0  printfa.o(i.__0vsnprintf)
    __ARM_fpclassify                         0x080167cd   Thumb Code    48  fpclassify.o(i.__ARM_fpclassify)
    __aeabi_errno_addr                       0x080167fd   Thumb Code     4  errno.o(i.__aeabi_errno_addr)
    __rt_errno_addr                          0x080167fd   Thumb Code     0  errno.o(i.__aeabi_errno_addr)
    free                                     0x08016805   Thumb Code    88  mallocr.o(i.__free$realloc)
    __hardfp_ceil                            0x08016861   Thumb Code   252  ceil.o(i.__hardfp_ceil)
    __hardfp_fabs                            0x08016979   Thumb Code    20  fabs.o(i.__hardfp_fabs)
    __hardfp_log                             0x08016991   Thumb Code   872  log.o(i.__hardfp_log)
    __hardfp_pow                             0x08016d59   Thumb Code  3072  pow.o(i.__hardfp_pow)
    __hardfp_strtod                          0x080179a9   Thumb Code    30  strtod.o(i.__hardfp_strtod)
    __kernel_poly                            0x080179d1   Thumb Code   248  poly.o(i.__kernel_poly)
    malloc                                   0x08017ac9   Thumb Code    64  mallocr.o(i.__malloc$realloc)
    __mathlib_dbl_divzero                    0x08017b19   Thumb Code    28  dunder.o(i.__mathlib_dbl_divzero)
    __mathlib_dbl_infnan                     0x08017b49   Thumb Code    20  dunder.o(i.__mathlib_dbl_infnan)
    __mathlib_dbl_infnan2                    0x08017b5d   Thumb Code    20  dunder.o(i.__mathlib_dbl_infnan2)
    __mathlib_dbl_invalid                    0x08017b71   Thumb Code    24  dunder.o(i.__mathlib_dbl_invalid)
    __mathlib_dbl_overflow                   0x08017b91   Thumb Code    24  dunder.o(i.__mathlib_dbl_overflow)
    __mathlib_dbl_underflow                  0x08017bb1   Thumb Code    24  dunder.o(i.__mathlib_dbl_underflow)
    __scatterload_copy                       0x08017bd1   Thumb Code    14  handlers.o(i.__scatterload_copy)
    __scatterload_null                       0x08017bdf   Thumb Code     2  handlers.o(i.__scatterload_null)
    __scatterload_zeroinit                   0x08017be1   Thumb Code    14  handlers.o(i.__scatterload_zeroinit)
    __set_errno                              0x08017bf1   Thumb Code     6  errno.o(i.__set_errno)
    _is_digit                                0x08017d81   Thumb Code    14  scanf_fp.o(i._is_digit)
    fabs                                     0x080184b7   Thumb Code    24  fabs.o(i.fabs)
    realloc                                  0x08018521   Thumb Code   102  mallocr.o(i.realloc)
    sqrt                                     0x0801858d   Thumb Code   110  sqrt.o(i.sqrt)
    g_gpioConfigHandler_main                 0x080186ac   Data           8  dev_main.o(.constdata)
    g_devHandler_main                        0x0801871c   Data          28  dev_main.o(.constdata)
    g_gpioConfigHandler_net                  0x0801874c   Data           8  dev_net.o(.constdata)
    g_devHandler_net                         0x08018774   Data          28  dev_net.o(.constdata)
    g_gpioConfigHandler_power                0x080187a4   Data           8  dev_power.o(.constdata)
    g_devHandler_power                       0x080187cc   Data          28  dev_power.o(.constdata)
    g_gpioConfigHandler_storage0             0x080187fc   Data           8  dev_storage0.o(.constdata)
    g_devHandler_storage0                    0x08018824   Data          28  dev_storage0.o(.constdata)
    g_gpioConfigHandler_switch               0x08018854   Data           8  dev_switch.o(.constdata)
    g_devHandler_switch                      0x0801887c   Data          28  dev_switch.o(.constdata)
    shellCmdi2cTest                          0x08018900   Data           8  tools.o(.constdata)
    shellDesci2cTest                         0x08018908   Data           9  tools.o(.constdata)
    shellCmdreboot                           0x08018911   Data           7  tools.o(.constdata)
    shellDescreboot                          0x08018918   Data          15  tools.o(.constdata)
    shellCmdversion                          0x08018927   Data           8  tools.o(.constdata)
    shellDescversion                         0x0801892f   Data          21  tools.o(.constdata)
    shellCmdsensor                           0x08018944   Data           7  tools.o(.constdata)
    shellDescsensor                          0x0801894b   Data          17  tools.o(.constdata)
    shellCmdexit                             0x0801895c   Data           5  tools.o(.constdata)
    shellDescexit                            0x08018961   Data          11  tools.o(.constdata)
    shellCmdlog                              0x0801896c   Data           4  log.o(.constdata)
    shellDesclog                             0x08018970   Data          10  log.o(.constdata)
    m_FlashModeFilterTbl                     0x080189f4   Data          10  msghndlr.o(.constdata)
    g_App_CmdHndlr                           0x08018a00   Data         560  app.o(.constdata)
    g_Chassis_CmdHndlr                       0x08018c30   Data          48  chassis.o(.constdata)
    g_Oem_CmdHndlr                           0x08018c60   Data          96  oem.o(.constdata)
    g_SensorEvent_CmdHndlr                   0x08018cc0   Data         272  sensorevent.o(.constdata)
    g_Storage_CmdHndlr                       0x08018e38   Data         224  storage.o(.constdata)
    SDRSize                                  0x08018f18   Data          20  sdr.o(.constdata)
    g_Bridge_CmdHndlr                        0x08018f30   Data          16  bridge.o(.constdata)
    shellCmdDefaultUser                      0x08019038   Data           6  shell.o(.constdata)
    shellPasswordDefaultUser                 0x0801903e   Data           5  shell.o(.constdata)
    shellDesDefaultUser                      0x08019043   Data          13  shell.o(.constdata)
    shellCmdsetVar                           0x08019050   Data           7  shell.o(.constdata)
    shellDescsetVar                          0x08019057   Data           8  shell.o(.constdata)
    shellDesc0x1B5B4100                      0x0801905f   Data           3  shell.o(.constdata)
    shellDesc0x1B5B4200                      0x08019062   Data           5  shell.o(.constdata)
    shellDesc0x1B5B4300                      0x08019067   Data           6  shell.o(.constdata)
    shellDesc0x1B5B4400                      0x0801906d   Data           5  shell.o(.constdata)
    shellDesc0x09000000                      0x08019072   Data           4  shell.o(.constdata)
    shellDesc0x08000000                      0x08019076   Data          10  shell.o(.constdata)
    shellDesc0x7F000000                      0x08019080   Data          10  shell.o(.constdata)
    shellDesc0x1B5B337E                      0x0801908a   Data           7  shell.o(.constdata)
    shellDesc0x0D000000                      0x08019091   Data           6  shell.o(.constdata)
    shellDesc0x0D0A0000                      0x08019097   Data           6  shell.o(.constdata)
    shellCmdhelp                             0x0801909d   Data           5  shell.o(.constdata)
    shellDeschelp                            0x080190a2   Data          30  shell.o(.constdata)
    shellCmdusers                            0x080190c0   Data           6  shell.o(.constdata)
    shellDescusers                           0x080190c6   Data          14  shell.o(.constdata)
    shellCmdcmds                             0x080190d4   Data           5  shell.o(.constdata)
    shellDesccmds                            0x080190d9   Data          13  shell.o(.constdata)
    shellCmdvars                             0x080190e6   Data           5  shell.o(.constdata)
    shellDescvars                            0x080190eb   Data          13  shell.o(.constdata)
    shellCmdkeys                             0x080190f8   Data           5  shell.o(.constdata)
    shellDesckeys                            0x080190fd   Data          13  shell.o(.constdata)
    shellCmdclear                            0x0801910a   Data           6  shell.o(.constdata)
    shellDescclear                           0x08019110   Data          14  shell.o(.constdata)
    __mathlib_zero                           0x080191e0   Data           8  qnan.o(.constdata)
    __ctype_table                            0x080191e8   Data         129  ctype_o.o(.constdata)
    Region$$Table$$Base                      0x0801974c   Number         0  anon$$obj.o(Region$$Table)
    Region$$Table$$Limit                     0x0801976c   Number         0  anon$$obj.o(Region$$Table)
    shellCommand$$Base                       0x0801976c   Number         0  tools.o(shellCommand)
    shellCommandi2cTest                      0x0801976c   Data          16  tools.o(shellCommand)
    shellCommandreboot                       0x0801977c   Data          16  tools.o(shellCommand)
    shellCommandversion                      0x0801978c   Data          16  tools.o(shellCommand)
    shellCommandsensor                       0x0801979c   Data          16  tools.o(shellCommand)
    shellCommandexit                         0x080197ac   Data          16  tools.o(shellCommand)
    shellCommandlog                          0x080197bc   Data          16  log.o(shellCommand)
    shellUserDefault                         0x080197cc   Data          16  shell.o(shellCommand)
    shellCommandsetVar                       0x080197dc   Data          16  shell.o(shellCommand)
    shellKey0x1B5B4100                       0x080197ec   Data          16  shell.o(shellCommand)
    shellKey0x1B5B4200                       0x080197fc   Data          16  shell.o(shellCommand)
    shellKey0x1B5B4300                       0x0801980c   Data          16  shell.o(shellCommand)
    shellKey0x1B5B4400                       0x0801981c   Data          16  shell.o(shellCommand)
    shellKey0x09000000                       0x0801982c   Data          16  shell.o(shellCommand)
    shellKey0x08000000                       0x0801983c   Data          16  shell.o(shellCommand)
    shellKey0x7F000000                       0x0801984c   Data          16  shell.o(shellCommand)
    shellKey0x1B5B337E                       0x0801985c   Data          16  shell.o(shellCommand)
    shellKey0x0D000000                       0x0801986c   Data          16  shell.o(shellCommand)
    shellKey0x0D0A0000                       0x0801987c   Data          16  shell.o(shellCommand)
    shellCommandhelp                         0x0801988c   Data          16  shell.o(shellCommand)
    shellCommandusers                        0x0801989c   Data          16  shell.o(shellCommand)
    shellCommandcmds                         0x080198ac   Data          16  shell.o(shellCommand)
    shellCommandvars                         0x080198bc   Data          16  shell.o(shellCommand)
    shellCommandkeys                         0x080198cc   Data          16  shell.o(shellCommand)
    shellCommandclear                        0x080198dc   Data          16  shell.o(shellCommand)
    shellCommand$$Limit                      0x080198ec   Number         0  shell.o(shellCommand)
    ComTask_Handler                          0x20000000   Data           4  main.o(.data)
    g_debugLevel                             0x20000004   Data           4  main.o(.data)
    g_localtime                              0x20000008   Data           4  main.o(.data)
    g_utc_time_bmc_firmware_build            0x20000010   Data           8  main.o(.data)
    g_bmc_firmware_version                   0x20000018   Data           2  main.o(.data)
    projectInfo                              0x2000001c   Data           4  main.o(.data)
    g_chassisCtrl_Queue                      0x20000020   Data           4  main.o(.data)
    GW_ADDR0                                 0x20000075   Data           1  tools.o(.data)
    GW_ADDR1                                 0x20000076   Data           1  tools.o(.data)
    GW_ADDR2                                 0x20000077   Data           1  tools.o(.data)
    GW_ADDR3                                 0x20000078   Data           1  tools.o(.data)
    IP_ADDR0                                 0x20000079   Data           1  tools.o(.data)
    IP_ADDR1                                 0x2000007a   Data           1  tools.o(.data)
    IP_ADDR2                                 0x2000007b   Data           1  tools.o(.data)
    IP_ADDR3                                 0x2000007c   Data           1  tools.o(.data)
    ResponseDatMsg_Queue                     0x200000fc   Data           4  msghndlr.o(.data)
    RecvDatMsg_Queue                         0x20000100   Data           4  msghndlr.o(.data)
    RecvForwardI2CDatMsg_Queue               0x20000104   Data           4  msghndlr.o(.data)
    g_sensor_sdr                             0x20000108   Data         576  sdr.o(.data)
    g_time_run                               0x20000418   Data           4  bsp_timer.o(.data)
    SystemCoreClock                          0x2000041c   Data           4  system_gd32f30x.o(.data)
    pxCurrentTCB                             0x20000420   Data           4  tasks.o(.data)
    __stdout                                 0x200004f0   Data           4  stdout.o(.data)
    __microlib_freelist                      0x200004f4   Data           4  mvars.o(.data)
    __microlib_freelist_initialised          0x200004f8   Data           4  mvars.o(.data)
    g_BMCInfo                                0x20000614   Data        4528  msghndlr.o(.bss)
    g_fullSensorRec_Tmp                      0x200017c4   Data          64  sdr.o(.bss)
    g_Cap                                    0x20001804   Data          48  bsp_capture.o(.bss)
    xQueueRegistry                           0x20001ba8   Data         120  queue.o(.bss)
    shell                                    0x2000ab4c   Data         108  shell_port.o(.bss)
    shellBuffer                              0x2000abb8   Data         200  shell_port.o(.bss)
    __heap_base                              0x2000ac80   Data           0  startup_gd32f30x_cl.o(HEAP)
    __heap_limit                             0x2000b080   Data           0  startup_gd32f30x_cl.o(HEAP)
    __initial_sp                             0x2000b480   Data           0  startup_gd32f30x_cl.o(STACK)



==============================================================================

Memory Map of the image

  Image Entry point : 0x08000151

  Load Region LR_IROM1 (Base: 0x08000000, Size: 0x00019dec, Max: 0x00100000, ABSOLUTE, COMPRESSED[0x00019ae0])

    Execution Region ER_IROM1 (Exec base: 0x08000000, Load base: 0x08000000, Size: 0x000198ec, Max: 0x00100000, ABSOLUTE)

    Exec Addr    Load Addr    Size         Type   Attr      Idx    E Section Name        Object

    0x08000000   0x08000000   0x00000150   Data   RO         2541    RESET               startup_gd32f30x_cl.o
    0x08000150   0x08000150   0x00000000   Code   RO         2930  * .ARM.Collect$$$$00000000  mc_w.l(entry.o)
    0x08000150   0x08000150   0x00000004   Code   RO         3312    .ARM.Collect$$$$00000001  mc_w.l(entry2.o)
    0x08000154   0x08000154   0x00000004   Code   RO         3315    .ARM.Collect$$$$00000004  mc_w.l(entry5.o)
    0x08000158   0x08000158   0x00000000   Code   RO         3317    .ARM.Collect$$$$00000008  mc_w.l(entry7b.o)
    0x08000158   0x08000158   0x00000000   Code   RO         3319    .ARM.Collect$$$$0000000A  mc_w.l(entry8b.o)
    0x08000158   0x08000158   0x00000008   Code   RO         3320    .ARM.Collect$$$$0000000B  mc_w.l(entry9a.o)
    0x08000160   0x08000160   0x00000004   Code   RO         3327    .ARM.Collect$$$$0000000E  mc_w.l(entry12b.o)
    0x08000164   0x08000164   0x00000000   Code   RO         3322    .ARM.Collect$$$$0000000F  mc_w.l(entry10a.o)
    0x08000164   0x08000164   0x00000000   Code   RO         3324    .ARM.Collect$$$$00000011  mc_w.l(entry11a.o)
    0x08000164   0x08000164   0x00000004   Code   RO         3313    .ARM.Collect$$$$00002712  mc_w.l(entry2.o)
    0x08000168   0x08000168   0x00000096   Code   RO         2756    .emb_text           port.o
    0x080001fe   0x080001fe   0x00000026   Code   RO            3    .text               gd32f30x_it.o
    0x08000224   0x08000224   0x00000584   Code   RO          183    .text               main.o
    0x080007a8   0x080007a8   0x00000080   Code   RO          396    .text               systick.o
    0x08000828   0x08000828   0x00000002   Code   RO          444    .text               gd32f30x_platform.o
    0x0800082a   0x0800082a   0x00000002   PAD
    0x0800082c   0x0800082c   0x00000ccc   Code   RO          468    .text               api_subdevices.o
    0x080014f8   0x080014f8   0x000000c0   Code   RO          703    .text               dev_main.o
    0x080015b8   0x080015b8   0x00000380   Code   RO          809    .text               api_adc.o
    0x08001938   0x08001938   0x00000330   Code   RO          838    .text               api_fan.o
    0x08001c68   0x08001c68   0x00000044   Code   RO          909    .text               api_cpu.o
    0x08001cac   0x08001cac   0x000003b8   Code   RO          934    .text               api_utc.o
    0x08002064   0x08002064   0x00000cd8   Code   RO          956    .text               tools.o
    0x08002d3c   0x08002d3c   0x00000190   Code   RO         1040    .text               fifo.o
    0x08002ecc   0x08002ecc   0x00000200   Code   RO         1117    .text               api_sensor.o
    0x080030cc   0x080030cc   0x0000237c   Code   RO         1156    .text               cjson.o
    0x08005448   0x08005448   0x00000348   Code   RO         1198    .text               log.o
    0x08005790   0x08005790   0x00000074   Code   RO         1221    .text               ipmi_common.o
    0x08005804   0x08005804   0x00000474   Code   RO         1309    .text               serialifc.o
    0x08005c78   0x08005c78   0x0000007e   Code   RO         1347    .text               serial.o
    0x08005cf6   0x08005cf6   0x00000002   PAD
    0x08005cf8   0x08005cf8   0x00000384   Code   RO         1422    .text               chassisctrl.o
    0x0800607c   0x0800607c   0x000008f4   Code   RO         1452    .text               msghndlr.o
    0x08006970   0x08006970   0x00000572   Code   RO         1526    .text               appdevice.o
    0x08006ee2   0x08006ee2   0x00000002   PAD
    0x08006ee4   0x08006ee4   0x000001a4   Code   RO         1579    .text               oem.o
    0x08007088   0x08007088   0x000027e4   Code   RO         1638    .text               sensor.o
    0x0800986c   0x0800986c   0x0000147c   Code   RO         1702    .text               sdr.o
    0x0800ace8   0x0800ace8   0x00000268   Code   RO         1737    .text               ipmdevice.o
    0x0800af50   0x0800af50   0x000005a0   Code   RO         1800    .text               chassisdevice.o
    0x0800b4f0   0x0800b4f0   0x00000c94   Code   RO         1824    .text               sensor_helpers.o
    0x0800c184   0x0800c184   0x000000d4   Code   RO         1866    .text               bsp_adc.o
    0x0800c258   0x0800c258   0x00000280   Code   RO         1886    .text               bsp_capture.o
    0x0800c4d8   0x0800c4d8   0x00000a50   Code   RO         1913    .text               bsp_i2c.o
    0x0800cf28   0x0800cf28   0x000000d0   Code   RO         1986    .text               bsp_pwm.o
    0x0800cff8   0x0800cff8   0x00000050   Code   RO         2009    .text               bsp_uart3.o
    0x0800d048   0x0800d048   0x000001bc   Code   RO         2036    .text               bsp_usart0.o
    0x0800d204   0x0800d204   0x00000088   Code   RO         2077    .text               bsp_usart1.o
    0x0800d28c   0x0800d28c   0x000002ac   Code   RO         2101    .text               bsp_gpio.o
    0x0800d538   0x0800d538   0x000000f0   Code   RO         2147    .text               bsp_timer.o
    0x0800d628   0x0800d628   0x00000298   Code   RO         2170    .text               bsp_uartcomm.o
    0x0800d8c0   0x0800d8c0   0x000002f8   Code   RO         2192    .text               system_gd32f30x.o
    0x0800dbb8   0x0800dbb8   0x000005ac   Code   RO         2218    .text               gd32f30x_adc.o
    0x0800e164   0x0800e164   0x00000360   Code   RO         2301    .text               gd32f30x_gpio.o
    0x0800e4c4   0x0800e4c4   0x00000108   Code   RO         2321    .text               gd32f30x_fwdgt.o
    0x0800e5cc   0x0800e5cc   0x000003cc   Code   RO         2361    .text               gd32f30x_i2c.o
    0x0800e998   0x0800e998   0x000006d4   Code   RO         2401    .text               gd32f30x_rcu.o
    0x0800f06c   0x0800f06c   0x00000e4c   Code   RO         2441    .text               gd32f30x_timer.o
    0x0800feb8   0x0800feb8   0x00000144   Code   RO         2461    .text               gd32f30x_misc.o
    0x0800fffc   0x0800fffc   0x0000049c   Code   RO         2481    .text               gd32f30x_usart.o
    0x08010498   0x08010498   0x00000080   Code   RO         2521    .text               gd32f30x_dbg.o
    0x08010518   0x08010518   0x00000024   Code   RO         2542    .text               startup_gd32f30x_cl.o
    0x0801053c   0x0801053c   0x00000094   Code   RO         2616    .text               list.o
    0x080105d0   0x080105d0   0x00000fd0   Code   RO         2639    .text               queue.o
    0x080115a0   0x080115a0   0x00001b08   Code   RO         2668    .text               tasks.o
    0x080130a8   0x080130a8   0x0000064c   Code   RO         2707    .text               timers.o
    0x080136f4   0x080136f4   0x000002a0   Code   RO         2733    .text               heap_4.o
    0x08013994   0x08013994   0x000002e0   Code   RO         2757    .text               port.o
    0x08013c74   0x08013c74   0x00001374   Code   RO         2794    .text               shell.o
    0x08014fe8   0x08014fe8   0x00000350   Code   RO         2849    .text               shell_ext.o
    0x08015338   0x08015338   0x00000050   Code   RO         2863    .text               shell_port.o
    0x08015388   0x08015388   0x0000000c   Code   RO         2933    .text               mc_w.l(tolower.o)
    0x08015394   0x08015394   0x00000024   Code   RO         2935    .text               mc_w.l(rand.o)
    0x080153b8   0x080153b8   0x00000024   Code   RO         2938    .text               mc_w.l(memcpya.o)
    0x080153dc   0x080153dc   0x00000024   Code   RO         2940    .text               mc_w.l(memseta.o)
    0x08015400   0x08015400   0x00000018   Code   RO         2942    .text               mc_w.l(strcat.o)
    0x08015418   0x08015418   0x0000000e   Code   RO         2944    .text               mc_w.l(strlen.o)
    0x08015426   0x08015426   0x0000001c   Code   RO         2946    .text               mc_w.l(strcmp.o)
    0x08015442   0x08015442   0x00000012   Code   RO         2948    .text               mc_w.l(strcpy.o)
    0x08015454   0x08015454   0x0000001e   Code   RO         2950    .text               mc_w.l(strncmp.o)
    0x08015472   0x08015472   0x00000002   PAD
    0x08015474   0x08015474   0x00000044   Code   RO         2952    .text               mc_w.l(strtok.o)
    0x080154b8   0x080154b8   0x00000038   Code   RO         3249    .text               mc_w.l(__0sscanf.o)
    0x080154f0   0x080154f0   0x0000014c   Code   RO         3251    .text               mc_w.l(_scanf_int.o)
    0x0801563c   0x0801563c   0x00000360   Code   RO         3253    .text               mc_w.l(scanf_fp.o)
    0x0801599c   0x0801599c   0x00000070   Code   RO         3257    .text               mc_w.l(strtol.o)
    0x08015a0c   0x08015a0c   0x0000001a   Code   RO         3259    .text               mc_w.l(atoi.o)
    0x08015a26   0x08015a26   0x0000014e   Code   RO         3261    .text               mf_w.l(dadd.o)
    0x08015b74   0x08015b74   0x000000e4   Code   RO         3263    .text               mf_w.l(dmul.o)
    0x08015c58   0x08015c58   0x000000de   Code   RO         3265    .text               mf_w.l(ddiv.o)
    0x08015d36   0x08015d36   0x00000022   Code   RO         3267    .text               mf_w.l(dflti.o)
    0x08015d58   0x08015d58   0x0000003e   Code   RO         3269    .text               mf_w.l(dfixi.o)
    0x08015d96   0x08015d96   0x00000032   Code   RO         3271    .text               mf_w.l(dfixui.o)
    0x08015dc8   0x08015dc8   0x00000026   Code   RO         3273    .text               mf_w.l(f2d.o)
    0x08015dee   0x08015dee   0x00000002   PAD
    0x08015df0   0x08015df0   0x00000030   Code   RO         3275    .text               mf_w.l(cdcmple.o)
    0x08015e20   0x08015e20   0x00000030   Code   RO         3277    .text               mf_w.l(cdrcmple.o)
    0x08015e50   0x08015e50   0x00000038   Code   RO         3279    .text               mf_w.l(d2f.o)
    0x08015e88   0x08015e88   0x0000002c   Code   RO         3329    .text               mc_w.l(uidiv.o)
    0x08015eb4   0x08015eb4   0x00000062   Code   RO         3331    .text               mc_w.l(uldiv.o)
    0x08015f16   0x08015f16   0x0000001e   Code   RO         3333    .text               mc_w.l(llshl.o)
    0x08015f34   0x08015f34   0x00000020   Code   RO         3335    .text               mc_w.l(llushr.o)
    0x08015f54   0x08015f54   0x00000024   Code   RO         3337    .text               mc_w.l(llsshr.o)
    0x08015f78   0x08015f78   0x00000008   Code   RO         3339    .text               mc_w.l(ctype_o.o)
    0x08015f80   0x08015f80   0x00000012   Code   RO         3361    .text               mc_w.l(isspace_o.o)
    0x08015f92   0x08015f92   0x0000001c   Code   RO         3376    .text               mc_w.l(_chval.o)
    0x08015fae   0x08015fae   0x00000002   PAD
    0x08015fb0   0x08015fb0   0x00000028   Code   RO         3378    .text               mc_w.l(scanf_char.o)
    0x08015fd8   0x08015fd8   0x00000040   Code   RO         3380    .text               mc_w.l(_sgetc.o)
    0x08016018   0x08016018   0x0000009e   Code   RO         3382    .text               mc_w.l(_strtoul.o)
    0x080160b6   0x080160b6   0x00000002   PAD
    0x080160b8   0x080160b8   0x0000009c   Code   RO         3384    .text               mc_w.l(strtod.o)
    0x08016154   0x08016154   0x00000000   Code   RO         3386    .text               mc_w.l(iusefp.o)
    0x08016154   0x08016154   0x0000006e   Code   RO         3387    .text               mf_w.l(fepilogue.o)
    0x080161c2   0x080161c2   0x000000ba   Code   RO         3389    .text               mf_w.l(depilogue.o)
    0x0801627c   0x0801627c   0x0000002e   Code   RO         3393    .text               mf_w.l(dscalb.o)
    0x080162aa   0x080162aa   0x00000018   Code   RO         3395    .text               mf_w.l(dfltul.o)
    0x080162c2   0x080162c2   0x00000030   Code   RO         3397    .text               mf_w.l(dfixul.o)
    0x080162f2   0x080162f2   0x00000002   PAD
    0x080162f4   0x080162f4   0x00000024   Code   RO         3399    .text               mc_w.l(init.o)
    0x08016318   0x08016318   0x00000330   Code   RO         3403    .text               mc_w.l(_scanf.o)
    0x08016648   0x08016648   0x000000a2   Code   RO         3405    .text               mf_w.l(dsqrt.o)
    0x080166ea   0x080166ea   0x00000056   Code   RO         3418    .text               mc_w.l(__dczerorl2.o)
    0x08016740   0x08016740   0x0000000e   Code   RO         1055    i.FIFO_Empty        fifo.o
    0x0801674e   0x0801674e   0x00000002   PAD
    0x08016750   0x08016750   0x00000020   Code   RO         3193    i.__0printf         mc_w.l(printfa.o)
    0x08016770   0x08016770   0x00000028   Code   RO         3195    i.__0sprintf        mc_w.l(printfa.o)
    0x08016798   0x08016798   0x00000034   Code   RO         3198    i.__0vsnprintf      mc_w.l(printfa.o)
    0x080167cc   0x080167cc   0x00000030   Code   RO         3295    i.__ARM_fpclassify  m_wm.l(fpclassify.o)
    0x080167fc   0x080167fc   0x00000008   Code   RO         3369    i.__aeabi_errno_addr  mc_w.l(errno.o)
    0x08016804   0x08016804   0x0000005c   Code   RO         3225    i.__free$realloc    mc_w.l(mallocr.o)
    0x08016860   0x08016860   0x00000118   Code   RO         2884    i.__hardfp_ceil     m_wm.l(ceil.o)
    0x08016978   0x08016978   0x00000014   Code   RO         2890    i.__hardfp_fabs     m_wm.l(fabs.o)
    0x0801698c   0x0801698c   0x00000004   PAD
    0x08016990   0x08016990   0x000003c4   Code   RO         2896    i.__hardfp_log      m_wm.l(log.o)
    0x08016d54   0x08016d54   0x00000004   PAD
    0x08016d58   0x08016d58   0x00000c50   Code   RO         2910    i.__hardfp_pow      m_wm.l(pow.o)
    0x080179a8   0x080179a8   0x00000028   Code   RO         2924    i.__hardfp_strtod   m_wm.l(strtod.o)
    0x080179d0   0x080179d0   0x000000f8   Code   RO         3297    i.__kernel_poly     m_wm.l(poly.o)
    0x08017ac8   0x08017ac8   0x00000050   Code   RO         3226    i.__malloc$realloc  mc_w.l(mallocr.o)
    0x08017b18   0x08017b18   0x00000030   Code   RO         3281    i.__mathlib_dbl_divzero  m_wm.l(dunder.o)
    0x08017b48   0x08017b48   0x00000014   Code   RO         3282    i.__mathlib_dbl_infnan  m_wm.l(dunder.o)
    0x08017b5c   0x08017b5c   0x00000014   Code   RO         3283    i.__mathlib_dbl_infnan2  m_wm.l(dunder.o)
    0x08017b70   0x08017b70   0x00000020   Code   RO         3284    i.__mathlib_dbl_invalid  m_wm.l(dunder.o)
    0x08017b90   0x08017b90   0x00000020   Code   RO         3285    i.__mathlib_dbl_overflow  m_wm.l(dunder.o)
    0x08017bb0   0x08017bb0   0x00000020   Code   RO         3287    i.__mathlib_dbl_underflow  m_wm.l(dunder.o)
    0x08017bd0   0x08017bd0   0x0000000e   Code   RO         3412    i.__scatterload_copy  mc_w.l(handlers.o)
    0x08017bde   0x08017bde   0x00000002   Code   RO         3413    i.__scatterload_null  mc_w.l(handlers.o)
    0x08017be0   0x08017be0   0x0000000e   Code   RO         3414    i.__scatterload_zeroinit  mc_w.l(handlers.o)
    0x08017bee   0x08017bee   0x00000002   PAD
    0x08017bf0   0x08017bf0   0x0000000c   Code   RO         3371    i.__set_errno       mc_w.l(errno.o)
    0x08017bfc   0x08017bfc   0x00000184   Code   RO         3200    i._fp_digits        mc_w.l(printfa.o)
    0x08017d80   0x08017d80   0x0000000e   Code   RO         3255    i._is_digit         mc_w.l(scanf_fp.o)
    0x08017d8e   0x08017d8e   0x00000002   PAD
    0x08017d90   0x08017d90   0x000006b4   Code   RO         3201    i._printf_core      mc_w.l(printfa.o)
    0x08018444   0x08018444   0x00000024   Code   RO         3202    i._printf_post_padding  mc_w.l(printfa.o)
    0x08018468   0x08018468   0x0000002e   Code   RO         3203    i._printf_pre_padding  mc_w.l(printfa.o)
    0x08018496   0x08018496   0x00000016   Code   RO         3204    i._snputc           mc_w.l(printfa.o)
    0x080184ac   0x080184ac   0x0000000a   Code   RO         3205    i._sputc            mc_w.l(printfa.o)
    0x080184b6   0x080184b6   0x00000018   Code   RO         2892    i.fabs              m_wm.l(fabs.o)
    0x080184ce   0x080184ce   0x00000002   PAD
    0x080184d0   0x080184d0   0x00000050   Code   RO         3227    i.internal_alloc    mc_w.l(mallocr.o)
    0x08018520   0x08018520   0x0000006c   Code   RO         3228    i.realloc           mc_w.l(mallocr.o)
    0x0801858c   0x0801858c   0x0000006e   Code   RO         3302    i.sqrt              m_wm.l(sqrt.o)
    0x080185fa   0x080185fa   0x00000002   PAD
    0x080185fc   0x080185fc   0x00000038   Data   RO          470    .constdata          api_subdevices.o
    0x08018634   0x08018634   0x00000104   Data   RO          705    .constdata          dev_main.o
    0x08018738   0x08018738   0x00000058   Data   RO          734    .constdata          dev_net.o
    0x08018790   0x08018790   0x00000058   Data   RO          753    .constdata          dev_power.o
    0x080187e8   0x080187e8   0x00000058   Data   RO          772    .constdata          dev_storage0.o
    0x08018840   0x08018840   0x00000058   Data   RO          791    .constdata          dev_switch.o
    0x08018898   0x08018898   0x00000038   Data   RO          840    .constdata          api_fan.o
    0x080188d0   0x080188d0   0x00000030   Data   RO          935    .constdata          api_utc.o
    0x08018900   0x08018900   0x0000006c   Data   RO          957    .constdata          tools.o
    0x0801896c   0x0801896c   0x0000000e   Data   RO         1199    .constdata          log.o
    0x0801897a   0x0801897a   0x00000002   PAD
    0x0801897c   0x0801897c   0x00000082   Data   RO         1454    .constdata          msghndlr.o
    0x080189fe   0x080189fe   0x00000002   PAD
    0x08018a00   0x08018a00   0x00000230   Data   RO         1491    .constdata          app.o
    0x08018c30   0x08018c30   0x00000030   Data   RO         1559    .constdata          chassis.o
    0x08018c60   0x08018c60   0x00000060   Data   RO         1580    .constdata          oem.o
    0x08018cc0   0x08018cc0   0x00000110   Data   RO         1609    .constdata          sensorevent.o
    0x08018dd0   0x08018dd0   0x00000066   Data   RO         1639    .constdata          sensor.o
    0x08018e36   0x08018e36   0x00000002   PAD
    0x08018e38   0x08018e38   0x000000e0   Data   RO         1682    .constdata          storage.o
    0x08018f18   0x08018f18   0x00000014   Data   RO         1704    .constdata          sdr.o
    0x08018f2c   0x08018f2c   0x00000003   Data   RO         1738    .constdata          ipmdevice.o
    0x08018f2f   0x08018f2f   0x00000001   PAD
    0x08018f30   0x08018f30   0x00000010   Data   RO         1769    .constdata          bridge.o
    0x08018f40   0x08018f40   0x00000030   Data   RO         1888    .constdata          bsp_capture.o
    0x08018f70   0x08018f70   0x00000028   Data   RO         2011    .constdata          bsp_uart3.o
    0x08018f98   0x08018f98   0x00000028   Data   RO         2038    .constdata          bsp_usart0.o
    0x08018fc0   0x08018fc0   0x00000028   Data   RO         2079    .constdata          bsp_usart1.o
    0x08018fe8   0x08018fe8   0x00000050   Data   RO         2102    .constdata          bsp_gpio.o
    0x08019038   0x08019038   0x000000e6   Data   RO         2796    .constdata          shell.o
    0x0801911e   0x0801911e   0x00000002   PAD
    0x08019120   0x08019120   0x00000038   Data   RO         2899    .constdata          m_wm.l(log.o)
    0x08019158   0x08019158   0x00000088   Data   RO         2913    .constdata          m_wm.l(pow.o)
    0x080191e0   0x080191e0   0x00000008   Data   RO         3299    .constdata          m_wm.l(qnan.o)
    0x080191e8   0x080191e8   0x00000081   Data   RO         3340    .constdata          mc_w.l(ctype_o.o)
    0x08019269   0x08019269   0x00000003   PAD
    0x0801926c   0x0801926c   0x00000004   Data   RO         3341    .constdata          mc_w.l(ctype_o.o)
    0x08019270   0x08019270   0x00000105   Data   RO          184    .conststring        main.o
    0x08019375   0x08019375   0x00000003   PAD
    0x08019378   0x08019378   0x00000060   Data   RO          471    .conststring        api_subdevices.o
    0x080193d8   0x080193d8   0x00000035   Data   RO          706    .conststring        dev_main.o
    0x0801940d   0x0801940d   0x00000003   PAD
    0x08019410   0x08019410   0x00000030   Data   RO          936    .conststring        api_utc.o
    0x08019440   0x08019440   0x000000be   Data   RO          958    .conststring        tools.o
    0x080194fe   0x080194fe   0x00000002   PAD
    0x08019500   0x08019500   0x0000000d   Data   RO         1200    .conststring        log.o
    0x0801950d   0x0801950d   0x00000003   PAD
    0x08019510   0x08019510   0x000000de   Data   RO         1640    .conststring        sensor.o
    0x080195ee   0x080195ee   0x00000002   PAD
    0x080195f0   0x080195f0   0x00000159   Data   RO         2797    .conststring        shell.o
    0x08019749   0x08019749   0x00000003   PAD
    0x0801974c   0x0801974c   0x00000020   Data   RO         3410    Region$$Table       anon$$obj.o
    0x0801976c   0x0801976c   0x00000050   Data   RO          960    shellCommand        tools.o
    0x080197bc   0x080197bc   0x00000010   Data   RO         1202    shellCommand        log.o
    0x080197cc   0x080197cc   0x00000120   Data   RO         2799    shellCommand        shell.o


    Execution Region RW_IRAM1 (Exec base: 0x20000000, Load base: 0x080198ec, Size: 0x0000b480, Max: 0x00018000, ABSOLUTE, COMPRESSED[0x000001f4])

    Exec Addr    Load Addr    Size         Type   Attr      Idx    E Section Name        Object

    0x20000000   COMPRESSED   0x00000028   Data   RW          185    .data               main.o
    0x20000028   COMPRESSED   0x00000040   Data   RW          472    .data               api_subdevices.o
    0x20000068   COMPRESSED   0x00000004   Data   RW          810    .data               api_adc.o
    0x2000006c   COMPRESSED   0x00000044   Data   RW          959    .data               tools.o
    0x200000b0   COMPRESSED   0x00000018   Data   RW         1118    .data               api_sensor.o
    0x200000c8   COMPRESSED   0x00000018   Data   RW         1158    .data               cjson.o
    0x200000e0   COMPRESSED   0x00000018   Data   RW         1201    .data               log.o
    0x200000f8   COMPRESSED   0x00000010   Data   RW         1455    .data               msghndlr.o
    0x20000108   COMPRESSED   0x00000240   Data   RW         1705    .data               sdr.o
    0x20000348   COMPRESSED   0x00000014   Data   RW         1739    .data               ipmdevice.o
    0x2000035c   COMPRESSED   0x00000008   Data   RW         1915    .data               bsp_i2c.o
    0x20000364   COMPRESSED   0x00000034   Data   RW         2012    .data               bsp_uart3.o
    0x20000398   COMPRESSED   0x00000039   Data   RW         2039    .data               bsp_usart0.o
    0x200003d1   COMPRESSED   0x00000003   PAD
    0x200003d4   COMPRESSED   0x00000039   Data   RW         2080    .data               bsp_usart1.o
    0x2000040d   COMPRESSED   0x00000003   PAD
    0x20000410   COMPRESSED   0x00000008   Data   RW         2103    .data               bsp_gpio.o
    0x20000418   COMPRESSED   0x00000004   Data   RW         2148    .data               bsp_timer.o
    0x2000041c   COMPRESSED   0x00000004   Data   RW         2193    .data               system_gd32f30x.o
    0x20000420   COMPRESSED   0x0000003c   Data   RW         2670    .data               tasks.o
    0x2000045c   COMPRESSED   0x00000014   Data   RW         2709    .data               timers.o
    0x20000470   COMPRESSED   0x00000018   Data   RW         2735    .data               heap_4.o
    0x20000488   COMPRESSED   0x0000000c   Data   RW         2758    .data               port.o
    0x20000494   COMPRESSED   0x00000054   Data   RW         2798    .data               shell.o
    0x200004e8   COMPRESSED   0x00000004   Data   RW         2936    .data               mc_w.l(rand.o)
    0x200004ec   COMPRESSED   0x00000004   Data   RW         2953    .data               mc_w.l(strtok.o)
    0x200004f0   COMPRESSED   0x00000004   Data   RW         3328    .data               mc_w.l(stdout.o)
    0x200004f4   COMPRESSED   0x00000004   Data   RW         3367    .data               mc_w.l(mvars.o)
    0x200004f8   COMPRESSED   0x00000004   Data   RW         3368    .data               mc_w.l(mvars.o)
    0x200004fc   COMPRESSED   0x00000004   Data   RW         3372    .data               mc_w.l(errno.o)
    0x20000500        -       0x00000054   Zero   RW          469    .bss                api_subdevices.o
    0x20000554        -       0x00000030   Zero   RW          704    .bss                dev_main.o
    0x20000584        -       0x00000018   Zero   RW          733    .bss                dev_net.o
    0x2000059c        -       0x00000018   Zero   RW          752    .bss                dev_power.o
    0x200005b4        -       0x00000018   Zero   RW          771    .bss                dev_storage0.o
    0x200005cc        -       0x00000018   Zero   RW          790    .bss                dev_switch.o
    0x200005e4        -       0x00000020   Zero   RW          839    .bss                api_fan.o
    0x20000604        -       0x0000000f   Zero   RW         1157    .bss                cjson.o
    0x20000613   COMPRESSED   0x00000001   PAD
    0x20000614        -       0x000011b0   Zero   RW         1453    .bss                msghndlr.o
    0x200017c4        -       0x00000040   Zero   RW         1703    .bss                sdr.o
    0x20001804        -       0x00000030   Zero   RW         1887    .bss                bsp_capture.o
    0x20001834        -       0x0000006f   Zero   RW         1914    .bss                bsp_i2c.o
    0x200018a3        -       0x00000064   Zero   RW         2010    .bss                bsp_uart3.o
    0x20001907        -       0x00000231   Zero   RW         2037    .bss                bsp_usart0.o
    0x20001b38        -       0x00000064   Zero   RW         2078    .bss                bsp_usart1.o
    0x20001b9c        -       0x0000000c   Zero   RW         2171    .bss                bsp_uartcomm.o
    0x20001ba8        -       0x00000078   Zero   RW         2640    .bss                queue.o
    0x20001c20        -       0x000002e4   Zero   RW         2669    .bss                tasks.o
    0x20001f04        -       0x00000028   Zero   RW         2708    .bss                timers.o
    0x20001f2c        -       0x00008c00   Zero   RW         2734    .bss                heap_4.o
    0x2000ab2c        -       0x0000001d   Zero   RW         2795    .bss                shell.o
    0x2000ab49   COMPRESSED   0x00000003   PAD
    0x2000ab4c        -       0x00000134   Zero   RW         2864    .bss                shell_port.o
    0x2000ac80        -       0x00000400   Zero   RW         2540    HEAP                startup_gd32f30x_cl.o
    0x2000b080        -       0x00000400   Zero   RW         2539    STACK               startup_gd32f30x_cl.o


==============================================================================

Image component sizes


      Code (inc. data)   RO Data    RW Data    ZI Data      Debug   Object Name

       896         78          0          4          0       4340   api_adc.o
        68          4          0          0          0       1026   api_cpu.o
       816        116         56          0         32       6621   api_fan.o
       512         10          0         24          0       6178   api_sensor.o
      3276        592        152         64         84      81785   api_subdevices.o
       952        120         96          0          0       3102   api_utc.o
         0          0        560          0          0        897   app.o
      1394        148          0          0          0      16760   appdevice.o
         0          0         16          0          0        788   bridge.o
       212          0          0          0          0       1485   bsp_adc.o
       640         24         48          0         48       5301   bsp_capture.o
       684        168         80          8          0       3090   bsp_gpio.o
      2640        220          0          8        111       7160   bsp_i2c.o
       208          6          0          0          0       2009   bsp_pwm.o
       240         12          0          4          0       1387   bsp_timer.o
        80         22         40         52        100       1466   bsp_uart3.o
       664         10          0          0         12       4702   bsp_uartcomm.o
       444        124         40         57        561       3362   bsp_usart0.o
       136         28         40         57        100       1651   bsp_usart1.o
         0          0         48          0          0        801   chassis.o
       900        256          0          0          0      28665   chassisctrl.o
      1440        340          0          0          0       8539   chassisdevice.o
      9084        198          0         24         15      46155   cjson.o
       192        108        313          0         48       4149   dev_main.o
         0          0         88          0         24        963   dev_net.o
         0          0         88          0         24        987   dev_power.o
         0          0         88          0         24       1021   dev_storage0.o
         0          0         88          0         24       1001   dev_switch.o
         0          0          0          0          0       7948   event_groups.o
       414          0          0          0          0       7304   fifo.o
      1452         22          0          0          0       9457   gd32f30x_adc.o
       128          6          0          0          0       1831   gd32f30x_dbg.o
         0          0          0          0          0       1472   gd32f30x_dma.o
       264         10          0          0          0       2398   gd32f30x_fwdgt.o
       864         12          0          0          0       5220   gd32f30x_gpio.o
       972         28          0          0          0       7968   gd32f30x_i2c.o
        38          0          0          0          0      19679   gd32f30x_it.o
       324         20          0          0          0       2033   gd32f30x_misc.o
         2          0          0          0          0        508   gd32f30x_platform.o
      1748         72          0          0          0       8508   gd32f30x_rcu.o
      3660         42          0          0          0      18935   gd32f30x_timer.o
      1180         16          0          0          0      11116   gd32f30x_usart.o
       672         82          0         24      35840       3440   heap_4.o
         0          0          0          0          0        796   ipmbmsghndlr.o
       616        164          3         20          0       6035   ipmdevice.o
       116          0          0          0          0       1666   ipmi_common.o
       148          0          0          0          0       1994   list.o
       840        496         43         24          0       2867   log.o
      1412        400        261         40          0      93547   main.o
      2292        432        130         16       4528      19348   msghndlr.o
       420          8         96          0          0       4168   oem.o
       886        102          0         12          0       8035   port.o
      4048         56          0          0        120      20926   queue.o
      5244        126         20        576         64      20777   sdr.o
     10212        678        324          0          0      35498   sensor.o
      3220        594          0          0          0      14177   sensor_helpers.o
         0          0        272          0          0       1625   sensorevent.o
       126          0          0          0          0       2161   serial.o
      1140        222          0          0          0      17356   serialifc.o
      4980        138        863         84         29      26565   shell.o
       848         14          0          0          0       3776   shell_ext.o
        80         14          0          0        308       1669   shell_port.o
        36          8        336          0       2048        928   startup_gd32f30x_cl.o
         0          0        224          0          0        845   storage.o
       760         58          0          4          0       2749   system_gd32f30x.o
       128         16          0          0          0      42750   systick.o
      6920        592          0         60        740      34154   tasks.o
      1612        110          0         20         40      11911   timers.o
      3288        892        378         68          0      39296   tools.o

    ----------------------------------------------------------------------
     86576       8014       4848       1256      44928     768827   Object Totals
         0          0         32          0          0          0   (incl. Generated)
         8          0         25          6          4          0   (incl. Padding)

    ----------------------------------------------------------------------

      Code (inc. data)   RO Data    RW Data    ZI Data      Debug   Library Member Name

       280         28          0          0          0        156   ceil.o
       184         44          0          0          0        744   dunder.o
        44          0          0          0          0        248   fabs.o
        48          0          0          0          0        124   fpclassify.o
       964         92         56          0          0        316   log.o
       248          0          0          0          0        152   poly.o
      3152        296        136          0          0        352   pow.o
         0          0          8          0          0          0   qnan.o
       110          0          0          0          0        148   sqrt.o
        40         10          0          0          0        128   strtod.o
        56          8          0          0          0         84   __0sscanf.o
        86          0          0          0          0          0   __dczerorl2.o
        28          0          0          0          0         68   _chval.o
       816          6          0          0          0        112   _scanf.o
       332          0          0          0          0         96   _scanf_int.o
        64          0          0          0          0         84   _sgetc.o
       158          0          0          0          0         92   _strtoul.o
        26          0          0          0          0         80   atoi.o
         8          4        133          0          0         68   ctype_o.o
         0          0          0          0          0          0   entry.o
         0          0          0          0          0          0   entry10a.o
         0          0          0          0          0          0   entry11a.o
         4          0          0          0          0          0   entry12b.o
         8          4          0          0          0          0   entry2.o
         4          0          0          0          0          0   entry5.o
         0          0          0          0          0          0   entry7b.o
         0          0          0          0          0          0   entry8b.o
         8          4          0          0          0          0   entry9a.o
        20         10          0          4          0        136   errno.o
        30          0          0          0          0          0   handlers.o
        36          8          0          0          0         68   init.o
        18          0          0          0          0         76   isspace_o.o
         0          0          0          0          0          0   iusefp.o
        30          0          0          0          0         68   llshl.o
        36          0          0          0          0         68   llsshr.o
        32          0          0          0          0         68   llushr.o
       360         30          0          0          0        356   mallocr.o
        36          0          0          0          0         68   memcpya.o
        36          0          0          0          0        108   memseta.o
         0          0          0          8          0          0   mvars.o
      2342        102          0          0          0        764   printfa.o
        36         10          0          4          0        136   rand.o
        40          8          0          0          0         84   scanf_char.o
       878         12          0          0          0        216   scanf_fp.o
         0          0          0          4          0          0   stdout.o
        24          0          0          0          0         68   strcat.o
        28          0          0          0          0         76   strcmp.o
        18          0          0          0          0         68   strcpy.o
        14          0          0          0          0         68   strlen.o
        30          0          0          0          0         80   strncmp.o
       156         12          0          0          0        120   strtod.o
        68          6          0          4          0         80   strtok.o
       112          0          0          0          0         88   strtol.o
        12          0          0          0          0         68   tolower.o
        44          0          0          0          0         80   uidiv.o
        98          0          0          0          0         92   uldiv.o
        48          0          0          0          0         68   cdcmple.o
        48          0          0          0          0         68   cdrcmple.o
        56          0          0          0          0         88   d2f.o
       334          0          0          0          0        148   dadd.o
       222          0          0          0          0        100   ddiv.o
       186          0          0          0          0        176   depilogue.o
        62          0          0          0          0         80   dfixi.o
        50          0          0          0          0         76   dfixui.o
        48          0          0          0          0         68   dfixul.o
        34          0          0          0          0         76   dflti.o
        24          0          0          0          0         76   dfltul.o
       228          0          0          0          0         96   dmul.o
        46          0          0          0          0         80   dscalb.o
       162          0          0          0          0        100   dsqrt.o
        38          0          0          0          0         68   f2d.o
       110          0          0          0          0        168   fepilogue.o

    ----------------------------------------------------------------------
     12924        698        336         24          0       7692   Library Totals
        26          4          3          0          0          0   (incl. Padding)

    ----------------------------------------------------------------------

      Code (inc. data)   RO Data    RW Data    ZI Data      Debug   Library Name

      5070        470        200          0          0       2368   m_wm.l
      6132        224        133         24          0       3788   mc_w.l
      1696          0          0          0          0       1536   mf_w.l

    ----------------------------------------------------------------------
     12924        698        336         24          0       7692   Library Totals

    ----------------------------------------------------------------------

==============================================================================


      Code (inc. data)   RO Data    RW Data    ZI Data      Debug   

     99500       8712       5184       1280      44928     759287   Grand Totals
     99500       8712       5184        500      44928     759287   ELF Image Totals (compressed)
     99500       8712       5184        500          0          0   ROM Totals

==============================================================================

    Total RO  Size (Code + RO Data)               104684 ( 102.23kB)
    Total RW  Size (RW Data + ZI Data)             46208 (  45.13kB)
    Total ROM Size (Code + RO Data + RW Data)     105184 ( 102.72kB)

==============================================================================

