Component: ARM Compiler 5.06 update 7 (build 960) Tool: armlink [4d3601]

==============================================================================

Section Cross References

    gd32f30x_it.o(.text) refers to tasks.o(.text) for xTaskGetSchedulerState
    gd32f30x_it.o(.text) refers to port.o(.text) for xPortSysTickHandler
    main.o(.text) refers to gd32f30x_dbg.o(.text) for dbg_periph_enable
    main.o(.text) refers to gd32f30x_rcu.o(.text) for rcu_flag_get
    main.o(.text) refers to printfa.o(i.__0printf) for __2printf
    main.o(.text) refers to gd32f30x_fwdgt.o(.text) for fwdgt_config
    main.o(.text) refers to queue.o(.text) for xQueueGenericCreate
    main.o(.text) refers to api_adc.o(.text) for adc_sample_all
    main.o(.text) refers to chassisctrl.o(.text) for ChassisCtrl
    main.o(.text) refers to msghndlr.o(.text) for MsgCoreHndlr
    main.o(.text) refers to bsp_i2c.o(.text) for i2c_int
    main.o(.text) refers to port.o(.text) for vPortEnterCritical
    main.o(.text) refers to tasks.o(.text) for xTaskCreate
    main.o(.text) refers to systick.o(.text) for bsp_systick_config
    main.o(.text) refers to gd32f30x_misc.o(.text) for nvic_priority_group_set
    main.o(.text) refers to gd32f30x_platform.o(.text) for platform_init
    main.o(.text) refers to bsp_uartcomm.o(.text) for UART_init
    main.o(.text) refers to bsp_gpio.o(.text) for GPIO_bspInit
    main.o(.text) refers to api_utc.o(.text) for currentSecsSinceEpoch
    main.o(.text) refers to api_cpu.o(.text) for GetBmcFirmwareVersion
    main.o(.text) refers to main.o(.data) for g_debugLevel
    main.o(.text) refers to api_sensor.o(.text) for Dev_Task
    main.o(.text) refers to shell_port.o(.bss) for shell
    main.o(.text) refers to shell.o(.text) for shellTask
    main.o(.data) refers to main.o(.conststring) for .conststring
    systick.o(.text) refers to system_gd32f30x.o(.data) for SystemCoreClock
    systick.o(.text) refers to main.o(.data) for g_localtime
    api_subdevices.o(.text) refers to bsp_gpio.o(.text) for get_board_addr
    api_subdevices.o(.text) refers to printfa.o(i.__0printf) for __2printf
    api_subdevices.o(.text) refers to api_sensor.o(.text) for api_getDevHandler
    api_subdevices.o(.text) refers to strlen.o(.text) for strlen
    api_subdevices.o(.text) refers to bsp_uartcomm.o(.text) for UART_sendData
    api_subdevices.o(.text) refers to tasks.o(.text) for vTaskDelay
    api_subdevices.o(.text) refers to timers.o(.text) for xTimerGenericCommand
    api_subdevices.o(.text) refers to cjson.o(.text) for cJSON_CreateObject
    api_subdevices.o(.text) refers to heap_4.o(.text) for xPortGetFreeHeapSize
    api_subdevices.o(.text) refers to memseta.o(.text) for __aeabi_memclr4
    api_subdevices.o(.text) refers to memcpya.o(.text) for __aeabi_memcpy
    api_subdevices.o(.text) refers to strcat.o(.text) for strcat
    api_subdevices.o(.text) refers to api_subdevices.o(.constdata) for g_SubDeviceConfigName
    api_subdevices.o(.text) refers to api_subdevices.o(.bss) for g_AllModes
    api_subdevices.o(.text) refers to main.o(.data) for g_debugLevel
    api_subdevices.o(.text) refers to api_subdevices.o(.data) for pSubDeviceSelf
    api_subdevices.o(.text) refers to printfa.o(i.__0sprintf) for __2sprintf
    api_subdevices.o(.text) refers to f2d.o(.text) for __aeabi_f2d
    api_subdevices.o(.text) refers to ipmi_common.o(.text) for CalculateCheckSum
    api_subdevices.o(.text) refers to sensor.o(.text) for GetSensorReading
    api_subdevices.o(.text) refers to msghndlr.o(.text) for SendMsgAndWait
    api_subdevices.o(.constdata) refers to api_subdevices.o(.conststring) for .conststring
    api_subdevices.o(.data) refers to api_subdevices.o(.conststring) for .conststring
    dev_main.o(.text) refers to tasks.o(.text) for vTaskDelay
    dev_main.o(.text) refers to printfa.o(i.__0printf) for __2printf
    dev_main.o(.text) refers to main.o(.data) for g_debugLevel
    dev_main.o(.constdata) refers to dev_main.o(.conststring) for .conststring
    dev_main.o(.constdata) refers to dev_main.o(.bss) for g_sensorVal_main
    dev_main.o(.constdata) refers to dev_main.o(.text) for DevTaskHandler
    dev_net.o(.text) refers to tasks.o(.text) for vTaskDelay
    dev_net.o(.text) refers to printfa.o(i.__0printf) for __2printf
    dev_net.o(.text) refers to main.o(.data) for g_debugLevel
    dev_net.o(.constdata) refers to dev_net.o(.conststring) for .conststring
    dev_net.o(.constdata) refers to dev_net.o(.data) for g_sensorVal_net
    dev_net.o(.constdata) refers to dev_net.o(.text) for DevTaskHandler
    dev_power.o(.text) refers to bsp_gpio.o(.text) for GPIO_isPinActive
    dev_power.o(.text) refers to systick.o(.text) for GetTickMs
    dev_power.o(.text) refers to mac5023.o(.text) for MAC5023_Sample
    dev_power.o(.text) refers to tasks.o(.text) for vTaskDelay
    dev_power.o(.text) refers to dev_power.o(.constdata) for g_sensor_power
    dev_power.o(.text) refers to dev_power.o(.bss) for g_sensorVal_power
[...]
    timer_channel_output_config              0x08010427   Thumb Code   482  gd32f30x_timer.o(.text)
    timer_channel_output_mode_config         0x08010609   Thumb Code    90  gd32f30x_timer.o(.text)
    timer_channel_output_pulse_value_config  0x08010663   Thumb Code    38  gd32f30x_timer.o(.text)
    timer_channel_output_shadow_config       0x08010689   Thumb Code    90  gd32f30x_timer.o(.text)
    timer_channel_output_fast_config         0x080106e3   Thumb Code    90  gd32f30x_timer.o(.text)
    timer_channel_output_clear_config        0x0801073d   Thumb Code    90  gd32f30x_timer.o(.text)
    timer_channel_output_polarity_config     0x08010797   Thumb Code    92  gd32f30x_timer.o(.text)
    timer_channel_complementary_output_polarity_config 0x080107f3   Thumb Code    70  gd32f30x_timer.o(.text)
    timer_channel_output_state_config        0x08010839   Thumb Code   100  gd32f30x_timer.o(.text)
    timer_channel_complementary_output_state_config 0x0801089d   Thumb Code    70  gd32f30x_timer.o(.text)
    timer_channel_input_struct_para_init     0x080108e3   Thumb Code    16  gd32f30x_timer.o(.text)
    timer_channel_input_capture_prescaler_config 0x080108f3   Thumb Code    90  gd32f30x_timer.o(.text)
    timer_input_capture_config               0x0801094d   Thumb Code   326  gd32f30x_timer.o(.text)
    timer_channel_capture_value_register_read 0x08010a93   Thumb Code    42  gd32f30x_timer.o(.text)
    timer_input_pwm_capture_config           0x08010abd   Thumb Code   356  gd32f30x_timer.o(.text)
    timer_hall_mode_config                   0x08010c21   Thumb Code    26  gd32f30x_timer.o(.text)
    timer_input_trigger_source_select        0x08010c3b   Thumb Code    16  gd32f30x_timer.o(.text)
    timer_master_output_trigger_source_select 0x08010c4b   Thumb Code    16  gd32f30x_timer.o(.text)
    timer_slave_mode_select                  0x08010c5b   Thumb Code    16  gd32f30x_timer.o(.text)
    timer_master_slave_mode_config           0x08010c6b   Thumb Code    26  gd32f30x_timer.o(.text)
    timer_external_trigger_config            0x08010c85   Thumb Code    30  gd32f30x_timer.o(.text)
    timer_quadrature_decoder_mode_config     0x08010ca3   Thumb Code    64  gd32f30x_timer.o(.text)
    timer_internal_clock_config              0x08010ce3   Thumb Code    10  gd32f30x_timer.o(.text)
    timer_internal_trigger_as_external_clock_config 0x08010ced   Thumb Code    32  gd32f30x_timer.o(.text)
    timer_external_trigger_as_external_clock_config 0x08010d0d   Thumb Code   166  gd32f30x_timer.o(.text)
    timer_external_clock_mode0_config        0x08010db3   Thumb Code    40  gd32f30x_timer.o(.text)
    timer_external_clock_mode1_config        0x08010ddb   Thumb Code    32  gd32f30x_timer.o(.text)
    timer_external_clock_mode1_disable       0x08010dfb   Thumb Code    10  gd32f30x_timer.o(.text)
    timer_write_chxval_register_config       0x08010e05   Thumb Code    34  gd32f30x_timer.o(.text)
    timer_output_value_selection_config      0x08010e27   Thumb Code    34  gd32f30x_timer.o(.text)
    nvic_priority_group_set                  0x08010e49   Thumb Code    10  gd32f30x_misc.o(.text)
    nvic_irq_enable                          0x08010e53   Thumb Code   186  gd32f30x_misc.o(.text)
    nvic_irq_disable                         0x08010f0d   Thumb Code    18  gd32f30x_misc.o(.text)
    nvic_vector_table_set                    0x08010f1f   Thumb Code    18  gd32f30x_misc.o(.text)
    system_lowpower_set                      0x08010f31   Thumb Code    16  gd32f30x_misc.o(.text)
    system_lowpower_reset                    0x08010f41   Thumb Code    16  gd32f30x_misc.o(.text)
    systick_clksource_set                    0x08010f51   Thumb Code    40  gd32f30x_misc.o(.text)
    usart_deinit                             0x08010f8d   Thumb Code   136  gd32f30x_usart.o(.text)
    usart_baudrate_set                       0x08011015   Thumb Code   136  gd32f30x_usart.o(.text)
    usart_parity_config                      0x0801109d   Thumb Code    16  gd32f30x_usart.o(.text)
    usart_word_length_set                    0x080110ad   Thumb Code    16  gd32f30x_usart.o(.text)
    usart_stop_bit_set                       0x080110bd   Thumb Code    16  gd32f30x_usart.o(.text)
    usart_enable                             0x080110cd   Thumb Code    10  gd32f30x_usart.o(.text)
    usart_disable                            0x080110d7   Thumb Code    10  gd32f30x_usart.o(.text)
    usart_transmit_config                    0x080110e1   Thumb Code    16  gd32f30x_usart.o(.text)
    usart_receive_config                     0x080110f1   Thumb Code    16  gd32f30x_usart.o(.text)
    usart_data_first_config                  0x08011101   Thumb Code    20  gd32f30x_usart.o(.text)
    usart_invert_config                      0x08011115   Thumb Code   104  gd32f30x_usart.o(.text)
    usart_receiver_timeout_enable            0x0801117d   Thumb Code    14  gd32f30x_usart.o(.text)
    usart_receiver_timeout_disable           0x0801118b   Thumb Code    14  gd32f30x_usart.o(.text)
    usart_receiver_timeout_threshold_config  0x08011199   Thumb Code    20  gd32f30x_usart.o(.text)
    usart_data_transmit                      0x080111ad   Thumb Code     8  gd32f30x_usart.o(.text)
    usart_data_receive                       0x080111b5   Thumb Code    10  gd32f30x_usart.o(.text)
    usart_address_config                     0x080111bf   Thumb Code    20  gd32f30x_usart.o(.text)
    usart_mute_mode_enable                   0x080111d3   Thumb Code    10  gd32f30x_usart.o(.text)
    usart_mute_mode_disable                  0x080111dd   Thumb Code    10  gd32f30x_usart.o(.text)
    usart_mute_mode_wakeup_config            0x080111e7   Thumb Code    16  gd32f30x_usart.o(.text)
    usart_lin_mode_enable                    0x080111f7   Thumb Code    10  gd32f30x_usart.o(.text)
    usart_lin_mode_disable                   0x08011201   Thumb Code    10  gd32f30x_usart.o(.text)
    usart_lin_break_detection_length_config  0x0801120b   Thumb Code    20  gd32f30x_usart.o(.text)
    usart_send_break                         0x0801121f   Thumb Code    10  gd32f30x_usart.o(.text)
    usart_halfduplex_enable                  0x08011229   Thumb Code    10  gd32f30x_usart.o(.text)
    usart_halfduplex_disable                 0x08011233   Thumb Code    10  gd32f30x_usart.o(.text)
    usart_synchronous_clock_enable           0x0801123d   Thumb Code    10  gd32f30x_usart.o(.text)
    usart_synchronous_clock_disable          0x08011247   Thumb Code    10  gd32f30x_usart.o(.text)
    usart_synchronous_clock_config           0x08011251   Thumb Code    34  gd32f30x_usart.o(.text)
    usart_guard_time_config                  0x08011273   Thumb Code    24  gd32f30x_usart.o(.text)
    usart_smartcard_mode_enable              0x0801128b   Thumb Code    10  gd32f30x_usart.o(.text)
    usart_smartcard_mode_disable             0x08011295   Thumb Code    10  gd32f30x_usart.o(.text)
    usart_smartcard_mode_nack_enable         0x0801129f   Thumb Code    10  gd32f30x_usart.o(.text)
    usart_smartcard_mode_nack_disable        0x080112a9   Thumb Code    10  gd32f30x_usart.o(.text)
    usart_smartcard_autoretry_config         0x080112b3   Thumb Code    26  gd32f30x_usart.o(.text)
    usart_block_length_config                0x080112cd   Thumb Code    28  gd32f30x_usart.o(.text)
    usart_irda_mode_enable                   0x080112e9   Thumb Code    10  gd32f30x_usart.o(.text)
    usart_irda_mode_disable                  0x080112f3   Thumb Code    10  gd32f30x_usart.o(.text)
    usart_prescaler_config                   0x080112fd   Thumb Code    16  gd32f30x_usart.o(.text)
    usart_irda_lowpower_config               0x0801130d   Thumb Code    20  gd32f30x_usart.o(.text)
    usart_hardware_flow_rts_config           0x08011321   Thumb Code    16  gd32f30x_usart.o(.text)
    usart_hardware_flow_cts_config           0x08011331   Thumb Code    16  gd32f30x_usart.o(.text)
    usart_dma_receive_config                 0x08011341   Thumb Code    16  gd32f30x_usart.o(.text)
    usart_dma_transmit_config                0x08011351   Thumb Code    16  gd32f30x_usart.o(.text)
    usart_flag_get                           0x08011361   Thumb Code    40  gd32f30x_usart.o(.text)
    usart_flag_clear                         0x08011389   Thumb Code    26  gd32f30x_usart.o(.text)
    usart_interrupt_enable                   0x080113a3   Thumb Code    26  gd32f30x_usart.o(.text)
    usart_interrupt_disable                  0x080113bd   Thumb Code    26  gd32f30x_usart.o(.text)
    usart_interrupt_flag_get                 0x080113d7   Thumb Code    56  gd32f30x_usart.o(.text)
    usart_interrupt_flag_clear               0x0801140f   Thumb Code    26  gd32f30x_usart.o(.text)
    dbg_deinit                               0x08011429   Thumb Code     8  gd32f30x_dbg.o(.text)
    dbg_id_get                               0x08011431   Thumb Code     6  gd32f30x_dbg.o(.text)
    dbg_low_power_enable                     0x08011437   Thumb Code    12  gd32f30x_dbg.o(.text)
    dbg_low_power_disable                    0x08011443   Thumb Code    12  gd32f30x_dbg.o(.text)
    dbg_periph_enable                        0x0801144f   Thumb Code    28  gd32f30x_dbg.o(.text)
    dbg_periph_disable                       0x0801146b   Thumb Code    28  gd32f30x_dbg.o(.text)
    dbg_trace_pin_enable                     0x08011487   Thumb Code    14  gd32f30x_dbg.o(.text)
    dbg_trace_pin_disable                    0x08011495   Thumb Code    14  gd32f30x_dbg.o(.text)
    Reset_Handler                            0x080114a9   Thumb Code     8  startup_gd32f30x_cl.o(.text)
    ADC0_1_IRQHandler                        0x080114c3   Thumb Code     0  startup_gd32f30x_cl.o(.text)
    CAN0_EWMC_IRQHandler                     0x080114c3   Thumb Code     0  startup_gd32f30x_cl.o(.text)
    CAN0_RX0_IRQHandler                      0x080114c3   Thumb Code     0  startup_gd32f30x_cl.o(.text)
    CAN0_RX1_IRQHandler                      0x080114c3   Thumb Code     0  startup_gd32f30x_cl.o(.text)
    CAN0_TX_IRQHandler                       0x080114c3   Thumb Code     0  startup_gd32f30x_cl.o(.text)
    CAN1_EWMC_IRQHandler                     0x080114c3   Thumb Code     0  startup_gd32f30x_cl.o(.text)
    CAN1_RX0_IRQHandler                      0x080114c3   Thumb Code     0  startup_gd32f30x_cl.o(.text)
    CAN1_RX1_IRQHandler                      0x080114c3   Thumb Code     0  startup_gd32f30x_cl.o(.text)
    CAN1_TX_IRQHandler                       0x080114c3   Thumb Code     0  startup_gd32f30x_cl.o(.text)
    DMA0_Channel0_IRQHandler                 0x080114c3   Thumb Code     0  startup_gd32f30x_cl.o(.text)
    DMA0_Channel1_IRQHandler                 0x080114c3   Thumb Code     0  startup_gd32f30x_cl.o(.text)
    DMA0_Channel2_IRQHandler                 0x080114c3   Thumb Code     0  startup_gd32f30x_cl.o(.text)
    DMA0_Channel3_IRQHandler                 0x080114c3   Thumb Code     0  startup_gd32f30x_cl.o(.text)
    DMA0_Channel4_IRQHandler                 0x080114c3   Thumb Code     0  startup_gd32f30x_cl.o(.text)
    DMA0_Channel5_IRQHandler                 0x080114c3   Thumb Code     0  startup_gd32f30x_cl.o(.text)
    DMA0_Channel6_IRQHandler                 0x080114c3   Thumb Code     0  startup_gd32f30x_cl.o(.text)
    DMA1_Channel0_IRQHandler                 0x080114c3   Thumb Code     0  startup_gd32f30x_cl.o(.text)
    DMA1_Channel1_IRQHandler                 0x080114c3   Thumb Code     0  startup_gd32f30x_cl.o(.text)
    DMA1_Channel2_IRQHandler                 0x080114c3   Thumb Code     0  startup_gd32f30x_cl.o(.text)
    DMA1_Channel3_IRQHandler                 0x080114c3   Thumb Code     0  startup_gd32f30x_cl.o(.text)
    DMA1_Channel4_IRQHandler                 0x080114c3   Thumb Code     0  startup_gd32f30x_cl.o(.text)
    ENET_WKUP_IRQHandler                     0x080114c3   Thumb Code     0  startup_gd32f30x_cl.o(.text)
    EXMC_IRQHandler                          0x080114c3   Thumb Code     0  startup_gd32f30x_cl.o(.text)
    EXTI0_IRQHandler                         0x080114c3   Thumb Code     0  startup_gd32f30x_cl.o(.text)
    EXTI10_15_IRQHandler                     0x080114c3   Thumb Code     0  startup_gd32f30x_cl.o(.text)
    EXTI1_IRQHandler                         0x080114c3   Thumb Code     0  startup_gd32f30x_cl.o(.text)
    EXTI2_IRQHandler                         0x080114c3   Thumb Code     0  startup_gd32f30x_cl.o(.text)
    EXTI3_IRQHandler                         0x080114c3   Thumb Code     0  startup_gd32f30x_cl.o(.text)
    EXTI4_IRQHandler                         0x080114c3   Thumb Code     0  startup_gd32f30x_cl.o(.text)
    EXTI5_9_IRQHandler                       0x080114c3   Thumb Code     0  startup_gd32f30x_cl.o(.text)
    FMC_IRQHandler                           0x080114c3   Thumb Code     0  startup_gd32f30x_cl.o(.text)
    LVD_IRQHandler                           0x080114c3   Thumb Code     0  startup_gd32f30x_cl.o(.text)
    RCU_CTC_IRQHandler                       0x080114c3   Thumb Code     0  startup_gd32f30x_cl.o(.text)
    RTC_Alarm_IRQHandler                     0x080114c3   Thumb Code     0  startup_gd32f30x_cl.o(.text)
    RTC_IRQHandler                           0x080114c3   Thumb Code     0  startup_gd32f30x_cl.o(.text)
    SPI0_IRQHandler                          0x080114c3   Thumb Code     0  startup_gd32f30x_cl.o(.text)
    SPI1_IRQHandler                          0x080114c3   Thumb Code     0  startup_gd32f30x_cl.o(.text)
    SPI2_IRQHandler                          0x080114c3   Thumb Code     0  startup_gd32f30x_cl.o(.text)
    TAMPER_IRQHandler                        0x080114c3   Thumb Code     0  startup_gd32f30x_cl.o(.text)
    TIMER0_BRK_TIMER8_IRQHandler             0x080114c3   Thumb Code     0  startup_gd32f30x_cl.o(.text)
    TIMER0_TRG_CMT_TIMER10_IRQHandler        0x080114c3   Thumb Code     0  startup_gd32f30x_cl.o(.text)
    TIMER1_IRQHandler                        0x080114c3   Thumb Code     0  startup_gd32f30x_cl.o(.text)
    TIMER3_IRQHandler                        0x080114c3   Thumb Code     0  startup_gd32f30x_cl.o(.text)
    TIMER4_IRQHandler                        0x080114c3   Thumb Code     0  startup_gd32f30x_cl.o(.text)
    TIMER5_IRQHandler                        0x080114c3   Thumb Code     0  startup_gd32f30x_cl.o(.text)
    TIMER6_IRQHandler                        0x080114c3   Thumb Code     0  startup_gd32f30x_cl.o(.text)
    TIMER7_BRK_TIMER11_IRQHandler            0x080114c3   Thumb Code     0  startup_gd32f30x_cl.o(.text)
    TIMER7_Channel_IRQHandler                0x080114c3   Thumb Code     0  startup_gd32f30x_cl.o(.text)
    TIMER7_TRG_CMT_TIMER13_IRQHandler        0x080114c3   Thumb Code     0  startup_gd32f30x_cl.o(.text)
    TIMER7_UP_TIMER12_IRQHandler             0x080114c3   Thumb Code     0  startup_gd32f30x_cl.o(.text)
    UART4_IRQHandler                         0x080114c3   Thumb Code     0  startup_gd32f30x_cl.o(.text)
    USART2_IRQHandler                        0x080114c3   Thumb Code     0  startup_gd32f30x_cl.o(.text)
    USBFS_IRQHandler                         0x080114c3   Thumb Code     0  startup_gd32f30x_cl.o(.text)
    USBFS_WKUP_IRQHandler                    0x080114c3   Thumb Code     0  startup_gd32f30x_cl.o(.text)
    WWDGT_IRQHandler                         0x080114c3   Thumb Code     0  startup_gd32f30x_cl.o(.text)
    vListInitialise                          0x080114cd   Thumb Code    26  list.o(.text)
    vListInitialiseItem                      0x080114e7   Thumb Code     6  list.o(.text)
    vListInsertEnd                           0x080114ed   Thumb Code    24  list.o(.text)
    vListInsert                              0x08011505   Thumb Code    52  list.o(.text)
    uxListRemove                             0x08011539   Thumb Code    40  list.o(.text)
    xQueueGenericReset                       0x08011561   Thumb Code   136  queue.o(.text)
    xQueueGenericCreate                      0x08011617   Thumb Code    80  queue.o(.text)
    xQueueGenericSend                        0x08011811   Thumb Code   470  queue.o(.text)
    xQueueCreateMutex                        0x08011a05   Thumb Code    34  queue.o(.text)
    xQueueGiveMutexRecursive                 0x08011a27   Thumb Code    66  queue.o(.text)
    xQueueSemaphoreTake                      0x08011a97   Thumb Code   410  queue.o(.text)
    xQueueTakeMutexRecursive                 0x08011c31   Thumb Code    72  queue.o(.text)
    xQueueCreateCountingSemaphore            0x08011c79   Thumb Code    80  queue.o(.text)
    xQueueGenericSendFromISR                 0x08011cc9   Thumb Code   250  queue.o(.text)
    xQueueGiveFromISR                        0x08011dc3   Thumb Code   228  queue.o(.text)
    xQueueReceive                            0x08011ed1   Thumb Code   338  queue.o(.text)
    xQueuePeek                               0x08012023   Thumb Code   344  queue.o(.text)
    xQueueReceiveFromISR                     0x0801217b   Thumb Code   190  queue.o(.text)
    xQueuePeekFromISR                        0x08012239   Thumb Code   158  queue.o(.text)
    uxQueueMessagesWaiting                   0x080122d7   Thumb Code    36  queue.o(.text)
    uxQueueSpacesAvailable                   0x080122fb   Thumb Code    42  queue.o(.text)
    uxQueueMessagesWaitingFromISR            0x08012325   Thumb Code    36  queue.o(.text)
    vQueueUnregisterQueue                    0x08012349   Thumb Code    44  queue.o(.text)
    vQueueDelete                             0x08012375   Thumb Code    38  queue.o(.text)
    uxQueueGetQueueNumber                    0x0801239b   Thumb Code     6  queue.o(.text)
    vQueueSetQueueNumber                     0x080123a1   Thumb Code     4  queue.o(.text)
    ucQueueGetQueueType                      0x080123a5   Thumb Code     8  queue.o(.text)
    xQueueIsQueueEmptyFromISR                0x080123ad   Thumb Code    38  queue.o(.text)
    xQueueIsQueueFullFromISR                 0x080123d3   Thumb Code    42  queue.o(.text)
    vQueueAddToRegistry                      0x080123fd   Thumb Code    38  queue.o(.text)
    pcQueueGetName                           0x08012423   Thumb Code    38  queue.o(.text)
    vQueueWaitForMessageRestricted           0x08012449   Thumb Code    74  queue.o(.text)
    xQueueCreateSet                          0x08012493   Thumb Code    20  queue.o(.text)
    xQueueAddToSet                           0x080124a7   Thumb Code    38  queue.o(.text)
    xQueueRemoveFromSet                      0x080124cd   Thumb Code    48  queue.o(.text)
    xQueueSelectFromSet                      0x080124fd   Thumb Code    24  queue.o(.text)
    xQueueSelectFromSetFromISR               0x08012515   Thumb Code    22  queue.o(.text)
    vApplicationStackOverflowHook            0x08012531   Thumb Code    78  tasks.o(.text)
    xTaskCreate                              0x08012719   Thumb Code    98  tasks.o(.text)
    vTaskDelete                              0x080127b7   Thumb Code   192  tasks.o(.text)
    xTaskIncrementTick                       0x08012877   Thumb Code   470  tasks.o(.text)
    xTaskResumeAll                           0x08012a4d   Thumb Code   218  tasks.o(.text)
    vTaskSuspendAll                          0x08012ba3   Thumb Code    12  tasks.o(.text)
    vTaskDelayUntil                          0x08012baf   Thumb Code   182  tasks.o(.text)
    vTaskDelay                               0x08012c65   Thumb Code    76  tasks.o(.text)
    eTaskGetState                            0x08012cb1   Thumb Code   122  tasks.o(.text)
    uxTaskPriorityGet                        0x08012d2b   Thumb Code    30  tasks.o(.text)
    uxTaskPriorityGetFromISR                 0x08012d49   Thumb Code    62  tasks.o(.text)
    vTaskPrioritySet                         0x08012d87   Thumb Code   316  tasks.o(.text)
    vTaskSwitchContext                       0x08012ec3   Thumb Code   142  tasks.o(.text)
    vTaskSuspend                             0x08012f51   Thumb Code   204  tasks.o(.text)
    vTaskResume                              0x08013069   Thumb Code   122  tasks.o(.text)
    xTaskResumeFromISR                       0x080130e3   Thumb Code   152  tasks.o(.text)
    vTaskStartScheduler                      0x080131e3   Thumb Code   182  tasks.o(.text)
    vTaskEndScheduler                        0x08013299   Thumb Code    32  tasks.o(.text)
    xTaskGetTickCount                        0x080132b9   Thumb Code     6  tasks.o(.text)
    xTaskGetTickCountFromISR                 0x080132bf   Thumb Code    16  tasks.o(.text)
    uxTaskGetNumberOfTasks                   0x080132cf   Thumb Code     6  tasks.o(.text)
    pcTaskGetName                            0x080132d5   Thumb Code    40  tasks.o(.text)
    vTaskGetInfo                             0x08013313   Thumb Code   126  tasks.o(.text)
    uxTaskGetSystemState                     0x080133fb   Thumb Code   152  tasks.o(.text)
    vTaskPlaceOnEventList                    0x08013493   Thumb Code    46  tasks.o(.text)
    vTaskPlaceOnUnorderedEventList           0x080134c1   Thumb Code    88  tasks.o(.text)
    vTaskPlaceOnEventListRestricted          0x08013519   Thumb Code    54  tasks.o(.text)
    xTaskRemoveFromEventList                 0x0801354f   Thumb Code   122  tasks.o(.text)
    vTaskRemoveFromUnorderedEventList        0x080135c9   Thumb Code   184  tasks.o(.text)
    vTaskSetTimeOutState                     0x08013681   Thumb Code    44  tasks.o(.text)
    vTaskInternalSetTimeOutState             0x080136ad   Thumb Code    14  tasks.o(.text)
    xTaskCheckForTimeOut                     0x080136bb   Thumb Code   120  tasks.o(.text)
    vTaskMissedYield                         0x08013733   Thumb Code     8  tasks.o(.text)
    uxTaskGetTaskNumber                      0x0801373b   Thumb Code    14  tasks.o(.text)
    vTaskSetTaskNumber                       0x08013749   Thumb Code     8  tasks.o(.text)
    xTaskGetCurrentTaskHandle                0x08013751   Thumb Code     6  tasks.o(.text)
    xTaskGetSchedulerState                   0x08013757   Thumb Code    24  tasks.o(.text)
    xTaskPriorityInherit                     0x0801376f   Thumb Code   186  tasks.o(.text)
    xTaskPriorityDisinherit                  0x08013829   Thumb Code   176  tasks.o(.text)
    vTaskPriorityDisinheritAfterTimeout      0x080138d9   Thumb Code   218  tasks.o(.text)
    vTaskList                                0x080139dd   Thumb Code   254  tasks.o(.text)
    uxTaskResetEventItemValue                0x08013adb   Thumb Code    24  tasks.o(.text)
    pvTaskIncrementMutexHeldCount            0x08013af3   Thumb Code    26  tasks.o(.text)
    ulTaskNotifyTake                         0x08013b0d   Thumb Code   108  tasks.o(.text)
    xTaskNotifyWait                          0x08013b79   Thumb Code   150  tasks.o(.text)
    xTaskGenericNotify                       0x08013c0f   Thumb Code   256  tasks.o(.text)
    xTaskGenericNotifyFromISR                0x08013d0f   Thumb Code   310  tasks.o(.text)
    vTaskNotifyGiveFromISR                   0x08013e45   Thumb Code   234  tasks.o(.text)
    xTaskNotifyStateClear                    0x08013f2f   Thumb Code    48  tasks.o(.text)
    vTaskPrintThreadStatus                   0x08013f5f   Thumb Code   104  tasks.o(.text)
    xTimerGenericCommand                     0x08014089   Thumb Code   118  timers.o(.text)
    xTimerCreateTimerTask                    0x080143ef   Thumb Code    56  timers.o(.text)
    xTimerCreate                             0x080144cd   Thumb Code    48  timers.o(.text)
    xTimerGetTimerDaemonTaskHandle           0x080144fd   Thumb Code    38  timers.o(.text)
    xTimerGetPeriod                          0x08014523   Thumb Code    28  timers.o(.text)
    xTimerGetExpiryTime                      0x0801453f   Thumb Code    30  timers.o(.text)
    pcTimerGetName                           0x0801455d   Thumb Code    28  timers.o(.text)
    xTimerIsTimerActive                      0x08014579   Thumb Code    56  timers.o(.text)
    pvTimerGetTimerID                        0x080145b1   Thumb Code    38  timers.o(.text)
    vTimerSetTimerID                         0x080145d7   Thumb Code    38  timers.o(.text)
    xTimerPendFunctionCallFromISR            0x080145fd   Thumb Code    48  timers.o(.text)
    xTimerPendFunctionCall                   0x0801462d   Thumb Code    70  timers.o(.text)
    uxTimerGetTimerNumber                    0x08014673   Thumb Code     6  timers.o(.text)
    vTimerSetTimerNumber                     0x08014679   Thumb Code     4  timers.o(.text)
    pvPortMalloc                             0x08014747   Thumb Code   262  heap_4.o(.text)
    vPortFree                                0x0801484d   Thumb Code   120  heap_4.o(.text)
    xPortGetFreeHeapSize                     0x080148c5   Thumb Code     6  heap_4.o(.text)
    xPortGetMinimumEverFreeHeapSize          0x080148cb   Thumb Code     6  heap_4.o(.text)
    vPortInitialiseBlocks                    0x080148d1   Thumb Code     2  heap_4.o(.text)
    pxPortInitialiseStack                    0x08014955   Thumb Code    30  port.o(.text)
    vPortSetupTimerInterrupt                 0x08014973   Thumb Code    36  port.o(.text)
    xPortStartScheduler                      0x08014997   Thumb Code   240  port.o(.text)
    vPortEndScheduler                        0x08014a87   Thumb Code    34  port.o(.text)
    vPortEnterCritical                       0x08014aa9   Thumb Code    70  port.o(.text)
    vPortExitCritical                        0x08014aef   Thumb Code    48  port.o(.text)
    xPortSysTickHandler                      0x08014b1f   Thumb Code    52  port.o(.text)
    vPortValidateInterruptPriority           0x08014b53   Thumb Code    88  port.o(.text)
    shellWriteString                         0x08014c05   Thumb Code    40  shell.o(.text)
    shellToHex                               0x08014c81   Thumb Code    56  shell.o(.text)
    shellCheckPermission                     0x08014d05   Thumb Code    54  shell.o(.text)
    shellSeekCommand                         0x08014d3b   Thumb Code   122  shell.o(.text)
    shellInit                                0x08014e3b   Thumb Code   144  shell.o(.text)
    shellGetCurrent                          0x08014ecb   Thumb Code    48  shell.o(.text)
    shellPrint                               0x08014f59   Thumb Code    50  shell.o(.text)
    shellToDec                               0x08014f8b   Thumb Code    86  shell.o(.text)
    shellListItem                            0x08015081   Thumb Code   240  shell.o(.text)
    shellListCommand                         0x08015171   Thumb Code    90  shell.o(.text)
    shellListVar                             0x080151cb   Thumb Code    84  shell.o(.text)
    shellListUser                            0x0801521f   Thumb Code    84  shell.o(.text)
    shellListKey                             0x08015273   Thumb Code    84  shell.o(.text)
    shellListAll                             0x080152c7   Thumb Code    12  shell.o(.text)
    shellDeleteCommandLine                   0x080152d3   Thumb Code    28  shell.o(.text)
    shellClearCommandLine                    0x080152ef   Thumb Code    40  shell.o(.text)
    shellInsertByte                          0x08015317   Thumb Code   226  shell.o(.text)
    shellDeleteByte                          0x080153f9   Thumb Code   232  shell.o(.text)
    shellGetVarValue                         0x080155d7   Thumb Code    84  shell.o(.text)
    shellSetVarValue                         0x080156cb   Thumb Code   140  shell.o(.text)
    shellSetVar                              0x08015757   Thumb Code   106  shell.o(.text)
    shellRunCommand                          0x0801582b   Thumb Code   174  shell.o(.text)
    shellNormalInput                         0x08015a81   Thumb Code    28  shell.o(.text)
    shellExec                                0x08015a9d   Thumb Code   110  shell.o(.text)
    shellUp                                  0x08015b0b   Thumb Code    14  shell.o(.text)
    shellDown                                0x08015b19   Thumb Code    16  shell.o(.text)
    shellRight                               0x08015b29   Thumb Code    30  shell.o(.text)
    shellLeft                                0x08015b47   Thumb Code    26  shell.o(.text)
    shellTab                                 0x08015b61   Thumb Code   378  shell.o(.text)
    shellBackspace                           0x08015cdb   Thumb Code    14  shell.o(.text)
    shellDelete                              0x08015ce9   Thumb Code    16  shell.o(.text)
    shellEnter                               0x08015cf9   Thumb Code    20  shell.o(.text)
    shellHelp                                0x08015d0d   Thumb Code   118  shell.o(.text)
    shellHandler                             0x08015d83   Thumb Code   246  shell.o(.text)
    shellTask                                0x08015e79   Thumb Code    54  shell.o(.text)
    shellUsers                               0x08015eaf   Thumb Code    18  shell.o(.text)
    shellCmds                                0x08015ec1   Thumb Code    36  shell.o(.text)
    shellVars                                0x08015ee5   Thumb Code    18  shell.o(.text)
    shellKeys                                0x08015ef7   Thumb Code    18  shell.o(.text)
    shellClear                               0x08015f09   Thumb Code    22  shell.o(.text)
    shellRun                                 0x08015f1f   Thumb Code    86  shell.o(.text)
    shellExtParsePara                        0x080161a3   Thumb Code    86  shell_ext.o(.text)
    shellExtRun                              0x080161f9   Thumb Code   202  shell_ext.o(.text)
    userShellWrite                           0x080162c9   Thumb Code    14  shell_port.o(.text)
    userShellRead                            0x080162d7   Thumb Code    22  shell_port.o(.text)
    userShellInit                            0x080162ed   Thumb Code    28  shell_port.o(.text)
    tolower                                  0x08016315   Thumb Code    12  tolower.o(.text)
    rand                                     0x08016321   Thumb Code    20  rand.o(.text)
    srand                                    0x08016335   Thumb Code     6  rand.o(.text)
    __aeabi_memcpy                           0x08016345   Thumb Code    36  memcpya.o(.text)
    __aeabi_memcpy4                          0x08016345   Thumb Code     0  memcpya.o(.text)
    __aeabi_memcpy8                          0x08016345   Thumb Code     0  memcpya.o(.text)
    __aeabi_memset                           0x08016369   Thumb Code    14  memseta.o(.text)
    __aeabi_memset4                          0x08016369   Thumb Code     0  memseta.o(.text)
    __aeabi_memset8                          0x08016369   Thumb Code     0  memseta.o(.text)
    __aeabi_memclr                           0x08016377   Thumb Code     4  memseta.o(.text)
    __aeabi_memclr4                          0x08016377   Thumb Code     0  memseta.o(.text)
    __aeabi_memclr8                          0x08016377   Thumb Code     0  memseta.o(.text)
    _memset$wrapper                          0x0801637b   Thumb Code    18  memseta.o(.text)
    strcat                                   0x0801638d   Thumb Code    24  strcat.o(.text)
    strlen                                   0x080163a5   Thumb Code    14  strlen.o(.text)
    strcmp                                   0x080163b3   Thumb Code    28  strcmp.o(.text)
    strcpy                                   0x080163cf   Thumb Code    18  strcpy.o(.text)
    strncmp                                  0x080163e1   Thumb Code    30  strncmp.o(.text)
    strtok                                   0x08016401   Thumb Code    62  strtok.o(.text)
    __0sscanf                                0x08016445   Thumb Code    48  __0sscanf.o(.text)
    _scanf_int                               0x0801647d   Thumb Code   332  _scanf_int.o(.text)
    _scanf_real                              0x080166f1   Thumb Code     0  scanf_fp.o(.text)
    _scanf_really_real                       0x080166f1   Thumb Code   556  scanf_fp.o(.text)
    strtol                                   0x08016929   Thumb Code   112  strtol.o(.text)
    atoi                                     0x08016999   Thumb Code    26  atoi.o(.text)
    __aeabi_dadd                             0x080169b3   Thumb Code   322  dadd.o(.text)
    __aeabi_dsub                             0x08016af5   Thumb Code     6  dadd.o(.text)
    __aeabi_drsub                            0x08016afb   Thumb Code     6  dadd.o(.text)
    __aeabi_dmul                             0x08016b01   Thumb Code   228  dmul.o(.text)
    __aeabi_ddiv                             0x08016be5   Thumb Code   222  ddiv.o(.text)
    __aeabi_i2d                              0x08016cc3   Thumb Code    34  dflti.o(.text)
    __aeabi_d2iz                             0x08016ce5   Thumb Code    62  dfixi.o(.text)
    __aeabi_d2uiz                            0x08016d23   Thumb Code    50  dfixui.o(.text)
    __aeabi_f2d                              0x08016d55   Thumb Code    38  f2d.o(.text)
    __aeabi_cdcmpeq                          0x08016d7d   Thumb Code     0  cdcmple.o(.text)
    __aeabi_cdcmple                          0x08016d7d   Thumb Code    48  cdcmple.o(.text)
    __aeabi_cdrcmple                         0x08016dad   Thumb Code    48  cdrcmple.o(.text)
    __aeabi_d2f                              0x08016ddd   Thumb Code    56  d2f.o(.text)
    __aeabi_uidiv                            0x08016e15   Thumb Code     0  uidiv.o(.text)
    __aeabi_uidivmod                         0x08016e15   Thumb Code    44  uidiv.o(.text)
    __aeabi_uldivmod                         0x08016e41   Thumb Code    98  uldiv.o(.text)
    __aeabi_llsl                             0x08016ea3   Thumb Code    30  llshl.o(.text)
    _ll_shift_l                              0x08016ea3   Thumb Code     0  llshl.o(.text)
    __aeabi_llsr                             0x08016ec1   Thumb Code    32  llushr.o(.text)
    _ll_ushift_r                             0x08016ec1   Thumb Code     0  llushr.o(.text)
    __aeabi_lasr                             0x08016ee1   Thumb Code    36  llsshr.o(.text)
    _ll_sshift_r                             0x08016ee1   Thumb Code     0  llsshr.o(.text)
    __rt_ctype_table                         0x08016f05   Thumb Code     4  ctype_o.o(.text)
    isspace                                  0x08016f0d   Thumb Code    18  isspace_o.o(.text)
    _chval                                   0x08016f1f   Thumb Code    28  _chval.o(.text)
    __vfscanf_char                           0x08016f49   Thumb Code    20  scanf_char.o(.text)
    _sgetc                                   0x08016f65   Thumb Code    30  _sgetc.o(.text)
    _sbackspace                              0x08016f83   Thumb Code    34  _sgetc.o(.text)
    _strtoul                                 0x08016fa5   Thumb Code   158  _strtoul.o(.text)
    __strtod_int                             0x0801707b   Thumb Code    90  strtod.o(.text)
    __I$use$fp                               0x080170e1   Thumb Code     0  iusefp.o(.text)
    _float_round                             0x080170e1   Thumb Code    18  fepilogue.o(.text)
    _float_epilogue                          0x080170f3   Thumb Code    92  fepilogue.o(.text)
    _double_round                            0x0801714f   Thumb Code    30  depilogue.o(.text)
    _double_epilogue                         0x0801716d   Thumb Code   156  depilogue.o(.text)
    __ARM_scalbn                             0x08017209   Thumb Code    46  dscalb.o(.text)
    scalbn                                   0x08017209   Thumb Code     0  dscalb.o(.text)
    __aeabi_ul2d                             0x08017237   Thumb Code    24  dfltul.o(.text)
    __aeabi_d2ulz                            0x0801724f   Thumb Code    48  dfixul.o(.text)
    __scatterload                            0x08017281   Thumb Code    28  init.o(.text)
    __scatterload_rt2                        0x08017281   Thumb Code     0  init.o(.text)
    __vfscanf                                0x080172a5   Thumb Code   810  _scanf.o(.text)
    _dsqrt                                   0x080175d5   Thumb Code   162  dsqrt.o(.text)
    __decompress                             0x08017677   Thumb Code     0  __dczerorl2.o(.text)
    __decompress1                            0x08017677   Thumb Code    86  __dczerorl2.o(.text)
    FIFO_Empty                               0x080176cd   Thumb Code    14  fifo.o(i.FIFO_Empty)
    __0printf                                0x080176dd   Thumb Code    22  printfa.o(i.__0printf)
    __1printf                                0x080176dd   Thumb Code     0  printfa.o(i.__0printf)
    __2printf                                0x080176dd   Thumb Code     0  printfa.o(i.__0printf)
    __c89printf                              0x080176dd   Thumb Code     0  printfa.o(i.__0printf)
    printf                                   0x080176dd   Thumb Code     0  printfa.o(i.__0printf)
    __0sprintf                               0x080176fd   Thumb Code    34  printfa.o(i.__0sprintf)
    __1sprintf                               0x080176fd   Thumb Code     0  printfa.o(i.__0sprintf)
    __2sprintf                               0x080176fd   Thumb Code     0  printfa.o(i.__0sprintf)
    __c89sprintf                             0x080176fd   Thumb Code     0  printfa.o(i.__0sprintf)
    sprintf                                  0x080176fd   Thumb Code     0  printfa.o(i.__0sprintf)
    __0vsnprintf                             0x08017725   Thumb Code    46  printfa.o(i.__0vsnprintf)
    __1vsnprintf                             0x08017725   Thumb Code     0  printfa.o(i.__0vsnprintf)
    __2vsnprintf                             0x08017725   Thumb Code     0  printfa.o(i.__0vsnprintf)
    __c89vsnprintf                           0x08017725   Thumb Code     0  printfa.o(i.__0vsnprintf)
    vsnprintf                                0x08017725   Thumb Code     0  printfa.o(i.__0vsnprintf)
    __ARM_fpclassify                         0x08017759   Thumb Code    48  fpclassify.o(i.__ARM_fpclassify)
    __aeabi_errno_addr                       0x08017789   Thumb Code     4  errno.o(i.__aeabi_errno_addr)
    __rt_errno_addr                          0x08017789   Thumb Code     0  errno.o(i.__aeabi_errno_addr)
    free                                     0x08017791   Thumb Code    88  mallocr.o(i.__free$realloc)
    __hardfp_ceil                            0x080177f1   Thumb Code   252  ceil.o(i.__hardfp_ceil)
    __hardfp_fabs                            0x08017909   Thumb Code    20  fabs.o(i.__hardfp_fabs)
    __hardfp_log                             0x08017921   Thumb Code   872  log.o(i.__hardfp_log)
    __hardfp_pow                             0x08017ce9   Thumb Code  3072  pow.o(i.__hardfp_pow)
    __hardfp_strtod                          0x08018939   Thumb Code    30  strtod.o(i.__hardfp_strtod)
    __kernel_poly                            0x08018961   Thumb Code   248  poly.o(i.__kernel_poly)
    malloc                                   0x08018a59   Thumb Code    64  mallocr.o(i.__malloc$realloc)
    __mathlib_dbl_divzero                    0x08018aa9   Thumb Code    28  dunder.o(i.__mathlib_dbl_divzero)
    __mathlib_dbl_infnan                     0x08018ad9   Thumb Code    20  dunder.o(i.__mathlib_dbl_infnan)
    __mathlib_dbl_infnan2                    0x08018aed   Thumb Code    20  dunder.o(i.__mathlib_dbl_infnan2)
    __mathlib_dbl_invalid                    0x08018b01   Thumb Code    24  dunder.o(i.__mathlib_dbl_invalid)
    __mathlib_dbl_overflow                   0x08018b21   Thumb Code    24  dunder.o(i.__mathlib_dbl_overflow)
    __mathlib_dbl_underflow                  0x08018b41   Thumb Code    24  dunder.o(i.__mathlib_dbl_underflow)
    __scatterload_copy                       0x08018b61   Thumb Code    14  handlers.o(i.__scatterload_copy)
    __scatterload_null                       0x08018b6f   Thumb Code     2  handlers.o(i.__scatterload_null)
    __scatterload_zeroinit                   0x08018b71   Thumb Code    14  handlers.o(i.__scatterload_zeroinit)
    __set_errno                              0x08018b81   Thumb Code     6  errno.o(i.__set_errno)
    _is_digit                                0x08018d11   Thumb Code    14  scanf_fp.o(i._is_digit)
    fabs                                     0x08019447   Thumb Code    24  fabs.o(i.fabs)
    realloc                                  0x080194b1   Thumb Code   102  mallocr.o(i.realloc)
    sqrt                                     0x0801951d   Thumb Code   110  sqrt.o(i.sqrt)
    g_gpioConfigHandler_main                 0x080196c8   Data           8  dev_main.o(.constdata)
    g_devHandler_main                        0x08019730   Data          28  dev_main.o(.constdata)
    g_gpioConfigHandler_net                  0x08019760   Data           8  dev_net.o(.constdata)
    g_devHandler_net                         0x08019788   Data          28  dev_net.o(.constdata)
    g_gpioConfigHandler_power                0x080198bc   Data           8  dev_power.o(.constdata)
    g_devHandler_power                       0x080199a4   Data          28  dev_power.o(.constdata)
    g_gpioConfigHandler_storage0             0x080199e8   Data           8  dev_storage0.o(.constdata)
    g_devHandler_storage0                    0x08019a70   Data          28  dev_storage0.o(.constdata)
    g_gpioConfigHandler_switch               0x08019af0   Data           8  dev_switch.o(.constdata)
    g_devHandler_switch                      0x08019b98   Data          28  dev_switch.o(.constdata)
    shellCmdi2cTest                          0x08019c4c   Data           8  tools.o(.constdata)
    shellDesci2cTest                         0x08019c54   Data           9  tools.o(.constdata)
    shellCmdreboot                           0x08019c5d   Data           7  tools.o(.constdata)
    shellDescreboot                          0x08019c64   Data          15  tools.o(.constdata)
    shellCmdversion                          0x08019c73   Data           8  tools.o(.constdata)
    shellDescversion                         0x08019c7b   Data          21  tools.o(.constdata)
    shellCmdsensor                           0x08019c90   Data           7  tools.o(.constdata)
    shellDescsensor                          0x08019c97   Data          17  tools.o(.constdata)
    shellCmdexit                             0x08019ca8   Data           5  tools.o(.constdata)
    shellDescexit                            0x08019cad   Data          11  tools.o(.constdata)
    shellCmdlog                              0x08019cd0   Data           4  log.o(.constdata)
    shellDesclog                             0x08019cd4   Data          10  log.o(.constdata)
    PMBusStdCmds                             0x08019d60   Data         447  pmbus.o(.constdata)
    m_FlashModeFilterTbl                     0x08019f58   Data          10  msghndlr.o(.constdata)
    g_App_CmdHndlr                           0x08019f64   Data         560  app.o(.constdata)
    g_Chassis_CmdHndlr                       0x0801a194   Data          48  chassis.o(.constdata)
    g_Oem_CmdHndlr                           0x0801a1c4   Data          96  oem.o(.constdata)
    g_SensorEvent_CmdHndlr                   0x0801a224   Data         272  sensorevent.o(.constdata)
    g_Storage_CmdHndlr                       0x0801a39c   Data         224  storage.o(.constdata)
    SDRSize                                  0x0801a47c   Data          20  sdr.o(.constdata)
    g_Bridge_CmdHndlr                        0x0801a494   Data          16  bridge.o(.constdata)
    shellCmdDefaultUser                      0x0801a588   Data           6  shell.o(.constdata)
    shellPasswordDefaultUser                 0x0801a58e   Data           5  shell.o(.constdata)
    shellDesDefaultUser                      0x0801a593   Data          13  shell.o(.constdata)
    shellCmdsetVar                           0x0801a5a0   Data           7  shell.o(.constdata)
    shellDescsetVar                          0x0801a5a7   Data           8  shell.o(.constdata)
    shellDesc0x1B5B4100                      0x0801a5af   Data           3  shell.o(.constdata)
    shellDesc0x1B5B4200                      0x0801a5b2   Data           5  shell.o(.constdata)
    shellDesc0x1B5B4300                      0x0801a5b7   Data           6  shell.o(.constdata)
    shellDesc0x1B5B4400                      0x0801a5bd   Data           5  shell.o(.constdata)
    shellDesc0x09000000                      0x0801a5c2   Data           4  shell.o(.constdata)
    shellDesc0x08000000                      0x0801a5c6   Data          10  shell.o(.constdata)
    shellDesc0x7F000000                      0x0801a5d0   Data          10  shell.o(.constdata)
    shellDesc0x1B5B337E                      0x0801a5da   Data           7  shell.o(.constdata)
    shellDesc0x0D000000                      0x0801a5e1   Data           6  shell.o(.constdata)
    shellDesc0x0D0A0000                      0x0801a5e7   Data           6  shell.o(.constdata)
    shellCmdhelp                             0x0801a5ed   Data           5  shell.o(.constdata)
    shellDeschelp                            0x0801a5f2   Data          30  shell.o(.constdata)
    shellCmdusers                            0x0801a610   Data           6  shell.o(.constdata)
    shellDescusers                           0x0801a616   Data          14  shell.o(.constdata)
    shellCmdcmds                             0x0801a624   Data           5  shell.o(.constdata)
    shellDesccmds                            0x0801a629   Data          13  shell.o(.constdata)
    shellCmdvars                             0x0801a636   Data           5  shell.o(.constdata)
    shellDescvars                            0x0801a63b   Data          13  shell.o(.constdata)
    shellCmdkeys                             0x0801a648   Data           5  shell.o(.constdata)
    shellDesckeys                            0x0801a64d   Data          13  shell.o(.constdata)
    shellCmdclear                            0x0801a65a   Data           6  shell.o(.constdata)
    shellDescclear                           0x0801a660   Data          14  shell.o(.constdata)
    __mathlib_zero                           0x0801a730   Data           8  qnan.o(.constdata)
    __ctype_table                            0x0801a738   Data         129  ctype_o.o(.constdata)
    Region$$Table$$Base                      0x0801ae00   Number         0  anon$$obj.o(Region$$Table)
    Region$$Table$$Limit                     0x0801ae20   Number         0  anon$$obj.o(Region$$Table)
    shellCommand$$Base                       0x0801ae20   Number         0  tools.o(shellCommand)
    shellCommandi2cTest                      0x0801ae20   Data          16  tools.o(shellCommand)
    shellCommandreboot                       0x0801ae30   Data          16  tools.o(shellCommand)
    shellCommandversion                      0x0801ae40   Data          16  tools.o(shellCommand)
    shellCommandsensor                       0x0801ae50   Data          16  tools.o(shellCommand)
    shellCommandexit                         0x0801ae60   Data          16  tools.o(shellCommand)
    shellCommandlog                          0x0801ae70   Data          16  log.o(shellCommand)
    shellUserDefault                         0x0801ae80   Data          16  shell.o(shellCommand)
    shellCommandsetVar                       0x0801ae90   Data          16  shell.o(shellCommand)
    shellKey0x1B5B4100                       0x0801aea0   Data          16  shell.o(shellCommand)
    shellKey0x1B5B4200                       0x0801aeb0   Data          16  shell.o(shellCommand)
    shellKey0x1B5B4300                       0x0801aec0   Data          16  shell.o(shellCommand)
    shellKey0x1B5B4400                       0x0801aed0   Data          16  shell.o(shellCommand)
    shellKey0x09000000                       0x0801aee0   Data          16  shell.o(shellCommand)
    shellKey0x08000000                       0x0801aef0   Data          16  shell.o(shellCommand)
    shellKey0x7F000000                       0x0801af00   Data          16  shell.o(shellCommand)
    shellKey0x1B5B337E                       0x0801af10   Data          16  shell.o(shellCommand)
    shellKey0x0D000000                       0x0801af20   Data          16  shell.o(shellCommand)
    shellKey0x0D0A0000                       0x0801af30   Data          16  shell.o(shellCommand)
    shellCommandhelp                         0x0801af40   Data          16  shell.o(shellCommand)
    shellCommandusers                        0x0801af50   Data          16  shell.o(shellCommand)
    shellCommandcmds                         0x0801af60   Data          16  shell.o(shellCommand)
    shellCommandvars                         0x0801af70   Data          16  shell.o(shellCommand)
    shellCommandkeys                         0x0801af80   Data          16  shell.o(shellCommand)
    shellCommandclear                        0x0801af90   Data          16  shell.o(shellCommand)
    shellCommand$$Limit                      0x0801afa0   Number         0  shell.o(shellCommand)
    ComTask_Handler                          0x20000000   Data           4  main.o(.data)
    g_debugLevel                             0x20000004   Data           4  main.o(.data)
    g_localtime                              0x20000008   Data           4  main.o(.data)
    g_utc_time_bmc_firmware_build            0x20000010   Data           8  main.o(.data)
    g_bmc_firmware_version                   0x20000018   Data           2  main.o(.data)
    projectInfo                              0x2000001c   Data           4  main.o(.data)
    g_chassisCtrl_Queue                      0x20000020   Data           4  main.o(.data)
    PEC_Disable                              0x200000c0   Data           4  pmbus.o(.data)
    ResponseDatMsg_Queue                     0x200000c8   Data           4  msghndlr.o(.data)
    RecvDatMsg_Queue                         0x200000cc   Data           4  msghndlr.o(.data)
    RecvForwardI2CDatMsg_Queue               0x200000d0   Data           4  msghndlr.o(.data)
    g_sensor_sdr                             0x200000d4   Data         896  sdr.o(.data)
    g_I2CS0_semaphore                        0x20000470   Data           4  bsp_i2c_gpio.o(.data)
    g_time_run                               0x20000538   Data           4  bsp_timer.o(.data)
    SystemCoreClock                          0x2000053c   Data           4  system_gd32f30x.o(.data)
    pxCurrentTCB                             0x20000540   Data           4  tasks.o(.data)
    __stdout                                 0x20000610   Data           4  stdout.o(.data)
    __microlib_freelist                      0x20000614   Data           4  mvars.o(.data)
    __microlib_freelist_initialised          0x20000618   Data           4  mvars.o(.data)
    g_BMCInfo                                0x200007a8   Data        4192  msghndlr.o(.bss)
    g_fullSensorRec_Tmp                      0x20001808   Data          64  sdr.o(.bss)
    g_Cap                                    0x20001848   Data          40  bsp_capture.o(.bss)
    xQueueRegistry                           0x20001be4   Data         120  queue.o(.bss)
    shell                                    0x2000ab88   Data         108  shell_port.o(.bss)
    shellBuffer                              0x2000abf4   Data         200  shell_port.o(.bss)
    __heap_base                              0x2000acc0   Data           0  startup_gd32f30x_cl.o(HEAP)
    __heap_limit                             0x2000b0c0   Data           0  startup_gd32f30x_cl.o(HEAP)
    __initial_sp                             0x2000b4c0   Data           0  startup_gd32f30x_cl.o(STACK)



==============================================================================

Memory Map of the image

  Image Entry point : 0x08000151

  Load Region LR_IROM1 (Base: 0x08000000, Size: 0x0001b5c0, Max: 0x00100000, ABSOLUTE, COMPRESSED[0x0001b1ec])

    Execution Region ER_IROM1 (Exec base: 0x08000000, Load base: 0x08000000, Size: 0x0001afa0, Max: 0x00100000, ABSOLUTE)

    Exec Addr    Load Addr    Size         Type   Attr      Idx    E Section Name        Object

    0x08000000   0x08000000   0x00000150   Data   RO         2790    RESET               startup_gd32f30x_cl.o
    0x08000150   0x08000150   0x00000000   Code   RO         3157  * .ARM.Collect$$$$00000000  mc_w.l(entry.o)
    0x08000150   0x08000150   0x00000004   Code   RO         3539    .ARM.Collect$$$$00000001  mc_w.l(entry2.o)
    0x08000154   0x08000154   0x00000004   Code   RO         3542    .ARM.Collect$$$$00000004  mc_w.l(entry5.o)
    0x08000158   0x08000158   0x00000000   Code   RO         3544    .ARM.Collect$$$$00000008  mc_w.l(entry7b.o)
    0x08000158   0x08000158   0x00000000   Code   RO         3546    .ARM.Collect$$$$0000000A  mc_w.l(entry8b.o)
    0x08000158   0x08000158   0x00000008   Code   RO         3547    .ARM.Collect$$$$0000000B  mc_w.l(entry9a.o)
    0x08000160   0x08000160   0x00000004   Code   RO         3554    .ARM.Collect$$$$0000000E  mc_w.l(entry12b.o)
    0x08000164   0x08000164   0x00000000   Code   RO         3549    .ARM.Collect$$$$0000000F  mc_w.l(entry10a.o)
    0x08000164   0x08000164   0x00000000   Code   RO         3551    .ARM.Collect$$$$00000011  mc_w.l(entry11a.o)
    0x08000164   0x08000164   0x00000004   Code   RO         3540    .ARM.Collect$$$$00002712  mc_w.l(entry2.o)
    0x08000168   0x08000168   0x00000096   Code   RO         2990    .emb_text           port.o
    0x080001fe   0x080001fe   0x00000026   Code   RO            3    .text               gd32f30x_it.o
    0x08000224   0x08000224   0x0000057c   Code   RO          183    .text               main.o
    0x080007a0   0x080007a0   0x00000080   Code   RO          377    .text               systick.o
    0x08000820   0x08000820   0x00000002   Code   RO          404    .text               gd32f30x_platform.o
    0x08000822   0x08000822   0x00000002   PAD
    0x08000824   0x08000824   0x00000cc4   Code   RO          424    .text               api_subdevices.o
    0x080014e8   0x080014e8   0x000000c0   Code   RO          637    .text               dev_main.o
    0x080015a8   0x080015a8   0x000000c0   Code   RO          674    .text               dev_net.o
    0x08001668   0x08001668   0x00000108   Code   RO          702    .text               dev_power.o
    0x08001770   0x08001770   0x000000cc   Code   RO          731    .text               dev_storage0.o
    0x0800183c   0x0800183c   0x000000cc   Code   RO          759    .text               dev_switch.o
    0x08001908   0x08001908   0x00000424   Code   RO          787    .text               api_adc.o
    0x08001d2c   0x08001d2c   0x00000368   Code   RO          816    .text               api_fan.o
    0x08002094   0x08002094   0x00000044   Code   RO          852    .text               api_cpu.o
    0x080020d8   0x080020d8   0x000003b8   Code   RO          877    .text               api_utc.o
    0x08002490   0x08002490   0x00000ae8   Code   RO          899    .text               tools.o
    0x08002f78   0x08002f78   0x00000190   Code   RO          955    .text               fifo.o
    0x08003108   0x08003108   0x00000288   Code   RO         1032    .text               api_sensor.o
    0x08003390   0x08003390   0x0000237c   Code   RO         1077    .text               cjson.o
    0x0800570c   0x0800570c   0x00000330   Code   RO         1113    .text               log.o
    0x08005a3c   0x08005a3c   0x00000348   Code   RO         1137    .text               mac5023.o
    0x08005d84   0x08005d84   0x00000648   Code   RO         1173    .text               pmbus.o
    0x080063cc   0x080063cc   0x00000074   Code   RO         1468    .text               ipmi_common.o
    0x08006440   0x08006440   0x00000474   Code   RO         1552    .text               serialifc.o
    0x080068b4   0x080068b4   0x0000007e   Code   RO         1590    .text               serial.o
    0x08006932   0x08006932   0x00000002   PAD
    0x08006934   0x08006934   0x00000354   Code   RO         1665    .text               chassisctrl.o
    0x08006c88   0x08006c88   0x000008fc   Code   RO         1695    .text               msghndlr.o
    0x08007584   0x08007584   0x00000572   Code   RO         1769    .text               appdevice.o
    0x08007af6   0x08007af6   0x00000002   PAD
    0x08007af8   0x08007af8   0x000001a4   Code   RO         1822    .text               oem.o
    0x08007c9c   0x08007c9c   0x000027e4   Code   RO         1881    .text               sensor.o
    0x0800a480   0x0800a480   0x00001470   Code   RO         1945    .text               sdr.o
    0x0800b8f0   0x0800b8f0   0x00000268   Code   RO         1980    .text               ipmdevice.o
    0x0800bb58   0x0800bb58   0x000005a0   Code   RO         2043    .text               chassisdevice.o
    0x0800c0f8   0x0800c0f8   0x00000c94   Code   RO         2067    .text               sensor_helpers.o
    0x0800cd8c   0x0800cd8c   0x000000d4   Code   RO         2109    .text               bsp_adc.o
    0x0800ce60   0x0800ce60   0x000002a8   Code   RO         2129    .text               bsp_capture.o
    0x0800d108   0x0800d108   0x00000ad4   Code   RO         2156    .text               bsp_i2c.o
    0x0800dbdc   0x0800dbdc   0x000002b0   Code   RO         2183    .text               bsp_i2c_gpio.o
    0x0800de8c   0x0800de8c   0x000000d0   Code   RO         2235    .text               bsp_pwm.o
    0x0800df5c   0x0800df5c   0x00000050   Code   RO         2258    .text               bsp_uart3.o
    0x0800dfac   0x0800dfac   0x000001bc   Code   RO         2285    .text               bsp_usart0.o
    0x0800e168   0x0800e168   0x00000088   Code   RO         2326    .text               bsp_usart1.o
    0x0800e1f0   0x0800e1f0   0x000002d8   Code   RO         2350    .text               bsp_gpio.o
    0x0800e4c8   0x0800e4c8   0x000000f0   Code   RO         2396    .text               bsp_timer.o
    0x0800e5b8   0x0800e5b8   0x00000298   Code   RO         2419    .text               bsp_uartcomm.o
    0x0800e850   0x0800e850   0x000002f8   Code   RO         2441    .text               system_gd32f30x.o
    0x0800eb48   0x0800eb48   0x000005ac   Code   RO         2467    .text               gd32f30x_adc.o
    0x0800f0f4   0x0800f0f4   0x00000360   Code   RO         2550    .text               gd32f30x_gpio.o
    0x0800f454   0x0800f454   0x00000108   Code   RO         2570    .text               gd32f30x_fwdgt.o
    0x0800f55c   0x0800f55c   0x000003cc   Code   RO         2610    .text               gd32f30x_i2c.o
    0x0800f928   0x0800f928   0x000006d4   Code   RO         2650    .text               gd32f30x_rcu.o
    0x0800fffc   0x0800fffc   0x00000e4c   Code   RO         2690    .text               gd32f30x_timer.o
    0x08010e48   0x08010e48   0x00000144   Code   RO         2710    .text               gd32f30x_misc.o
    0x08010f8c   0x08010f8c   0x0000049c   Code   RO         2730    .text               gd32f30x_usart.o
    0x08011428   0x08011428   0x00000080   Code   RO         2770    .text               gd32f30x_dbg.o
    0x080114a8   0x080114a8   0x00000024   Code   RO         2791    .text               startup_gd32f30x_cl.o
    0x080114cc   0x080114cc   0x00000094   Code   RO         2850    .text               list.o
    0x08011560   0x08011560   0x00000fd0   Code   RO         2873    .text               queue.o
    0x08012530   0x08012530   0x00001b08   Code   RO         2902    .text               tasks.o
    0x08014038   0x08014038   0x0000064c   Code   RO         2941    .text               timers.o
    0x08014684   0x08014684   0x000002a0   Code   RO         2967    .text               heap_4.o
    0x08014924   0x08014924   0x000002e0   Code   RO         2991    .text               port.o
    0x08014c04   0x08014c04   0x00001374   Code   RO         3028    .text               shell.o
    0x08015f78   0x08015f78   0x00000350   Code   RO         3076    .text               shell_ext.o
    0x080162c8   0x080162c8   0x0000004c   Code   RO         3090    .text               shell_port.o
    0x08016314   0x08016314   0x0000000c   Code   RO         3160    .text               mc_w.l(tolower.o)
    0x08016320   0x08016320   0x00000024   Code   RO         3162    .text               mc_w.l(rand.o)
    0x08016344   0x08016344   0x00000024   Code   RO         3165    .text               mc_w.l(memcpya.o)
    0x08016368   0x08016368   0x00000024   Code   RO         3167    .text               mc_w.l(memseta.o)
    0x0801638c   0x0801638c   0x00000018   Code   RO         3169    .text               mc_w.l(strcat.o)
    0x080163a4   0x080163a4   0x0000000e   Code   RO         3171    .text               mc_w.l(strlen.o)
    0x080163b2   0x080163b2   0x0000001c   Code   RO         3173    .text               mc_w.l(strcmp.o)
    0x080163ce   0x080163ce   0x00000012   Code   RO         3175    .text               mc_w.l(strcpy.o)
    0x080163e0   0x080163e0   0x0000001e   Code   RO         3177    .text               mc_w.l(strncmp.o)
    0x080163fe   0x080163fe   0x00000002   PAD
    0x08016400   0x08016400   0x00000044   Code   RO         3179    .text               mc_w.l(strtok.o)
    0x08016444   0x08016444   0x00000038   Code   RO         3476    .text               mc_w.l(__0sscanf.o)
    0x0801647c   0x0801647c   0x0000014c   Code   RO         3478    .text               mc_w.l(_scanf_int.o)
    0x080165c8   0x080165c8   0x00000360   Code   RO         3480    .text               mc_w.l(scanf_fp.o)
    0x08016928   0x08016928   0x00000070   Code   RO         3484    .text               mc_w.l(strtol.o)
    0x08016998   0x08016998   0x0000001a   Code   RO         3486    .text               mc_w.l(atoi.o)
    0x080169b2   0x080169b2   0x0000014e   Code   RO         3488    .text               mf_w.l(dadd.o)
    0x08016b00   0x08016b00   0x000000e4   Code   RO         3490    .text               mf_w.l(dmul.o)
    0x08016be4   0x08016be4   0x000000de   Code   RO         3492    .text               mf_w.l(ddiv.o)
    0x08016cc2   0x08016cc2   0x00000022   Code   RO         3494    .text               mf_w.l(dflti.o)
    0x08016ce4   0x08016ce4   0x0000003e   Code   RO         3496    .text               mf_w.l(dfixi.o)
    0x08016d22   0x08016d22   0x00000032   Code   RO         3498    .text               mf_w.l(dfixui.o)
    0x08016d54   0x08016d54   0x00000026   Code   RO         3500    .text               mf_w.l(f2d.o)
    0x08016d7a   0x08016d7a   0x00000002   PAD
    0x08016d7c   0x08016d7c   0x00000030   Code   RO         3502    .text               mf_w.l(cdcmple.o)
    0x08016dac   0x08016dac   0x00000030   Code   RO         3504    .text               mf_w.l(cdrcmple.o)
    0x08016ddc   0x08016ddc   0x00000038   Code   RO         3506    .text               mf_w.l(d2f.o)
    0x08016e14   0x08016e14   0x0000002c   Code   RO         3556    .text               mc_w.l(uidiv.o)
    0x08016e40   0x08016e40   0x00000062   Code   RO         3558    .text               mc_w.l(uldiv.o)
    0x08016ea2   0x08016ea2   0x0000001e   Code   RO         3560    .text               mc_w.l(llshl.o)
    0x08016ec0   0x08016ec0   0x00000020   Code   RO         3562    .text               mc_w.l(llushr.o)
    0x08016ee0   0x08016ee0   0x00000024   Code   RO         3564    .text               mc_w.l(llsshr.o)
    0x08016f04   0x08016f04   0x00000008   Code   RO         3566    .text               mc_w.l(ctype_o.o)
    0x08016f0c   0x08016f0c   0x00000012   Code   RO         3588    .text               mc_w.l(isspace_o.o)
    0x08016f1e   0x08016f1e   0x0000001c   Code   RO         3603    .text               mc_w.l(_chval.o)
    0x08016f3a   0x08016f3a   0x00000002   PAD
    0x08016f3c   0x08016f3c   0x00000028   Code   RO         3605    .text               mc_w.l(scanf_char.o)
    0x08016f64   0x08016f64   0x00000040   Code   RO         3607    .text               mc_w.l(_sgetc.o)
    0x08016fa4   0x08016fa4   0x0000009e   Code   RO         3609    .text               mc_w.l(_strtoul.o)
    0x08017042   0x08017042   0x00000002   PAD
    0x08017044   0x08017044   0x0000009c   Code   RO         3611    .text               mc_w.l(strtod.o)
    0x080170e0   0x080170e0   0x00000000   Code   RO         3613    .text               mc_w.l(iusefp.o)
    0x080170e0   0x080170e0   0x0000006e   Code   RO         3614    .text               mf_w.l(fepilogue.o)
    0x0801714e   0x0801714e   0x000000ba   Code   RO         3616    .text               mf_w.l(depilogue.o)
    0x08017208   0x08017208   0x0000002e   Code   RO         3620    .text               mf_w.l(dscalb.o)
    0x08017236   0x08017236   0x00000018   Code   RO         3622    .text               mf_w.l(dfltul.o)
    0x0801724e   0x0801724e   0x00000030   Code   RO         3624    .text               mf_w.l(dfixul.o)
    0x0801727e   0x0801727e   0x00000002   PAD
    0x08017280   0x08017280   0x00000024   Code   RO         3626    .text               mc_w.l(init.o)
    0x080172a4   0x080172a4   0x00000330   Code   RO         3630    .text               mc_w.l(_scanf.o)
    0x080175d4   0x080175d4   0x000000a2   Code   RO         3632    .text               mf_w.l(dsqrt.o)
    0x08017676   0x08017676   0x00000056   Code   RO         3645    .text               mc_w.l(__dczerorl2.o)
    0x080176cc   0x080176cc   0x0000000e   Code   RO          970    i.FIFO_Empty        fifo.o
    0x080176da   0x080176da   0x00000002   PAD
    0x080176dc   0x080176dc   0x00000020   Code   RO         3420    i.__0printf         mc_w.l(printfa.o)
    0x080176fc   0x080176fc   0x00000028   Code   RO         3422    i.__0sprintf        mc_w.l(printfa.o)
    0x08017724   0x08017724   0x00000034   Code   RO         3425    i.__0vsnprintf      mc_w.l(printfa.o)
    0x08017758   0x08017758   0x00000030   Code   RO         3522    i.__ARM_fpclassify  m_wm.l(fpclassify.o)
    0x08017788   0x08017788   0x00000008   Code   RO         3596    i.__aeabi_errno_addr  mc_w.l(errno.o)
    0x08017790   0x08017790   0x0000005c   Code   RO         3452    i.__free$realloc    mc_w.l(mallocr.o)
    0x080177ec   0x080177ec   0x00000004   PAD
    0x080177f0   0x080177f0   0x00000118   Code   RO         3111    i.__hardfp_ceil     m_wm.l(ceil.o)
    0x08017908   0x08017908   0x00000014   Code   RO         3117    i.__hardfp_fabs     m_wm.l(fabs.o)
    0x0801791c   0x0801791c   0x00000004   PAD
    0x08017920   0x08017920   0x000003c4   Code   RO         3123    i.__hardfp_log      m_wm.l(log.o)
    0x08017ce4   0x08017ce4   0x00000004   PAD
    0x08017ce8   0x08017ce8   0x00000c50   Code   RO         3137    i.__hardfp_pow      m_wm.l(pow.o)
    0x08018938   0x08018938   0x00000028   Code   RO         3151    i.__hardfp_strtod   m_wm.l(strtod.o)
    0x08018960   0x08018960   0x000000f8   Code   RO         3524    i.__kernel_poly     m_wm.l(poly.o)
    0x08018a58   0x08018a58   0x00000050   Code   RO         3453    i.__malloc$realloc  mc_w.l(mallocr.o)
    0x08018aa8   0x08018aa8   0x00000030   Code   RO         3508    i.__mathlib_dbl_divzero  m_wm.l(dunder.o)
    0x08018ad8   0x08018ad8   0x00000014   Code   RO         3509    i.__mathlib_dbl_infnan  m_wm.l(dunder.o)
    0x08018aec   0x08018aec   0x00000014   Code   RO         3510    i.__mathlib_dbl_infnan2  m_wm.l(dunder.o)
    0x08018b00   0x08018b00   0x00000020   Code   RO         3511    i.__mathlib_dbl_invalid  m_wm.l(dunder.o)
    0x08018b20   0x08018b20   0x00000020   Code   RO         3512    i.__mathlib_dbl_overflow  m_wm.l(dunder.o)
    0x08018b40   0x08018b40   0x00000020   Code   RO         3514    i.__mathlib_dbl_underflow  m_wm.l(dunder.o)
    0x08018b60   0x08018b60   0x0000000e   Code   RO         3639    i.__scatterload_copy  mc_w.l(handlers.o)
    0x08018b6e   0x08018b6e   0x00000002   Code   RO         3640    i.__scatterload_null  mc_w.l(handlers.o)
    0x08018b70   0x08018b70   0x0000000e   Code   RO         3641    i.__scatterload_zeroinit  mc_w.l(handlers.o)
    0x08018b7e   0x08018b7e   0x00000002   PAD
    0x08018b80   0x08018b80   0x0000000c   Code   RO         3598    i.__set_errno       mc_w.l(errno.o)
    0x08018b8c   0x08018b8c   0x00000184   Code   RO         3427    i._fp_digits        mc_w.l(printfa.o)
    0x08018d10   0x08018d10   0x0000000e   Code   RO         3482    i._is_digit         mc_w.l(scanf_fp.o)
    0x08018d1e   0x08018d1e   0x00000002   PAD
    0x08018d20   0x08018d20   0x000006b4   Code   RO         3428    i._printf_core      mc_w.l(printfa.o)
    0x080193d4   0x080193d4   0x00000024   Code   RO         3429    i._printf_post_padding  mc_w.l(printfa.o)
    0x080193f8   0x080193f8   0x0000002e   Code   RO         3430    i._printf_pre_padding  mc_w.l(printfa.o)
    0x08019426   0x08019426   0x00000016   Code   RO         3431    i._snputc           mc_w.l(printfa.o)
    0x0801943c   0x0801943c   0x0000000a   Code   RO         3432    i._sputc            mc_w.l(printfa.o)
    0x08019446   0x08019446   0x00000018   Code   RO         3119    i.fabs              m_wm.l(fabs.o)
    0x0801945e   0x0801945e   0x00000002   PAD
    0x08019460   0x08019460   0x00000050   Code   RO         3454    i.internal_alloc    mc_w.l(mallocr.o)
    0x080194b0   0x080194b0   0x0000006c   Code   RO         3455    i.realloc           mc_w.l(mallocr.o)
    0x0801951c   0x0801951c   0x0000006e   Code   RO         3529    i.sqrt              m_wm.l(sqrt.o)
    0x0801958a   0x0801958a   0x00000002   PAD
    0x0801958c   0x0801958c   0x00000038   Data   RO          426    .constdata          api_subdevices.o
    0x080195c4   0x080195c4   0x00000188   Data   RO          639    .constdata          dev_main.o
    0x0801974c   0x0801974c   0x00000058   Data   RO          675    .constdata          dev_net.o
    0x080197a4   0x080197a4   0x0000021c   Data   RO          704    .constdata          dev_power.o
    0x080199c0   0x080199c0   0x000000cc   Data   RO          733    .constdata          dev_storage0.o
    0x08019a8c   0x08019a8c   0x00000128   Data   RO          761    .constdata          dev_switch.o
    0x08019bb4   0x08019bb4   0x00000038   Data   RO          818    .constdata          api_fan.o
    0x08019bec   0x08019bec   0x00000030   Data   RO          878    .constdata          api_utc.o
    0x08019c1c   0x08019c1c   0x0000009c   Data   RO          900    .constdata          tools.o
    0x08019cb8   0x08019cb8   0x00000026   Data   RO         1114    .constdata          log.o
    0x08019cde   0x08019cde   0x00000002   PAD
    0x08019ce0   0x08019ce0   0x00000080   Data   RO         1138    .constdata          mac5023.o
    0x08019d60   0x08019d60   0x000001bf   Data   RO         1174    .constdata          pmbus.o
    0x08019f1f   0x08019f1f   0x00000001   PAD
    0x08019f20   0x08019f20   0x00000042   Data   RO         1697    .constdata          msghndlr.o
    0x08019f62   0x08019f62   0x00000002   PAD
    0x08019f64   0x08019f64   0x00000230   Data   RO         1734    .constdata          app.o
    0x0801a194   0x0801a194   0x00000030   Data   RO         1802    .constdata          chassis.o
    0x0801a1c4   0x0801a1c4   0x00000060   Data   RO         1823    .constdata          oem.o
    0x0801a224   0x0801a224   0x00000110   Data   RO         1852    .constdata          sensorevent.o
    0x0801a334   0x0801a334   0x00000066   Data   RO         1882    .constdata          sensor.o
    0x0801a39a   0x0801a39a   0x00000002   PAD
    0x0801a39c   0x0801a39c   0x000000e0   Data   RO         1925    .constdata          storage.o
    0x0801a47c   0x0801a47c   0x00000014   Data   RO         1947    .constdata          sdr.o
    0x0801a490   0x0801a490   0x00000003   Data   RO         1981    .constdata          ipmdevice.o
    0x0801a493   0x0801a493   0x00000001   PAD
    0x0801a494   0x0801a494   0x00000010   Data   RO         2012    .constdata          bridge.o
    0x0801a4a4   0x0801a4a4   0x00000030   Data   RO         2131    .constdata          bsp_capture.o
    0x0801a4d4   0x0801a4d4   0x00000028   Data   RO         2260    .constdata          bsp_uart3.o
    0x0801a4fc   0x0801a4fc   0x00000028   Data   RO         2287    .constdata          bsp_usart0.o
    0x0801a524   0x0801a524   0x00000028   Data   RO         2328    .constdata          bsp_usart1.o
    0x0801a54c   0x0801a54c   0x0000003c   Data   RO         2351    .constdata          bsp_gpio.o
    0x0801a588   0x0801a588   0x000000e6   Data   RO         3030    .constdata          shell.o
    0x0801a66e   0x0801a66e   0x00000002   PAD
    0x0801a670   0x0801a670   0x00000038   Data   RO         3126    .constdata          m_wm.l(log.o)
    0x0801a6a8   0x0801a6a8   0x00000088   Data   RO         3140    .constdata          m_wm.l(pow.o)
    0x0801a730   0x0801a730   0x00000008   Data   RO         3526    .constdata          m_wm.l(qnan.o)
    0x0801a738   0x0801a738   0x00000081   Data   RO         3567    .constdata          mc_w.l(ctype_o.o)
    0x0801a7b9   0x0801a7b9   0x00000003   PAD
    0x0801a7bc   0x0801a7bc   0x00000004   Data   RO         3568    .constdata          mc_w.l(ctype_o.o)
    0x0801a7c0   0x0801a7c0   0x00000105   Data   RO          184    .conststring        main.o
    0x0801a8c5   0x0801a8c5   0x00000003   PAD
    0x0801a8c8   0x0801a8c8   0x00000060   Data   RO          427    .conststring        api_subdevices.o
    0x0801a928   0x0801a928   0x00000025   Data   RO          640    .conststring        dev_main.o
    0x0801a94d   0x0801a94d   0x00000003   PAD
    0x0801a950   0x0801a950   0x0000006d   Data   RO          705    .conststring        dev_power.o
    0x0801a9bd   0x0801a9bd   0x00000003   PAD
    0x0801a9c0   0x0801a9c0   0x0000000a   Data   RO          734    .conststring        dev_storage0.o
    0x0801a9ca   0x0801a9ca   0x00000002   PAD
    0x0801a9cc   0x0801a9cc   0x00000014   Data   RO          762    .conststring        dev_switch.o
    0x0801a9e0   0x0801a9e0   0x00000030   Data   RO          879    .conststring        api_utc.o
    0x0801aa10   0x0801aa10   0x000000be   Data   RO          901    .conststring        tools.o
    0x0801aace   0x0801aace   0x00000002   PAD
    0x0801aad0   0x0801aad0   0x00000051   Data   RO         1115    .conststring        log.o
    0x0801ab21   0x0801ab21   0x00000003   PAD
    0x0801ab24   0x0801ab24   0x0000009d   Data   RO         1139    .conststring        mac5023.o
    0x0801abc1   0x0801abc1   0x00000003   PAD
    0x0801abc4   0x0801abc4   0x000000de   Data   RO         1883    .conststring        sensor.o
    0x0801aca2   0x0801aca2   0x00000002   PAD
    0x0801aca4   0x0801aca4   0x00000159   Data   RO         3031    .conststring        shell.o
    0x0801adfd   0x0801adfd   0x00000003   PAD
    0x0801ae00   0x0801ae00   0x00000020   Data   RO         3637    Region$$Table       anon$$obj.o
    0x0801ae20   0x0801ae20   0x00000050   Data   RO          903    shellCommand        tools.o
    0x0801ae70   0x0801ae70   0x00000010   Data   RO         1116    shellCommand        log.o
    0x0801ae80   0x0801ae80   0x00000120   Data   RO         3033    shellCommand        shell.o


    Execution Region RW_IRAM1 (Exec base: 0x20000000, Load base: 0x0801afa0, Size: 0x0000b4c0, Max: 0x00018000, ABSOLUTE, COMPRESSED[0x0000024c])

    Exec Addr    Load Addr    Size         Type   Attr      Idx    E Section Name        Object

    0x20000000   COMPRESSED   0x00000028   Data   RW          185    .data               main.o
    0x20000028   COMPRESSED   0x0000003c   Data   RW          428    .data               api_subdevices.o
    0x20000064   COMPRESSED   0x00000010   Data   RW          677    .data               dev_net.o
    0x20000074   COMPRESSED   0x00000004   Data   RW          706    .data               dev_power.o
    0x20000078   COMPRESSED   0x00000004   Data   RW          788    .data               api_adc.o
    0x2000007c   COMPRESSED   0x00000003   Data   RW          902    .data               tools.o
    0x2000007f   COMPRESSED   0x00000001   PAD
    0x20000080   COMPRESSED   0x00000018   Data   RW         1033    .data               api_sensor.o
    0x20000098   COMPRESSED   0x00000018   Data   RW         1079    .data               cjson.o
    0x200000b0   COMPRESSED   0x00000009   Data   RW         1140    .data               mac5023.o
    0x200000b9   COMPRESSED   0x00000003   PAD
    0x200000bc   COMPRESSED   0x00000008   Data   RW         1176    .data               pmbus.o
    0x200000c4   COMPRESSED   0x00000010   Data   RW         1698    .data               msghndlr.o
    0x200000d4   COMPRESSED   0x00000380   Data   RW         1948    .data               sdr.o
    0x20000454   COMPRESSED   0x00000014   Data   RW         1982    .data               ipmdevice.o
    0x20000468   COMPRESSED   0x00000008   Data   RW         2158    .data               bsp_i2c.o
    0x20000470   COMPRESSED   0x00000004   Data   RW         2184    .data               bsp_i2c_gpio.o
    0x20000474   COMPRESSED   0x00000034   Data   RW         2261    .data               bsp_uart3.o
    0x200004a8   COMPRESSED   0x00000039   Data   RW         2288    .data               bsp_usart0.o
    0x200004e1   COMPRESSED   0x00000003   PAD
    0x200004e4   COMPRESSED   0x00000039   Data   RW         2329    .data               bsp_usart1.o
    0x2000051d   COMPRESSED   0x00000003   PAD
    0x20000520   COMPRESSED   0x00000018   Data   RW         2352    .data               bsp_gpio.o
    0x20000538   COMPRESSED   0x00000004   Data   RW         2397    .data               bsp_timer.o
    0x2000053c   COMPRESSED   0x00000004   Data   RW         2442    .data               system_gd32f30x.o
    0x20000540   COMPRESSED   0x0000003c   Data   RW         2904    .data               tasks.o
    0x2000057c   COMPRESSED   0x00000014   Data   RW         2943    .data               timers.o
    0x20000590   COMPRESSED   0x00000018   Data   RW         2969    .data               heap_4.o
    0x200005a8   COMPRESSED   0x0000000c   Data   RW         2992    .data               port.o
    0x200005b4   COMPRESSED   0x00000054   Data   RW         3032    .data               shell.o
    0x20000608   COMPRESSED   0x00000004   Data   RW         3163    .data               mc_w.l(rand.o)
    0x2000060c   COMPRESSED   0x00000004   Data   RW         3180    .data               mc_w.l(strtok.o)
    0x20000610   COMPRESSED   0x00000004   Data   RW         3555    .data               mc_w.l(stdout.o)
    0x20000614   COMPRESSED   0x00000004   Data   RW         3594    .data               mc_w.l(mvars.o)
    0x20000618   COMPRESSED   0x00000004   Data   RW         3595    .data               mc_w.l(mvars.o)
    0x2000061c   COMPRESSED   0x00000004   Data   RW         3599    .data               mc_w.l(errno.o)
    0x20000620        -       0x00000038   Zero   RW          425    .bss                api_subdevices.o
    0x20000658        -       0x00000018   Zero   RW          638    .bss                dev_main.o
    0x20000670        -       0x00000080   Zero   RW          703    .bss                dev_power.o
    0x200006f0        -       0x00000040   Zero   RW          732    .bss                dev_storage0.o
    0x20000730        -       0x00000050   Zero   RW          760    .bss                dev_switch.o
    0x20000780        -       0x00000018   Zero   RW          817    .bss                api_fan.o
    0x20000798        -       0x0000000f   Zero   RW         1078    .bss                cjson.o
    0x200007a7   COMPRESSED   0x00000001   PAD
    0x200007a8        -       0x00001060   Zero   RW         1696    .bss                msghndlr.o
    0x20001808        -       0x00000040   Zero   RW         1946    .bss                sdr.o
    0x20001848        -       0x00000028   Zero   RW         2130    .bss                bsp_capture.o
    0x20001870        -       0x0000006f   Zero   RW         2157    .bss                bsp_i2c.o
    0x200018df        -       0x00000064   Zero   RW         2259    .bss                bsp_uart3.o
    0x20001943        -       0x00000231   Zero   RW         2286    .bss                bsp_usart0.o
    0x20001b74        -       0x00000064   Zero   RW         2327    .bss                bsp_usart1.o
    0x20001bd8        -       0x0000000c   Zero   RW         2420    .bss                bsp_uartcomm.o
    0x20001be4        -       0x00000078   Zero   RW         2874    .bss                queue.o
    0x20001c5c        -       0x000002e4   Zero   RW         2903    .bss                tasks.o
    0x20001f40        -       0x00000028   Zero   RW         2942    .bss                timers.o
    0x20001f68        -       0x00008c00   Zero   RW         2968    .bss                heap_4.o
    0x2000ab68        -       0x0000001d   Zero   RW         3029    .bss                shell.o
    0x2000ab85   COMPRESSED   0x00000003   PAD
    0x2000ab88        -       0x00000134   Zero   RW         3091    .bss                shell_port.o
    0x2000acbc   COMPRESSED   0x00000004   PAD
    0x2000acc0        -       0x00000400   Zero   RW         2789    HEAP                startup_gd32f30x_cl.o
    0x2000b0c0        -       0x00000400   Zero   RW         2788    STACK               startup_gd32f30x_cl.o


==============================================================================

Image component sizes


      Code (inc. data)   RO Data    RW Data    ZI Data      Debug   Object Name

      1060        158          0          4          0       4548   api_adc.o
        68          4          0          0          0       1026   api_cpu.o
       872        118         56          0         24       5085   api_fan.o
       648         12          0         24          0       7226   api_sensor.o
      3268        590        152         60         56      73906   api_subdevices.o
       952        120         96          0          0       3102   api_utc.o
         0          0        560          0          0        897   app.o
      1394        148          0          0          0      16760   appdevice.o
         0          0         16          0          0        788   bridge.o
       212          0          0          0          0       1485   bsp_adc.o
       680         26         48          0         40       5309   bsp_capture.o
       728        170         60         24          0       3415   bsp_gpio.o
      2772        218          0          8        111       7625   bsp_i2c.o
       688         10          0          4          0       4521   bsp_i2c_gpio.o
       208          6          0          0          0       2009   bsp_pwm.o
       240         12          0          4          0       1387   bsp_timer.o
        80         22         40         52        100       1466   bsp_uart3.o
       664         10          0          0         12       4702   bsp_uartcomm.o
       444        124         40         57        561       3362   bsp_usart0.o
       136         28         40         57        100       1651   bsp_usart1.o
         0          0         48          0          0        801   chassis.o
       852        256          0          0          0      28621   chassisctrl.o
      1440        340          0          0          0       8539   chassisdevice.o
      9084        198          0         24         15      46155   cjson.o
       192        108        429          0         24       4949   dev_main.o
       192        108         88         16          0       3876   dev_net.o
       264         18        649          4        128       4762   dev_power.o
       204        114        214          0         64       3941   dev_storage0.o
       204        108        316          0         80       3927   dev_switch.o
       414          0          0          0          0      12740   fifo.o
      1452         22          0          0          0       9457   gd32f30x_adc.o
       128          6          0          0          0       1831   gd32f30x_dbg.o
         0          0          0          0          0       1472   gd32f30x_dma.o
       264         10          0          0          0       2398   gd32f30x_fwdgt.o
       864         12          0          0          0       5220   gd32f30x_gpio.o
       972         28          0          0          0       7968   gd32f30x_i2c.o
        38          0          0          0          0      19539   gd32f30x_it.o
       324         20          0          0          0       2033   gd32f30x_misc.o
         2          0          0          0          0        508   gd32f30x_platform.o
      1748         72          0          0          0       8508   gd32f30x_rcu.o
      3660         42          0          0          0      18935   gd32f30x_timer.o
      1180         16          0          0          0      11116   gd32f30x_usart.o
       672         82          0         24      35840       3440   heap_4.o
         0          0          0          0          0        796   ipmbmsghndlr.o
       616        164          3         20          0       6035   ipmdevice.o
       116          0          0          0          0       1666   ipmi_common.o
       148          0          0          0          0       1994   list.o
       816        472        135          0          0       2875   log.o
       840        160        285          9          0       4397   mac5023.o
      1404        400        261         40          0     111936   main.o
      2300        434         66         16       4192      19060   msghndlr.o
       420          8         96          0          0       4168   oem.o
      1608        262        447          8          0      11773   pmbus.o
       886        102          0         12          0       8035   port.o
      4048         56          0          0        120      20926   queue.o
      5232        130         20        896         64      20785   sdr.o
     10212        678        324          0          0      35222   sensor.o
      3220        594          0          0          0      14177   sensor_helpers.o
         0          0        272          0          0       1625   sensorevent.o
       126          0          0          0          0       2161   serial.o
      1140        222          0          0          0      17100   serialifc.o
      4980        138        863         84         29      22389   shell.o
       848         14          0          0          0       3776   shell_ext.o
        76         12          0          0        308       1669   shell_port.o
        36          8        336          0       2048        928   startup_gd32f30x_cl.o
         0          0        224          0          0        845   storage.o
       760         58          0          4          0       2749   system_gd32f30x.o
       128         16          0          0          0      27454   systick.o
      6920        592          0         60        740      34154   tasks.o
      1612        110          0         20         40      11911   timers.o
      2792        880        426          3          0      38824   tools.o

    ----------------------------------------------------------------------
     90556       8846       6676       1544      44704     790436   Object Totals
         0          0         32          0          0          0   (incl. Generated)
         8          0         34         10          8          0   (incl. Padding)

    ----------------------------------------------------------------------

      Code (inc. data)   RO Data    RW Data    ZI Data      Debug   Library Member Name

       280         28          0          0          0        156   ceil.o
       184         44          0          0          0        744   dunder.o
        44          0          0          0          0        248   fabs.o
        48          0          0          0          0        124   fpclassify.o
       964         92         56          0          0        316   log.o
       248          0          0          0          0        152   poly.o
      3152        296        136          0          0        352   pow.o
         0          0          8          0          0          0   qnan.o
       110          0          0          0          0        148   sqrt.o
        40         10          0          0          0        128   strtod.o
        56          8          0          0          0         84   __0sscanf.o
        86          0          0          0          0          0   __dczerorl2.o
        28          0          0          0          0         68   _chval.o
       816          6          0          0          0        112   _scanf.o
       332          0          0          0          0         96   _scanf_int.o
        64          0          0          0          0         84   _sgetc.o
       158          0          0          0          0         92   _strtoul.o
        26          0          0          0          0         80   atoi.o
         8          4        133          0          0         68   ctype_o.o
         0          0          0          0          0          0   entry.o
         0          0          0          0          0          0   entry10a.o
         0          0          0          0          0          0   entry11a.o
         4          0          0          0          0          0   entry12b.o
         8          4          0          0          0          0   entry2.o
         4          0          0          0          0          0   entry5.o
         0          0          0          0          0          0   entry7b.o
         0          0          0          0          0          0   entry8b.o
         8          4          0          0          0          0   entry9a.o
        20         10          0          4          0        136   errno.o
        30          0          0          0          0          0   handlers.o
        36          8          0          0          0         68   init.o
        18          0          0          0          0         76   isspace_o.o
         0          0          0          0          0          0   iusefp.o
        30          0          0          0          0         68   llshl.o
        36          0          0          0          0         68   llsshr.o
        32          0          0          0          0         68   llushr.o
       360         30          0          0          0        356   mallocr.o
        36          0          0          0          0         68   memcpya.o
        36          0          0          0          0        108   memseta.o
         0          0          0          8          0          0   mvars.o
      2342        102          0          0          0        764   printfa.o
        36         10          0          4          0        136   rand.o
        40          8          0          0          0         84   scanf_char.o
       878         12          0          0          0        216   scanf_fp.o
         0          0          0          4          0          0   stdout.o
        24          0          0          0          0         68   strcat.o
        28          0          0          0          0         76   strcmp.o
        18          0          0          0          0         68   strcpy.o
        14          0          0          0          0         68   strlen.o
        30          0          0          0          0         80   strncmp.o
       156         12          0          0          0        120   strtod.o
        68          6          0          4          0         80   strtok.o
       112          0          0          0          0         88   strtol.o
        12          0          0          0          0         68   tolower.o
        44          0          0          0          0         80   uidiv.o
        98          0          0          0          0         92   uldiv.o
        48          0          0          0          0         68   cdcmple.o
        48          0          0          0          0         68   cdrcmple.o
        56          0          0          0          0         88   d2f.o
       334          0          0          0          0        148   dadd.o
       222          0          0          0          0        100   ddiv.o
       186          0          0          0          0        176   depilogue.o
        62          0          0          0          0         80   dfixi.o
        50          0          0          0          0         76   dfixui.o
        48          0          0          0          0         68   dfixul.o
        34          0          0          0          0         76   dflti.o
        24          0          0          0          0         76   dfltul.o
       228          0          0          0          0         96   dmul.o
        46          0          0          0          0         80   dscalb.o
       162          0          0          0          0        100   dsqrt.o
        38          0          0          0          0         68   f2d.o
       110          0          0          0          0        168   fepilogue.o

    ----------------------------------------------------------------------
     12928        702        336         24          0       7692   Library Totals
        30          8          3          0          0          0   (incl. Padding)

    ----------------------------------------------------------------------

      Code (inc. data)   RO Data    RW Data    ZI Data      Debug   Library Name

      5070        470        200          0          0       2368   m_wm.l
      6132        224        133         24          0       3788   mc_w.l
      1696          0          0          0          0       1536   mf_w.l

    ----------------------------------------------------------------------
     12928        702        336         24          0       7692   Library Totals

    ----------------------------------------------------------------------

==============================================================================


      Code (inc. data)   RO Data    RW Data    ZI Data      Debug   

    103484       9548       7012       1568      44704     779996   Grand Totals
    103484       9548       7012        588      44704     779996   ELF Image Totals (compressed)
    103484       9548       7012        588          0          0   ROM Totals

==============================================================================

    Total RO  Size (Code + RO Data)               110496 ( 107.91kB)
    Total RW  Size (RW Data + ZI Data)             46272 (  45.19kB)
    Total ROM Size (Code + RO Data + RW Data)     111084 ( 108.48kB)

==============================================================================

