<!doctype html public "-//w3c//dtd html 4.0 transitional//en">
<html><head>
<title>Static Call Graph - [..\..\output\bmc_rom.axf]</title></head>
<body><HR>
<H1>Static Call Graph for image ..\..\output\bmc_rom.axf</H1><HR>
<BR><P>#&#060CALLGRAPH&#062# ARM Linker, 5060960: Last Updated: Fri Sep 02 17:36:17 2022
<BR><P>
<H3>Maximum Stack Usage =        720 bytes + Unknown(Cycles, Untraceable Function Pointers)</H3><H3>
Call chain for Maximum Stack Depth:</H3>
com_task &rArr; MsgHndlr &rArr; ProcessLANReq &rArr; ProcessRMCPReq &rArr; Proc20Payload
<P>
<H3>
Mutually Recursive functions
</H3> <LI><a href="#[22]">ADC0_1_IRQHandler</a>&nbsp;&nbsp;&nbsp;&rArr;&nbsp;&nbsp;&nbsp;<a href="#[22]">ADC0_1_IRQHandler</a><BR>
 <LI><a href="#[26b]">netconn_drain</a>&nbsp;&nbsp;&nbsp;&rArr;&nbsp;&nbsp;&nbsp;<a href="#[26b]">netconn_drain</a><BR>
 <LI><a href="#[168]">lwip_sendto</a>&nbsp;&nbsp;&nbsp;&rArr;&nbsp;&nbsp;&nbsp;<a href="#[169]">lwip_send</a><BR>
</UL>
<P>
<H3>
Function Pointers
</H3><UL>
 <LI><a href="#[22]">ADC0_1_IRQHandler</a> from startup_gd32f20x_cl.o(.text) referenced from startup_gd32f20x_cl.o(RESET)
 <LI><a href="#[3f]">ADC2_IRQHandler</a> from startup_gd32f20x_cl.o(.text) referenced from startup_gd32f20x_cl.o(RESET)
 <LI><a href="#[aa]">ActivateSession</a> from appdevice.o(i.ActivateSession) referenced from app.o(.constdata)
 <LI><a href="#[d0]">AddSDR</a> from sdr.o(i.AddSDR) referenced from storage.o(.constdata)
 <LI><a href="#[a]">BusFault_Handler</a> from gd32f20x_it.o(i.BusFault_Handler) referenced from startup_gd32f20x_cl.o(RESET)
 <LI><a href="#[26]">CAN0_EWMC_IRQHandler</a> from startup_gd32f20x_cl.o(.text) referenced from startup_gd32f20x_cl.o(RESET)
 <LI><a href="#[24]">CAN0_RX0_IRQHandler</a> from startup_gd32f20x_cl.o(.text) referenced from startup_gd32f20x_cl.o(RESET)
 <LI><a href="#[25]">CAN0_RX1_IRQHandler</a> from startup_gd32f20x_cl.o(.text) referenced from startup_gd32f20x_cl.o(RESET)
 <LI><a href="#[23]">CAN0_TX_IRQHandler</a> from startup_gd32f20x_cl.o(.text) referenced from startup_gd32f20x_cl.o(RESET)
 <LI><a href="#[52]">CAN1_EWMC_IRQHandler</a> from startup_gd32f20x_cl.o(.text) referenced from startup_gd32f20x_cl.o(RESET)
 <LI><a href="#[50]">CAN1_RX0_IRQHandler</a> from startup_gd32f20x_cl.o(.text) referenced from startup_gd32f20x_cl.o(RESET)
 <LI><a href="#[51]">CAN1_RX1_IRQHandler</a> from startup_gd32f20x_cl.o(.text) referenced from startup_gd32f20x_cl.o(RESET)
 <LI><a href="#[4f]">CAN1_TX_IRQHandler</a> from startup_gd32f20x_cl.o(.text) referenced from startup_gd32f20x_cl.o(RESET)
 <LI><a href="#[5a]">CAU_IRQHandler</a> from startup_gd32f20x_cl.o(.text) referenced from startup_gd32f20x_cl.o(RESET)
 <LI><a href="#[d3]">ClearSDRRepository</a> from sdr.o(i.ClearSDRRepository) referenced from storage.o(.constdata)
 <LI><a href="#[ac]">CloseSession</a> from appdevice.o(i.CloseSession) referenced from app.o(.constdata)
 <LI><a href="#[a0]">ClrMsgFlags</a> from appdevice.o(i.ClrMsgFlags) referenced from app.o(.constdata)
 <LI><a href="#[9a]">ColdReset</a> from ipmdevice.o(i.ColdReset) referenced from app.o(.constdata)
 <LI><a href="#[59]">DCI_IRQHandler</a> from startup_gd32f20x_cl.o(.text) referenced from startup_gd32f20x_cl.o(RESET)
 <LI><a href="#[1b]">DMA0_Channel0_IRQHandler</a> from startup_gd32f20x_cl.o(.text) referenced from startup_gd32f20x_cl.o(RESET)
 <LI><a href="#[1c]">DMA0_Channel1_IRQHandler</a> from startup_gd32f20x_cl.o(.text) referenced from startup_gd32f20x_cl.o(RESET)
 <LI><a href="#[1d]">DMA0_Channel2_IRQHandler</a> from startup_gd32f20x_cl.o(.text) referenced from startup_gd32f20x_cl.o(RESET)
 <LI><a href="#[1e]">DMA0_Channel3_IRQHandler</a> from startup_gd32f20x_cl.o(.text) referenced from startup_gd32f20x_cl.o(RESET)
 <LI><a href="#[1f]">DMA0_Channel4_IRQHandler</a> from startup_gd32f20x_cl.o(.text) referenced from startup_gd32f20x_cl.o(RESET)
 <LI><a href="#[20]">DMA0_Channel5_IRQHandler</a> from startup_gd32f20x_cl.o(.text) referenced from startup_gd32f20x_cl.o(RESET)
 <LI><a href="#[21]">DMA0_Channel6_IRQHandler</a> from startup_gd32f20x_cl.o(.text) referenced from startup_gd32f20x_cl.o(RESET)
 <LI><a href="#[48]">DMA1_Channel0_IRQHandler</a> from startup_gd32f20x_cl.o(.text) referenced from startup_gd32f20x_cl.o(RESET)
 <LI><a href="#[49]">DMA1_Channel1_IRQHandler</a> from startup_gd32f20x_cl.o(.text) referenced from startup_gd32f20x_cl.o(RESET)
 <LI><a href="#[4a]">DMA1_Channel2_IRQHandler</a> from startup_gd32f20x_cl.o(.text) referenced from startup_gd32f20x_cl.o(RESET)
 <LI><a href="#[4b]">DMA1_Channel3_IRQHandler</a> from startup_gd32f20x_cl.o(.text) referenced from startup_gd32f20x_cl.o(RESET)
 <LI><a href="#[4c]">DMA1_Channel4_IRQHandler</a> from startup_gd32f20x_cl.o(.text) referenced from startup_gd32f20x_cl.o(RESET)
 <LI><a href="#[54]">DMA1_Channel5_IRQHandler</a> from startup_gd32f20x_cl.o(.text) referenced from startup_gd32f20x_cl.o(RESET)
 <LI><a href="#[55]">DMA1_Channel6_IRQHandler</a> from startup_gd32f20x_cl.o(.text) referenced from startup_gd32f20x_cl.o(RESET)
 <LI><a href="#[d]">DebugMon_Handler</a> from gd32f20x_it.o(i.DebugMon_Handler) referenced from startup_gd32f20x_cl.o(RESET)
 <LI><a href="#[d2]">DeleteSDR</a> from sdr.o(i.DeleteSDR) referenced from storage.o(.constdata)
 <LI><a href="#[4d]">ENET_IRQHandler</a> from gd32f20x_it.o(i.ENET_IRQHandler) referenced from startup_gd32f20x_cl.o(RESET)
 <LI><a href="#[4e]">ENET_WKUP_IRQHandler</a> from startup_gd32f20x_cl.o(.text) referenced from startup_gd32f20x_cl.o(RESET)
 <LI><a href="#[40]">EXMC_IRQHandler</a> from startup_gd32f20x_cl.o(.text) referenced from startup_gd32f20x_cl.o(RESET)
 <LI><a href="#[16]">EXTI0_IRQHandler</a> from startup_gd32f20x_cl.o(.text) referenced from startup_gd32f20x_cl.o(RESET)
 <LI><a href="#[38]">EXTI10_15_IRQHandler</a> from startup_gd32f20x_cl.o(.text) referenced from startup_gd32f20x_cl.o(RESET)
 <LI><a href="#[17]">EXTI1_IRQHandler</a> from startup_gd32f20x_cl.o(.text) referenced from startup_gd32f20x_cl.o(RESET)
 <LI><a href="#[18]">EXTI2_IRQHandler</a> from startup_gd32f20x_cl.o(.text) referenced from startup_gd32f20x_cl.o(RESET)
 <LI><a href="#[19]">EXTI3_IRQHandler</a> from startup_gd32f20x_cl.o(.text) referenced from startup_gd32f20x_cl.o(RESET)
 <LI><a href="#[1a]">EXTI4_IRQHandler</a> from startup_gd32f20x_cl.o(.text) referenced from startup_gd32f20x_cl.o(RESET)
 <LI><a href="#[27]">EXTI5_9_IRQHandler</a> from startup_gd32f20x_cl.o(.text) referenced from startup_gd32f20x_cl.o(RESET)
 <LI><a href="#[a2]">EnblMsgChannelRcv</a> from appdevice.o(i.EnblMsgChannelRcv) referenced from app.o(.constdata)
 <LI><a href="#[14]">FMC_IRQHandler</a> from startup_gd32f20x_cl.o(.text) referenced from startup_gd32f20x_cl.o(RESET)
 <LI><a href="#[ae]">GetAuthCode</a> from appdevice.o(i.GetAuthCode) referenced from app.o(.constdata)
 <LI><a href="#[9f]">GetBMCGlobalEnables</a> from appdevice.o(i.GetBMCGlobalEnables) referenced from app.o(.constdata)
 <LI><a href="#[bb]">GetBMCInfo</a> from oem.o(i.GetBMCInfo) referenced from oem.o(.constdata)
 <LI><a href="#[a6]">GetBTIfcCap</a> from appdevice.o(i.GetBTIfcCap) referenced from app.o(.constdata)
 <LI><a href="#[ba]">GetCPUInfo</a> from oem.o(i.GetCPUInfo) referenced from oem.o(.constdata)
 <LI><a href="#[b0]">GetChAccess</a> from appdevice.o(i.GetChAccess) referenced from app.o(.constdata)
 <LI><a href="#[a8]">GetChAuthCap</a> from appdevice.o(i.GetChAuthCap) referenced from app.o(.constdata)
 <LI><a href="#[b1]">GetChInfo</a> from appdevice.o(i.GetChInfo) referenced from app.o(.constdata)
 <LI><a href="#[99]">GetDevID</a> from ipmdevice.o(i.GetDevID) referenced from app.o(.constdata)
 <LI><a href="#[bd]">GetDevSDR</a> from sensor.o(i.GetDevSDR) referenced from sensorevent.o(.constdata)
 <LI><a href="#[bc]">GetDevSDRInfo</a> from sensor.o(i.GetDevSDRInfo) referenced from sensorevent.o(.constdata)
 <LI><a href="#[a3]">GetMessage</a> from appdevice.o(i.GetMessage) referenced from app.o(.constdata)
 <LI><a href="#[a1]">GetMsgFlags</a> from appdevice.o(i.GetMsgFlags) referenced from app.o(.constdata)
 <LI><a href="#[cf]">GetSDR</a> from sdr.o(i.GetSDR) referenced from storage.o(.constdata)
 <LI><a href="#[cd]">GetSDRRepositoryAllocInfo</a> from sdr.o(i.GetSDRRepositoryAllocInfo) referenced from storage.o(.constdata)
 <LI><a href="#[cc]">GetSDRRepositoryInfo</a> from sdr.o(i.GetSDRRepositoryInfo) referenced from storage.o(.constdata)
 <LI><a href="#[d4]">GetSDRRepositoryTime</a> from sdr.o(i.GetSDRRepositoryTime) referenced from storage.o(.constdata)
 <LI><a href="#[c5]">GetSensorEventEnable</a> from sensor.o(i.GetSensorEventEnable) referenced from sensorevent.o(.constdata)
 <LI><a href="#[c7]">GetSensorEventStatus</a> from sensor.o(i.GetSensorEventStatus) referenced from sensorevent.o(.constdata)
 <LI><a href="#[c1]">GetSensorHysterisis</a> from sensor.o(i.GetSensorHysterisis) referenced from sensorevent.o(.constdata)
 <LI><a href="#[c8]">GetSensorReading</a> from sensor.o(i.GetSensorReading) referenced from sensorevent.o(.constdata)
 <LI><a href="#[bf]">GetSensorReadingFactors</a> from sensor.o(i.GetSensorReadingFactors) referenced from sensorevent.o(.constdata)
 <LI><a href="#[c3]">GetSensorThresholds</a> from sensor.o(i.GetSensorThresholds) referenced from sensorevent.o(.constdata)
 <LI><a href="#[ca]">GetSensorType</a> from sensor.o(i.GetSensorType) referenced from sensorevent.o(.constdata)
 <LI><a href="#[a9]">GetSessionChallenge</a> from appdevice.o(i.GetSessionChallenge) referenced from app.o(.constdata)
 <LI><a href="#[ad]">GetSessionInfo</a> from appdevice.o(i.GetSessionInfo) referenced from app.o(.constdata)
 <LI><a href="#[a7]">GetSystemGUID</a> from appdevice.o(i.GetSystemGUID) referenced from app.o(.constdata)
 <LI><a href="#[b9]">GetSystemInfoParam</a> from appdevice.o(i.GetSystemInfoParam) referenced from app.o(.constdata)
 <LI><a href="#[b3]">GetUserAccess</a> from appdevice.o(i.GetUserAccess) referenced from app.o(.constdata)
 <LI><a href="#[b5]">GetUserName</a> from appdevice.o(i.GetUserName) referenced from app.o(.constdata)
 <LI><a href="#[9d]">GetWDT</a> from appdevice.o(i.GetWDT) referenced from app.o(.constdata)
 <LI><a href="#[5b]">HAU_TRNG_IRQHandler</a> from startup_gd32f20x_cl.o(.text) referenced from startup_gd32f20x_cl.o(RESET)
 <LI><a href="#[8]">HardFault_Handler</a> from gd32f20x_it.o(i.HardFault_Handler) referenced from startup_gd32f20x_cl.o(RESET)
 <LI><a href="#[30]">I2C0_ER_IRQHandler</a> from bsp_i2c.o(i.I2C0_ER_IRQHandler) referenced from startup_gd32f20x_cl.o(RESET)
 <LI><a href="#[2f]">I2C0_EV_IRQHandler</a> from bsp_i2c.o(i.I2C0_EV_IRQHandler) referenced from startup_gd32f20x_cl.o(RESET)
 <LI><a href="#[32]">I2C1_ER_IRQHandler</a> from bsp_i2c.o(i.I2C1_ER_IRQHandler) referenced from startup_gd32f20x_cl.o(RESET)
 <LI><a href="#[31]">I2C1_EV_IRQHandler</a> from bsp_i2c.o(i.I2C1_EV_IRQHandler) referenced from startup_gd32f20x_cl.o(RESET)
 <LI><a href="#[58]">I2C2_ER_IRQHandler</a> from bsp_i2c.o(i.I2C2_ER_IRQHandler) referenced from startup_gd32f20x_cl.o(RESET)
 <LI><a href="#[57]">I2C2_EV_IRQHandler</a> from bsp_i2c.o(i.I2C2_EV_IRQHandler) referenced from startup_gd32f20x_cl.o(RESET)
 <LI><a href="#[89]">LANIfcTask</a> from lanifc.o(i.LANIfcTask) referenced from main.o(i.start_task)
 <LI><a href="#[11]">LVD_IRQHandler</a> from startup_gd32f20x_cl.o(.text) referenced from startup_gd32f20x_cl.o(RESET)
 <LI><a href="#[b7]">MasterWriteRead</a> from appdevice.o(i.MasterWriteRead) referenced from app.o(.constdata)
 <LI><a href="#[9]">MemManage_Handler</a> from gd32f20x_it.o(i.MemManage_Handler) referenced from startup_gd32f20x_cl.o(RESET)
 <LI><a href="#[7]">NMI_Handler</a> from gd32f20x_it.o(i.NMI_Handler) referenced from startup_gd32f20x_cl.o(RESET)
 <LI><a href="#[d1]">PartialAddSDR</a> from sdr.o(i.PartialAddSDR) referenced from storage.o(.constdata)
 <LI><a href="#[e]">PendSV_Handler</a> from port.o(.emb_text) referenced from startup_gd32f20x_cl.o(RESET)
 <LI><a href="#[15]">RCU_IRQHandler</a> from startup_gd32f20x_cl.o(.text) referenced from startup_gd32f20x_cl.o(RESET)
 <LI><a href="#[39]">RTC_Alarm_IRQHandler</a> from startup_gd32f20x_cl.o(.text) referenced from startup_gd32f20x_cl.o(RESET)
 <LI><a href="#[13]">RTC_IRQHandler</a> from startup_gd32f20x_cl.o(.text) referenced from startup_gd32f20x_cl.o(RESET)
 <LI><a href="#[c6]">ReArmSensor</a> from sensor.o(i.ReArmSensor) referenced from sensorevent.o(.constdata)
 <LI><a href="#[a5]">ReadEvtMsgBuffer</a> from appdevice.o(i.ReadEvtMsgBuffer) referenced from app.o(.constdata)
 <LI><a href="#[be]">ReserveDevSDRRepository</a> from sensor.o(i.ReserveDevSDRRepository) referenced from sensorevent.o(.constdata)
 <LI><a href="#[ce]">ReserveSDRRepository</a> from sdr.o(i.ReserveSDRRepository) referenced from storage.o(.constdata)
 <LI><a href="#[9b]">ResetWDT</a> from appdevice.o(i.ResetWDT) referenced from app.o(.constdata)
 <LI><a href="#[6]">Reset_Handler</a> from startup_gd32f20x_cl.o(.text) referenced from startup_gd32f20x_cl.o(RESET)
 <LI><a href="#[d5]">RunInitializationAgent</a> from sdr.o(i.RunInitializationAgent) referenced from storage.o(.constdata)
 <LI><a href="#[41]">SDIO_IRQHandler</a> from startup_gd32f20x_cl.o(.text) referenced from startup_gd32f20x_cl.o(RESET)
 <LI><a href="#[33]">SPI0_IRQHandler</a> from startup_gd32f20x_cl.o(.text) referenced from startup_gd32f20x_cl.o(RESET)
 <LI><a href="#[34]">SPI1_IRQHandler</a> from startup_gd32f20x_cl.o(.text) referenced from startup_gd32f20x_cl.o(RESET)
 <LI><a href="#[43]">SPI2_IRQHandler</a> from startup_gd32f20x_cl.o(.text) referenced from startup_gd32f20x_cl.o(RESET)
 <LI><a href="#[c]">SVC_Handler</a> from port.o(.emb_text) referenced from startup_gd32f20x_cl.o(RESET)
 <LI><a href="#[a4]">SendMessage</a> from appdevice.o(i.SendMessage) referenced from app.o(.constdata)
 <LI><a href="#[9e]">SetBMCGlobalEnables</a> from appdevice.o(i.SetBMCGlobalEnables) referenced from app.o(.constdata)
 <LI><a href="#[af]">SetChAccess</a> from appdevice.o(i.SetChAccess) referenced from app.o(.constdata)
 <LI><a href="#[c4]">SetSensorEventEnable</a> from sensor.o(i.SetSensorEventEnable) referenced from sensorevent.o(.constdata)
 <LI><a href="#[c0]">SetSensorHysterisis</a> from sensor.o(i.SetSensorHysterisis) referenced from sensorevent.o(.constdata)
 <LI><a href="#[cb]">SetSensorReading</a> from sensor.o(i.SetSensorReading) referenced from sensorevent.o(.constdata)
 <LI><a href="#[c2]">SetSensorThresholds</a> from sensor.o(i.SetSensorThresholds) referenced from sensorevent.o(.constdata)
 <LI><a href="#[c9]">SetSensorType</a> from sensor.o(i.SetSensorType) referenced from sensorevent.o(.constdata)
 <LI><a href="#[ab]">SetSessionPrivLevel</a> from appdevice.o(i.SetSessionPrivLevel) referenced from app.o(.constdata)
 <LI><a href="#[b8]">SetSystemInfoParam</a> from appdevice.o(i.SetSystemInfoParam) referenced from app.o(.constdata)
 <LI><a href="#[b2]">SetUserAccess</a> from appdevice.o(i.SetUserAccess) referenced from app.o(.constdata)
 <LI><a href="#[b4]">SetUserName</a> from appdevice.o(i.SetUserName) referenced from app.o(.constdata)
 <LI><a href="#[b6]">SetUserPassword</a> from appdevice.o(i.SetUserPassword) referenced from app.o(.constdata)
 <LI><a href="#[9c]">SetWDT</a> from appdevice.o(i.SetWDT) referenced from app.o(.constdata)
 <LI><a href="#[f]">SysTick_Handler</a> from gd32f20x_it.o(i.SysTick_Handler) referenced from startup_gd32f20x_cl.o(RESET)
 <LI><a href="#[61]">SystemInit</a> from system_gd32f20x.o(i.SystemInit) referenced from startup_gd32f20x_cl.o(.text)
 <LI><a href="#[12]">TAMPER_IRQHandler</a> from startup_gd32f20x_cl.o(.text) referenced from startup_gd32f20x_cl.o(RESET)
 <LI><a href="#[94]">TCPSocketRecv</a> from update.o(i.TCPSocketRecv) referenced from update.o(i.updateTask)
 <LI><a href="#[28]">TIMER0_BRK_TIMER8_IRQHandler</a> from startup_gd32f20x_cl.o(.text) referenced from startup_gd32f20x_cl.o(RESET)
 <LI><a href="#[2b]">TIMER0_Channel_IRQHandler</a> from startup_gd32f20x_cl.o(.text) referenced from startup_gd32f20x_cl.o(RESET)
 <LI><a href="#[2a]">TIMER0_TRG_CMT_TIMER10_IRQHandler</a> from startup_gd32f20x_cl.o(.text) referenced from startup_gd32f20x_cl.o(RESET)
 <LI><a href="#[29]">TIMER0_UP_TIMER9_IRQHandler</a> from startup_gd32f20x_cl.o(.text) referenced from startup_gd32f20x_cl.o(RESET)
 <LI><a href="#[2c]">TIMER1_IRQHandler</a> from bsp_capture.o(i.TIMER1_IRQHandler) referenced from startup_gd32f20x_cl.o(RESET)
 <LI><a href="#[2d]">TIMER2_IRQHandler</a> from startup_gd32f20x_cl.o(.text) referenced from startup_gd32f20x_cl.o(RESET)
 <LI><a href="#[2e]">TIMER3_IRQHandler</a> from startup_gd32f20x_cl.o(.text) referenced from startup_gd32f20x_cl.o(RESET)
 <LI><a href="#[42]">TIMER4_IRQHandler</a> from bsp_timer.o(i.TIMER4_IRQHandler) referenced from startup_gd32f20x_cl.o(RESET)
 <LI><a href="#[46]">TIMER5_IRQHandler</a> from startup_gd32f20x_cl.o(.text) referenced from startup_gd32f20x_cl.o(RESET)
 <LI><a href="#[47]">TIMER6_IRQHandler</a> from startup_gd32f20x_cl.o(.text) referenced from startup_gd32f20x_cl.o(RESET)
 <LI><a href="#[3b]">TIMER7_BRK_TIMER11_IRQHandler</a> from bsp_capture.o(i.TIMER7_BRK_TIMER11_IRQHandler) referenced from startup_gd32f20x_cl.o(RESET)
 <LI><a href="#[3e]">TIMER7_Channel_IRQHandler</a> from startup_gd32f20x_cl.o(.text) referenced from startup_gd32f20x_cl.o(RESET)
 <LI><a href="#[3d]">TIMER7_TRG_CMT_TIMER13_IRQHandler</a> from startup_gd32f20x_cl.o(.text) referenced from startup_gd32f20x_cl.o(RESET)
 <LI><a href="#[3c]">TIMER7_UP_TIMER12_IRQHandler</a> from startup_gd32f20x_cl.o(.text) referenced from startup_gd32f20x_cl.o(RESET)
 <LI><a href="#[5f]">TLI_ER_IRQHandler</a> from startup_gd32f20x_cl.o(.text) referenced from startup_gd32f20x_cl.o(RESET)
 <LI><a href="#[5e]">TLI_IRQHandler</a> from startup_gd32f20x_cl.o(.text) referenced from startup_gd32f20x_cl.o(RESET)
 <LI><a href="#[44]">UART3_IRQHandler</a> from bsp_uart3.o(i.UART3_IRQHandler) referenced from startup_gd32f20x_cl.o(RESET)
 <LI><a href="#[45]">UART4_IRQHandler</a> from startup_gd32f20x_cl.o(.text) referenced from startup_gd32f20x_cl.o(RESET)
 <LI><a href="#[5c]">UART6_IRQHandler</a> from startup_gd32f20x_cl.o(.text) referenced from startup_gd32f20x_cl.o(RESET)
 <LI><a href="#[5d]">UART7_IRQHandler</a> from bsp_uart7.o(i.UART7_IRQHandler) referenced from startup_gd32f20x_cl.o(RESET)
 <LI><a href="#[35]">USART0_IRQHandler</a> from bsp_usart0.o(i.USART0_IRQHandler) referenced from startup_gd32f20x_cl.o(RESET)
 <LI><a href="#[36]">USART1_IRQHandler</a> from startup_gd32f20x_cl.o(.text) referenced from startup_gd32f20x_cl.o(RESET)
 <LI><a href="#[37]">USART2_IRQHandler</a> from startup_gd32f20x_cl.o(.text) referenced from startup_gd32f20x_cl.o(RESET)
 <LI><a href="#[56]">USART5_IRQHandler</a> from startup_gd32f20x_cl.o(.text) referenced from startup_gd32f20x_cl.o(RESET)
 <LI><a href="#[53]">USBFS_IRQHandler</a> from startup_gd32f20x_cl.o(.text) referenced from startup_gd32f20x_cl.o(RESET)
 <LI><a href="#[3a]">USBFS_WKUP_IRQHandler</a> from startup_gd32f20x_cl.o(.text) referenced from startup_gd32f20x_cl.o(RESET)
 <LI><a href="#[67]">UnImplementedFunc</a> from msghndlr.o(i.UnImplementedFunc) referenced 3 times from storage.o(.constdata)
 <LI><a href="#[67]">UnImplementedFunc</a> from msghndlr.o(i.UnImplementedFunc) referenced from msghndlr.o(i.GetCmdHndlr)
 <LI><a href="#[b]">UsageFault_Handler</a> from gd32f20x_it.o(i.UsageFault_Handler) referenced from startup_gd32f20x_cl.o(RESET)
 <LI><a href="#[10]">WWDGT_IRQHandler</a> from startup_gd32f20x_cl.o(.text) referenced from startup_gd32f20x_cl.o(RESET)
 <LI><a href="#[62]">__main</a> from entry.o(.ARM.Collect$$$$00000000) referenced from startup_gd32f20x_cl.o(.text)
 <LI><a href="#[64]">_sbackspace</a> from _sgetc.o(.text) referenced from __0sscanf.o(.text)
 <LI><a href="#[65]">_scanf_char_input</a> from scanf_char.o(.text) referenced from scanf_char.o(.text)
 <LI><a href="#[63]">_sgetc</a> from _sgetc.o(.text) referenced from __0sscanf.o(.text)
 <LI><a href="#[6a]">_sputc</a> from printfa.o(i._sputc) referenced from printfa.o(i.__0sprintf)
 <LI><a href="#[75]">accept_function</a> from api_msg.o(i.accept_function) referenced from api_msg.o(i.lwip_netconn_do_listen)
 <LI><a href="#[1]">busArgHandler</a> from tools.o(i.busArgHandler) referenced 2 times from tools.o(.data)
 <LI><a href="#[88]">com_task</a> from main.o(i.com_task) referenced from main.o(i.start_task)
 <LI><a href="#[8c]">cpuGetInfoTask</a> from api_cpu.o(i.cpuGetInfoTask) referenced from main.o(i.start_task)
 <LI><a href="#[6e]">cyclic_timer</a> from timeouts.o(i.cyclic_timer) referenced from timeouts.o(i.cyclic_timer)
 <LI><a href="#[6e]">cyclic_timer</a> from timeouts.o(i.cyclic_timer) referenced from timeouts.o(i.sys_timeouts_init)
 <LI><a href="#[d8]">dhcp_coarse_tmr</a> from dhcp.o(i.dhcp_coarse_tmr) referenced from timeouts.o(.constdata)
 <LI><a href="#[d9]">dhcp_fine_tmr</a> from dhcp.o(i.dhcp_fine_tmr) referenced from timeouts.o(.constdata)
 <LI><a href="#[87]">enet_task</a> from main.o(i.enet_task) referenced from main.o(i.start_task)
 <LI><a href="#[74]">err_tcp</a> from api_msg.o(i.err_tcp) referenced from api_msg.o(i.lwip_netconn_do_close_internal)
 <LI><a href="#[74]">err_tcp</a> from api_msg.o(i.err_tcp) referenced from api_msg.o(i.setup_tcp)
 <LI><a href="#[6f]">etharp_output</a> from etharp.o(i.etharp_output) referenced from ethernetif.o(i.ethernetif_init)
 <LI><a href="#[d7]">etharp_tmr</a> from etharp.o(i.etharp_tmr) referenced from timeouts.o(.constdata)
 <LI><a href="#[92]">ethernet_input</a> from ethernet.o(i.ethernet_input) referenced from tcpip.o(i.tcpip_input)
 <LI><a href="#[78]">ethernetif_init</a> from ethernetif.o(i.ethernetif_init) referenced from netconf.o(i.lwip_stack_init)
 <LI><a href="#[71]">ethernetif_input</a> from ethernetif.o(i.ethernetif_input) referenced from ethernetif.o(i.low_level_init)
 <LI><a href="#[76]">event_callback</a> from sockets.o(i.event_callback) referenced from sockets.o(i.lwip_socket)
 <LI><a href="#[69]">fputc</a> from bsp_usart0.o(i.fputc) referenced from printfa.o(i.__0printf)
 <LI><a href="#[3]">getHostArgHandler</a> from tools.o(i.getHostArgHandler) referenced 2 times from tools.o(.data)
 <LI><a href="#[da]">i2cTest</a> from tools.o(i.i2cTest) referenced from tools.o(shellCommand)
 <LI><a href="#[de]">ifconfig</a> from tools.o(i.ifconfig) referenced from tools.o(shellCommand)
 <LI><a href="#[93]">ip4_input</a> from ip4.o(i.ip4_input) referenced from tcpip.o(i.tcpip_input)
 <LI><a href="#[66]">isspace</a> from isspace_o.o(.text) referenced from scanf_char.o(.text)
 <LI><a href="#[7a]">led_task</a> from main.o(i.led_task) referenced from main.o(i.main)
 <LI><a href="#[70]">low_level_output</a> from ethernetif.o(i.low_level_output) referenced from ethernetif.o(i.ethernetif_init)
 <LI><a href="#[7b]">lwip_netconn_do_bind</a> from api_msg.o(i.lwip_netconn_do_bind) referenced from api_lib.o(i.netconn_bind)
 <LI><a href="#[7c]">lwip_netconn_do_close</a> from api_msg.o(i.lwip_netconn_do_close) referenced from api_lib.o(i.netconn_close_shutdown)
 <LI><a href="#[7d]">lwip_netconn_do_delconn</a> from api_msg.o(i.lwip_netconn_do_delconn) referenced from api_lib.o(i.netconn_delete)
 <LI><a href="#[7e]">lwip_netconn_do_getaddr</a> from api_msg.o(i.lwip_netconn_do_getaddr) referenced from api_lib.o(i.netconn_getaddr)
 <LI><a href="#[7f]">lwip_netconn_do_listen</a> from api_msg.o(i.lwip_netconn_do_listen) referenced from api_lib.o(i.netconn_listen_with_backlog)
 <LI><a href="#[80]">lwip_netconn_do_newconn</a> from api_msg.o(i.lwip_netconn_do_newconn) referenced from api_lib.o(i.netconn_new_with_proto_and_callback)
 <LI><a href="#[81]">lwip_netconn_do_recv</a> from api_msg.o(i.lwip_netconn_do_recv) referenced from api_lib.o(i.netconn_recv_data)
 <LI><a href="#[82]">lwip_netconn_do_send</a> from api_msg.o(i.lwip_netconn_do_send) referenced from api_lib.o(i.netconn_send)
 <LI><a href="#[83]">lwip_netconn_do_write</a> from api_msg.o(i.lwip_netconn_do_write) referenced from api_lib.o(i.netconn_write_partly)
 <LI><a href="#[60]">main</a> from main.o(i.main) referenced from entry9a.o(.ARM.Collect$$$$0000000B)
 <LI><a href="#[73]">poll_tcp</a> from api_msg.o(i.poll_tcp) referenced from api_msg.o(i.lwip_netconn_do_close_internal)
 <LI><a href="#[73]">poll_tcp</a> from api_msg.o(i.poll_tcp) referenced from api_msg.o(i.setup_tcp)
 <LI><a href="#[97]">prvIdleTask</a> from tasks.o(i.prvIdleTask) referenced from tasks.o(i.vTaskStartScheduler)
 <LI><a href="#[85]">prvTaskExitError</a> from port.o(i.prvTaskExitError) referenced from port.o(i.pxPortInitialiseStack)
 <LI><a href="#[98]">prvTimerTask</a> from timers.o(i.prvTimerTask) referenced from timers.o(i.xTimerCreateTimerTask)
 <LI><a href="#[db]">reboot</a> from tools.o(i.reboot) referenced from tools.o(shellCommand)
 <LI><a href="#[86]">recv_tcp</a> from api_msg.o(i.recv_tcp) referenced from api_msg.o(i.setup_tcp)
 <LI><a href="#[84]">recv_udp</a> from api_msg.o(i.recv_udp) referenced from api_msg.o(i.pcb_new)
 <LI><a href="#[4]">resetArgHandler</a> from tools.o(i.resetArgHandler) referenced 2 times from tools.o(.data)
 <LI><a href="#[5]">scanArgHandler</a> from tools.o(i.scanArgHandler) referenced 2 times from tools.o(.data)
 <LI><a href="#[dd]">sensor</a> from tools.o(i.sensor) referenced from tools.o(shellCommand)
 <LI><a href="#[72]">sent_tcp</a> from api_msg.o(i.sent_tcp) referenced from api_msg.o(i.lwip_netconn_do_close_internal)
 <LI><a href="#[72]">sent_tcp</a> from api_msg.o(i.sent_tcp) referenced from api_msg.o(i.setup_tcp)
 <LI><a href="#[2]">setHostArgHandler</a> from tools.o(i.setHostArgHandler) referenced 2 times from tools.o(.data)
 <LI><a href="#[e6]">shellBackspace</a> from shell.o(i.shellBackspace) referenced 2 times from shell.o(shellCommand)
 <LI><a href="#[ee]">shellClear</a> from shell.o(i.shellClear) referenced from shell.o(shellCommand)
 <LI><a href="#[eb]">shellCmds</a> from shell.o(i.shellCmds) referenced from shell.o(shellCommand)
 <LI><a href="#[e7]">shellDelete</a> from shell.o(i.shellDelete) referenced from shell.o(shellCommand)
 <LI><a href="#[e2]">shellDown</a> from shell.o(i.shellDown) referenced from shell.o(shellCommand)
 <LI><a href="#[e8]">shellEnter</a> from shell.o(i.shellEnter) referenced 2 times from shell.o(shellCommand)
 <LI><a href="#[e9]">shellHelp</a> from shell.o(i.shellHelp) referenced from shell.o(shellCommand)
 <LI><a href="#[ed]">shellKeys</a> from shell.o(i.shellKeys) referenced from shell.o(shellCommand)
 <LI><a href="#[e4]">shellLeft</a> from shell.o(i.shellLeft) referenced from shell.o(shellCommand)
 <LI><a href="#[e3]">shellRight</a> from shell.o(i.shellRight) referenced from shell.o(shellCommand)
 <LI><a href="#[e0]">shellSetVar</a> from shell.o(i.shellSetVar) referenced from shell.o(shellCommand)
 <LI><a href="#[e5]">shellTab</a> from shell.o(i.shellTab) referenced from shell.o(shellCommand)
 <LI><a href="#[8d]">shellTask</a> from shell.o(i.shellTask) referenced from main.o(i.start_task)
 <LI><a href="#[e1]">shellUp</a> from shell.o(i.shellUp) referenced from shell.o(shellCommand)
 <LI><a href="#[ea]">shellUsers</a> from shell.o(i.shellUsers) referenced from shell.o(shellCommand)
 <LI><a href="#[ec]">shellVars</a> from shell.o(i.shellVars) referenced from shell.o(shellCommand)
 <LI><a href="#[df]">shell_exit</a> from tools.o(i.shell_exit) referenced from tools.o(shellCommand)
 <LI><a href="#[79]">start_task</a> from main.o(i.start_task) referenced from main.o(i.main)
 <LI><a href="#[8f]">tcp_accept_null</a> from tcp.o(i.tcp_accept_null) referenced from tcp.o(i.tcp_listen_with_backlog_and_err)
 <LI><a href="#[8e]">tcp_recv_null</a> from tcp.o(i.tcp_recv_null) referenced from tcp.o(i.tcp_alloc)
 <LI><a href="#[d6]">tcp_tmr</a> from tcp.o(i.tcp_tmr) referenced from timeouts.o(.constdata)
 <LI><a href="#[77]">tcpip_input</a> from tcpip.o(i.tcpip_input) referenced from netconf.o(i.lwip_stack_init)
 <LI><a href="#[90]">tcpip_tcp_timer</a> from timeouts.o(i.tcpip_tcp_timer) referenced from timeouts.o(i.tcp_timer_needed)
 <LI><a href="#[90]">tcpip_tcp_timer</a> from timeouts.o(i.tcpip_tcp_timer) referenced from timeouts.o(i.tcpip_tcp_timer)
 <LI><a href="#[91]">tcpip_thread</a> from tcpip.o(i.tcpip_thread) referenced from tcpip.o(i.tcpip_init)
 <LI><a href="#[8b]">tmpSampleTask</a> from api_tmp.o(i.tmpSampleTask) referenced from main.o(i.start_task)
 <LI><a href="#[8a]">updateTask</a> from update.o(i.updateTask) referenced from main.o(i.start_task)
 <LI><a href="#[96]">userShellRead</a> from shell_port.o(i.userShellRead) referenced from shell_port.o(i.userShellInit)
 <LI><a href="#[95]">userShellWrite</a> from shell_port.o(i.userShellWrite) referenced from shell_port.o(i.userShellInit)
 <LI><a href="#[6c]">vTaskFTUartRead</a> from api_cpu.o(i.vTaskFTUartRead) referenced from api_cpu.o(i.cpuGetInfoTask)
 <LI><a href="#[6b]">vTaskFTUartWrite</a> from api_cpu.o(i.vTaskFTUartWrite) referenced from api_cpu.o(i.cpuGetInfoTask)
 <LI><a href="#[68]">vTaskResponseDatWrite</a> from msghndlr.o(i.vTaskResponseDatWrite) referenced from msghndlr.o(i.MsgHndlr)
 <LI><a href="#[6d]">vTimerCallback</a> from api_cpu.o(i.vTimerCallback) referenced from api_cpu.o(i.cpuGetInfoTask)
 <LI><a href="#[dc]">version</a> from tools.o(i.version) referenced from tools.o(shellCommand)
</UL>
<P>
<H3>
Global Symbols
</H3>
<P><STRONG><a name="[62]"></a>__main</STRONG> (Thumb, 0 bytes, Stack size unknown bytes, entry.o(.ARM.Collect$$$$00000000))
<BR>[Address Reference Count : 1]<UL><LI> startup_gd32f20x_cl.o(.text)
</UL>
<P><STRONG><a name="[374]"></a>_main_stk</STRONG> (Thumb, 0 bytes, Stack size unknown bytes, entry2.o(.ARM.Collect$$$$00000001))

<P><STRONG><a name="[ef]"></a>_main_scatterload</STRONG> (Thumb, 0 bytes, Stack size unknown bytes, entry5.o(.ARM.Collect$$$$00000004))
<BR><BR>[Calls]<UL><LI><a href="#[f0]">&gt;&gt;</a>&nbsp;&nbsp;&nbsp;__scatterload
</UL>

<P><STRONG><a name="[110]"></a>__main_after_scatterload</STRONG> (Thumb, 0 bytes, Stack size unknown bytes, entry5.o(.ARM.Collect$$$$00000004))
<BR><BR>[Called By]<UL><LI><a href="#[f0]">&gt;&gt;</a>&nbsp;&nbsp;&nbsp;__scatterload
</UL>

<P><STRONG><a name="[375]"></a>_main_clock</STRONG> (Thumb, 0 bytes, Stack size unknown bytes, entry7b.o(.ARM.Collect$$$$00000008))

<P><STRONG><a name="[376]"></a>_main_cpp_init</STRONG> (Thumb, 0 bytes, Stack size unknown bytes, entry8b.o(.ARM.Collect$$$$0000000A))

<P><STRONG><a name="[377]"></a>_main_init</STRONG> (Thumb, 0 bytes, Stack size unknown bytes, entry9a.o(.ARM.Collect$$$$0000000B))

<P><STRONG><a name="[378]"></a>__rt_lib_shutdown_fini</STRONG> (Thumb, 0 bytes, Stack size unknown bytes, entry12b.o(.ARM.Collect$$$$0000000E))

<P><STRONG><a name="[379]"></a>__rt_final_cpp</STRONG> (Thumb, 0 bytes, Stack size unknown bytes, entry10a.o(.ARM.Collect$$$$0000000F))

<P><STRONG><a name="[37a]"></a>__rt_final_exit</STRONG> (Thumb, 0 bytes, Stack size unknown bytes, entry11a.o(.ARM.Collect$$$$00000011))

<P><STRONG><a name="[c]"></a>SVC_Handler</STRONG> (Thumb, 32 bytes, Stack size 0 bytes, port.o(.emb_text))
<BR>[Address Reference Count : 1]<UL><LI> startup_gd32f20x_cl.o(RESET)
</UL>
<P><STRONG><a name="[36c]"></a>__asm___6_port_c_39a90d8d__prvStartFirstTask</STRONG> (Thumb, 28 bytes, Stack size 0 bytes, port.o(.emb_text))
<BR><BR>[Called By]<UL><LI><a href="#[36a]">&gt;&gt;</a>&nbsp;&nbsp;&nbsp;xPortStartScheduler
</UL>

<P><STRONG><a name="[e]"></a>PendSV_Handler</STRONG> (Thumb, 72 bytes, Stack size 0 bytes, port.o(.emb_text))
<BR><BR>[Stack]<UL><LI>Max Depth = 32<LI>Call Chain = PendSV_Handler &rArr; vTaskSwitchContext &rArr; __2printf
</UL>
<BR>[Calls]<UL><LI><a href="#[f1]">&gt;&gt;</a>&nbsp;&nbsp;&nbsp;vTaskSwitchContext
</UL>
<BR>[Address Reference Count : 1]<UL><LI> startup_gd32f20x_cl.o(RESET)
</UL>
<P><STRONG><a name="[362]"></a>vPortGetIPSR</STRONG> (Thumb, 6 bytes, Stack size 0 bytes, port.o(.emb_text))
<BR><BR>[Called By]<UL><LI><a href="#[361]">&gt;&gt;</a>&nbsp;&nbsp;&nbsp;vPortValidateInterruptPriority
</UL>

<P><STRONG><a name="[6]"></a>Reset_Handler</STRONG> (Thumb, 8 bytes, Stack size 0 bytes, startup_gd32f20x_cl.o(.text))
<BR>[Address Reference Count : 1]<UL><LI> startup_gd32f20x_cl.o(RESET)
</UL>
<P><STRONG><a name="[22]"></a>ADC0_1_IRQHandler</STRONG> (Thumb, 0 bytes, Stack size 0 bytes, startup_gd32f20x_cl.o(.text))
<BR><BR>[Calls]<UL><LI><a href="#[22]">&gt;&gt;</a>&nbsp;&nbsp;&nbsp;ADC0_1_IRQHandler
</UL>
<BR>[Called By]<UL><LI><a href="#[22]">&gt;&gt;</a>&nbsp;&nbsp;&nbsp;ADC0_1_IRQHandler
</UL>
<BR>[Address Reference Count : 1]<UL><LI> startup_gd32f20x_cl.o(RESET)
</UL>
<P><STRONG><a name="[3f]"></a>ADC2_IRQHandler</STRONG> (Thumb, 0 bytes, Stack size 0 bytes, startup_gd32f20x_cl.o(.text))
<BR>[Address Reference Count : 1]<UL><LI> startup_gd32f20x_cl.o(RESET)
</UL>
<P><STRONG><a name="[26]"></a>CAN0_EWMC_IRQHandler</STRONG> (Thumb, 0 bytes, Stack size 0 bytes, startup_gd32f20x_cl.o(.text))
<BR>[Address Reference Count : 1]<UL><LI> startup_gd32f20x_cl.o(RESET)
</UL>
<P><STRONG><a name="[24]"></a>CAN0_RX0_IRQHandler</STRONG> (Thumb, 0 bytes, Stack size 0 bytes, startup_gd32f20x_cl.o(.text))
<BR>[Address Reference Count : 1]<UL><LI> startup_gd32f20x_cl.o(RESET)
</UL>
<P><STRONG><a name="[25]"></a>CAN0_RX1_IRQHandler</STRONG> (Thumb, 0 bytes, Stack size 0 bytes, startup_gd32f20x_cl.o(.text))
<BR>[Address Reference Count : 1]<UL><LI> startup_gd32f20x_cl.o(RESET)
</UL>
<P><STRONG><a name="[23]"></a>CAN0_TX_IRQHandler</STRONG> (Thumb, 0 bytes, Stack size 0 bytes, startup_gd32f20x_cl.o(.text))
<BR>[Address Reference Count : 1]<UL><LI> startup_gd32f20x_cl.o(RESET)
</UL>
<P><STRONG><a name="[52]"></a>CAN1_EWMC_IRQHandler</STRONG> (Thumb, 0 bytes, Stack size 0 bytes, startup_gd32f20x_cl.o(.text))
<BR>[Address Reference Count : 1]<UL><LI> startup_gd32f20x_cl.o(RESET)
</UL>
<P><STRONG><a name="[50]"></a>CAN1_RX0_IRQHandler</STRONG> (Thumb, 0 bytes, Stack size 0 bytes, startup_gd32f20x_cl.o(.text))
<BR>[Address Reference Count : 1]<UL><LI> startup_gd32f20x_cl.o(RESET)
</UL>
<P><STRONG><a name="[51]"></a>CAN1_RX1_IRQHandler</STRONG> (Thumb, 0 bytes, Stack size 0 bytes, startup_gd32f20x_cl.o(.text))
<BR>[Address Reference Count : 1]<UL><LI> startup_gd32f20x_cl.o(RESET)
</UL>
<P><STRONG><a name="[4f]"></a>CAN1_TX_IRQHandler</STRONG> (Thumb, 0 bytes, Stack size 0 bytes, startup_gd32f20x_cl.o(.text))
<BR>[Address Reference Count : 1]<UL><LI> startup_gd32f20x_cl.o(RESET)
</UL>
<P><STRONG><a name="[5a]"></a>CAU_IRQHandler</STRONG> (Thumb, 0 bytes, Stack size 0 bytes, startup_gd32f20x_cl.o(.text))
<BR>[Address Reference Count : 1]<UL><LI> startup_gd32f20x_cl.o(RESET)
</UL>
<P><STRONG><a name="[59]"></a>DCI_IRQHandler</STRONG> (Thumb, 0 bytes, Stack size 0 bytes, startup_gd32f20x_cl.o(.text))
<BR>[Address Reference Count : 1]<UL><LI> startup_gd32f20x_cl.o(RESET)
</UL>
<P><STRONG><a name="[1b]"></a>DMA0_Channel0_IRQHandler</STRONG> (Thumb, 0 bytes, Stack size 0 bytes, startup_gd32f20x_cl.o(.text))
<BR>[Address Reference Count : 1]<UL><LI> startup_gd32f20x_cl.o(RESET)
</UL>
<P><STRONG><a name="[1c]"></a>DMA0_Channel1_IRQHandler</STRONG> (Thumb, 0 bytes, Stack size 0 bytes, startup_gd32f20x_cl.o(.text))
<BR>[Address Reference Count : 1]<UL><LI> startup_gd32f20x_cl.o(RESET)
</UL>
<P><STRONG><a name="[1d]"></a>DMA0_Channel2_IRQHandler</STRONG> (Thumb, 0 bytes, Stack size 0 bytes, startup_gd32f20x_cl.o(.text))
<BR>[Address Reference Count : 1]<UL><LI> startup_gd32f20x_cl.o(RESET)
</UL>
<P><STRONG><a name="[1e]"></a>DMA0_Channel3_IRQHandler</STRONG> (Thumb, 0 bytes, Stack size 0 bytes, startup_gd32f20x_cl.o(.text))
<BR>[Address Reference Count : 1]<UL><LI> startup_gd32f20x_cl.o(RESET)
</UL>
<P><STRONG><a name="[1f]"></a>DMA0_Channel4_IRQHandler</STRONG> (Thumb, 0 bytes, Stack size 0 bytes, startup_gd32f20x_cl.o(.text))
<BR>[Address Reference Count : 1]<UL><LI> startup_gd32f20x_cl.o(RESET)
</UL>
<P><STRONG><a name="[20]"></a>DMA0_Channel5_IRQHandler</STRONG> (Thumb, 0 bytes, Stack size 0 bytes, startup_gd32f20x_cl.o(.text))
<BR>[Address Reference Count : 1]<UL><LI> startup_gd32f20x_cl.o(RESET)
</UL>
<P><STRONG><a name="[21]"></a>DMA0_Channel6_IRQHandler</STRONG> (Thumb, 0 bytes, Stack size 0 bytes, startup_gd32f20x_cl.o(.text))
<BR>[Address Reference Count : 1]<UL><LI> startup_gd32f20x_cl.o(RESET)
</UL>
<P><STRONG><a name="[48]"></a>DMA1_Channel0_IRQHandler</STRONG> (Thumb, 0 bytes, Stack size 0 bytes, startup_gd32f20x_cl.o(.text))
<BR>[Address Reference Count : 1]<UL><LI> startup_gd32f20x_cl.o(RESET)
</UL>
<P><STRONG><a name="[49]"></a>DMA1_Channel1_IRQHandler</STRONG> (Thumb, 0 bytes, Stack size 0 bytes, startup_gd32f20x_cl.o(.text))
<BR>[Address Reference Count : 1]<UL><LI> startup_gd32f20x_cl.o(RESET)
</UL>
<P><STRONG><a name="[4a]"></a>DMA1_Channel2_IRQHandler</STRONG> (Thumb, 0 bytes, Stack size 0 bytes, startup_gd32f20x_cl.o(.text))
<BR>[Address Reference Count : 1]<UL><LI> startup_gd32f20x_cl.o(RESET)
</UL>
<P><STRONG><a name="[4b]"></a>DMA1_Channel3_IRQHandler</STRONG> (Thumb, 0 bytes, Stack size 0 bytes, startup_gd32f20x_cl.o(.text))
<BR>[Address Reference Count : 1]<UL><LI> startup_gd32f20x_cl.o(RESET)
</UL>
<P><STRONG><a name="[4c]"></a>DMA1_Channel4_IRQHandler</STRONG> (Thumb, 0 bytes, Stack size 0 bytes, startup_gd32f20x_cl.o(.text))
<BR>[Address Reference Count : 1]<UL><LI> startup_gd32f20x_cl.o(RESET)
</UL>
<P><STRONG><a name="[54]"></a>DMA1_Channel5_IRQHandler</STRONG> (Thumb, 0 bytes, Stack size 0 bytes, startup_gd32f20x_cl.o(.text))
<BR>[Address Reference Count : 1]<UL><LI> startup_gd32f20x_cl.o(RESET)
</UL>
<P><STRONG><a name="[55]"></a>DMA1_Channel6_IRQHandler</STRONG> (Thumb, 0 bytes, Stack size 0 bytes, startup_gd32f20x_cl.o(.text))
<BR>[Address Reference Count : 1]<UL><LI> startup_gd32f20x_cl.o(RESET)
</UL>
<P><STRONG><a name="[4e]"></a>ENET_WKUP_IRQHandler</STRONG> (Thumb, 0 bytes, Stack size 0 bytes, startup_gd32f20x_cl.o(.text))
<BR>[Address Reference Count : 1]<UL><LI> startup_gd32f20x_cl.o(RESET)
</UL>
<P><STRONG><a name="[40]"></a>EXMC_IRQHandler</STRONG> (Thumb, 0 bytes, Stack size 0 bytes, startup_gd32f20x_cl.o(.text))
<BR>[Address Reference Count : 1]<UL><LI> startup_gd32f20x_cl.o(RESET)
</UL>
<P><STRONG><a name="[16]"></a>EXTI0_IRQHandler</STRONG> (Thumb, 0 bytes, Stack size 0 bytes, startup_gd32f20x_cl.o(.text))
<BR>[Address Reference Count : 1]<UL><LI> startup_gd32f20x_cl.o(RESET)
</UL>
<P><STRONG><a name="[38]"></a>EXTI10_15_IRQHandler</STRONG> (Thumb, 0 bytes, Stack size 0 bytes, startup_gd32f20x_cl.o(.text))
<BR>[Address Reference Count : 1]<UL><LI> startup_gd32f20x_cl.o(RESET)
</UL>
<P><STRONG><a name="[17]"></a>EXTI1_IRQHandler</STRONG> (Thumb, 0 bytes, Stack size 0 bytes, startup_gd32f20x_cl.o(.text))
<BR>[Address Reference Count : 1]<UL><LI> startup_gd32f20x_cl.o(RESET)
</UL>
<P><STRONG><a name="[18]"></a>EXTI2_IRQHandler</STRONG> (Thumb, 0 bytes, Stack size 0 bytes, startup_gd32f20x_cl.o(.text))
<BR>[Address Reference Count : 1]<UL><LI> startup_gd32f20x_cl.o(RESET)
</UL>
<P><STRONG><a name="[19]"></a>EXTI3_IRQHandler</STRONG> (Thumb, 0 bytes, Stack size 0 bytes, startup_gd32f20x_cl.o(.text))
<BR>[Address Reference Count : 1]<UL><LI> startup_gd32f20x_cl.o(RESET)
</UL>
<P><STRONG><a name="[1a]"></a>EXTI4_IRQHandler</STRONG> (Thumb, 0 bytes, Stack size 0 bytes, startup_gd32f20x_cl.o(.text))
<BR>[Address Reference Count : 1]<UL><LI> startup_gd32f20x_cl.o(RESET)
</UL>
<P><STRONG><a name="[27]"></a>EXTI5_9_IRQHandler</STRONG> (Thumb, 0 bytes, Stack size 0 bytes, startup_gd32f20x_cl.o(.text))
<BR>[Address Reference Count : 1]<UL><LI> startup_gd32f20x_cl.o(RESET)
</UL>
<P><STRONG><a name="[14]"></a>FMC_IRQHandler</STRONG> (Thumb, 0 bytes, Stack size 0 bytes, startup_gd32f20x_cl.o(.text))
<BR>[Address Reference Count : 1]<UL><LI> startup_gd32f20x_cl.o(RESET)
</UL>
<P><STRONG><a name="[5b]"></a>HAU_TRNG_IRQHandler</STRONG> (Thumb, 0 bytes, Stack size 0 bytes, startup_gd32f20x_cl.o(.text))
<BR>[Address Reference Count : 1]<UL><LI> startup_gd32f20x_cl.o(RESET)
</UL>
<P><STRONG><a name="[11]"></a>LVD_IRQHandler</STRONG> (Thumb, 0 bytes, Stack size 0 bytes, startup_gd32f20x_cl.o(.text))
<BR>[Address Reference Count : 1]<UL><LI> startup_gd32f20x_cl.o(RESET)
</UL>
<P><STRONG><a name="[15]"></a>RCU_IRQHandler</STRONG> (Thumb, 0 bytes, Stack size 0 bytes, startup_gd32f20x_cl.o(.text))
<BR>[Address Reference Count : 1]<UL><LI> startup_gd32f20x_cl.o(RESET)
</UL>
<P><STRONG><a name="[39]"></a>RTC_Alarm_IRQHandler</STRONG> (Thumb, 0 bytes, Stack size 0 bytes, startup_gd32f20x_cl.o(.text))
<BR>[Address Reference Count : 1]<UL><LI> startup_gd32f20x_cl.o(RESET)
</UL>
<P><STRONG><a name="[13]"></a>RTC_IRQHandler</STRONG> (Thumb, 0 bytes, Stack size 0 bytes, startup_gd32f20x_cl.o(.text))
<BR>[Address Reference Count : 1]<UL><LI> startup_gd32f20x_cl.o(RESET)
</UL>
<P><STRONG><a name="[41]"></a>SDIO_IRQHandler</STRONG> (Thumb, 0 bytes, Stack size 0 bytes, startup_gd32f20x_cl.o(.text))
<BR>[Address Reference Count : 1]<UL><LI> startup_gd32f20x_cl.o(RESET)
</UL>
<P><STRONG><a name="[33]"></a>SPI0_IRQHandler</STRONG> (Thumb, 0 bytes, Stack size 0 bytes, startup_gd32f20x_cl.o(.text))
<BR>[Address Reference Count : 1]<UL><LI> startup_gd32f20x_cl.o(RESET)
</UL>
<P><STRONG><a name="[34]"></a>SPI1_IRQHandler</STRONG> (Thumb, 0 bytes, Stack size 0 bytes, startup_gd32f20x_cl.o(.text))
<BR>[Address Reference Count : 1]<UL><LI> startup_gd32f20x_cl.o(RESET)
</UL>
<P><STRONG><a name="[43]"></a>SPI2_IRQHandler</STRONG> (Thumb, 0 bytes, Stack size 0 bytes, startup_gd32f20x_cl.o(.text))
<BR>[Address Reference Count : 1]<UL><LI> startup_gd32f20x_cl.o(RESET)
</UL>
<P><STRONG><a name="[12]"></a>TAMPER_IRQHandler</STRONG> (Thumb, 0 bytes, Stack size 0 bytes, startup_gd32f20x_cl.o(.text))
<BR>[Address Reference Count : 1]<UL><LI> startup_gd32f20x_cl.o(RESET)
</UL>
<P><STRONG><a name="[28]"></a>TIMER0_BRK_TIMER8_IRQHandler</STRONG> (Thumb, 0 bytes, Stack size 0 bytes, startup_gd32f20x_cl.o(.text))
<BR>[Address Reference Count : 1]<UL><LI> startup_gd32f20x_cl.o(RESET)
</UL>
<P><STRONG><a name="[2b]"></a>TIMER0_Channel_IRQHandler</STRONG> (Thumb, 0 bytes, Stack size 0 bytes, startup_gd32f20x_cl.o(.text))
<BR>[Address Reference Count : 1]<UL><LI> startup_gd32f20x_cl.o(RESET)
</UL>
<P><STRONG><a name="[2a]"></a>TIMER0_TRG_CMT_TIMER10_IRQHandler</STRONG> (Thumb, 0 bytes, Stack size 0 bytes, startup_gd32f20x_cl.o(.text))
<BR>[Address Reference Count : 1]<UL><LI> startup_gd32f20x_cl.o(RESET)
</UL>
<P><STRONG><a name="[29]"></a>TIMER0_UP_TIMER9_IRQHandler</STRONG> (Thumb, 0 bytes, Stack size 0 bytes, startup_gd32f20x_cl.o(.text))
<BR>[Address Reference Count : 1]<UL><LI> startup_gd32f20x_cl.o(RESET)
</UL>
<P><STRONG><a name="[2d]"></a>TIMER2_IRQHandler</STRONG> (Thumb, 0 bytes, Stack size 0 bytes, startup_gd32f20x_cl.o(.text))
<BR>[Address Reference Count : 1]<UL><LI> startup_gd32f20x_cl.o(RESET)
</UL>
<P><STRONG><a name="[2e]"></a>TIMER3_IRQHandler</STRONG> (Thumb, 0 bytes, Stack size 0 bytes, startup_gd32f20x_cl.o(.text))
<BR>[Address Reference Count : 1]<UL><LI> startup_gd32f20x_cl.o(RESET)
</UL>
<P><STRONG><a name="[46]"></a>TIMER5_IRQHandler</STRONG> (Thumb, 0 bytes, Stack size 0 bytes, startup_gd32f20x_cl.o(.text))
<BR>[Address Reference Count : 1]<UL><LI> startup_gd32f20x_cl.o(RESET)
</UL>
<P><STRONG><a name="[47]"></a>TIMER6_IRQHandler</STRONG> (Thumb, 0 bytes, Stack size 0 bytes, startup_gd32f20x_cl.o(.text))
<BR>[Address Reference Count : 1]<UL><LI> startup_gd32f20x_cl.o(RESET)
</UL>
<P><STRONG><a name="[3e]"></a>TIMER7_Channel_IRQHandler</STRONG> (Thumb, 0 bytes, Stack size 0 bytes, startup_gd32f20x_cl.o(.text))
<BR>[Address Reference Count : 1]<UL><LI> startup_gd32f20x_cl.o(RESET)
</UL>
<P><STRONG><a name="[3d]"></a>TIMER7_TRG_CMT_TIMER13_IRQHandler</STRONG> (Thumb, 0 bytes, Stack size 0 bytes, startup_gd32f20x_cl.o(.text))
<BR>[Address Reference Count : 1]<UL><LI> startup_gd32f20x_cl.o(RESET)
</UL>
<P><STRONG><a name="[3c]"></a>TIMER7_UP_TIMER12_IRQHandler</STRONG> (Thumb, 0 bytes, Stack size 0 bytes, startup_gd32f20x_cl.o(.text))
<BR>[Address Reference Count : 1]<UL><LI> startup_gd32f20x_cl.o(RESET)
</UL>
<P><STRONG><a name="[5f]"></a>TLI_ER_IRQHandler</STRONG> (Thumb, 0 bytes, Stack size 0 bytes, startup_gd32f20x_cl.o(.text))
<BR>[Address Reference Count : 1]<UL><LI> startup_gd32f20x_cl.o(RESET)
</UL>
<P><STRONG><a name="[5e]"></a>TLI_IRQHandler</STRONG> (Thumb, 0 bytes, Stack size 0 bytes, startup_gd32f20x_cl.o(.text))
<BR>[Address Reference Count : 1]<UL><LI> startup_gd32f20x_cl.o(RESET)
</UL>
<P><STRONG><a name="[45]"></a>UART4_IRQHandler</STRONG> (Thumb, 0 bytes, Stack size 0 bytes, startup_gd32f20x_cl.o(.text))
<BR>[Address Reference Count : 1]<UL><LI> startup_gd32f20x_cl.o(RESET)
</UL>
<P><STRONG><a name="[5c]"></a>UART6_IRQHandler</STRONG> (Thumb, 0 bytes, Stack size 0 bytes, startup_gd32f20x_cl.o(.text))
<BR>[Address Reference Count : 1]<UL><LI> startup_gd32f20x_cl.o(RESET)
</UL>
<P><STRONG><a name="[36]"></a>USART1_IRQHandler</STRONG> (Thumb, 0 bytes, Stack size 0 bytes, startup_gd32f20x_cl.o(.text))
<BR>[Address Reference Count : 1]<UL><LI> startup_gd32f20x_cl.o(RESET)
</UL>
<P><STRONG><a name="[37]"></a>USART2_IRQHandler</STRONG> (Thumb, 0 bytes, Stack size 0 bytes, startup_gd32f20x_cl.o(.text))
<BR>[Address Reference Count : 1]<UL><LI> startup_gd32f20x_cl.o(RESET)
</UL>
<P><STRONG><a name="[56]"></a>USART5_IRQHandler</STRONG> (Thumb, 0 bytes, Stack size 0 bytes, startup_gd32f20x_cl.o(.text))
<BR>[Address Reference Count : 1]<UL><LI> startup_gd32f20x_cl.o(RESET)
</UL>
<P><STRONG><a name="[53]"></a>USBFS_IRQHandler</STRONG> (Thumb, 0 bytes, Stack size 0 bytes, startup_gd32f20x_cl.o(.text))
<BR>[Address Reference Count : 1]<UL><LI> startup_gd32f20x_cl.o(RESET)
</UL>
<P><STRONG><a name="[3a]"></a>USBFS_WKUP_IRQHandler</STRONG> (Thumb, 0 bytes, Stack size 0 bytes, startup_gd32f20x_cl.o(.text))
<BR>[Address Reference Count : 1]<UL><LI> startup_gd32f20x_cl.o(RESET)
</UL>
<P><STRONG><a name="[10]"></a>WWDGT_IRQHandler</STRONG> (Thumb, 0 bytes, Stack size 0 bytes, startup_gd32f20x_cl.o(.text))
<BR>[Address Reference Count : 1]<UL><LI> startup_gd32f20x_cl.o(RESET)
</UL>
<P><STRONG><a name="[f2]"></a>__aeabi_uldivmod</STRONG> (Thumb, 98 bytes, Stack size 40 bytes, uldiv.o(.text), UNUSED)
<BR><BR>[Calls]<UL><LI><a href="#[f3]">&gt;&gt;</a>&nbsp;&nbsp;&nbsp;__aeabi_llsr
<LI><a href="#[f4]">&gt;&gt;</a>&nbsp;&nbsp;&nbsp;__aeabi_llsl
</UL>
<BR>[Called By]<UL><LI><a href="#[178]">&gt;&gt;</a>&nbsp;&nbsp;&nbsp;_printf_core
<LI><a href="#[17a]">&gt;&gt;</a>&nbsp;&nbsp;&nbsp;_fp_digits
</UL>

<P><STRONG><a name="[11c]"></a>__aeabi_memcpy</STRONG> (Thumb, 36 bytes, Stack size 0 bytes, memcpya.o(.text))
<BR><BR>[Called By]<UL><LI><a href="#[121]">&gt;&gt;</a>&nbsp;&nbsp;&nbsp;GetBmcFirmwareVersion
<LI><a href="#[132]">&gt;&gt;</a>&nbsp;&nbsp;&nbsp;GetSystemTime
<LI><a href="#[11b]">&gt;&gt;</a>&nbsp;&nbsp;&nbsp;FTMsgProcess
<LI><a href="#[259]">&gt;&gt;</a>&nbsp;&nbsp;&nbsp;lwip_accept
<LI><a href="#[156]">&gt;&gt;</a>&nbsp;&nbsp;&nbsp;ProcessSlaveUpdateReq
<LI><a href="#[14c]">&gt;&gt;</a>&nbsp;&nbsp;&nbsp;ProcessRMCPReq
<LI><a href="#[145]">&gt;&gt;</a>&nbsp;&nbsp;&nbsp;ProcessLANReq
<LI><a href="#[150]">&gt;&gt;</a>&nbsp;&nbsp;&nbsp;ProcessSerPortReq
<LI><a href="#[15f]">&gt;&gt;</a>&nbsp;&nbsp;&nbsp;lwip_recvfrom
<LI><a href="#[147]">&gt;&gt;</a>&nbsp;&nbsp;&nbsp;SDR_PartialAddSDR
<LI><a href="#[117]">&gt;&gt;</a>&nbsp;&nbsp;&nbsp;SDR_DeleteSDR
<LI><a href="#[cf]">&gt;&gt;</a>&nbsp;&nbsp;&nbsp;GetSDR
<LI><a href="#[c4]">&gt;&gt;</a>&nbsp;&nbsp;&nbsp;SetSensorEventEnable
<LI><a href="#[c6]">&gt;&gt;</a>&nbsp;&nbsp;&nbsp;ReArmSensor
<LI><a href="#[a4]">&gt;&gt;</a>&nbsp;&nbsp;&nbsp;SendMessage
<LI><a href="#[164]">&gt;&gt;</a>&nbsp;&nbsp;&nbsp;WriteSDRRepository
<LI><a href="#[279]">&gt;&gt;</a>&nbsp;&nbsp;&nbsp;tcp_write
<LI><a href="#[70]">&gt;&gt;</a>&nbsp;&nbsp;&nbsp;low_level_output
<LI><a href="#[20b]">&gt;&gt;</a>&nbsp;&nbsp;&nbsp;low_level_input
<LI><a href="#[2b9]">&gt;&gt;</a>&nbsp;&nbsp;&nbsp;prvCopyDataToQueue
<LI><a href="#[2b8]">&gt;&gt;</a>&nbsp;&nbsp;&nbsp;prvCopyDataFromQueue
<LI><a href="#[27d]">&gt;&gt;</a>&nbsp;&nbsp;&nbsp;pbuf_copy_partial
<LI><a href="#[205]">&gt;&gt;</a>&nbsp;&nbsp;&nbsp;pbuf_copy
<LI><a href="#[240]">&gt;&gt;</a>&nbsp;&nbsp;&nbsp;icmp_input
<LI><a href="#[23f]">&gt;&gt;</a>&nbsp;&nbsp;&nbsp;icmp_send_response
</UL>

<P><STRONG><a name="[146]"></a>__aeabi_memcpy4</STRONG> (Thumb, 0 bytes, Stack size 0 bytes, memcpya.o(.text))
<BR><BR>[Called By]<UL><LI><a href="#[133]">&gt;&gt;</a>&nbsp;&nbsp;&nbsp;get_month
<LI><a href="#[13e]">&gt;&gt;</a>&nbsp;&nbsp;&nbsp;MsgHndlrInit
</UL>

<P><STRONG><a name="[37b]"></a>__aeabi_memcpy8</STRONG> (Thumb, 0 bytes, Stack size 0 bytes, memcpya.o(.text), UNUSED)

<P><STRONG><a name="[f6]"></a>__aeabi_memset</STRONG> (Thumb, 14 bytes, Stack size 0 bytes, memseta.o(.text))
<BR><BR>[Called By]<UL><LI><a href="#[115]">&gt;&gt;</a>&nbsp;&nbsp;&nbsp;SDR_ClearSDRRepository
<LI><a href="#[2bf]">&gt;&gt;</a>&nbsp;&nbsp;&nbsp;prvInitialiseNewTask
<LI><a href="#[f7]">&gt;&gt;</a>&nbsp;&nbsp;&nbsp;_memset$wrapper
<LI><a href="#[f5]">&gt;&gt;</a>&nbsp;&nbsp;&nbsp;__aeabi_memclr
</UL>

<P><STRONG><a name="[37c]"></a>__aeabi_memset4</STRONG> (Thumb, 0 bytes, Stack size 0 bytes, memseta.o(.text), UNUSED)

<P><STRONG><a name="[37d]"></a>__aeabi_memset8</STRONG> (Thumb, 0 bytes, Stack size 0 bytes, memseta.o(.text), UNUSED)

<P><STRONG><a name="[f5]"></a>__aeabi_memclr</STRONG> (Thumb, 4 bytes, Stack size 0 bytes, memseta.o(.text))
<BR><BR>[Calls]<UL><LI><a href="#[f6]">&gt;&gt;</a>&nbsp;&nbsp;&nbsp;__aeabi_memset
</UL>
<BR>[Called By]<UL><LI><a href="#[14d]">&gt;&gt;</a>&nbsp;&nbsp;&nbsp;ProcessPingMsg
<LI><a href="#[117]">&gt;&gt;</a>&nbsp;&nbsp;&nbsp;SDR_DeleteSDR
<LI><a href="#[d5]">&gt;&gt;</a>&nbsp;&nbsp;&nbsp;RunInitializationAgent
<LI><a href="#[164]">&gt;&gt;</a>&nbsp;&nbsp;&nbsp;WriteSDRRepository
</UL>

<P><STRONG><a name="[122]"></a>__aeabi_memclr4</STRONG> (Thumb, 0 bytes, Stack size 0 bytes, memseta.o(.text))
<BR><BR>[Called By]<UL><LI><a href="#[121]">&gt;&gt;</a>&nbsp;&nbsp;&nbsp;GetBmcFirmwareVersion
<LI><a href="#[dd]">&gt;&gt;</a>&nbsp;&nbsp;&nbsp;sensor
<LI><a href="#[de]">&gt;&gt;</a>&nbsp;&nbsp;&nbsp;ifconfig
<LI><a href="#[148]">&gt;&gt;</a>&nbsp;&nbsp;&nbsp;Proc20Payload
<LI><a href="#[160]">&gt;&gt;</a>&nbsp;&nbsp;&nbsp;SDRInitAgent
<LI><a href="#[a8]">&gt;&gt;</a>&nbsp;&nbsp;&nbsp;GetChAuthCap
<LI><a href="#[35f]">&gt;&gt;</a>&nbsp;&nbsp;&nbsp;udp_new
<LI><a href="#[31e]">&gt;&gt;</a>&nbsp;&nbsp;&nbsp;tcp_alloc
<LI><a href="#[2f3]">&gt;&gt;</a>&nbsp;&nbsp;&nbsp;shellExtRun
</UL>

<P><STRONG><a name="[37e]"></a>__aeabi_memclr8</STRONG> (Thumb, 0 bytes, Stack size 0 bytes, memseta.o(.text), UNUSED)

<P><STRONG><a name="[f7]"></a>_memset$wrapper</STRONG> (Thumb, 18 bytes, Stack size 8 bytes, memseta.o(.text), UNUSED)
<BR><BR>[Calls]<UL><LI><a href="#[f6]">&gt;&gt;</a>&nbsp;&nbsp;&nbsp;__aeabi_memset
</UL>

<P><STRONG><a name="[123]"></a>strlen</STRONG> (Thumb, 14 bytes, Stack size 0 bytes, strlen.o(.text))
<BR><BR>[Called By]<UL><LI><a href="#[121]">&gt;&gt;</a>&nbsp;&nbsp;&nbsp;GetBmcFirmwareVersion
<LI><a href="#[132]">&gt;&gt;</a>&nbsp;&nbsp;&nbsp;GetSystemTime
<LI><a href="#[124]">&gt;&gt;</a>&nbsp;&nbsp;&nbsp;split
<LI><a href="#[2ff]">&gt;&gt;</a>&nbsp;&nbsp;&nbsp;shellSetUser
<LI><a href="#[306]">&gt;&gt;</a>&nbsp;&nbsp;&nbsp;shellRemoveParamQuotes
</UL>

<P><STRONG><a name="[159]"></a>strcmp</STRONG> (Thumb, 28 bytes, Stack size 8 bytes, strcmp.o(.text))
<BR><BR>[Stack]<UL><LI>Max Depth = 8<LI>Call Chain = strcmp
</UL>
<BR>[Called By]<UL><LI><a href="#[233]">&gt;&gt;</a>&nbsp;&nbsp;&nbsp;parse_arguments
<LI><a href="#[133]">&gt;&gt;</a>&nbsp;&nbsp;&nbsp;get_month
<LI><a href="#[157]">&gt;&gt;</a>&nbsp;&nbsp;&nbsp;ProcessUpdateReq
<LI><a href="#[12c]">&gt;&gt;</a>&nbsp;&nbsp;&nbsp;set_sdr_dat
<LI><a href="#[2e9]">&gt;&gt;</a>&nbsp;&nbsp;&nbsp;shellSeekCommand
<LI><a href="#[2ff]">&gt;&gt;</a>&nbsp;&nbsp;&nbsp;shellSetUser
<LI><a href="#[2e7]">&gt;&gt;</a>&nbsp;&nbsp;&nbsp;shellHistoryAdd
<LI><a href="#[2dd]">&gt;&gt;</a>&nbsp;&nbsp;&nbsp;shellCheckPassword
</UL>

<P><STRONG><a name="[207]"></a>memcmp</STRONG> (Thumb, 26 bytes, Stack size 12 bytes, memcmp.o(.text))
<BR><BR>[Stack]<UL><LI>Max Depth = 12<LI>Call Chain = memcmp
</UL>
<BR>[Called By]<UL><LI><a href="#[92]">&gt;&gt;</a>&nbsp;&nbsp;&nbsp;ethernet_input
</UL>

<P><STRONG><a name="[309]"></a>strncmp</STRONG> (Thumb, 30 bytes, Stack size 12 bytes, strncmp.o(.text))
<BR><BR>[Stack]<UL><LI>Max Depth = 12<LI>Call Chain = strncmp
</UL>
<BR>[Called By]<UL><LI><a href="#[2e9]">&gt;&gt;</a>&nbsp;&nbsp;&nbsp;shellSeekCommand
</UL>

<P><STRONG><a name="[30e]"></a>strtok</STRONG> (Thumb, 62 bytes, Stack size 16 bytes, strtok.o(.text))
<BR><BR>[Stack]<UL><LI>Max Depth = 16<LI>Call Chain = strtok
</UL>
<BR>[Called By]<UL><LI><a href="#[124]">&gt;&gt;</a>&nbsp;&nbsp;&nbsp;split
</UL>

<P><STRONG><a name="[f8]"></a>__0sscanf</STRONG> (Thumb, 48 bytes, Stack size 72 bytes, __0sscanf.o(.text))
<BR><BR>[Stack]<UL><LI>Max Depth = 216<LI>Call Chain = __0sscanf &rArr; __vfscanf_char &rArr; __vfscanf &rArr; _scanf_int
</UL>
<BR>[Calls]<UL><LI><a href="#[f9]">&gt;&gt;</a>&nbsp;&nbsp;&nbsp;__vfscanf_char
</UL>
<BR>[Called By]<UL><LI><a href="#[127]">&gt;&gt;</a>&nbsp;&nbsp;&nbsp;GetFirmwareVersion
</UL>

<P><STRONG><a name="[fa]"></a>_scanf_int</STRONG> (Thumb, 332 bytes, Stack size 56 bytes, _scanf_int.o(.text))
<BR><BR>[Stack]<UL><LI>Max Depth = 56<LI>Call Chain = _scanf_int
</UL>
<BR>[Calls]<UL><LI><a href="#[fb]">&gt;&gt;</a>&nbsp;&nbsp;&nbsp;_chval
</UL>
<BR>[Called By]<UL><LI><a href="#[10e]">&gt;&gt;</a>&nbsp;&nbsp;&nbsp;__vfscanf
</UL>

<P><STRONG><a name="[fc]"></a>strtol</STRONG> (Thumb, 112 bytes, Stack size 32 bytes, strtol.o(.text))
<BR><BR>[Stack]<UL><LI>Max Depth = 72<LI>Call Chain = strtol &rArr; _strtoul
</UL>
<BR>[Calls]<UL><LI><a href="#[fe]">&gt;&gt;</a>&nbsp;&nbsp;&nbsp;_strtoul
<LI><a href="#[ff]">&gt;&gt;</a>&nbsp;&nbsp;&nbsp;__aeabi_errno_addr
<LI><a href="#[fd]">&gt;&gt;</a>&nbsp;&nbsp;&nbsp;__rt_ctype_table
</UL>
<BR>[Called By]<UL><LI><a href="#[2]">&gt;&gt;</a>&nbsp;&nbsp;&nbsp;setHostArgHandler
<LI><a href="#[1]">&gt;&gt;</a>&nbsp;&nbsp;&nbsp;busArgHandler
<LI><a href="#[100]">&gt;&gt;</a>&nbsp;&nbsp;&nbsp;atoi
</UL>

<P><STRONG><a name="[100]"></a>atoi</STRONG> (Thumb, 26 bytes, Stack size 16 bytes, atoi.o(.text))
<BR><BR>[Stack]<UL><LI>Max Depth = 88<LI>Call Chain = atoi &rArr; strtol &rArr; _strtoul
</UL>
<BR>[Calls]<UL><LI><a href="#[ff]">&gt;&gt;</a>&nbsp;&nbsp;&nbsp;__aeabi_errno_addr
<LI><a href="#[fc]">&gt;&gt;</a>&nbsp;&nbsp;&nbsp;strtol
</UL>
<BR>[Called By]<UL><LI><a href="#[121]">&gt;&gt;</a>&nbsp;&nbsp;&nbsp;GetBmcFirmwareVersion
<LI><a href="#[de]">&gt;&gt;</a>&nbsp;&nbsp;&nbsp;ifconfig
<LI><a href="#[da]">&gt;&gt;</a>&nbsp;&nbsp;&nbsp;i2cTest
<LI><a href="#[132]">&gt;&gt;</a>&nbsp;&nbsp;&nbsp;GetSystemTime
</UL>

<P><STRONG><a name="[130]"></a>__aeabi_fmul</STRONG> (Thumb, 100 bytes, Stack size 8 bytes, fmul.o(.text))
<BR><BR>[Stack]<UL><LI>Max Depth = 8<LI>Call Chain = __aeabi_fmul
</UL>
<BR>[Called By]<UL><LI><a href="#[c8]">&gt;&gt;</a>&nbsp;&nbsp;&nbsp;GetSensorReading
<LI><a href="#[2eb]">&gt;&gt;</a>&nbsp;&nbsp;&nbsp;shellExtParseNumber
</UL>

<P><STRONG><a name="[101]"></a>__aeabi_fdiv</STRONG> (Thumb, 124 bytes, Stack size 8 bytes, fdiv.o(.text))
<BR><BR>[Stack]<UL><LI>Max Depth = 8<LI>Call Chain = __aeabi_fdiv
</UL>
<BR>[Calls]<UL><LI><a href="#[102]">&gt;&gt;</a>&nbsp;&nbsp;&nbsp;_float_round
</UL>
<BR>[Called By]<UL><LI><a href="#[2eb]">&gt;&gt;</a>&nbsp;&nbsp;&nbsp;shellExtParseNumber
</UL>

<P><STRONG><a name="[103]"></a>__aeabi_dadd</STRONG> (Thumb, 322 bytes, Stack size 48 bytes, dadd.o(.text), UNUSED)
<BR><BR>[Calls]<UL><LI><a href="#[104]">&gt;&gt;</a>&nbsp;&nbsp;&nbsp;__aeabi_lasr
<LI><a href="#[f4]">&gt;&gt;</a>&nbsp;&nbsp;&nbsp;__aeabi_llsl
<LI><a href="#[106]">&gt;&gt;</a>&nbsp;&nbsp;&nbsp;_double_round
<LI><a href="#[105]">&gt;&gt;</a>&nbsp;&nbsp;&nbsp;_double_epilogue
</UL>
<BR>[Called By]<UL><LI><a href="#[108]">&gt;&gt;</a>&nbsp;&nbsp;&nbsp;__aeabi_drsub
<LI><a href="#[107]">&gt;&gt;</a>&nbsp;&nbsp;&nbsp;__aeabi_dsub
<LI><a href="#[17a]">&gt;&gt;</a>&nbsp;&nbsp;&nbsp;_fp_digits
</UL>

<P><STRONG><a name="[107]"></a>__aeabi_dsub</STRONG> (Thumb, 6 bytes, Stack size 0 bytes, dadd.o(.text), UNUSED)
<BR><BR>[Calls]<UL><LI><a href="#[103]">&gt;&gt;</a>&nbsp;&nbsp;&nbsp;__aeabi_dadd
</UL>

<P><STRONG><a name="[108]"></a>__aeabi_drsub</STRONG> (Thumb, 6 bytes, Stack size 0 bytes, dadd.o(.text), UNUSED)
<BR><BR>[Calls]<UL><LI><a href="#[103]">&gt;&gt;</a>&nbsp;&nbsp;&nbsp;__aeabi_dadd
</UL>

<P><STRONG><a name="[109]"></a>__aeabi_dmul</STRONG> (Thumb, 228 bytes, Stack size 48 bytes, dmul.o(.text), UNUSED)
<BR><BR>[Calls]<UL><LI><a href="#[105]">&gt;&gt;</a>&nbsp;&nbsp;&nbsp;_double_epilogue
</UL>
<BR>[Called By]<UL><LI><a href="#[17a]">&gt;&gt;</a>&nbsp;&nbsp;&nbsp;_fp_digits
</UL>

<P><STRONG><a name="[10a]"></a>__aeabi_ddiv</STRONG> (Thumb, 222 bytes, Stack size 32 bytes, ddiv.o(.text), UNUSED)
<BR><BR>[Calls]<UL><LI><a href="#[106]">&gt;&gt;</a>&nbsp;&nbsp;&nbsp;_double_round
</UL>
<BR>[Called By]<UL><LI><a href="#[17a]">&gt;&gt;</a>&nbsp;&nbsp;&nbsp;_fp_digits
</UL>

<P><STRONG><a name="[10b]"></a>__aeabi_i2f</STRONG> (Thumb, 18 bytes, Stack size 0 bytes, fflti.o(.text))
<BR><BR>[Stack]<UL><LI>Max Depth = 4<LI>Call Chain = __aeabi_i2f &rArr; _float_epilogue
</UL>
<BR>[Calls]<UL><LI><a href="#[10c]">&gt;&gt;</a>&nbsp;&nbsp;&nbsp;_float_epilogue
</UL>
<BR>[Called By]<UL><LI><a href="#[2eb]">&gt;&gt;</a>&nbsp;&nbsp;&nbsp;shellExtParseNumber
</UL>

<P><STRONG><a name="[10d]"></a>__aeabi_ui2f</STRONG> (Thumb, 10 bytes, Stack size 0 bytes, ffltui.o(.text))
<BR><BR>[Stack]<UL><LI>Max Depth = 4<LI>Call Chain = __aeabi_ui2f &rArr; _float_epilogue
</UL>
<BR>[Calls]<UL><LI><a href="#[10c]">&gt;&gt;</a>&nbsp;&nbsp;&nbsp;_float_epilogue
</UL>
<BR>[Called By]<UL><LI><a href="#[c8]">&gt;&gt;</a>&nbsp;&nbsp;&nbsp;GetSensorReading
<LI><a href="#[2eb]">&gt;&gt;</a>&nbsp;&nbsp;&nbsp;shellExtParseNumber
</UL>

<P><STRONG><a name="[131]"></a>__aeabi_f2uiz</STRONG> (Thumb, 40 bytes, Stack size 0 bytes, ffixui.o(.text))
<BR><BR>[Called By]<UL><LI><a href="#[c8]">&gt;&gt;</a>&nbsp;&nbsp;&nbsp;GetSensorReading
</UL>

<P><STRONG><a name="[17b]"></a>__aeabi_cdrcmple</STRONG> (Thumb, 48 bytes, Stack size 0 bytes, cdrcmple.o(.text), UNUSED)
<BR><BR>[Called By]<UL><LI><a href="#[17a]">&gt;&gt;</a>&nbsp;&nbsp;&nbsp;_fp_digits
</UL>

<P><STRONG><a name="[37f]"></a>__aeabi_uidiv</STRONG> (Thumb, 0 bytes, Stack size 12 bytes, uidiv.o(.text), UNUSED)

<P><STRONG><a name="[17e]"></a>__aeabi_uidivmod</STRONG> (Thumb, 44 bytes, Stack size 12 bytes, uidiv.o(.text), UNUSED)
<BR><BR>[Called By]<UL><LI><a href="#[178]">&gt;&gt;</a>&nbsp;&nbsp;&nbsp;_printf_core
</UL>

<P><STRONG><a name="[f4]"></a>__aeabi_llsl</STRONG> (Thumb, 30 bytes, Stack size 0 bytes, llshl.o(.text), UNUSED)
<BR><BR>[Called By]<UL><LI><a href="#[103]">&gt;&gt;</a>&nbsp;&nbsp;&nbsp;__aeabi_dadd
<LI><a href="#[f2]">&gt;&gt;</a>&nbsp;&nbsp;&nbsp;__aeabi_uldivmod
<LI><a href="#[105]">&gt;&gt;</a>&nbsp;&nbsp;&nbsp;_double_epilogue
<LI><a href="#[10f]">&gt;&gt;</a>&nbsp;&nbsp;&nbsp;__aeabi_d2ulz
</UL>

<P><STRONG><a name="[380]"></a>_ll_shift_l</STRONG> (Thumb, 0 bytes, Stack size 0 bytes, llshl.o(.text), UNUSED)

<P><STRONG><a name="[f3]"></a>__aeabi_llsr</STRONG> (Thumb, 32 bytes, Stack size 0 bytes, llushr.o(.text), UNUSED)
<BR><BR>[Called By]<UL><LI><a href="#[f2]">&gt;&gt;</a>&nbsp;&nbsp;&nbsp;__aeabi_uldivmod
<LI><a href="#[105]">&gt;&gt;</a>&nbsp;&nbsp;&nbsp;_double_epilogue
<LI><a href="#[10f]">&gt;&gt;</a>&nbsp;&nbsp;&nbsp;__aeabi_d2ulz
</UL>

<P><STRONG><a name="[381]"></a>_ll_ushift_r</STRONG> (Thumb, 0 bytes, Stack size 0 bytes, llushr.o(.text), UNUSED)

<P><STRONG><a name="[104]"></a>__aeabi_lasr</STRONG> (Thumb, 36 bytes, Stack size 0 bytes, llsshr.o(.text), UNUSED)
<BR><BR>[Called By]<UL><LI><a href="#[103]">&gt;&gt;</a>&nbsp;&nbsp;&nbsp;__aeabi_dadd
</UL>

<P><STRONG><a name="[382]"></a>_ll_sshift_r</STRONG> (Thumb, 0 bytes, Stack size 0 bytes, llsshr.o(.text), UNUSED)

<P><STRONG><a name="[fd]"></a>__rt_ctype_table</STRONG> (Thumb, 4 bytes, Stack size 0 bytes, ctype_o.o(.text))
<BR><BR>[Called By]<UL><LI><a href="#[66]">&gt;&gt;</a>&nbsp;&nbsp;&nbsp;isspace
<LI><a href="#[fc]">&gt;&gt;</a>&nbsp;&nbsp;&nbsp;strtol
</UL>

<P><STRONG><a name="[66]"></a>isspace</STRONG> (Thumb, 18 bytes, Stack size 8 bytes, isspace_o.o(.text))
<BR><BR>[Stack]<UL><LI>Max Depth = 8<LI>Call Chain = isspace
</UL>
<BR>[Calls]<UL><LI><a href="#[fd]">&gt;&gt;</a>&nbsp;&nbsp;&nbsp;__rt_ctype_table
</UL>
<BR>[Address Reference Count : 1]<UL><LI> scanf_char.o(.text)
</UL>
<P><STRONG><a name="[fb]"></a>_chval</STRONG> (Thumb, 28 bytes, Stack size 0 bytes, _chval.o(.text))
<BR><BR>[Called By]<UL><LI><a href="#[fe]">&gt;&gt;</a>&nbsp;&nbsp;&nbsp;_strtoul
<LI><a href="#[fa]">&gt;&gt;</a>&nbsp;&nbsp;&nbsp;_scanf_int
</UL>

<P><STRONG><a name="[f9]"></a>__vfscanf_char</STRONG> (Thumb, 20 bytes, Stack size 0 bytes, scanf_char.o(.text))
<BR><BR>[Stack]<UL><LI>Max Depth = 144<LI>Call Chain = __vfscanf_char &rArr; __vfscanf &rArr; _scanf_int
</UL>
<BR>[Calls]<UL><LI><a href="#[10e]">&gt;&gt;</a>&nbsp;&nbsp;&nbsp;__vfscanf
</UL>
<BR>[Called By]<UL><LI><a href="#[f8]">&gt;&gt;</a>&nbsp;&nbsp;&nbsp;__0sscanf
</UL>

<P><STRONG><a name="[63]"></a>_sgetc</STRONG> (Thumb, 30 bytes, Stack size 0 bytes, _sgetc.o(.text))
<BR>[Address Reference Count : 1]<UL><LI> __0sscanf.o(.text)
</UL>
<P><STRONG><a name="[64]"></a>_sbackspace</STRONG> (Thumb, 34 bytes, Stack size 0 bytes, _sgetc.o(.text))
<BR>[Address Reference Count : 1]<UL><LI> __0sscanf.o(.text)
</UL>
<P><STRONG><a name="[fe]"></a>_strtoul</STRONG> (Thumb, 158 bytes, Stack size 40 bytes, _strtoul.o(.text))
<BR><BR>[Stack]<UL><LI>Max Depth = 40<LI>Call Chain = _strtoul
</UL>
<BR>[Calls]<UL><LI><a href="#[fb]">&gt;&gt;</a>&nbsp;&nbsp;&nbsp;_chval
<LI><a href="#[ff]">&gt;&gt;</a>&nbsp;&nbsp;&nbsp;__aeabi_errno_addr
</UL>
<BR>[Called By]<UL><LI><a href="#[fc]">&gt;&gt;</a>&nbsp;&nbsp;&nbsp;strtol
</UL>

<P><STRONG><a name="[383]"></a>__I$use$fp</STRONG> (Thumb, 0 bytes, Stack size 0 bytes, iusefp.o(.text), UNUSED)

<P><STRONG><a name="[102]"></a>_float_round</STRONG> (Thumb, 18 bytes, Stack size 0 bytes, fepilogue.o(.text))
<BR><BR>[Called By]<UL><LI><a href="#[101]">&gt;&gt;</a>&nbsp;&nbsp;&nbsp;__aeabi_fdiv
</UL>

<P><STRONG><a name="[10c]"></a>_float_epilogue</STRONG> (Thumb, 92 bytes, Stack size 4 bytes, fepilogue.o(.text))
<BR><BR>[Stack]<UL><LI>Max Depth = 4<LI>Call Chain = _float_epilogue
</UL>
<BR>[Called By]<UL><LI><a href="#[10d]">&gt;&gt;</a>&nbsp;&nbsp;&nbsp;__aeabi_ui2f
<LI><a href="#[10b]">&gt;&gt;</a>&nbsp;&nbsp;&nbsp;__aeabi_i2f
</UL>

<P><STRONG><a name="[106]"></a>_double_round</STRONG> (Thumb, 30 bytes, Stack size 8 bytes, depilogue.o(.text), UNUSED)
<BR><BR>[Called By]<UL><LI><a href="#[10a]">&gt;&gt;</a>&nbsp;&nbsp;&nbsp;__aeabi_ddiv
<LI><a href="#[103]">&gt;&gt;</a>&nbsp;&nbsp;&nbsp;__aeabi_dadd
<LI><a href="#[105]">&gt;&gt;</a>&nbsp;&nbsp;&nbsp;_double_epilogue
</UL>

<P><STRONG><a name="[105]"></a>_double_epilogue</STRONG> (Thumb, 156 bytes, Stack size 32 bytes, depilogue.o(.text), UNUSED)
<BR><BR>[Calls]<UL><LI><a href="#[f3]">&gt;&gt;</a>&nbsp;&nbsp;&nbsp;__aeabi_llsr
<LI><a href="#[f4]">&gt;&gt;</a>&nbsp;&nbsp;&nbsp;__aeabi_llsl
<LI><a href="#[106]">&gt;&gt;</a>&nbsp;&nbsp;&nbsp;_double_round
</UL>
<BR>[Called By]<UL><LI><a href="#[109]">&gt;&gt;</a>&nbsp;&nbsp;&nbsp;__aeabi_dmul
<LI><a href="#[103]">&gt;&gt;</a>&nbsp;&nbsp;&nbsp;__aeabi_dadd
</UL>

<P><STRONG><a name="[10f]"></a>__aeabi_d2ulz</STRONG> (Thumb, 48 bytes, Stack size 0 bytes, dfixul.o(.text), UNUSED)
<BR><BR>[Calls]<UL><LI><a href="#[f3]">&gt;&gt;</a>&nbsp;&nbsp;&nbsp;__aeabi_llsr
<LI><a href="#[f4]">&gt;&gt;</a>&nbsp;&nbsp;&nbsp;__aeabi_llsl
</UL>
<BR>[Called By]<UL><LI><a href="#[17a]">&gt;&gt;</a>&nbsp;&nbsp;&nbsp;_fp_digits
</UL>

<P><STRONG><a name="[f0]"></a>__scatterload</STRONG> (Thumb, 28 bytes, Stack size 0 bytes, init.o(.text))
<BR><BR>[Calls]<UL><LI><a href="#[110]">&gt;&gt;</a>&nbsp;&nbsp;&nbsp;__main_after_scatterload
</UL>
<BR>[Called By]<UL><LI><a href="#[ef]">&gt;&gt;</a>&nbsp;&nbsp;&nbsp;_main_scatterload
</UL>

<P><STRONG><a name="[384]"></a>__scatterload_rt2</STRONG> (Thumb, 0 bytes, Stack size 0 bytes, init.o(.text), UNUSED)

<P><STRONG><a name="[10e]"></a>__vfscanf</STRONG> (Thumb, 810 bytes, Stack size 88 bytes, _scanf.o(.text))
<BR><BR>[Stack]<UL><LI>Max Depth = 144<LI>Call Chain = __vfscanf &rArr; _scanf_int
</UL>
<BR>[Calls]<UL><LI><a href="#[fa]">&gt;&gt;</a>&nbsp;&nbsp;&nbsp;_scanf_int
</UL>
<BR>[Called By]<UL><LI><a href="#[f9]">&gt;&gt;</a>&nbsp;&nbsp;&nbsp;__vfscanf_char
</UL>

<P><STRONG><a name="[385]"></a>__decompress</STRONG> (Thumb, 0 bytes, Stack size unknown bytes, __dczerorl2.o(.text), UNUSED)

<P><STRONG><a name="[386]"></a>__decompress1</STRONG> (Thumb, 86 bytes, Stack size unknown bytes, __dczerorl2.o(.text), UNUSED)

<P><STRONG><a name="[aa]"></a>ActivateSession</STRONG> (Thumb, 52 bytes, Stack size 16 bytes, appdevice.o(i.ActivateSession))
<BR><BR>[Stack]<UL><LI>Max Depth = 16<LI>Call Chain = ActivateSession
</UL>
<BR>[Address Reference Count : 1]<UL><LI> app.o(.constdata)
</UL>
<P><STRONG><a name="[d0]"></a>AddSDR</STRONG> (Thumb, 102 bytes, Stack size 40 bytes, sdr.o(i.AddSDR))
<BR><BR>[Stack]<UL><LI>Max Depth = 104<LI>Call Chain = AddSDR &rArr; SDR_AddSDRRec &rArr; WriteSDRRepository
</UL>
<BR>[Calls]<UL><LI><a href="#[112]">&gt;&gt;</a>&nbsp;&nbsp;&nbsp;SDR_AddSDRRec
<LI><a href="#[111]">&gt;&gt;</a>&nbsp;&nbsp;&nbsp;PreCheckSDRUpdateModeCmd
</UL>
<BR>[Address Reference Count : 1]<UL><LI> storage.o(.constdata)
</UL>
<P><STRONG><a name="[a]"></a>BusFault_Handler</STRONG> (Thumb, 4 bytes, Stack size 0 bytes, gd32f20x_it.o(i.BusFault_Handler))
<BR>[Address Reference Count : 1]<UL><LI> startup_gd32f20x_cl.o(RESET)
</UL>
<P><STRONG><a name="[114]"></a>CalculateCheckSum</STRONG> (Thumb, 30 bytes, Stack size 8 bytes, ipmi_common.o(i.CalculateCheckSum))
<BR><BR>[Stack]<UL><LI>Max Depth = 8<LI>Call Chain = CalculateCheckSum
</UL>
<BR>[Called By]<UL><LI><a href="#[6c]">&gt;&gt;</a>&nbsp;&nbsp;&nbsp;vTaskFTUartRead
<LI><a href="#[12a]">&gt;&gt;</a>&nbsp;&nbsp;&nbsp;GetRawCmd
<LI><a href="#[156]">&gt;&gt;</a>&nbsp;&nbsp;&nbsp;ProcessSlaveUpdateReq
<LI><a href="#[113]">&gt;&gt;</a>&nbsp;&nbsp;&nbsp;CheckMsgValidation
<LI><a href="#[149]">&gt;&gt;</a>&nbsp;&nbsp;&nbsp;SwapIPMIMsgHdr
</UL>

<P><STRONG><a name="[14b]"></a>CalculateCheckSum2</STRONG> (Thumb, 30 bytes, Stack size 8 bytes, ipmi_common.o(i.CalculateCheckSum2))
<BR><BR>[Stack]<UL><LI>Max Depth = 8<LI>Call Chain = CalculateCheckSum2
</UL>
<BR>[Called By]<UL><LI><a href="#[143]">&gt;&gt;</a>&nbsp;&nbsp;&nbsp;ProcessIPMIReq
<LI><a href="#[160]">&gt;&gt;</a>&nbsp;&nbsp;&nbsp;SDRInitAgent
</UL>

<P><STRONG><a name="[113]"></a>CheckMsgValidation</STRONG> (Thumb, 56 bytes, Stack size 12 bytes, ipmi_common.o(i.CheckMsgValidation))
<BR><BR>[Stack]<UL><LI>Max Depth = 20<LI>Call Chain = CheckMsgValidation &rArr; CalculateCheckSum
</UL>
<BR>[Calls]<UL><LI><a href="#[114]">&gt;&gt;</a>&nbsp;&nbsp;&nbsp;CalculateCheckSum
</UL>
<BR>[Called By]<UL><LI><a href="#[143]">&gt;&gt;</a>&nbsp;&nbsp;&nbsp;ProcessIPMIReq
<LI><a href="#[a4]">&gt;&gt;</a>&nbsp;&nbsp;&nbsp;SendMessage
</UL>

<P><STRONG><a name="[d3]"></a>ClearSDRRepository</STRONG> (Thumb, 104 bytes, Stack size 40 bytes, sdr.o(i.ClearSDRRepository))
<BR><BR>[Stack]<UL><LI>Max Depth = 76<LI>Call Chain = ClearSDRRepository &rArr; SDR_ClearSDRRepository &rArr; UpdateRepositoryInfo
</UL>
<BR>[Calls]<UL><LI><a href="#[115]">&gt;&gt;</a>&nbsp;&nbsp;&nbsp;SDR_ClearSDRRepository
<LI><a href="#[111]">&gt;&gt;</a>&nbsp;&nbsp;&nbsp;PreCheckSDRUpdateModeCmd
</UL>
<BR>[Address Reference Count : 1]<UL><LI> storage.o(.constdata)
</UL>
<P><STRONG><a name="[ac]"></a>CloseSession</STRONG> (Thumb, 12 bytes, Stack size 8 bytes, appdevice.o(i.CloseSession))
<BR><BR>[Stack]<UL><LI>Max Depth = 8<LI>Call Chain = CloseSession
</UL>
<BR>[Address Reference Count : 1]<UL><LI> app.o(.constdata)
</UL>
<P><STRONG><a name="[a0]"></a>ClrMsgFlags</STRONG> (Thumb, 36 bytes, Stack size 16 bytes, appdevice.o(i.ClrMsgFlags))
<BR><BR>[Stack]<UL><LI>Max Depth = 16<LI>Call Chain = ClrMsgFlags
</UL>
<BR>[Address Reference Count : 1]<UL><LI> app.o(.constdata)
</UL>
<P><STRONG><a name="[9a]"></a>ColdReset</STRONG> (Thumb, 62 bytes, Stack size 0 bytes, ipmdevice.o(i.ColdReset))
<BR><BR>[Stack]<UL><LI>Max Depth = 24<LI>Call Chain = ColdReset &rArr; __2printf
</UL>
<BR>[Calls]<UL><LI><a href="#[116]">&gt;&gt;</a>&nbsp;&nbsp;&nbsp;__2printf
</UL>
<BR>[Address Reference Count : 1]<UL><LI> app.o(.constdata)
</UL>
<P><STRONG><a name="[d]"></a>DebugMon_Handler</STRONG> (Thumb, 2 bytes, Stack size 0 bytes, gd32f20x_it.o(i.DebugMon_Handler))
<BR>[Address Reference Count : 1]<UL><LI> startup_gd32f20x_cl.o(RESET)
</UL>
<P><STRONG><a name="[d2]"></a>DeleteSDR</STRONG> (Thumb, 78 bytes, Stack size 40 bytes, sdr.o(i.DeleteSDR))
<BR><BR>[Stack]<UL><LI>Max Depth = 104<LI>Call Chain = DeleteSDR &rArr; SDR_DeleteSDR &rArr; ReadSDRRepository
</UL>
<BR>[Calls]<UL><LI><a href="#[117]">&gt;&gt;</a>&nbsp;&nbsp;&nbsp;SDR_DeleteSDR
<LI><a href="#[111]">&gt;&gt;</a>&nbsp;&nbsp;&nbsp;PreCheckSDRUpdateModeCmd
</UL>
<BR>[Address Reference Count : 1]<UL><LI> storage.o(.constdata)
</UL>
<P><STRONG><a name="[4d]"></a>ENET_IRQHandler</STRONG> (Thumb, 66 bytes, Stack size 8 bytes, gd32f20x_it.o(i.ENET_IRQHandler))
<BR><BR>[Stack]<UL><LI>Max Depth = 136<LI>Call Chain = ENET_IRQHandler &rArr; xQueueGiveFromISR &rArr; prvNotifyQueueSetContainer &rArr; prvCopyDataToQueue &rArr; xTaskPriorityDisinherit &rArr; __2printf
</UL>
<BR>[Calls]<UL><LI><a href="#[119]">&gt;&gt;</a>&nbsp;&nbsp;&nbsp;xQueueGiveFromISR
<LI><a href="#[118]">&gt;&gt;</a>&nbsp;&nbsp;&nbsp;enet_interrupt_flag_get
<LI><a href="#[11a]">&gt;&gt;</a>&nbsp;&nbsp;&nbsp;enet_interrupt_flag_clear
</UL>
<BR>[Address Reference Count : 1]<UL><LI> startup_gd32f20x_cl.o(RESET)
</UL>
<P><STRONG><a name="[a2]"></a>EnblMsgChannelRcv</STRONG> (Thumb, 8 bytes, Stack size 8 bytes, appdevice.o(i.EnblMsgChannelRcv))
<BR><BR>[Stack]<UL><LI>Max Depth = 8<LI>Call Chain = EnblMsgChannelRcv
</UL>
<BR>[Address Reference Count : 1]<UL><LI> app.o(.constdata)
</UL>
<P><STRONG><a name="[ae]"></a>GetAuthCode</STRONG> (Thumb, 8 bytes, Stack size 8 bytes, appdevice.o(i.GetAuthCode))
<BR><BR>[Stack]<UL><LI>Max Depth = 8<LI>Call Chain = GetAuthCode
</UL>
<BR>[Address Reference Count : 1]<UL><LI> app.o(.constdata)
</UL>
<P><STRONG><a name="[9f]"></a>GetBMCGlobalEnables</STRONG> (Thumb, 20 bytes, Stack size 16 bytes, appdevice.o(i.GetBMCGlobalEnables))
<BR><BR>[Stack]<UL><LI>Max Depth = 16<LI>Call Chain = GetBMCGlobalEnables
</UL>
<BR>[Address Reference Count : 1]<UL><LI> app.o(.constdata)
</UL>
<P><STRONG><a name="[bb]"></a>GetBMCInfo</STRONG> (Thumb, 100 bytes, Stack size 24 bytes, oem.o(i.GetBMCInfo))
<BR><BR>[Stack]<UL><LI>Max Depth = 24<LI>Call Chain = GetBMCInfo
</UL>
<BR>[Calls]<UL><LI><a href="#[120]">&gt;&gt;</a>&nbsp;&nbsp;&nbsp;GetBmcRunTime
</UL>
<BR>[Address Reference Count : 1]<UL><LI> oem.o(.constdata)
</UL>
<P><STRONG><a name="[a6]"></a>GetBTIfcCap</STRONG> (Thumb, 52 bytes, Stack size 16 bytes, appdevice.o(i.GetBTIfcCap))
<BR><BR>[Stack]<UL><LI>Max Depth = 16<LI>Call Chain = GetBTIfcCap
</UL>
<BR>[Address Reference Count : 1]<UL><LI> app.o(.constdata)
</UL>
<P><STRONG><a name="[121]"></a>GetBmcFirmwareVersion</STRONG> (Thumb, 102 bytes, Stack size 64 bytes, api_cpu.o(i.GetBmcFirmwareVersion))
<BR><BR>[Stack]<UL><LI>Max Depth = 152<LI>Call Chain = GetBmcFirmwareVersion &rArr; atoi &rArr; strtol &rArr; _strtoul
</UL>
<BR>[Calls]<UL><LI><a href="#[124]">&gt;&gt;</a>&nbsp;&nbsp;&nbsp;split
<LI><a href="#[123]">&gt;&gt;</a>&nbsp;&nbsp;&nbsp;strlen
<LI><a href="#[122]">&gt;&gt;</a>&nbsp;&nbsp;&nbsp;__aeabi_memclr4
<LI><a href="#[11c]">&gt;&gt;</a>&nbsp;&nbsp;&nbsp;__aeabi_memcpy
<LI><a href="#[100]">&gt;&gt;</a>&nbsp;&nbsp;&nbsp;atoi
<LI><a href="#[116]">&gt;&gt;</a>&nbsp;&nbsp;&nbsp;__2printf
</UL>
<BR>[Called By]<UL><LI><a href="#[60]">&gt;&gt;</a>&nbsp;&nbsp;&nbsp;main
</UL>

<P><STRONG><a name="[120]"></a>GetBmcRunTime</STRONG> (Thumb, 6 bytes, Stack size 0 bytes, api_cpu.o(i.GetBmcRunTime))
<BR><BR>[Called By]<UL><LI><a href="#[bb]">&gt;&gt;</a>&nbsp;&nbsp;&nbsp;GetBMCInfo
</UL>

<P><STRONG><a name="[ba]"></a>GetCPUInfo</STRONG> (Thumb, 246 bytes, Stack size 24 bytes, oem.o(i.GetCPUInfo))
<BR><BR>[Stack]<UL><LI>Max Depth = 32<LI>Call Chain = GetCPUInfo &rArr; get_board_addr
</UL>
<BR>[Calls]<UL><LI><a href="#[125]">&gt;&gt;</a>&nbsp;&nbsp;&nbsp;get_board_addr
</UL>
<BR>[Address Reference Count : 1]<UL><LI> oem.o(.constdata)
</UL>
<P><STRONG><a name="[b0]"></a>GetChAccess</STRONG> (Thumb, 8 bytes, Stack size 8 bytes, appdevice.o(i.GetChAccess))
<BR><BR>[Stack]<UL><LI>Max Depth = 8<LI>Call Chain = GetChAccess
</UL>
<BR>[Address Reference Count : 1]<UL><LI> app.o(.constdata)
</UL>
<P><STRONG><a name="[a8]"></a>GetChAuthCap</STRONG> (Thumb, 130 bytes, Stack size 144 bytes, appdevice.o(i.GetChAuthCap))
<BR><BR>[Stack]<UL><LI>Max Depth = 144<LI>Call Chain = GetChAuthCap
</UL>
<BR>[Calls]<UL><LI><a href="#[122]">&gt;&gt;</a>&nbsp;&nbsp;&nbsp;__aeabi_memclr4
</UL>
<BR>[Address Reference Count : 1]<UL><LI> app.o(.constdata)
</UL>
<P><STRONG><a name="[b1]"></a>GetChInfo</STRONG> (Thumb, 8 bytes, Stack size 8 bytes, appdevice.o(i.GetChInfo))
<BR><BR>[Stack]<UL><LI>Max Depth = 8<LI>Call Chain = GetChInfo
</UL>
<BR>[Address Reference Count : 1]<UL><LI> app.o(.constdata)
</UL>
<P><STRONG><a name="[126]"></a>GetCmdHndlr</STRONG> (Thumb, 136 bytes, Stack size 32 bytes, msghndlr.o(i.GetCmdHndlr))
<BR><BR>[Stack]<UL><LI>Max Depth = 56<LI>Call Chain = GetCmdHndlr &rArr; __2printf
</UL>
<BR>[Calls]<UL><LI><a href="#[116]">&gt;&gt;</a>&nbsp;&nbsp;&nbsp;__2printf
</UL>
<BR>[Called By]<UL><LI><a href="#[143]">&gt;&gt;</a>&nbsp;&nbsp;&nbsp;ProcessIPMIReq
</UL>

<P><STRONG><a name="[128]"></a>GetDevAddr</STRONG> (Thumb, 8 bytes, Stack size 0 bytes, ipmdevice.o(i.GetDevAddr))
<BR><BR>[Called By]<UL><LI><a href="#[12c]">&gt;&gt;</a>&nbsp;&nbsp;&nbsp;set_sdr_dat
<LI><a href="#[99]">&gt;&gt;</a>&nbsp;&nbsp;&nbsp;GetDevID
<LI><a href="#[2f]">&gt;&gt;</a>&nbsp;&nbsp;&nbsp;I2C0_EV_IRQHandler
</UL>

<P><STRONG><a name="[99]"></a>GetDevID</STRONG> (Thumb, 140 bytes, Stack size 32 bytes, ipmdevice.o(i.GetDevID))
<BR><BR>[Stack]<UL><LI>Max Depth = 368<LI>Call Chain = GetDevID &rArr; GetFirmwareVersion &rArr; __0sscanf &rArr; __vfscanf_char &rArr; __vfscanf &rArr; _scanf_int
</UL>
<BR>[Calls]<UL><LI><a href="#[127]">&gt;&gt;</a>&nbsp;&nbsp;&nbsp;GetFirmwareVersion
<LI><a href="#[128]">&gt;&gt;</a>&nbsp;&nbsp;&nbsp;GetDevAddr
</UL>
<BR>[Address Reference Count : 1]<UL><LI> app.o(.constdata)
</UL>
<P><STRONG><a name="[bd]"></a>GetDevSDR</STRONG> (Thumb, 28 bytes, Stack size 24 bytes, sensor.o(i.GetDevSDR))
<BR><BR>[Stack]<UL><LI>Max Depth = 124<LI>Call Chain = GetDevSDR &rArr; GetSDR &rArr; set_sdr_dat &rArr; set_sdr_dat_convert
</UL>
<BR>[Calls]<UL><LI><a href="#[cf]">&gt;&gt;</a>&nbsp;&nbsp;&nbsp;GetSDR
</UL>
<BR>[Address Reference Count : 1]<UL><LI> sensorevent.o(.constdata)
</UL>
<P><STRONG><a name="[bc]"></a>GetDevSDRInfo</STRONG> (Thumb, 76 bytes, Stack size 36 bytes, sensor.o(i.GetDevSDRInfo))
<BR><BR>[Stack]<UL><LI>Max Depth = 36<LI>Call Chain = GetDevSDRInfo
</UL>
<BR>[Address Reference Count : 1]<UL><LI> sensorevent.o(.constdata)
</UL>
<P><STRONG><a name="[129]"></a>GetEncodeCmd</STRONG> (Thumb, 32 bytes, Stack size 40 bytes, api_cpu.o(i.GetEncodeCmd))
<BR><BR>[Stack]<UL><LI>Max Depth = 64<LI>Call Chain = GetEncodeCmd &rArr; GetRawCmd &rArr; CalculateCheckSum
</UL>
<BR>[Calls]<UL><LI><a href="#[12a]">&gt;&gt;</a>&nbsp;&nbsp;&nbsp;GetRawCmd
<LI><a href="#[12b]">&gt;&gt;</a>&nbsp;&nbsp;&nbsp;EncodeSerialPkt
</UL>
<BR>[Called By]<UL><LI><a href="#[8c]">&gt;&gt;</a>&nbsp;&nbsp;&nbsp;cpuGetInfoTask
</UL>

<P><STRONG><a name="[a3]"></a>GetMessage</STRONG> (Thumb, 8 bytes, Stack size 8 bytes, appdevice.o(i.GetMessage))
<BR><BR>[Stack]<UL><LI>Max Depth = 8<LI>Call Chain = GetMessage
</UL>
<BR>[Address Reference Count : 1]<UL><LI> app.o(.constdata)
</UL>
<P><STRONG><a name="[a1]"></a>GetMsgFlags</STRONG> (Thumb, 16 bytes, Stack size 16 bytes, appdevice.o(i.GetMsgFlags))
<BR><BR>[Stack]<UL><LI>Max Depth = 16<LI>Call Chain = GetMsgFlags
</UL>
<BR>[Address Reference Count : 1]<UL><LI> app.o(.constdata)
</UL>
<P><STRONG><a name="[14a]"></a>GetMsgHndlrMap</STRONG> (Thumb, 64 bytes, Stack size 8 bytes, msghndlr.o(i.GetMsgHndlrMap))
<BR><BR>[Stack]<UL><LI>Max Depth = 8<LI>Call Chain = GetMsgHndlrMap
</UL>
<BR>[Called By]<UL><LI><a href="#[143]">&gt;&gt;</a>&nbsp;&nbsp;&nbsp;ProcessIPMIReq
</UL>

<P><STRONG><a name="[cf]"></a>GetSDR</STRONG> (Thumb, 200 bytes, Stack size 40 bytes, sdr.o(i.GetSDR))
<BR><BR>[Stack]<UL><LI>Max Depth = 100<LI>Call Chain = GetSDR &rArr; set_sdr_dat &rArr; set_sdr_dat_convert
</UL>
<BR>[Calls]<UL><LI><a href="#[12c]">&gt;&gt;</a>&nbsp;&nbsp;&nbsp;set_sdr_dat
<LI><a href="#[11c]">&gt;&gt;</a>&nbsp;&nbsp;&nbsp;__aeabi_memcpy
</UL>
<BR>[Called By]<UL><LI><a href="#[bd]">&gt;&gt;</a>&nbsp;&nbsp;&nbsp;GetDevSDR
</UL>
<BR>[Address Reference Count : 1]<UL><LI> storage.o(.constdata)
</UL>
<P><STRONG><a name="[cd]"></a>GetSDRRepositoryAllocInfo</STRONG> (Thumb, 34 bytes, Stack size 20 bytes, sdr.o(i.GetSDRRepositoryAllocInfo))
<BR><BR>[Stack]<UL><LI>Max Depth = 20<LI>Call Chain = GetSDRRepositoryAllocInfo
</UL>
<BR>[Address Reference Count : 1]<UL><LI> storage.o(.constdata)
</UL>
<P><STRONG><a name="[cc]"></a>GetSDRRepositoryInfo</STRONG> (Thumb, 48 bytes, Stack size 16 bytes, sdr.o(i.GetSDRRepositoryInfo))
<BR><BR>[Stack]<UL><LI>Max Depth = 16<LI>Call Chain = GetSDRRepositoryInfo
</UL>
<BR>[Address Reference Count : 1]<UL><LI> storage.o(.constdata)
</UL>
<P><STRONG><a name="[d4]"></a>GetSDRRepositoryTime</STRONG> (Thumb, 24 bytes, Stack size 20 bytes, sdr.o(i.GetSDRRepositoryTime))
<BR><BR>[Stack]<UL><LI>Max Depth = 20<LI>Call Chain = GetSDRRepositoryTime
</UL>
<BR>[Address Reference Count : 1]<UL><LI> storage.o(.constdata)
</UL>
<P><STRONG><a name="[c5]"></a>GetSensorEventEnable</STRONG> (Thumb, 224 bytes, Stack size 32 bytes, sensor.o(i.GetSensorEventEnable))
<BR><BR>[Stack]<UL><LI>Max Depth = 32<LI>Call Chain = GetSensorEventEnable
</UL>
<BR>[Address Reference Count : 1]<UL><LI> sensorevent.o(.constdata)
</UL>
<P><STRONG><a name="[c7]"></a>GetSensorEventStatus</STRONG> (Thumb, 524 bytes, Stack size 28 bytes, sensor.o(i.GetSensorEventStatus))
<BR><BR>[Stack]<UL><LI>Max Depth = 28<LI>Call Chain = GetSensorEventStatus
</UL>
<BR>[Address Reference Count : 1]<UL><LI> sensorevent.o(.constdata)
</UL>
<P><STRONG><a name="[c1]"></a>GetSensorHysterisis</STRONG> (Thumb, 180 bytes, Stack size 24 bytes, sensor.o(i.GetSensorHysterisis))
<BR><BR>[Stack]<UL><LI>Max Depth = 24<LI>Call Chain = GetSensorHysterisis
</UL>
<BR>[Address Reference Count : 1]<UL><LI> sensorevent.o(.constdata)
</UL>
<P><STRONG><a name="[c8]"></a>GetSensorReading</STRONG> (Thumb, 238 bytes, Stack size 64 bytes, sensor.o(i.GetSensorReading))
<BR><BR>[Stack]<UL><LI>Max Depth = 108<LI>Call Chain = GetSensorReading &rArr; get_raw_adc_data_value &rArr; get_adc_convers_value &rArr; adc_regular_channel_config
</UL>
<BR>[Calls]<UL><LI><a href="#[10d]">&gt;&gt;</a>&nbsp;&nbsp;&nbsp;__aeabi_ui2f
<LI><a href="#[130]">&gt;&gt;</a>&nbsp;&nbsp;&nbsp;__aeabi_fmul
<LI><a href="#[12f]">&gt;&gt;</a>&nbsp;&nbsp;&nbsp;get_raw_adc_data_value
<LI><a href="#[12d]">&gt;&gt;</a>&nbsp;&nbsp;&nbsp;get_tmp_value
<LI><a href="#[131]">&gt;&gt;</a>&nbsp;&nbsp;&nbsp;__aeabi_f2uiz
<LI><a href="#[12e]">&gt;&gt;</a>&nbsp;&nbsp;&nbsp;IpmiReadingDatConvert2Raw
</UL>
<BR>[Address Reference Count : 1]<UL><LI> sensorevent.o(.constdata)
</UL>
<P><STRONG><a name="[bf]"></a>GetSensorReadingFactors</STRONG> (Thumb, 80 bytes, Stack size 24 bytes, sensor.o(i.GetSensorReadingFactors))
<BR><BR>[Stack]<UL><LI>Max Depth = 24<LI>Call Chain = GetSensorReadingFactors
</UL>
<BR>[Address Reference Count : 1]<UL><LI> sensorevent.o(.constdata)
</UL>
<P><STRONG><a name="[c3]"></a>GetSensorThresholds</STRONG> (Thumb, 204 bytes, Stack size 40 bytes, sensor.o(i.GetSensorThresholds))
[...]
<BR><BR>[Stack]<UL><LI>Max Depth = 408<LI>Call Chain = dhcp_t1_timeout &rArr; dhcp_renew &rArr; udp_sendto_if &rArr; udp_sendto_if_src &rArr; pbuf_alloc &rArr; pbuf_free &rArr; mem_free &rArr; sys_sem_signal &rArr; xQueueGenericSend &rArr; prvUnlockQueue &rArr; prvNotifyQueueSetContainer &rArr; prvCopyDataToQueue &rArr; xTaskPriorityDisinherit &rArr; __2printf
</UL>
<BR>[Calls]<UL><LI><a href="#[1d2]">&gt;&gt;</a>&nbsp;&nbsp;&nbsp;dhcp_renew
</UL>
<BR>[Called By]<UL><LI><a href="#[d8]">&gt;&gt;</a>&nbsp;&nbsp;&nbsp;dhcp_coarse_tmr
</UL>

<P><STRONG><a name="[1be]"></a>dhcp_t2_timeout</STRONG> (Thumb, 80 bytes, Stack size 16 bytes, dhcp.o(i.dhcp_t2_timeout))
<BR><BR>[Stack]<UL><LI>Max Depth = 408<LI>Call Chain = dhcp_t2_timeout &rArr; dhcp_rebind &rArr; udp_sendto_if &rArr; udp_sendto_if_src &rArr; pbuf_alloc &rArr; pbuf_free &rArr; mem_free &rArr; sys_sem_signal &rArr; xQueueGenericSend &rArr; prvUnlockQueue &rArr; prvNotifyQueueSetContainer &rArr; prvCopyDataToQueue &rArr; xTaskPriorityDisinherit &rArr; __2printf
</UL>
<BR>[Calls]<UL><LI><a href="#[1cf]">&gt;&gt;</a>&nbsp;&nbsp;&nbsp;dhcp_rebind
</UL>
<BR>[Called By]<UL><LI><a href="#[d8]">&gt;&gt;</a>&nbsp;&nbsp;&nbsp;dhcp_coarse_tmr
</UL>

<P><STRONG><a name="[1cc]"></a>dhcp_timeout</STRONG> (Thumb, 136 bytes, Stack size 16 bytes, dhcp.o(i.dhcp_timeout))
<BR><BR>[Stack]<UL><LI>Max Depth = 584<LI>Call Chain = dhcp_timeout &rArr; dhcp_release &rArr; netif_set_addr &rArr; netif_set_ipaddr &rArr; tcp_netif_ip_addr_changed &rArr; tcp_netif_ip_addr_changed_pcblist &rArr; tcp_abort &rArr; tcp_abandon &rArr; tcp_pcb_remove &rArr; tcp_output &rArr; tcp_send_empty_ack &rArr; tcp_output_alloc_header &rArr; pbuf_alloc &rArr; pbuf_free &rArr; mem_free &rArr; sys_sem_signal &rArr; xQueueGenericSend &rArr; prvUnlockQueue &rArr; prvNotifyQueueSetContainer &rArr; prvCopyDataToQueue &rArr; xTaskPriorityDisinherit &rArr; __2printf
</UL>
<BR>[Calls]<UL><LI><a href="#[1bc]">&gt;&gt;</a>&nbsp;&nbsp;&nbsp;dhcp_release
<LI><a href="#[1d3]">&gt;&gt;</a>&nbsp;&nbsp;&nbsp;dhcp_select
<LI><a href="#[1ce]">&gt;&gt;</a>&nbsp;&nbsp;&nbsp;dhcp_reboot
<LI><a href="#[1bd]">&gt;&gt;</a>&nbsp;&nbsp;&nbsp;dhcp_discover
<LI><a href="#[1ba]">&gt;&gt;</a>&nbsp;&nbsp;&nbsp;dhcp_check
<LI><a href="#[1b7]">&gt;&gt;</a>&nbsp;&nbsp;&nbsp;dhcp_bind
</UL>
<BR>[Called By]<UL><LI><a href="#[d9]">&gt;&gt;</a>&nbsp;&nbsp;&nbsp;dhcp_fine_tmr
</UL>

<P><STRONG><a name="[1fb]"></a>etharp_find_entry</STRONG> (Thumb, 374 bytes, Stack size 48 bytes, etharp.o(i.etharp_find_entry))
<BR><BR>[Stack]<UL><LI>Max Depth = 280<LI>Call Chain = etharp_find_entry &rArr; etharp_free_entry &rArr; pbuf_free &rArr; mem_free &rArr; sys_sem_signal &rArr; xQueueGenericSend &rArr; prvUnlockQueue &rArr; prvNotifyQueueSetContainer &rArr; prvCopyDataToQueue &rArr; xTaskPriorityDisinherit &rArr; __2printf
</UL>
<BR>[Calls]<UL><LI><a href="#[1fc]">&gt;&gt;</a>&nbsp;&nbsp;&nbsp;etharp_free_entry
</UL>
<BR>[Called By]<UL><LI><a href="#[1fe]">&gt;&gt;</a>&nbsp;&nbsp;&nbsp;etharp_update_arp_entry
<LI><a href="#[1bb]">&gt;&gt;</a>&nbsp;&nbsp;&nbsp;etharp_query
</UL>

<P><STRONG><a name="[1fc]"></a>etharp_free_entry</STRONG> (Thumb, 112 bytes, Stack size 8 bytes, etharp.o(i.etharp_free_entry))
<BR><BR>[Stack]<UL><LI>Max Depth = 232<LI>Call Chain = etharp_free_entry &rArr; pbuf_free &rArr; mem_free &rArr; sys_sem_signal &rArr; xQueueGenericSend &rArr; prvUnlockQueue &rArr; prvNotifyQueueSetContainer &rArr; prvCopyDataToQueue &rArr; xTaskPriorityDisinherit &rArr; __2printf
</UL>
<BR>[Calls]<UL><LI><a href="#[1ca]">&gt;&gt;</a>&nbsp;&nbsp;&nbsp;pbuf_free
</UL>
<BR>[Called By]<UL><LI><a href="#[d7]">&gt;&gt;</a>&nbsp;&nbsp;&nbsp;etharp_tmr
<LI><a href="#[1fb]">&gt;&gt;</a>&nbsp;&nbsp;&nbsp;etharp_find_entry
</UL>

<P><STRONG><a name="[201]"></a>etharp_output_to_arp_index</STRONG> (Thumb, 178 bytes, Stack size 24 bytes, etharp.o(i.etharp_output_to_arp_index))
<BR><BR>[Stack]<UL><LI>Max Depth = 384<LI>Call Chain = etharp_output_to_arp_index &rArr; etharp_request &rArr; etharp_request_dst &rArr; etharp_raw &rArr; pbuf_alloc &rArr; pbuf_free &rArr; mem_free &rArr; sys_sem_signal &rArr; xQueueGenericSend &rArr; prvUnlockQueue &rArr; prvNotifyQueueSetContainer &rArr; prvCopyDataToQueue &rArr; xTaskPriorityDisinherit &rArr; __2printf
</UL>
<BR>[Calls]<UL><LI><a href="#[203]">&gt;&gt;</a>&nbsp;&nbsp;&nbsp;etharp_request
<LI><a href="#[202]">&gt;&gt;</a>&nbsp;&nbsp;&nbsp;ethernet_output
<LI><a href="#[204]">&gt;&gt;</a>&nbsp;&nbsp;&nbsp;etharp_request_dst
</UL>
<BR>[Called By]<UL><LI><a href="#[6f]">&gt;&gt;</a>&nbsp;&nbsp;&nbsp;etharp_output
</UL>

<P><STRONG><a name="[1ff]"></a>etharp_raw</STRONG> (Thumb, 160 bytes, Stack size 48 bytes, etharp.o(i.etharp_raw))
<BR><BR>[Stack]<UL><LI>Max Depth = 312<LI>Call Chain = etharp_raw &rArr; pbuf_alloc &rArr; pbuf_free &rArr; mem_free &rArr; sys_sem_signal &rArr; xQueueGenericSend &rArr; prvUnlockQueue &rArr; prvNotifyQueueSetContainer &rArr; prvCopyDataToQueue &rArr; xTaskPriorityDisinherit &rArr; __2printf
</UL>
<BR>[Calls]<UL><LI><a href="#[172]">&gt;&gt;</a>&nbsp;&nbsp;&nbsp;lwip_htons
<LI><a href="#[1ca]">&gt;&gt;</a>&nbsp;&nbsp;&nbsp;pbuf_free
<LI><a href="#[1c1]">&gt;&gt;</a>&nbsp;&nbsp;&nbsp;pbuf_alloc
<LI><a href="#[202]">&gt;&gt;</a>&nbsp;&nbsp;&nbsp;ethernet_output
</UL>
<BR>[Called By]<UL><LI><a href="#[1fd]">&gt;&gt;</a>&nbsp;&nbsp;&nbsp;etharp_input
<LI><a href="#[204]">&gt;&gt;</a>&nbsp;&nbsp;&nbsp;etharp_request_dst
</UL>

<P><STRONG><a name="[204]"></a>etharp_request_dst</STRONG> (Thumb, 38 bytes, Stack size 32 bytes, etharp.o(i.etharp_request_dst))
<BR><BR>[Stack]<UL><LI>Max Depth = 344<LI>Call Chain = etharp_request_dst &rArr; etharp_raw &rArr; pbuf_alloc &rArr; pbuf_free &rArr; mem_free &rArr; sys_sem_signal &rArr; xQueueGenericSend &rArr; prvUnlockQueue &rArr; prvNotifyQueueSetContainer &rArr; prvCopyDataToQueue &rArr; xTaskPriorityDisinherit &rArr; __2printf
</UL>
<BR>[Calls]<UL><LI><a href="#[1ff]">&gt;&gt;</a>&nbsp;&nbsp;&nbsp;etharp_raw
</UL>
<BR>[Called By]<UL><LI><a href="#[203]">&gt;&gt;</a>&nbsp;&nbsp;&nbsp;etharp_request
<LI><a href="#[201]">&gt;&gt;</a>&nbsp;&nbsp;&nbsp;etharp_output_to_arp_index
</UL>

<P><STRONG><a name="[1fe]"></a>etharp_update_arp_entry</STRONG> (Thumb, 198 bytes, Stack size 32 bytes, etharp.o(i.etharp_update_arp_entry))
<BR><BR>[Stack]<UL><LI>Max Depth = 312<LI>Call Chain = etharp_update_arp_entry &rArr; etharp_find_entry &rArr; etharp_free_entry &rArr; pbuf_free &rArr; mem_free &rArr; sys_sem_signal &rArr; xQueueGenericSend &rArr; prvUnlockQueue &rArr; prvNotifyQueueSetContainer &rArr; prvCopyDataToQueue &rArr; xTaskPriorityDisinherit &rArr; __2printf
</UL>
<BR>[Calls]<UL><LI><a href="#[1ca]">&gt;&gt;</a>&nbsp;&nbsp;&nbsp;pbuf_free
<LI><a href="#[200]">&gt;&gt;</a>&nbsp;&nbsp;&nbsp;ip4_addr_isbroadcast_u32
<LI><a href="#[202]">&gt;&gt;</a>&nbsp;&nbsp;&nbsp;ethernet_output
<LI><a href="#[1fb]">&gt;&gt;</a>&nbsp;&nbsp;&nbsp;etharp_find_entry
</UL>
<BR>[Called By]<UL><LI><a href="#[1fd]">&gt;&gt;</a>&nbsp;&nbsp;&nbsp;etharp_input
</UL>

<P><STRONG><a name="[23f]"></a>icmp_send_response</STRONG> (Thumb, 140 bytes, Stack size 48 bytes, icmp.o(i.icmp_send_response))
<BR><BR>[Stack]<UL><LI>Max Depth = 312<LI>Call Chain = icmp_send_response &rArr; pbuf_alloc &rArr; pbuf_free &rArr; mem_free &rArr; sys_sem_signal &rArr; xQueueGenericSend &rArr; prvUnlockQueue &rArr; prvNotifyQueueSetContainer &rArr; prvCopyDataToQueue &rArr; xTaskPriorityDisinherit &rArr; __2printf
</UL>
<BR>[Calls]<UL><LI><a href="#[1ca]">&gt;&gt;</a>&nbsp;&nbsp;&nbsp;pbuf_free
<LI><a href="#[1c1]">&gt;&gt;</a>&nbsp;&nbsp;&nbsp;pbuf_alloc
<LI><a href="#[242]">&gt;&gt;</a>&nbsp;&nbsp;&nbsp;ip4_output_if
<LI><a href="#[243]">&gt;&gt;</a>&nbsp;&nbsp;&nbsp;ip4_route
<LI><a href="#[11c]">&gt;&gt;</a>&nbsp;&nbsp;&nbsp;__aeabi_memcpy
</UL>
<BR>[Called By]<UL><LI><a href="#[23e]">&gt;&gt;</a>&nbsp;&nbsp;&nbsp;icmp_dest_unreach
</UL>

<P><STRONG><a name="[2fe]"></a>shellAdd</STRONG> (Thumb, 34 bytes, Stack size 0 bytes, shell.o(i.shellAdd))
<BR><BR>[Called By]<UL><LI><a href="#[2fd]">&gt;&gt;</a>&nbsp;&nbsp;&nbsp;shellInit
</UL>

<P><STRONG><a name="[2dd]"></a>shellCheckPassword</STRONG> (Thumb, 62 bytes, Stack size 8 bytes, shell.o(i.shellCheckPassword))
<BR><BR>[Stack]<UL><LI>Max Depth = 24<LI>Call Chain = shellCheckPassword &rArr; shellWriteString
</UL>
<BR>[Calls]<UL><LI><a href="#[159]">&gt;&gt;</a>&nbsp;&nbsp;&nbsp;strcmp
<LI><a href="#[2de]">&gt;&gt;</a>&nbsp;&nbsp;&nbsp;shellWriteString
</UL>
<BR>[Called By]<UL><LI><a href="#[2e5]">&gt;&gt;</a>&nbsp;&nbsp;&nbsp;shellExec
</UL>

<P><STRONG><a name="[2fb]"></a>shellGetCommandDesc</STRONG> (Thumb, 48 bytes, Stack size 0 bytes, shell.o(i.shellGetCommandDesc))
<BR><BR>[Called By]<UL><LI><a href="#[302]">&gt;&gt;</a>&nbsp;&nbsp;&nbsp;shellListItem
<LI><a href="#[e9]">&gt;&gt;</a>&nbsp;&nbsp;&nbsp;shellHelp
</UL>

<P><STRONG><a name="[2f4]"></a>shellGetCommandName</STRONG> (Thumb, 76 bytes, Stack size 8 bytes, shell.o(i.shellGetCommandName))
<BR><BR>[Stack]<UL><LI>Max Depth = 20<LI>Call Chain = shellGetCommandName &rArr; shellToHex
</UL>
<BR>[Calls]<UL><LI><a href="#[2f5]">&gt;&gt;</a>&nbsp;&nbsp;&nbsp;shellToHex
</UL>
<BR>[Called By]<UL><LI><a href="#[2e9]">&gt;&gt;</a>&nbsp;&nbsp;&nbsp;shellSeekCommand
<LI><a href="#[302]">&gt;&gt;</a>&nbsp;&nbsp;&nbsp;shellListItem
<LI><a href="#[e9]">&gt;&gt;</a>&nbsp;&nbsp;&nbsp;shellHelp
<LI><a href="#[e5]">&gt;&gt;</a>&nbsp;&nbsp;&nbsp;shellTab
</UL>

<P><STRONG><a name="[2e4]"></a>shellHistory</STRONG> (Thumb, 194 bytes, Stack size 16 bytes, shell.o(i.shellHistory))
<BR><BR>[Stack]<UL><LI>Max Depth = 64<LI>Call Chain = shellHistory &rArr; shellClearCommandLine &rArr; shellDeleteCommandLine &rArr; shellWriteString
</UL>
<BR>[Calls]<UL><LI><a href="#[2e0]">&gt;&gt;</a>&nbsp;&nbsp;&nbsp;shellClearCommandLine
<LI><a href="#[2fc]">&gt;&gt;</a>&nbsp;&nbsp;&nbsp;shellStringCopy
<LI><a href="#[2de]">&gt;&gt;</a>&nbsp;&nbsp;&nbsp;shellWriteString
</UL>
<BR>[Called By]<UL><LI><a href="#[e2]">&gt;&gt;</a>&nbsp;&nbsp;&nbsp;shellDown
<LI><a href="#[e1]">&gt;&gt;</a>&nbsp;&nbsp;&nbsp;shellUp
</UL>

<P><STRONG><a name="[2e7]"></a>shellHistoryAdd</STRONG> (Thumb, 122 bytes, Stack size 8 bytes, shell.o(i.shellHistoryAdd))
<BR><BR>[Stack]<UL><LI>Max Depth = 16<LI>Call Chain = shellHistoryAdd &rArr; strcmp
</UL>
<BR>[Calls]<UL><LI><a href="#[2fc]">&gt;&gt;</a>&nbsp;&nbsp;&nbsp;shellStringCopy
<LI><a href="#[159]">&gt;&gt;</a>&nbsp;&nbsp;&nbsp;strcmp
</UL>
<BR>[Called By]<UL><LI><a href="#[2e5]">&gt;&gt;</a>&nbsp;&nbsp;&nbsp;shellExec
</UL>

<P><STRONG><a name="[2e8]"></a>shellParserParam</STRONG> (Thumb, 142 bytes, Stack size 20 bytes, shell.o(i.shellParserParam))
<BR><BR>[Stack]<UL><LI>Max Depth = 20<LI>Call Chain = shellParserParam
</UL>
<BR>[Called By]<UL><LI><a href="#[2e5]">&gt;&gt;</a>&nbsp;&nbsp;&nbsp;shellExec
</UL>

<P><STRONG><a name="[306]"></a>shellRemoveParamQuotes</STRONG> (Thumb, 104 bytes, Stack size 16 bytes, shell.o(i.shellRemoveParamQuotes))
<BR><BR>[Stack]<UL><LI>Max Depth = 16<LI>Call Chain = shellRemoveParamQuotes
</UL>
<BR>[Calls]<UL><LI><a href="#[123]">&gt;&gt;</a>&nbsp;&nbsp;&nbsp;strlen
</UL>
<BR>[Called By]<UL><LI><a href="#[2ea]">&gt;&gt;</a>&nbsp;&nbsp;&nbsp;shellRunCommand
</UL>

<P><STRONG><a name="[2ff]"></a>shellSetUser</STRONG> (Thumb, 74 bytes, Stack size 16 bytes, shell.o(i.shellSetUser))
<BR><BR>[Stack]<UL><LI>Max Depth = 32<LI>Call Chain = shellSetUser &rArr; shellWriteString
</UL>
<BR>[Calls]<UL><LI><a href="#[159]">&gt;&gt;</a>&nbsp;&nbsp;&nbsp;strcmp
<LI><a href="#[123]">&gt;&gt;</a>&nbsp;&nbsp;&nbsp;strlen
<LI><a href="#[2de]">&gt;&gt;</a>&nbsp;&nbsp;&nbsp;shellWriteString
</UL>
<BR>[Called By]<UL><LI><a href="#[2ea]">&gt;&gt;</a>&nbsp;&nbsp;&nbsp;shellRunCommand
<LI><a href="#[2fd]">&gt;&gt;</a>&nbsp;&nbsp;&nbsp;shellInit
</UL>

<P><STRONG><a name="[308]"></a>shellShowVar</STRONG> (Thumb, 158 bytes, Stack size 32 bytes, shell.o(i.shellShowVar))
<BR><BR>[Stack]<UL><LI>Max Depth = 48<LI>Call Chain = shellShowVar &rArr; shellGetVarValue
</UL>
<BR>[Calls]<UL><LI><a href="#[2f2]">&gt;&gt;</a>&nbsp;&nbsp;&nbsp;shellGetVarValue
<LI><a href="#[2de]">&gt;&gt;</a>&nbsp;&nbsp;&nbsp;shellWriteString
<LI><a href="#[2f5]">&gt;&gt;</a>&nbsp;&nbsp;&nbsp;shellToHex
<LI><a href="#[30b]">&gt;&gt;</a>&nbsp;&nbsp;&nbsp;shellToDec
</UL>
<BR>[Called By]<UL><LI><a href="#[2ea]">&gt;&gt;</a>&nbsp;&nbsp;&nbsp;shellRunCommand
<LI><a href="#[30a]">&gt;&gt;</a>&nbsp;&nbsp;&nbsp;shellSetVarValue
</UL>

<P><STRONG><a name="[30c]"></a>shellStringCompare</STRONG> (Thumb, 44 bytes, Stack size 12 bytes, shell.o(i.shellStringCompare))
<BR><BR>[Stack]<UL><LI>Max Depth = 12<LI>Call Chain = shellStringCompare
</UL>
<BR>[Called By]<UL><LI><a href="#[e5]">&gt;&gt;</a>&nbsp;&nbsp;&nbsp;shellTab
</UL>

<P><STRONG><a name="[2fc]"></a>shellStringCopy</STRONG> (Thumb, 24 bytes, Stack size 0 bytes, shell.o(i.shellStringCopy))
<BR><BR>[Called By]<UL><LI><a href="#[2e7]">&gt;&gt;</a>&nbsp;&nbsp;&nbsp;shellHistoryAdd
<LI><a href="#[2e4]">&gt;&gt;</a>&nbsp;&nbsp;&nbsp;shellHistory
<LI><a href="#[e5]">&gt;&gt;</a>&nbsp;&nbsp;&nbsp;shellTab
<LI><a href="#[30a]">&gt;&gt;</a>&nbsp;&nbsp;&nbsp;shellSetVarValue
</UL>

<P><STRONG><a name="[2e1]"></a>shellWriteByte</STRONG> (Thumb, 14 bytes, Stack size 16 bytes, shell.o(i.shellWriteByte))
<BR><BR>[Stack]<UL><LI>Max Depth = 16<LI>Call Chain = shellWriteByte
</UL>
<BR>[Called By]<UL><LI><a href="#[e3]">&gt;&gt;</a>&nbsp;&nbsp;&nbsp;shellRight
<LI><a href="#[302]">&gt;&gt;</a>&nbsp;&nbsp;&nbsp;shellListItem
<LI><a href="#[e4]">&gt;&gt;</a>&nbsp;&nbsp;&nbsp;shellLeft
<LI><a href="#[300]">&gt;&gt;</a>&nbsp;&nbsp;&nbsp;shellInsertByte
<LI><a href="#[2dc]">&gt;&gt;</a>&nbsp;&nbsp;&nbsp;shellDeleteByte
<LI><a href="#[2e0]">&gt;&gt;</a>&nbsp;&nbsp;&nbsp;shellClearCommandLine
</UL>

<P><STRONG><a name="[303]"></a>shellWriteCommandDesc</STRONG> (Thumb, 80 bytes, Stack size 16 bytes, shell.o(i.shellWriteCommandDesc))
<BR><BR>[Stack]<UL><LI>Max Depth = 16<LI>Call Chain = shellWriteCommandDesc
</UL>
<BR>[Called By]<UL><LI><a href="#[302]">&gt;&gt;</a>&nbsp;&nbsp;&nbsp;shellListItem
</UL>

<P><STRONG><a name="[2e6]"></a>shellWriteCommandLine</STRONG> (Thumb, 84 bytes, Stack size 16 bytes, shell.o(i.shellWriteCommandLine))
<BR><BR>[Stack]<UL><LI>Max Depth = 32<LI>Call Chain = shellWriteCommandLine &rArr; shellWriteString
</UL>
<BR>[Calls]<UL><LI><a href="#[2de]">&gt;&gt;</a>&nbsp;&nbsp;&nbsp;shellWriteString
</UL>
<BR>[Called By]<UL><LI><a href="#[300]">&gt;&gt;</a>&nbsp;&nbsp;&nbsp;shellInsertByte
<LI><a href="#[2fd]">&gt;&gt;</a>&nbsp;&nbsp;&nbsp;shellInit
<LI><a href="#[e8]">&gt;&gt;</a>&nbsp;&nbsp;&nbsp;shellEnter
<LI><a href="#[e5]">&gt;&gt;</a>&nbsp;&nbsp;&nbsp;shellTab
</UL>

<P><STRONG><a name="[307]"></a>shellWriteReturnValue</STRONG> (Thumb, 104 bytes, Stack size 32 bytes, shell.o(i.shellWriteReturnValue))
<BR><BR>[Stack]<UL><LI>Max Depth = 48<LI>Call Chain = shellWriteReturnValue &rArr; shellWriteString
</UL>
<BR>[Calls]<UL><LI><a href="#[2de]">&gt;&gt;</a>&nbsp;&nbsp;&nbsp;shellWriteString
<LI><a href="#[2f5]">&gt;&gt;</a>&nbsp;&nbsp;&nbsp;shellToHex
<LI><a href="#[30b]">&gt;&gt;</a>&nbsp;&nbsp;&nbsp;shellToDec
</UL>
<BR>[Called By]<UL><LI><a href="#[2ea]">&gt;&gt;</a>&nbsp;&nbsp;&nbsp;shellRunCommand
</UL>

<P><STRONG><a name="[2ec]"></a>shellExtNumType</STRONG> (Thumb, 88 bytes, Stack size 8 bytes, shell_ext.o(i.shellExtNumType))
<BR><BR>[Stack]<UL><LI>Max Depth = 8<LI>Call Chain = shellExtNumType
</UL>
<BR>[Called By]<UL><LI><a href="#[2eb]">&gt;&gt;</a>&nbsp;&nbsp;&nbsp;shellExtParseNumber
</UL>

<P><STRONG><a name="[2ef]"></a>shellExtParseChar</STRONG> (Thumb, 70 bytes, Stack size 0 bytes, shell_ext.o(i.shellExtParseChar))
<BR><BR>[Called By]<UL><LI><a href="#[2ee]">&gt;&gt;</a>&nbsp;&nbsp;&nbsp;shellExtParsePara
<LI><a href="#[2f1]">&gt;&gt;</a>&nbsp;&nbsp;&nbsp;shellExtParseString
</UL>

<P><STRONG><a name="[2eb]"></a>shellExtParseNumber</STRONG> (Thumb, 232 bytes, Stack size 56 bytes, shell_ext.o(i.shellExtParseNumber))
<BR><BR>[Stack]<UL><LI>Max Depth = 64<LI>Call Chain = shellExtParseNumber &rArr; __aeabi_fmul
</UL>
<BR>[Calls]<UL><LI><a href="#[10d]">&gt;&gt;</a>&nbsp;&nbsp;&nbsp;__aeabi_ui2f
<LI><a href="#[130]">&gt;&gt;</a>&nbsp;&nbsp;&nbsp;__aeabi_fmul
<LI><a href="#[101]">&gt;&gt;</a>&nbsp;&nbsp;&nbsp;__aeabi_fdiv
<LI><a href="#[10b]">&gt;&gt;</a>&nbsp;&nbsp;&nbsp;__aeabi_i2f
<LI><a href="#[2ed]">&gt;&gt;</a>&nbsp;&nbsp;&nbsp;shellExtToNum
<LI><a href="#[2ec]">&gt;&gt;</a>&nbsp;&nbsp;&nbsp;shellExtNumType
</UL>
<BR>[Called By]<UL><LI><a href="#[2ee]">&gt;&gt;</a>&nbsp;&nbsp;&nbsp;shellExtParsePara
</UL>

<P><STRONG><a name="[2f1]"></a>shellExtParseString</STRONG> (Thumb, 74 bytes, Stack size 16 bytes, shell_ext.o(i.shellExtParseString))
<BR><BR>[Stack]<UL><LI>Max Depth = 16<LI>Call Chain = shellExtParseString
</UL>
<BR>[Calls]<UL><LI><a href="#[2ef]">&gt;&gt;</a>&nbsp;&nbsp;&nbsp;shellExtParseChar
</UL>
<BR>[Called By]<UL><LI><a href="#[2ee]">&gt;&gt;</a>&nbsp;&nbsp;&nbsp;shellExtParsePara
</UL>

<P><STRONG><a name="[2f0]"></a>shellExtParseVar</STRONG> (Thumb, 36 bytes, Stack size 16 bytes, shell_ext.o(i.shellExtParseVar))
<BR><BR>[Stack]<UL><LI>Max Depth = 68<LI>Call Chain = shellExtParseVar &rArr; shellSeekCommand &rArr; shellGetCommandName &rArr; shellToHex
</UL>
<BR>[Calls]<UL><LI><a href="#[2e9]">&gt;&gt;</a>&nbsp;&nbsp;&nbsp;shellSeekCommand
<LI><a href="#[2f2]">&gt;&gt;</a>&nbsp;&nbsp;&nbsp;shellGetVarValue
</UL>
<BR>[Called By]<UL><LI><a href="#[2ee]">&gt;&gt;</a>&nbsp;&nbsp;&nbsp;shellExtParsePara
</UL>

<P><STRONG><a name="[2ed]"></a>shellExtToNum</STRONG> (Thumb, 54 bytes, Stack size 0 bytes, shell_ext.o(i.shellExtToNum))
<BR><BR>[Called By]<UL><LI><a href="#[2eb]">&gt;&gt;</a>&nbsp;&nbsp;&nbsp;shellExtParseNumber
</UL>

<P><STRONG><a name="[17a]"></a>_fp_digits</STRONG> (Thumb, 366 bytes, Stack size 64 bytes, printfa.o(i._fp_digits), UNUSED)
<BR><BR>[Calls]<UL><LI><a href="#[109]">&gt;&gt;</a>&nbsp;&nbsp;&nbsp;__aeabi_dmul
<LI><a href="#[10a]">&gt;&gt;</a>&nbsp;&nbsp;&nbsp;__aeabi_ddiv
<LI><a href="#[103]">&gt;&gt;</a>&nbsp;&nbsp;&nbsp;__aeabi_dadd
<LI><a href="#[17b]">&gt;&gt;</a>&nbsp;&nbsp;&nbsp;__aeabi_cdrcmple
<LI><a href="#[f2]">&gt;&gt;</a>&nbsp;&nbsp;&nbsp;__aeabi_uldivmod
<LI><a href="#[10f]">&gt;&gt;</a>&nbsp;&nbsp;&nbsp;__aeabi_d2ulz
</UL>
<BR>[Called By]<UL><LI><a href="#[178]">&gt;&gt;</a>&nbsp;&nbsp;&nbsp;_printf_core
</UL>

<P><STRONG><a name="[178]"></a>_printf_core</STRONG> (Thumb, 1704 bytes, Stack size 136 bytes, printfa.o(i._printf_core), UNUSED)
<BR><BR>[Calls]<UL><LI><a href="#[f2]">&gt;&gt;</a>&nbsp;&nbsp;&nbsp;__aeabi_uldivmod
<LI><a href="#[17e]">&gt;&gt;</a>&nbsp;&nbsp;&nbsp;__aeabi_uidivmod
<LI><a href="#[17c]">&gt;&gt;</a>&nbsp;&nbsp;&nbsp;_printf_pre_padding
<LI><a href="#[17d]">&gt;&gt;</a>&nbsp;&nbsp;&nbsp;_printf_post_padding
<LI><a href="#[17a]">&gt;&gt;</a>&nbsp;&nbsp;&nbsp;_fp_digits
</UL>
<BR>[Called By]<UL><LI><a href="#[179]">&gt;&gt;</a>&nbsp;&nbsp;&nbsp;__0sprintf
<LI><a href="#[177]">&gt;&gt;</a>&nbsp;&nbsp;&nbsp;__0printf
</UL>

<P><STRONG><a name="[17d]"></a>_printf_post_padding</STRONG> (Thumb, 36 bytes, Stack size 24 bytes, printfa.o(i._printf_post_padding), UNUSED)
<BR><BR>[Called By]<UL><LI><a href="#[178]">&gt;&gt;</a>&nbsp;&nbsp;&nbsp;_printf_core
</UL>

<P><STRONG><a name="[17c]"></a>_printf_pre_padding</STRONG> (Thumb, 46 bytes, Stack size 24 bytes, printfa.o(i._printf_pre_padding), UNUSED)
<BR><BR>[Called By]<UL><LI><a href="#[178]">&gt;&gt;</a>&nbsp;&nbsp;&nbsp;_printf_core
</UL>

<P><STRONG><a name="[6a]"></a>_sputc</STRONG> (Thumb, 10 bytes, Stack size 0 bytes, printfa.o(i._sputc))
<BR><BR>[Called By]<UL><LI><a href="#[179]">&gt;&gt;</a>&nbsp;&nbsp;&nbsp;__0sprintf
</UL>
<BR>[Address Reference Count : 1]<UL><LI> printfa.o(i.__0sprintf)
</UL>
<P><STRONG><a name="[65]"></a>_scanf_char_input</STRONG> (Thumb, 12 bytes, Stack size 0 bytes, scanf_char.o(.text))
<BR>[Address Reference Count : 1]<UL><LI> scanf_char.o(.text)
</UL><P>
<H3>
Undefined Global Symbols
</H3><HR></body></html>
