Component: ARM Compiler 5.06 update 7 (build 960) Tool: armlink [4d3601]

==============================================================================

Section Cross References

    boot_main.o(i.SPC_config) refers to gd32f10x_fmc.o(i.ob_spc_get) for ob_spc_get
    boot_main.o(i.SPC_config) refers to gd32f10x_fmc.o(i.fmc_unlock) for fmc_unlock
    boot_main.o(i.SPC_config) refers to gd32f10x_fmc.o(i.ob_unlock) for ob_unlock
    boot_main.o(i.SPC_config) refers to gd32f10x_fmc.o(i.ob_security_protection_config) for ob_security_protection_config
    boot_main.o(i.SPC_config) refers to gd32f10x_fmc.o(i.ob_lock) for ob_lock
    boot_main.o(i.SPC_config) refers to gd32f10x_fmc.o(i.fmc_lock) for fmc_lock
    boot_main.o(i.SPC_config) refers to boot_main.o(i.NVIC_SystemReset) for NVIC_SystemReset
    boot_main.o(i.boot_setPrintUartPeriph) refers to boot_main.o(.data) for g_bootDebugUartPeriph
    boot_main.o(i.debug_config) refers to gd32f10x_dbg.o(i.dbg_periph_enable) for dbg_periph_enable
    boot_main.o(i.main) refers to systick.o(i.bsp_systick_config) for bsp_systick_config
    boot_main.o(i.main) refers to gd32f10x_misc.o(i.nvic_priority_group_set) for nvic_priority_group_set
    boot_main.o(i.main) refers to gd32f10x_platform.o(i.platform_init) for platform_init
    boot_main.o(i.main) refers to boot_main.o(i.boot_setPrintUartPeriph) for boot_setPrintUartPeriph
    boot_main.o(i.main) refers to bsp_uartcomm.o(i.UART_init) for UART_init
    boot_main.o(i.main) refers to strlen.o(.text) for strlen
    boot_main.o(i.main) refers to bsp_uartcomm.o(i.UART_sendDataBlock) for UART_sendDataBlock
    boot_main.o(i.main) refers to boot_main.o(i.watch_dog_init) for watch_dog_init
    boot_main.o(i.main) refers to boot_main.o(i.debug_config) for debug_config
    boot_main.o(i.main) refers to tasks.o(i.xTaskCreate) for xTaskCreate
    boot_main.o(i.main) refers to tasks.o(i.vTaskStartScheduler) for vTaskStartScheduler
    boot_main.o(i.main) refers to printf8.o(i.__0printf$8) for __2printf
    boot_main.o(i.main) refers to boot_main.o(.data) for projectInfo
    boot_main.o(i.main) refers to boot_main.o(i.updateMonitor) for updateMonitor
    boot_main.o(i.main) refers to boot_update.o(i.boot_updateTask) for boot_updateTask
    boot_main.o(i.updateMonitor) refers to gd32f10x_platform.o(i.update_BkpDateRead) for update_BkpDateRead
    boot_main.o(i.updateMonitor) refers to boot_i2cforward.o(i.boot_i2c_init) for boot_i2c_init
    boot_main.o(i.updateMonitor) refers to tasks.o(i.vTaskDelay) for vTaskDelay
    boot_main.o(i.updateMonitor) refers to printf8.o(i.__0printf$8) for __2printf
    boot_main.o(i.updateMonitor) refers to gd32f10x_platform.o(i.update_BkpDateWrite) for update_BkpDateWrite
    boot_main.o(i.updateMonitor) refers to jump.o(i.update_JumpToRun) for update_JumpToRun
    boot_main.o(i.updateMonitor) refers to boot_update.o(i.boot_sendMsg2Dev) for boot_sendMsg2Dev
    boot_main.o(i.updateMonitor) refers to boot_main.o(i.NVIC_SystemReset) for NVIC_SystemReset
    boot_main.o(i.updateMonitor) refers to boot_update.o(.data) for g_UpdatingSM
    boot_main.o(i.updateMonitor) refers to boot_main.o(.data) for g_debugLevel
    boot_main.o(i.vApplicationIdleHook) refers to gd32f10x_fwdgt.o(i.fwdgt_counter_reload) for fwdgt_counter_reload
    boot_main.o(i.watch_dog_init) refers to gd32f10x_rcu.o(i.rcu_flag_get) for rcu_flag_get
    boot_main.o(i.watch_dog_init) refers to jump.o(i.common_printfResetCause) for common_printfResetCause
    boot_main.o(i.watch_dog_init) refers to gd32f10x_platform.o(i.update_BkpDateWrite) for update_BkpDateWrite
    boot_main.o(i.watch_dog_init) refers to gd32f10x_rcu.o(i.rcu_all_reset_flag_clear) for rcu_all_reset_flag_clear
    boot_main.o(i.watch_dog_init) refers to gd32f10x_fwdgt.o(i.fwdgt_config) for fwdgt_config
    boot_main.o(i.watch_dog_init) refers to gd32f10x_fwdgt.o(i.fwdgt_enable) for fwdgt_enable
    boot_main.o(.data) refers to boot_main.o(.conststring) for .conststring
    systick.o(i.GetTickMs) refers to systick.o(.data) for g_localtime
    systick.o(i.bsp_systick_config) refers to systick.o(i.NVIC_SetPriority) for NVIC_SetPriority
    systick.o(i.bsp_systick_config) refers to system_gd32f10x.o(.data) for SystemCoreClock
    systick.o(i.time_update) refers to systick.o(.data) for g_localtime
    gd32f10x_it.o(i.HardFault_Handler_UNUSED) refers to strlen.o(.text) for strlen
    gd32f10x_it.o(i.HardFault_Handler_UNUSED) refers to printf8.o(i.__0sprintf$8) for __2sprintf
    gd32f10x_it.o(i.HardFault_Handler_UNUSED) refers to bsp_uartcomm.o(i.UART_sendDataBlock) for UART_sendDataBlock
    gd32f10x_it.o(i.HardFault_Handler_UNUSED) refers to gd32f10x_it.o(.data) for r_msp
    gd32f10x_it.o(i.HardFault_Handler_UNUSED) refers to gd32f10x_it.o(.bss) for faultBuf
    gd32f10x_it.o(i.HardFault_Handler_UNUSED) refers to boot_main.o(.data) for g_bootDebugUartPeriph
    gd32f10x_it.o(i.SysTick_Handler) refers to tasks.o(i.xTaskGetSchedulerState) for xTaskGetSchedulerState
[...]
    i.prvNotifyQueueSetContainer             0x08003500   Section        0  queue.o(i.prvNotifyQueueSetContainer)
    prvNotifyQueueSetContainer               0x08003501   Thumb Code   124  queue.o(i.prvNotifyQueueSetContainer)
    i.prvProcessExpiredTimer                 0x080035a0   Section        0  timers.o(i.prvProcessExpiredTimer)
    prvProcessExpiredTimer                   0x080035a1   Thumb Code    84  timers.o(i.prvProcessExpiredTimer)
    i.prvProcessReceivedCommands             0x08003620   Section        0  timers.o(i.prvProcessReceivedCommands)
    prvProcessReceivedCommands               0x08003621   Thumb Code   252  timers.o(i.prvProcessReceivedCommands)
    i.prvProcessTimerOrBlockTask             0x08003748   Section        0  timers.o(i.prvProcessTimerOrBlockTask)
    prvProcessTimerOrBlockTask               0x08003749   Thumb Code   102  timers.o(i.prvProcessTimerOrBlockTask)
    i.prvResetNextTaskUnblockTime            0x080037bc   Section        0  tasks.o(i.prvResetNextTaskUnblockTime)
    prvResetNextTaskUnblockTime              0x080037bd   Thumb Code    42  tasks.o(i.prvResetNextTaskUnblockTime)
    i.prvSampleTimeNow                       0x080037f0   Section        0  timers.o(i.prvSampleTimeNow)
    prvSampleTimeNow                         0x080037f1   Thumb Code    40  timers.o(i.prvSampleTimeNow)
    i.prvSwitchTimerLists                    0x0800381c   Section        0  timers.o(i.prvSwitchTimerLists)
    prvSwitchTimerLists                      0x0800381d   Thumb Code   140  timers.o(i.prvSwitchTimerLists)
    i.prvTaskExitError                       0x080038d8   Section        0  port.o(i.prvTaskExitError)
    prvTaskExitError                         0x080038d9   Thumb Code    48  port.o(i.prvTaskExitError)
    i.prvTaskIsTaskSuspended                 0x08003948   Section        0  tasks.o(i.prvTaskIsTaskSuspended)
    prvTaskIsTaskSuspended                   0x08003949   Thumb Code    72  tasks.o(i.prvTaskIsTaskSuspended)
    i.prvTimerTask                           0x080039bc   Section        0  timers.o(i.prvTimerTask)
    prvTimerTask                             0x080039bd   Thumb Code    26  timers.o(i.prvTimerTask)
    i.prvUnlockQueue                         0x080039d6   Section        0  queue.o(i.prvUnlockQueue)
    prvUnlockQueue                           0x080039d7   Thumb Code   146  queue.o(i.prvUnlockQueue)
    i.pvPortMalloc                           0x08003a68   Section        0  heap_4.o(i.pvPortMalloc)
    i.pxPortInitialiseStack                  0x08003bbc   Section        0  port.o(i.pxPortInitialiseStack)
    i.rcu_all_reset_flag_clear               0x08003be0   Section        0  gd32f10x_rcu.o(i.rcu_all_reset_flag_clear)
    i.rcu_clock_freq_get                     0x08003bf4   Section        0  gd32f10x_rcu.o(i.rcu_clock_freq_get)
    i.rcu_deinit                             0x08003d18   Section        0  gd32f10x_rcu.o(i.rcu_deinit)
    i.rcu_flag_get                           0x08003d64   Section        0  gd32f10x_rcu.o(i.rcu_flag_get)
    i.rcu_osci_stab_wait                     0x08003d88   Section        0  gd32f10x_rcu.o(i.rcu_osci_stab_wait)
    i.rcu_periph_clock_disable               0x08003e68   Section        0  gd32f10x_rcu.o(i.rcu_periph_clock_disable)
    i.rcu_periph_clock_enable                0x08003e88   Section        0  gd32f10x_rcu.o(i.rcu_periph_clock_enable)
    i.rcu_periph_reset_disable               0x08003ea8   Section        0  gd32f10x_rcu.o(i.rcu_periph_reset_disable)
    i.rcu_periph_reset_enable                0x08003ec8   Section        0  gd32f10x_rcu.o(i.rcu_periph_reset_enable)
    i.setLogLevelHandler                     0x08003ee8   Section        0  log.o(i.setLogLevelHandler)
    setLogLevelHandler                       0x08003ee9   Thumb Code    60  log.o(i.setLogLevelHandler)
    i.system_clock_96m_hxtal                 0x08003f7c   Section        0  system_gd32f10x.o(i.system_clock_96m_hxtal)
    system_clock_96m_hxtal                   0x08003f7d   Thumb Code   182  system_gd32f10x.o(i.system_clock_96m_hxtal)
    i.system_clock_config                    0x08004040   Section        0  system_gd32f10x.o(i.system_clock_config)
    system_clock_config                      0x08004041   Thumb Code     8  system_gd32f10x.o(i.system_clock_config)
    i.time_update                            0x08004048   Section        0  systick.o(i.time_update)
    i.timer_interrupt_flag_clear             0x08004058   Section        0  gd32f10x_timer.o(i.timer_interrupt_flag_clear)
    i.timer_interrupt_flag_get               0x08004060   Section        0  gd32f10x_timer.o(i.timer_interrupt_flag_get)
    i.updateMonitor                          0x08004078   Section        0  boot_main.o(i.updateMonitor)
    i.update_BkpDateRead                     0x080042cc   Section        0  gd32f10x_platform.o(i.update_BkpDateRead)
    i.update_BkpDateWrite                    0x080042d8   Section        0  gd32f10x_platform.o(i.update_BkpDateWrite)
    i.update_JumpToRun                       0x080042fc   Section        0  jump.o(i.update_JumpToRun)
    i.usart_baudrate_set                     0x08004414   Section        0  gd32f10x_usart.o(i.usart_baudrate_set)
    i.usart_data_receive                     0x080044a4   Section        0  gd32f10x_usart.o(i.usart_data_receive)
    i.usart_data_transmit                    0x080044ae   Section        0  gd32f10x_usart.o(i.usart_data_transmit)
    i.usart_deinit                           0x080044b8   Section        0  gd32f10x_usart.o(i.usart_deinit)
    i.usart_enable                           0x08004548   Section        0  gd32f10x_usart.o(i.usart_enable)
    i.usart_flag_get                         0x08004552   Section        0  gd32f10x_usart.o(i.usart_flag_get)
    i.usart_hardware_flow_cts_config         0x08004570   Section        0  gd32f10x_usart.o(i.usart_hardware_flow_cts_config)
    i.usart_hardware_flow_rts_config         0x08004580   Section        0  gd32f10x_usart.o(i.usart_hardware_flow_rts_config)
    i.usart_interrupt_disable                0x08004590   Section        0  gd32f10x_usart.o(i.usart_interrupt_disable)
    i.usart_interrupt_enable                 0x080045aa   Section        0  gd32f10x_usart.o(i.usart_interrupt_enable)
    i.usart_interrupt_flag_clear             0x080045c4   Section        0  gd32f10x_usart.o(i.usart_interrupt_flag_clear)
    i.usart_interrupt_flag_get               0x080045de   Section        0  gd32f10x_usart.o(i.usart_interrupt_flag_get)
    i.usart_parity_config                    0x08004616   Section        0  gd32f10x_usart.o(i.usart_parity_config)
    i.usart_receive_config                   0x08004626   Section        0  gd32f10x_usart.o(i.usart_receive_config)
    i.usart_stop_bit_set                     0x08004636   Section        0  gd32f10x_usart.o(i.usart_stop_bit_set)
    i.usart_transmit_config                  0x08004646   Section        0  gd32f10x_usart.o(i.usart_transmit_config)
    i.usart_word_length_set                  0x08004656   Section        0  gd32f10x_usart.o(i.usart_word_length_set)
    i.uxListRemove                           0x08004666   Section        0  list.o(i.uxListRemove)
    i.vApplicationIdleHook                   0x0800468e   Section        0  boot_main.o(i.vApplicationIdleHook)
    i.vApplicationStackOverflowHook          0x08004698   Section        0  tasks.o(i.vApplicationStackOverflowHook)
    i.vListInitialise                        0x08004738   Section        0  list.o(i.vListInitialise)
    i.vListInitialiseItem                    0x08004752   Section        0  list.o(i.vListInitialiseItem)
    i.vListInsert                            0x08004758   Section        0  list.o(i.vListInsert)
    i.vListInsertEnd                         0x0800478c   Section        0  list.o(i.vListInsertEnd)
    i.vPortEnterCritical                     0x080047a4   Section        0  port.o(i.vPortEnterCritical)
    i.vPortExitCritical                      0x0800482c   Section        0  port.o(i.vPortExitCritical)
    i.vPortFree                              0x0800489c   Section        0  heap_4.o(i.vPortFree)
    i.vPortSetupTimerInterrupt               0x08004954   Section        0  port.o(i.vPortSetupTimerInterrupt)
    i.vPortValidateInterruptPriority         0x0800497c   Section        0  port.o(i.vPortValidateInterruptPriority)
    i.vQueueAddToRegistry                    0x08004a1c   Section        0  queue.o(i.vQueueAddToRegistry)
    i.vQueueWaitForMessageRestricted         0x08004a48   Section        0  queue.o(i.vQueueWaitForMessageRestricted)
    i.vTaskDelay                             0x08004a94   Section        0  tasks.o(i.vTaskDelay)
    i.vTaskInternalSetTimeOutState           0x08004b08   Section        0  tasks.o(i.vTaskInternalSetTimeOutState)
    i.vTaskMissedYield                       0x08004b20   Section        0  tasks.o(i.vTaskMissedYield)
    i.vTaskPlaceOnEventList                  0x08004b2c   Section        0  tasks.o(i.vTaskPlaceOnEventList)
    i.vTaskPlaceOnEventListRestricted        0x08004b80   Section        0  tasks.o(i.vTaskPlaceOnEventListRestricted)
    i.vTaskResume                            0x08004bdc   Section        0  tasks.o(i.vTaskResume)
    i.vTaskStartScheduler                    0x08004c88   Section        0  tasks.o(i.vTaskStartScheduler)
    i.vTaskSuspend                           0x08004d34   Section        0  tasks.o(i.vTaskSuspend)
    i.vTaskSuspendAll                        0x08004e40   Section        0  tasks.o(i.vTaskSuspendAll)
    i.vTaskSwitchContext                     0x08004e50   Section        0  tasks.o(i.vTaskSwitchContext)
    i.watch_dog_init                         0x08004f14   Section        0  boot_main.o(i.watch_dog_init)
    watch_dog_init                           0x08004f15   Thumb Code   160  boot_main.o(i.watch_dog_init)
    i.xPortStartScheduler                    0x08004fb4   Section        0  port.o(i.xPortStartScheduler)
    i.xPortSysTickHandler                    0x080050f4   Section        0  port.o(i.xPortSysTickHandler)
    i.xQueueGenericCreate                    0x0800512c   Section        0  queue.o(i.xQueueGenericCreate)
    i.xQueueGenericReset                     0x080051a0   Section        0  queue.o(i.xQueueGenericReset)
    i.xQueueGenericSend                      0x08005250   Section        0  queue.o(i.xQueueGenericSend)
    i.xQueueGenericSendFromISR               0x08005424   Section        0  queue.o(i.xQueueGenericSendFromISR)
    i.xQueueReceive                          0x08005534   Section        0  queue.o(i.xQueueReceive)
    i.xTaskCheckForTimeOut                   0x080056a4   Section        0  tasks.o(i.xTaskCheckForTimeOut)
    i.xTaskCreate                            0x08005740   Section        0  tasks.o(i.xTaskCreate)
    i.xTaskGetSchedulerState                 0x080057a4   Section        0  tasks.o(i.xTaskGetSchedulerState)
    i.xTaskGetTickCount                      0x080057c4   Section        0  tasks.o(i.xTaskGetTickCount)
    i.xTaskIncrementTick                     0x080057d0   Section        0  tasks.o(i.xTaskIncrementTick)
    i.xTaskPriorityDisinherit                0x08005930   Section        0  tasks.o(i.xTaskPriorityDisinherit)
    i.xTaskRemoveFromEventList               0x08005a08   Section        0  tasks.o(i.xTaskRemoveFromEventList)
    i.xTaskResumeAll                         0x08005abc   Section        0  tasks.o(i.xTaskResumeAll)
    i.xTimerCreateTimerTask                  0x08005bdc   Section        0  timers.o(i.xTimerCreateTimerTask)
    i.xTimerGenericCommand                   0x08005c50   Section        0  timers.o(i.xTimerGenericCommand)
    .constdata                               0x08005cf4   Section       38  log.o(.constdata)
    handlerList                              0x08005cf4   Data          12  log.o(.constdata)
    arglist                                  0x08005d00   Data          12  log.o(.constdata)
    .constdata                               0x08005d1c   Section       56  jump.o(.constdata)
    g_resetCause                             0x08005d1c   Data          56  jump.o(.constdata)
    .constdata                               0x08005d54   Section       40  boot_bsp_usart0.o(.constdata)
    g_uart0Config                            0x08005d54   Data          40  boot_bsp_usart0.o(.constdata)
    .constdata                               0x08005d7c   Section       40  bsp_usart1.o(.constdata)
    g_uart1Config                            0x08005d7c   Data          40  bsp_usart1.o(.constdata)
    .constdata                               0x08005da4   Section      129  ctype_o.o(.constdata)
    .constdata                               0x08005e28   Section        4  ctype_o.o(.constdata)
    table                                    0x08005e28   Data           4  ctype_o.o(.constdata)
    .conststring                             0x08005e2c   Section      594  boot_main.o(.conststring)
    .conststring                             0x08006080   Section       81  log.o(.conststring)
    .conststring                             0x080060d4   Section      228  jump.o(.conststring)
    shellCommand                             0x080061d8   Section       16  log.o(shellCommand)
    __tagsym$$used                           0x080061d8   Number         0  log.o(shellCommand)
    .data                                    0x20000000   Section       20  boot_main.o(.data)
    g_bootUsage                              0x20000010   Data           4  boot_main.o(.data)
    .data                                    0x20000014   Section        8  systick.o(.data)
    delay                                    0x20000014   Data           4  systick.o(.data)
    .data                                    0x2000001c   Section       25  boot_update.o(.data)
    g_transferState                          0x2000002c   Data           2  boot_update.o(.data)
    pnPage                                   0x20000030   Data           4  boot_update.o(.data)
    lastPn                                   0x20000034   Data           1  boot_update.o(.data)
    .data                                    0x20000038   Section        8  boot_i2cforward.o(.data)
    .data                                    0x20000040   Section        4  bsp_timer.o(.data)
    .data                                    0x20000044   Section        1  bsp_uartcomm.o(.data)
    .data                                    0x20000048   Section       56  boot_bsp_usart0.o(.data)
    g_UARTPara                               0x20000048   Data          52  boot_bsp_usart0.o(.data)
    xHigherPriorityTaskWoken                 0x2000007c   Data           4  boot_bsp_usart0.o(.data)
    .data                                    0x20000080   Section       52  bsp_usart1.o(.data)
    g_UART1Para                              0x20000080   Data          52  bsp_usart1.o(.data)
    .data                                    0x200000b4   Section        8  bsp_i2c.o(.data)
    xHigherPriorityTaskWoken                 0x200000b4   Data           4  bsp_i2c.o(.data)
    xHigherPriorityTaskWoken                 0x200000b8   Data           4  bsp_i2c.o(.data)
    .data                                    0x200000bc   Section        4  system_gd32f10x.o(.data)
    .data                                    0x200000c0   Section       60  tasks.o(.data)
    pxDelayedTaskList                        0x200000c4   Data           4  tasks.o(.data)
    pxOverflowDelayedTaskList                0x200000c8   Data           4  tasks.o(.data)
    uxDeletedTasksWaitingCleanUp             0x200000cc   Data           4  tasks.o(.data)
    uxCurrentNumberOfTasks                   0x200000d0   Data           4  tasks.o(.data)
    xTickCount                               0x200000d4   Data           4  tasks.o(.data)
    uxTopReadyPriority                       0x200000d8   Data           4  tasks.o(.data)
    xSchedulerRunning                        0x200000dc   Data           4  tasks.o(.data)
    uxPendedTicks                            0x200000e0   Data           4  tasks.o(.data)
    xYieldPending                            0x200000e4   Data           4  tasks.o(.data)
    xNumOfOverflows                          0x200000e8   Data           4  tasks.o(.data)
    uxTaskNumber                             0x200000ec   Data           4  tasks.o(.data)
    xNextTaskUnblockTime                     0x200000f0   Data           4  tasks.o(.data)
    xIdleTaskHandle                          0x200000f4   Data           4  tasks.o(.data)
    uxSchedulerSuspended                     0x200000f8   Data           4  tasks.o(.data)
    .data                                    0x200000fc   Section       20  timers.o(.data)
    pxCurrentTimerList                       0x200000fc   Data           4  timers.o(.data)
    pxOverflowTimerList                      0x20000100   Data           4  timers.o(.data)
    xTimerQueue                              0x20000104   Data           4  timers.o(.data)
    xTimerTaskHandle                         0x20000108   Data           4  timers.o(.data)
    xLastTime                                0x2000010c   Data           4  timers.o(.data)
    .data                                    0x20000110   Section       24  heap_4.o(.data)
    xStart                                   0x20000110   Data           8  heap_4.o(.data)
    pxEnd                                    0x20000118   Data           4  heap_4.o(.data)
    xFreeBytesRemaining                      0x2000011c   Data           4  heap_4.o(.data)
    xMinimumEverFreeBytesRemaining           0x20000120   Data           4  heap_4.o(.data)
    xBlockAllocatedBit                       0x20000124   Data           4  heap_4.o(.data)
    .data                                    0x20000128   Section       12  port.o(.data)
    uxCriticalNesting                        0x20000128   Data           4  port.o(.data)
    ucMaxSysCallPriority                     0x2000012c   Data           1  port.o(.data)
    ulMaxPRIGROUPValue                       0x20000130   Data           4  port.o(.data)
    .data                                    0x20000134   Section        4  stdout.o(.data)
    .data                                    0x20000138   Section        4  errno.o(.data)
    _errno                                   0x20000138   Data           4  errno.o(.data)
    .bss                                     0x2000013c   Section       12  bsp_uartcomm.o(.bss)
    g_pUARTSHandler                          0x2000013c   Data          12  bsp_uartcomm.o(.bss)
    .bss                                     0x20000148   Section      685  boot_bsp_usart0.o(.bss)
    g_buffSend                               0x20000148   Data         500  boot_bsp_usart0.o(.bss)
    g_buffRec                                0x2000033c   Data          50  boot_bsp_usart0.o(.bss)
    g_uart_Req                               0x2000036e   Data         135  boot_bsp_usart0.o(.bss)
    .bss                                     0x200003f5   Section      400  bsp_usart1.o(.bss)
    g_UART1BuffSend                          0x200003f5   Data         200  bsp_usart1.o(.bss)
    g_UART1BuffRec                           0x200004bd   Data         200  bsp_usart1.o(.bss)
    .bss                                     0x20000585   Section      146  bsp_i2c.o(.bss)
    g_i2c_Req                                0x20000585   Data         146  bsp_i2c.o(.bss)
    .bss                                     0x20000618   Section      120  queue.o(.bss)
    .bss                                     0x20000690   Section      740  tasks.o(.bss)
    pxReadyTasksLists                        0x20000690   Data         640  tasks.o(.bss)
    xDelayedTaskList1                        0x20000910   Data          20  tasks.o(.bss)
    xDelayedTaskList2                        0x20000924   Data          20  tasks.o(.bss)
    xPendingReadyList                        0x20000938   Data          20  tasks.o(.bss)
    xTasksWaitingTermination                 0x2000094c   Data          20  tasks.o(.bss)
    xSuspendedTaskList                       0x20000960   Data          20  tasks.o(.bss)
    .bss                                     0x20000974   Section       40  timers.o(.bss)
    xActiveTimerList1                        0x20000974   Data          20  timers.o(.bss)
    xActiveTimerList2                        0x20000988   Data          20  timers.o(.bss)
    .bss                                     0x2000099c   Section    10912  heap_4.o(.bss)
    ucHeap                                   0x2000099c   Data       10912  heap_4.o(.bss)
    STACK                                    0x20003440   Section      512  startup_gd32f10x_hd.o(STACK)

    Global Symbols

    Symbol Name                              Value     Ov Type        Size  Object(Section)

    BuildAttributes$$THM_ISAv4$P$D$K$B$S$PE$A:L22UL41UL21$X:L11$S22US41US21$IEEE1$IW$USESV6$~STKCKD$USESV7$~SHL$OSPACE$ROPI$EBA8$MICROLIB$REQ8$PRES8$EABIv2 0x00000000   Number         0  anon$$obj.o ABSOLUTE
    __ARM_use_no_argv                        0x00000000   Number         0  boot_main.o ABSOLUTE
    _printf_a                                0x00000000   Number         0  stubs.o ABSOLUTE
    _printf_c                                0x00000000   Number         0  stubs.o ABSOLUTE
    _printf_charcount                        0x00000000   Number         0  stubs.o ABSOLUTE
    _printf_d                                0x00000000   Number         0  stubs.o ABSOLUTE
    _printf_e                                0x00000000   Number         0  stubs.o ABSOLUTE
    _printf_f                                0x00000000   Number         0  stubs.o ABSOLUTE
    _printf_flags                            0x00000000   Number         0  stubs.o ABSOLUTE
    _printf_fp_dec                           0x00000000   Number         0  stubs.o ABSOLUTE
    _printf_fp_hex                           0x00000000   Number         0  stubs.o ABSOLUTE
    _printf_g                                0x00000000   Number         0  stubs.o ABSOLUTE
    _printf_i                                0x00000000   Number         0  stubs.o ABSOLUTE
    _printf_int_dec                          0x00000000   Number         0  stubs.o ABSOLUTE
    _printf_l                                0x00000000   Number         0  stubs.o ABSOLUTE
    _printf_lc                               0x00000000   Number         0  stubs.o ABSOLUTE
    _printf_ll                               0x00000000   Number         0  stubs.o ABSOLUTE
    _printf_lld                              0x00000000   Number         0  stubs.o ABSOLUTE
    _printf_lli                              0x00000000   Number         0  stubs.o ABSOLUTE
    _printf_llo                              0x00000000   Number         0  stubs.o ABSOLUTE
    _printf_llu                              0x00000000   Number         0  stubs.o ABSOLUTE
    _printf_llx                              0x00000000   Number         0  stubs.o ABSOLUTE
    _printf_longlong_dec                     0x00000000   Number         0  stubs.o ABSOLUTE
    _printf_longlong_hex                     0x00000000   Number         0  stubs.o ABSOLUTE
    _printf_longlong_oct                     0x00000000   Number         0  stubs.o ABSOLUTE
    _printf_ls                               0x00000000   Number         0  stubs.o ABSOLUTE
    _printf_mbtowc                           0x00000000   Number         0  stubs.o ABSOLUTE
    _printf_n                                0x00000000   Number         0  stubs.o ABSOLUTE
    _printf_o                                0x00000000   Number         0  stubs.o ABSOLUTE
    _printf_p                                0x00000000   Number         0  stubs.o ABSOLUTE
    _printf_percent                          0x00000000   Number         0  stubs.o ABSOLUTE
    _printf_pre_padding                      0x00000000   Number         0  stubs.o ABSOLUTE
    _printf_return_value                     0x00000000   Number         0  stubs.o ABSOLUTE
    _printf_s                                0x00000000   Number         0  stubs.o ABSOLUTE
    _printf_sizespec                         0x00000000   Number         0  stubs.o ABSOLUTE
    _printf_str                              0x00000000   Number         0  stubs.o ABSOLUTE
    _printf_truncate_signed                  0x00000000   Number         0  stubs.o ABSOLUTE
    _printf_truncate_unsigned                0x00000000   Number         0  stubs.o ABSOLUTE
    _printf_u                                0x00000000   Number         0  stubs.o ABSOLUTE
    _printf_wc                               0x00000000   Number         0  stubs.o ABSOLUTE
    _printf_wctomb                           0x00000000   Number         0  stubs.o ABSOLUTE
    _printf_widthprec                        0x00000000   Number         0  stubs.o ABSOLUTE
    _printf_x                                0x00000000   Number         0  stubs.o ABSOLUTE
    __arm_fini_                               - Undefined Weak Reference
    __cpp_initialize__aeabi_                  - Undefined Weak Reference
    __cxa_finalize                            - Undefined Weak Reference
    _clock_init                               - Undefined Weak Reference
    _microlib_exit                            - Undefined Weak Reference
    __Vectors_Size                           0x00000130   Number         0  startup_gd32f10x_hd.o ABSOLUTE
    __Vectors                                0x08000000   Data           4  startup_gd32f10x_hd.o(RESET)
    __Vectors_End                            0x08000130   Data           0  startup_gd32f10x_hd.o(RESET)
    __main                                   0x08000131   Thumb Code     0  entry.o(.ARM.Collect$$$$00000000)
    _main_stk                                0x08000131   Thumb Code     0  entry2.o(.ARM.Collect$$$$00000001)
    _main_scatterload                        0x08000135   Thumb Code     0  entry5.o(.ARM.Collect$$$$00000004)
    __main_after_scatterload                 0x08000139   Thumb Code     0  entry5.o(.ARM.Collect$$$$00000004)
    _main_clock                              0x08000139   Thumb Code     0  entry7b.o(.ARM.Collect$$$$00000008)
    _main_cpp_init                           0x08000139   Thumb Code     0  entry8b.o(.ARM.Collect$$$$0000000A)
    _main_init                               0x08000139   Thumb Code     0  entry9a.o(.ARM.Collect$$$$0000000B)
    __rt_lib_shutdown_fini                   0x08000141   Thumb Code     0  entry12b.o(.ARM.Collect$$$$0000000E)
    __rt_final_cpp                           0x08000145   Thumb Code     0  entry10a.o(.ARM.Collect$$$$0000000F)
    __rt_final_exit                          0x08000145   Thumb Code     0  entry11a.o(.ARM.Collect$$$$00000011)
    SVC_Handler                              0x08000149   Thumb Code    32  port.o(.emb_text)
    __asm___6_port_c_39a90d8d__prvStartFirstTask 0x0800016d   Thumb Code    28  port.o(.emb_text)
    PendSV_Handler                           0x0800018d   Thumb Code    72  port.o(.emb_text)
    vPortGetIPSR                             0x080001d9   Thumb Code     6  port.o(.emb_text)
    Reset_Handler                            0x080001e1   Thumb Code     8  startup_gd32f10x_hd.o(.text)
    HardFault_Handler                        0x080001eb   Thumb Code     2  startup_gd32f10x_hd.o(.text)
    ADC0_1_IRQHandler                        0x080001fb   Thumb Code     0  startup_gd32f10x_hd.o(.text)
    ADC2_IRQHandler                          0x080001fb   Thumb Code     0  startup_gd32f10x_hd.o(.text)
    CAN0_EWMC_IRQHandler                     0x080001fb   Thumb Code     0  startup_gd32f10x_hd.o(.text)
    CAN0_RX1_IRQHandler                      0x080001fb   Thumb Code     0  startup_gd32f10x_hd.o(.text)
    DMA0_Channel0_IRQHandler                 0x080001fb   Thumb Code     0  startup_gd32f10x_hd.o(.text)
    DMA0_Channel1_IRQHandler                 0x080001fb   Thumb Code     0  startup_gd32f10x_hd.o(.text)
    DMA0_Channel2_IRQHandler                 0x080001fb   Thumb Code     0  startup_gd32f10x_hd.o(.text)
    DMA0_Channel3_IRQHandler                 0x080001fb   Thumb Code     0  startup_gd32f10x_hd.o(.text)
    DMA0_Channel4_IRQHandler                 0x080001fb   Thumb Code     0  startup_gd32f10x_hd.o(.text)
    DMA0_Channel5_IRQHandler                 0x080001fb   Thumb Code     0  startup_gd32f10x_hd.o(.text)
    DMA0_Channel6_IRQHandler                 0x080001fb   Thumb Code     0  startup_gd32f10x_hd.o(.text)
    DMA1_Channel0_IRQHandler                 0x080001fb   Thumb Code     0  startup_gd32f10x_hd.o(.text)
    DMA1_Channel1_IRQHandler                 0x080001fb   Thumb Code     0  startup_gd32f10x_hd.o(.text)
    DMA1_Channel2_IRQHandler                 0x080001fb   Thumb Code     0  startup_gd32f10x_hd.o(.text)
    DMA1_Channel3_4_IRQHandler               0x080001fb   Thumb Code     0  startup_gd32f10x_hd.o(.text)
    EXMC_IRQHandler                          0x080001fb   Thumb Code     0  startup_gd32f10x_hd.o(.text)
    EXTI0_IRQHandler                         0x080001fb   Thumb Code     0  startup_gd32f10x_hd.o(.text)
    EXTI10_15_IRQHandler                     0x080001fb   Thumb Code     0  startup_gd32f10x_hd.o(.text)
    EXTI1_IRQHandler                         0x080001fb   Thumb Code     0  startup_gd32f10x_hd.o(.text)
    EXTI2_IRQHandler                         0x080001fb   Thumb Code     0  startup_gd32f10x_hd.o(.text)
    EXTI3_IRQHandler                         0x080001fb   Thumb Code     0  startup_gd32f10x_hd.o(.text)
    EXTI4_IRQHandler                         0x080001fb   Thumb Code     0  startup_gd32f10x_hd.o(.text)
    EXTI5_9_IRQHandler                       0x080001fb   Thumb Code     0  startup_gd32f10x_hd.o(.text)
    FMC_IRQHandler                           0x080001fb   Thumb Code     0  startup_gd32f10x_hd.o(.text)
    LVD_IRQHandler                           0x080001fb   Thumb Code     0  startup_gd32f10x_hd.o(.text)
    RCU_IRQHandler                           0x080001fb   Thumb Code     0  startup_gd32f10x_hd.o(.text)
    RTC_Alarm_IRQHandler                     0x080001fb   Thumb Code     0  startup_gd32f10x_hd.o(.text)
    RTC_IRQHandler                           0x080001fb   Thumb Code     0  startup_gd32f10x_hd.o(.text)
    SDIO_IRQHandler                          0x080001fb   Thumb Code     0  startup_gd32f10x_hd.o(.text)
    SPI0_IRQHandler                          0x080001fb   Thumb Code     0  startup_gd32f10x_hd.o(.text)
    SPI1_IRQHandler                          0x080001fb   Thumb Code     0  startup_gd32f10x_hd.o(.text)
    SPI2_IRQHandler                          0x080001fb   Thumb Code     0  startup_gd32f10x_hd.o(.text)
    TAMPER_IRQHandler                        0x080001fb   Thumb Code     0  startup_gd32f10x_hd.o(.text)
    TIMER0_BRK_IRQHandler                    0x080001fb   Thumb Code     0  startup_gd32f10x_hd.o(.text)
    TIMER0_Channel_IRQHandler                0x080001fb   Thumb Code     0  startup_gd32f10x_hd.o(.text)
    TIMER0_TRG_CMT_IRQHandler                0x080001fb   Thumb Code     0  startup_gd32f10x_hd.o(.text)
    TIMER0_UP_IRQHandler                     0x080001fb   Thumb Code     0  startup_gd32f10x_hd.o(.text)
    TIMER1_IRQHandler                        0x080001fb   Thumb Code     0  startup_gd32f10x_hd.o(.text)
    TIMER3_IRQHandler                        0x080001fb   Thumb Code     0  startup_gd32f10x_hd.o(.text)
    TIMER4_IRQHandler                        0x080001fb   Thumb Code     0  startup_gd32f10x_hd.o(.text)
    TIMER5_IRQHandler                        0x080001fb   Thumb Code     0  startup_gd32f10x_hd.o(.text)
    TIMER6_IRQHandler                        0x080001fb   Thumb Code     0  startup_gd32f10x_hd.o(.text)
    TIMER7_BRK_IRQHandler                    0x080001fb   Thumb Code     0  startup_gd32f10x_hd.o(.text)
    TIMER7_Channel_IRQHandler                0x080001fb   Thumb Code     0  startup_gd32f10x_hd.o(.text)
    TIMER7_TRG_CMT_IRQHandler                0x080001fb   Thumb Code     0  startup_gd32f10x_hd.o(.text)
    TIMER7_UP_IRQHandler                     0x080001fb   Thumb Code     0  startup_gd32f10x_hd.o(.text)
    UART3_IRQHandler                         0x080001fb   Thumb Code     0  startup_gd32f10x_hd.o(.text)
    UART4_IRQHandler                         0x080001fb   Thumb Code     0  startup_gd32f10x_hd.o(.text)
    USART2_IRQHandler                        0x080001fb   Thumb Code     0  startup_gd32f10x_hd.o(.text)
    USBD_HP_CAN0_TX_IRQHandler               0x080001fb   Thumb Code     0  startup_gd32f10x_hd.o(.text)
    USBD_LP_CAN0_RX0_IRQHandler              0x080001fb   Thumb Code     0  startup_gd32f10x_hd.o(.text)
    USBD_WKUP_IRQHandler                     0x080001fb   Thumb Code     0  startup_gd32f10x_hd.o(.text)
    WWDGT_IRQHandler                         0x080001fb   Thumb Code     0  startup_gd32f10x_hd.o(.text)
    __aeabi_memcpy                           0x08000205   Thumb Code    36  memcpya.o(.text)
    __aeabi_memcpy4                          0x08000205   Thumb Code     0  memcpya.o(.text)
    __aeabi_memcpy8                          0x08000205   Thumb Code     0  memcpya.o(.text)
    __aeabi_memset                           0x08000229   Thumb Code    14  memseta.o(.text)
    __aeabi_memset4                          0x08000229   Thumb Code     0  memseta.o(.text)
    __aeabi_memset8                          0x08000229   Thumb Code     0  memseta.o(.text)
    __aeabi_memclr                           0x08000237   Thumb Code     4  memseta.o(.text)
    __aeabi_memclr4                          0x08000237   Thumb Code     0  memseta.o(.text)
    __aeabi_memclr8                          0x08000237   Thumb Code     0  memseta.o(.text)
    _memset$wrapper                          0x0800023b   Thumb Code    18  memseta.o(.text)
    strlen                                   0x0800024d   Thumb Code    14  strlen.o(.text)
    strcmp                                   0x0800025b   Thumb Code    28  strcmp.o(.text)
    atoi                                     0x08000277   Thumb Code    26  atoi.o(.text)
    __aeabi_uldivmod                         0x08000291   Thumb Code    98  uldiv.o(.text)
    strtol                                   0x080002f3   Thumb Code   112  strtol.o(.text)
    __scatterload                            0x08000365   Thumb Code    28  init.o(.text)
    __scatterload_rt2                        0x08000365   Thumb Code     0  init.o(.text)
    __aeabi_llsl                             0x08000389   Thumb Code    30  llshl.o(.text)
    _ll_shift_l                              0x08000389   Thumb Code     0  llshl.o(.text)
    __aeabi_llsr                             0x080003a7   Thumb Code    32  llushr.o(.text)
    _ll_ushift_r                             0x080003a7   Thumb Code     0  llushr.o(.text)
    __rt_ctype_table                         0x080003c9   Thumb Code     4  ctype_o.o(.text)
    _strtoul                                 0x080003d1   Thumb Code   158  _strtoul.o(.text)
    _chval                                   0x0800046f   Thumb Code    28  _chval.o(.text)
    __decompress                             0x0800048b   Thumb Code     0  __dczerorl2.o(.text)
    __decompress1                            0x0800048b   Thumb Code    86  __dczerorl2.o(.text)
    BusFault_Handler                         0x08000523   Thumb Code     4  gd32f10x_it.o(i.BusFault_Handler)
    COM_init                                 0x08000527   Thumb Code   190  bsp_uartcomm.o(i.COM_init)
    DebugMon_Handler                         0x080005e5   Thumb Code     2  gd32f10x_it.o(i.DebugMon_Handler)
    FIFO_Empty                               0x080005e7   Thumb Code    14  fifo.o(i.FIFO_Empty)
    FIFO_Init                                0x080005f5   Thumb Code    22  fifo.o(i.FIFO_Init)
    FIFO_Read                                0x0800060b   Thumb Code    58  fifo.o(i.FIFO_Read)
    FIFO_Write                               0x08000645   Thumb Code    60  fifo.o(i.FIFO_Write)
    FLASH_Program                            0x08000681   Thumb Code   102  flash.o(i.FLASH_Program)
    I2C0_ER_IRQHandler                       0x080006e9   Thumb Code   142  bsp_i2c.o(i.I2C0_ER_IRQHandler)
    I2C0_EV_IRQHandler                       0x08000799   Thumb Code   328  bsp_i2c.o(i.I2C0_EV_IRQHandler)
    I2C1_ER_IRQHandler                       0x08000959   Thumb Code   142  bsp_i2c.o(i.I2C1_ER_IRQHandler)
    I2C1_EV_IRQHandler                       0x08000a09   Thumb Code   330  bsp_i2c.o(i.I2C1_EV_IRQHandler)
    MemManage_Handler                        0x08000bcd   Thumb Code     4  gd32f10x_it.o(i.MemManage_Handler)
    NMI_Handler                              0x08000bd1   Thumb Code     2  gd32f10x_it.o(i.NMI_Handler)
    SubDevice_GetDestAddress                 0x08000c25   Thumb Code    12  boot_i2cforward.o(i.SubDevice_GetDestAddress)
    SubDevice_GetMySlaveAddress              0x08000c31   Thumb Code    14  boot_i2cforward.o(i.SubDevice_GetMySlaveAddress)
    SysTick_Handler                          0x08000c3f   Thumb Code    16  gd32f10x_it.o(i.SysTick_Handler)
    SystemInit                               0x08000c51   Thumb Code    84  system_gd32f10x.o(i.SystemInit)
    TIMER2_IRQHandler                        0x08000cb5   Thumb Code    34  bsp_timer.o(i.TIMER2_IRQHandler)
    UART0_init                               0x08000ce1   Thumb Code    36  boot_bsp_usart0.o(i.UART0_init)
    UART1_init                               0x08000d11   Thumb Code    34  bsp_usart1.o(i.UART1_init)
    UART_init                                0x08000d41   Thumb Code    12  bsp_uartcomm.o(i.UART_init)
    UART_sendByte                            0x08000d4d   Thumb Code    54  bsp_uartcomm.o(i.UART_sendByte)
    UART_sendDataBlock                       0x08000d83   Thumb Code    50  bsp_uartcomm.o(i.UART_sendDataBlock)
    UART_sendFinally                         0x08000db5   Thumb Code    66  bsp_uartcomm.o(i.UART_sendFinally)
    USART0_IRQHandler                        0x08000df9   Thumb Code   186  boot_bsp_usart0.o(i.USART0_IRQHandler)
    USART1_IRQHandler                        0x08000ed9   Thumb Code    58  bsp_usart1.o(i.USART1_IRQHandler)
    UsageFault_Handler                       0x08000f25   Thumb Code     4  gd32f10x_it.o(i.UsageFault_Handler)
    __0printf$8                              0x08000f29   Thumb Code    22  printf8.o(i.__0printf$8)
    __1printf$8                              0x08000f29   Thumb Code     0  printf8.o(i.__0printf$8)
    __2printf                                0x08000f29   Thumb Code     0  printf8.o(i.__0printf$8)
    __aeabi_errno_addr                       0x08000f49   Thumb Code     4  errno.o(i.__aeabi_errno_addr)
    __rt_errno_addr                          0x08000f49   Thumb Code     0  errno.o(i.__aeabi_errno_addr)
    __scatterload_copy                       0x08000f51   Thumb Code    14  handlers.o(i.__scatterload_copy)
    __scatterload_null                       0x08000f5f   Thumb Code     2  handlers.o(i.__scatterload_null)
    __scatterload_zeroinit                   0x08000f61   Thumb Code    14  handlers.o(i.__scatterload_zeroinit)
    bkp_data_read                            0x080013c9   Thumb Code    50  gd32f10x_bkp.o(i.bkp_data_read)
    bkp_data_write                           0x08001401   Thumb Code    46  gd32f10x_bkp.o(i.bkp_data_write)
    boot_i2c_init                            0x08001a69   Thumb Code    52  boot_i2cforward.o(i.boot_i2c_init)
    boot_sendMsg2Dev                         0x08001ac5   Thumb Code   144  boot_update.o(i.boot_sendMsg2Dev)
    boot_setPrintUartPeriph                  0x08001b5d   Thumb Code     6  boot_main.o(i.boot_setPrintUartPeriph)
    boot_updateTask                          0x08001b69   Thumb Code   148  boot_update.o(i.boot_updateTask)
    bsp_systick_config                       0x08001ced   Thumb Code    74  systick.o(i.bsp_systick_config)
    com_getHandler                           0x08001d3d   Thumb Code    48  bsp_uartcomm.o(i.com_getHandler)
    com_registHandler                        0x08001d71   Thumb Code    60  bsp_uartcomm.o(i.com_registHandler)
    common_printfResetCause                  0x08001db1   Thumb Code   102  jump.o(i.common_printfResetCause)
    dbg_periph_enable                        0x08001e55   Thumb Code    12  gd32f10x_dbg.o(i.dbg_periph_enable)
    erase_page                               0x08001fd5   Thumb Code   116  flash.o(i.erase_page)
    fmc_bank0_ready_wait                     0x08002049   Thumb Code    34  gd32f10x_fmc.o(i.fmc_bank0_ready_wait)
    fmc_bank0_state_get                      0x0800206d   Thumb Code    44  gd32f10x_fmc.o(i.fmc_bank0_state_get)
    fmc_bank1_ready_wait                     0x0800209d   Thumb Code    34  gd32f10x_fmc.o(i.fmc_bank1_ready_wait)
    fmc_bank1_state_get                      0x080020c1   Thumb Code    44  gd32f10x_fmc.o(i.fmc_bank1_state_get)
    fmc_flag_clear                           0x080020f1   Thumb Code    28  gd32f10x_fmc.o(i.fmc_flag_clear)
    fmc_lock                                 0x08002111   Thumb Code    34  gd32f10x_fmc.o(i.fmc_lock)
    fmc_page_erase                           0x0800213d   Thumb Code   222  gd32f10x_fmc.o(i.fmc_page_erase)
    fmc_unlock                               0x08002229   Thumb Code    52  gd32f10x_fmc.o(i.fmc_unlock)
    fmc_word_program                         0x0800226d   Thumb Code   178  gd32f10x_fmc.o(i.fmc_word_program)
    fputc                                    0x0800232d   Thumb Code    54  bsp_uartcomm.o(i.fputc)
    fwdgt_config                             0x0800236d   Thumb Code    94  gd32f10x_fwdgt.o(i.fwdgt_config)
    fwdgt_counter_reload                     0x080023d5   Thumb Code    10  gd32f10x_fwdgt.o(i.fwdgt_counter_reload)
    fwdgt_enable                             0x080023e5   Thumb Code    10  gd32f10x_fwdgt.o(i.fwdgt_enable)
    fwdgt_write_disable                      0x080023f5   Thumb Code     8  gd32f10x_fwdgt.o(i.fwdgt_write_disable)
    gpio_init                                0x08002439   Thumb Code   172  gd32f10x_gpio.o(i.gpio_init)
    gpio_pin_remap_config                    0x080024e5   Thumb Code   138  gd32f10x_gpio.o(i.gpio_pin_remap_config)
    i2c_ack_config                           0x080026d1   Thumb Code    24  gd32f10x_i2c.o(i.i2c_ack_config)
    i2c_channel_init                         0x08002821   Thumb Code    36  bsp_i2c.o(i.i2c_channel_init)
    i2c_clock_config                         0x08002849   Thumb Code   216  gd32f10x_i2c.o(i.i2c_clock_config)
    i2c_data_receive                         0x0800292d   Thumb Code     8  gd32f10x_i2c.o(i.i2c_data_receive)
    i2c_data_transmit                        0x08002935   Thumb Code     6  gd32f10x_i2c.o(i.i2c_data_transmit)
    i2c_deinit                               0x0800293d   Thumb Code    60  gd32f10x_i2c.o(i.i2c_deinit)
    i2c_enable                               0x0800297d   Thumb Code    10  gd32f10x_i2c.o(i.i2c_enable)
    i2c_flag_clear                           0x08002987   Thumb Code    40  gd32f10x_i2c.o(i.i2c_flag_clear)
    i2c_flag_get                             0x080029af   Thumb Code    30  gd32f10x_i2c.o(i.i2c_flag_get)
    i2c_int                                  0x080029cd   Thumb Code    22  bsp_i2c.o(i.i2c_int)
    i2c_interrupt_disable                    0x080029ed   Thumb Code    26  gd32f10x_i2c.o(i.i2c_interrupt_disable)
    i2c_interrupt_enable                     0x08002a07   Thumb Code    26  gd32f10x_i2c.o(i.i2c_interrupt_enable)
    i2c_interrupt_flag_clear                 0x08002a21   Thumb Code    38  gd32f10x_i2c.o(i.i2c_interrupt_flag_clear)
    i2c_interrupt_flag_get                   0x08002a4d   Thumb Code    84  gd32f10x_i2c.o(i.i2c_interrupt_flag_get)
    i2c_master_addressing                    0x08002aa9   Thumb Code    20  gd32f10x_i2c.o(i.i2c_master_addressing)
    i2c_mode_addr_config                     0x08002abd   Thumb Code    28  gd32f10x_i2c.o(i.i2c_mode_addr_config)
    i2c_set_slave_addr                       0x08002afd   Thumb Code    60  bsp_i2c.o(i.i2c_set_slave_addr)
    i2c_start_on_bus                         0x08002b41   Thumb Code    10  gd32f10x_i2c.o(i.i2c_start_on_bus)
    i2c_stop_on_bus                          0x08002b4b   Thumb Code    10  gd32f10x_i2c.o(i.i2c_stop_on_bus)
    i2c_write                                0x08002b55   Thumb Code    88  bsp_i2c.o(i.i2c_write)
    main                                     0x08002bc9   Thumb Code   200  boot_main.o(i.main)
    nvic_irq_enable                          0x08002d11   Thumb Code   162  gd32f10x_misc.o(i.nvic_irq_enable)
    nvic_priority_group_set                  0x08002dbd   Thumb Code    10  gd32f10x_misc.o(i.nvic_priority_group_set)
    nvic_vector_table_set                    0x08002dd1   Thumb Code    12  gd32f10x_misc.o(i.nvic_vector_table_set)
    platform_init                            0x08002eed   Thumb Code     2  gd32f10x_platform.o(i.platform_init)
    pmu_backup_write_enable                  0x08002ef1   Thumb Code    14  gd32f10x_pmu.o(i.pmu_backup_write_enable)
    pvPortMalloc                             0x08003a69   Thumb Code   262  heap_4.o(i.pvPortMalloc)
    pxPortInitialiseStack                    0x08003bbd   Thumb Code    30  port.o(i.pxPortInitialiseStack)
    rcu_all_reset_flag_clear                 0x08003be1   Thumb Code    14  gd32f10x_rcu.o(i.rcu_all_reset_flag_clear)
    rcu_clock_freq_get                       0x08003bf5   Thumb Code   264  gd32f10x_rcu.o(i.rcu_clock_freq_get)
    rcu_deinit                               0x08003d19   Thumb Code    62  gd32f10x_rcu.o(i.rcu_deinit)
    rcu_flag_get                             0x08003d65   Thumb Code    30  gd32f10x_rcu.o(i.rcu_flag_get)
    rcu_osci_stab_wait                       0x08003d89   Thumb Code   218  gd32f10x_rcu.o(i.rcu_osci_stab_wait)
    rcu_periph_clock_disable                 0x08003e69   Thumb Code    28  gd32f10x_rcu.o(i.rcu_periph_clock_disable)
    rcu_periph_clock_enable                  0x08003e89   Thumb Code    28  gd32f10x_rcu.o(i.rcu_periph_clock_enable)
    rcu_periph_reset_disable                 0x08003ea9   Thumb Code    28  gd32f10x_rcu.o(i.rcu_periph_reset_disable)
    rcu_periph_reset_enable                  0x08003ec9   Thumb Code    28  gd32f10x_rcu.o(i.rcu_periph_reset_enable)
    time_update                              0x08004049   Thumb Code    12  systick.o(i.time_update)
    timer_interrupt_flag_clear               0x08004059   Thumb Code     8  gd32f10x_timer.o(i.timer_interrupt_flag_clear)
    timer_interrupt_flag_get                 0x08004061   Thumb Code    24  gd32f10x_timer.o(i.timer_interrupt_flag_get)
    updateMonitor                            0x08004079   Thumb Code   476  boot_main.o(i.updateMonitor)
    update_BkpDateRead                       0x080042cd   Thumb Code    12  gd32f10x_platform.o(i.update_BkpDateRead)
    update_BkpDateWrite                      0x080042d9   Thumb Code    36  gd32f10x_platform.o(i.update_BkpDateWrite)
    update_JumpToRun                         0x080042fd   Thumb Code   270  jump.o(i.update_JumpToRun)
    usart_baudrate_set                       0x08004415   Thumb Code   136  gd32f10x_usart.o(i.usart_baudrate_set)
    usart_data_receive                       0x080044a5   Thumb Code    10  gd32f10x_usart.o(i.usart_data_receive)
    usart_data_transmit                      0x080044af   Thumb Code     8  gd32f10x_usart.o(i.usart_data_transmit)
    usart_deinit                             0x080044b9   Thumb Code   136  gd32f10x_usart.o(i.usart_deinit)
    usart_enable                             0x08004549   Thumb Code    10  gd32f10x_usart.o(i.usart_enable)
    usart_flag_get                           0x08004553   Thumb Code    30  gd32f10x_usart.o(i.usart_flag_get)
    usart_hardware_flow_cts_config           0x08004571   Thumb Code    16  gd32f10x_usart.o(i.usart_hardware_flow_cts_config)
    usart_hardware_flow_rts_config           0x08004581   Thumb Code    16  gd32f10x_usart.o(i.usart_hardware_flow_rts_config)
    usart_interrupt_disable                  0x08004591   Thumb Code    26  gd32f10x_usart.o(i.usart_interrupt_disable)
    usart_interrupt_enable                   0x080045ab   Thumb Code    26  gd32f10x_usart.o(i.usart_interrupt_enable)
    usart_interrupt_flag_clear               0x080045c5   Thumb Code    26  gd32f10x_usart.o(i.usart_interrupt_flag_clear)
    usart_interrupt_flag_get                 0x080045df   Thumb Code    56  gd32f10x_usart.o(i.usart_interrupt_flag_get)
    usart_parity_config                      0x08004617   Thumb Code    16  gd32f10x_usart.o(i.usart_parity_config)
    usart_receive_config                     0x08004627   Thumb Code    16  gd32f10x_usart.o(i.usart_receive_config)
    usart_stop_bit_set                       0x08004637   Thumb Code    16  gd32f10x_usart.o(i.usart_stop_bit_set)
    usart_transmit_config                    0x08004647   Thumb Code    16  gd32f10x_usart.o(i.usart_transmit_config)
    usart_word_length_set                    0x08004657   Thumb Code    16  gd32f10x_usart.o(i.usart_word_length_set)
    uxListRemove                             0x08004667   Thumb Code    40  list.o(i.uxListRemove)
    vApplicationIdleHook                     0x0800468f   Thumb Code     8  boot_main.o(i.vApplicationIdleHook)
    vApplicationStackOverflowHook            0x08004699   Thumb Code    78  tasks.o(i.vApplicationStackOverflowHook)
    vListInitialise                          0x08004739   Thumb Code    26  list.o(i.vListInitialise)
    vListInitialiseItem                      0x08004753   Thumb Code     6  list.o(i.vListInitialiseItem)
    vListInsert                              0x08004759   Thumb Code    52  list.o(i.vListInsert)
    vListInsertEnd                           0x0800478d   Thumb Code    24  list.o(i.vListInsertEnd)
    vPortEnterCritical                       0x080047a5   Thumb Code    68  port.o(i.vPortEnterCritical)
    vPortExitCritical                        0x0800482d   Thumb Code    48  port.o(i.vPortExitCritical)
    vPortFree                                0x0800489d   Thumb Code   120  heap_4.o(i.vPortFree)
    vPortSetupTimerInterrupt                 0x08004955   Thumb Code    36  port.o(i.vPortSetupTimerInterrupt)
    vPortValidateInterruptPriority           0x0800497d   Thumb Code    86  port.o(i.vPortValidateInterruptPriority)
    vQueueAddToRegistry                      0x08004a1d   Thumb Code    38  queue.o(i.vQueueAddToRegistry)
    vQueueWaitForMessageRestricted           0x08004a49   Thumb Code    74  queue.o(i.vQueueWaitForMessageRestricted)
    vTaskDelay                               0x08004a95   Thumb Code    72  tasks.o(i.vTaskDelay)
    vTaskInternalSetTimeOutState             0x08004b09   Thumb Code    14  tasks.o(i.vTaskInternalSetTimeOutState)
    vTaskMissedYield                         0x08004b21   Thumb Code     8  tasks.o(i.vTaskMissedYield)
    vTaskPlaceOnEventList                    0x08004b2d   Thumb Code    42  tasks.o(i.vTaskPlaceOnEventList)
    vTaskPlaceOnEventListRestricted          0x08004b81   Thumb Code    50  tasks.o(i.vTaskPlaceOnEventListRestricted)
    vTaskResume                              0x08004bdd   Thumb Code   118  tasks.o(i.vTaskResume)
    vTaskStartScheduler                      0x08004c89   Thumb Code   108  tasks.o(i.vTaskStartScheduler)
    vTaskSuspend                             0x08004d35   Thumb Code   200  tasks.o(i.vTaskSuspend)
    vTaskSuspendAll                          0x08004e41   Thumb Code    12  tasks.o(i.vTaskSuspendAll)
    vTaskSwitchContext                       0x08004e51   Thumb Code   138  tasks.o(i.vTaskSwitchContext)
    xPortStartScheduler                      0x08004fb5   Thumb Code   240  port.o(i.xPortStartScheduler)
    xPortSysTickHandler                      0x080050f5   Thumb Code    50  port.o(i.xPortSysTickHandler)
    xQueueGenericCreate                      0x0800512d   Thumb Code    80  queue.o(i.xQueueGenericCreate)
    xQueueGenericReset                       0x080051a1   Thumb Code   136  queue.o(i.xQueueGenericReset)
    xQueueGenericSend                        0x08005251   Thumb Code   428  queue.o(i.xQueueGenericSend)
    xQueueGenericSendFromISR                 0x08005425   Thumb Code   234  queue.o(i.xQueueGenericSendFromISR)
    xQueueReceive                            0x08005535   Thumb Code   326  queue.o(i.xQueueReceive)
    xTaskCheckForTimeOut                     0x080056a5   Thumb Code   112  tasks.o(i.xTaskCheckForTimeOut)
    xTaskCreate                              0x08005741   Thumb Code    98  tasks.o(i.xTaskCreate)
    xTaskGetSchedulerState                   0x080057a5   Thumb Code    24  tasks.o(i.xTaskGetSchedulerState)
    xTaskGetTickCount                        0x080057c5   Thumb Code     6  tasks.o(i.xTaskGetTickCount)
    xTaskIncrementTick                       0x080057d1   Thumb Code   272  tasks.o(i.xTaskIncrementTick)
    xTaskPriorityDisinherit                  0x08005931   Thumb Code   168  tasks.o(i.xTaskPriorityDisinherit)
    xTaskRemoveFromEventList                 0x08005a09   Thumb Code   118  tasks.o(i.xTaskRemoveFromEventList)
    xTaskResumeAll                           0x08005abd   Thumb Code   214  tasks.o(i.xTaskResumeAll)
    xTimerCreateTimerTask                    0x08005bdd   Thumb Code    54  timers.o(i.xTimerCreateTimerTask)
    xTimerGenericCommand                     0x08005c51   Thumb Code   118  timers.o(i.xTimerGenericCommand)
    shellCmdlog                              0x08005d0c   Data           4  log.o(.constdata)
    shellDesclog                             0x08005d10   Data          10  log.o(.constdata)
    __ctype_table                            0x08005da4   Data         129  ctype_o.o(.constdata)
    Region$$Table$$Base                      0x080061b8   Number         0  anon$$obj.o(Region$$Table)
    Region$$Table$$Limit                     0x080061d8   Number         0  anon$$obj.o(Region$$Table)
    shellCommandlog                          0x080061d8   Data          16  log.o(shellCommand)
    g_debugLevel                             0x20000000   Data           4  boot_main.o(.data)
    g_bootDebugUartPeriph                    0x20000004   Data           4  boot_main.o(.data)
    updateMonitorHandle                      0x20000008   Data           4  boot_main.o(.data)
    projectInfo                              0x2000000c   Data           4  boot_main.o(.data)
    g_localtime                              0x20000018   Data           4  systick.o(.data)
    g_xmodemIsCheckTpyeCrc                   0x2000001c   Data           1  boot_update.o(.data)
    updateDatMsg_Queue                       0x20000020   Data           4  boot_update.o(.data)
    g_UpdatingSM                             0x20000024   Data           1  boot_update.o(.data)
    g_resendCount                            0x20000028   Data           4  boot_update.o(.data)
    RecvDatMsg_Queue                         0x20000038   Data           4  boot_i2cforward.o(.data)
    RecvForwardI2CDatMsg_Queue               0x2000003c   Data           4  boot_i2cforward.o(.data)
    g_time_run                               0x20000040   Data           4  bsp_timer.o(.data)
    g_isPrintUseFifo                         0x20000044   Data           1  bsp_uartcomm.o(.data)
    SystemCoreClock                          0x200000bc   Data           4  system_gd32f10x.o(.data)
    pxCurrentTCB                             0x200000c0   Data           4  tasks.o(.data)
    __stdout                                 0x20000134   Data           4  stdout.o(.data)
    xQueueRegistry                           0x20000618   Data         120  queue.o(.bss)
    __initial_sp                             0x20003640   Data           0  startup_gd32f10x_hd.o(STACK)



==============================================================================

Memory Map of the image

  Image Entry point : 0x08000131

  Load Region LR_IROM1 (Base: 0x08000000, Size: 0x00006324, Max: 0x00008000, ABSOLUTE, COMPRESSED[0x00006218])

    Execution Region ER_IROM1 (Exec base: 0x08000000, Load base: 0x08000000, Size: 0x000061e8, Max: 0x00008000, ABSOLUTE)

    Exec Addr    Load Addr    Size         Type   Attr      Idx    E Section Name        Object

    0x08000000   0x08000000   0x00000130   Data   RO         4050    RESET               startup_gd32f10x_hd.o
    0x08000130   0x08000130   0x00000000   Code   RO         5187  * .ARM.Collect$$$$00000000  mc_w.l(entry.o)
    0x08000130   0x08000130   0x00000004   Code   RO         5465    .ARM.Collect$$$$00000001  mc_w.l(entry2.o)
    0x08000134   0x08000134   0x00000004   Code   RO         5468    .ARM.Collect$$$$00000004  mc_w.l(entry5.o)
    0x08000138   0x08000138   0x00000000   Code   RO         5470    .ARM.Collect$$$$00000008  mc_w.l(entry7b.o)
    0x08000138   0x08000138   0x00000000   Code   RO         5472    .ARM.Collect$$$$0000000A  mc_w.l(entry8b.o)
    0x08000138   0x08000138   0x00000008   Code   RO         5473    .ARM.Collect$$$$0000000B  mc_w.l(entry9a.o)
    0x08000140   0x08000140   0x00000004   Code   RO         5480    .ARM.Collect$$$$0000000E  mc_w.l(entry12b.o)
    0x08000144   0x08000144   0x00000000   Code   RO         5475    .ARM.Collect$$$$0000000F  mc_w.l(entry10a.o)
    0x08000144   0x08000144   0x00000000   Code   RO         5477    .ARM.Collect$$$$00000011  mc_w.l(entry11a.o)
    0x08000144   0x08000144   0x00000004   Code   RO         5466    .ARM.Collect$$$$00002712  mc_w.l(entry2.o)
    0x08000148   0x08000148   0x00000096   Code   RO         5104    .emb_text           port.o
    0x080001de   0x080001de   0x00000002   PAD
    0x080001e0   0x080001e0   0x00000024   Code   RO         4051    .text               startup_gd32f10x_hd.o
    0x08000204   0x08000204   0x00000024   Code   RO         5190    .text               mc_w.l(memcpya.o)
    0x08000228   0x08000228   0x00000024   Code   RO         5192    .text               mc_w.l(memseta.o)
    0x0800024c   0x0800024c   0x0000000e   Code   RO         5194    .text               mc_w.l(strlen.o)
    0x0800025a   0x0800025a   0x0000001c   Code   RO         5196    .text               mc_w.l(strcmp.o)
    0x08000276   0x08000276   0x0000001a   Code   RO         5463    .text               mc_w.l(atoi.o)
    0x08000290   0x08000290   0x00000062   Code   RO         5484    .text               mc_w.l(uldiv.o)
    0x080002f2   0x080002f2   0x00000070   Code   RO         5493    .text               mc_w.l(strtol.o)
    0x08000362   0x08000362   0x00000002   PAD
    0x08000364   0x08000364   0x00000024   Code   RO         5506    .text               mc_w.l(init.o)
    0x08000388   0x08000388   0x0000001e   Code   RO         5508    .text               mc_w.l(llshl.o)
    0x080003a6   0x080003a6   0x00000020   Code   RO         5510    .text               mc_w.l(llushr.o)
    0x080003c6   0x080003c6   0x00000002   PAD
    0x080003c8   0x080003c8   0x00000008   Code   RO         5514    .text               mc_w.l(ctype_o.o)
    0x080003d0   0x080003d0   0x0000009e   Code   RO         5542    .text               mc_w.l(_strtoul.o)
    0x0800046e   0x0800046e   0x0000001c   Code   RO         5546    .text               mc_w.l(_chval.o)
    0x0800048a   0x0800048a   0x00000056   Code   RO         5556    .text               mc_w.l(__dczerorl2.o)
    0x080004e0   0x080004e0   0x00000028   Code   RO          738    i.API_EnterCirtical  fifo.o
    0x08000508   0x08000508   0x0000001a   Code   RO          739    i.API_ExitCirtical  fifo.o
    0x08000522   0x08000522   0x00000004   Code   RO          337    i.BusFault_Handler  gd32f10x_it.o
    0x08000526   0x08000526   0x000000be   Code   RO         1066    i.COM_init          bsp_uartcomm.o
    0x080005e4   0x080005e4   0x00000002   Code   RO          338    i.DebugMon_Handler  gd32f10x_it.o
    0x080005e6   0x080005e6   0x0000000e   Code   RO          793    i.FIFO_Empty        fifo.o
    0x080005f4   0x080005f4   0x00000016   Code   RO          740    i.FIFO_Init         fifo.o
    0x0800060a   0x0800060a   0x0000003a   Code   RO          741    i.FIFO_Read         fifo.o
    0x08000644   0x08000644   0x0000003c   Code   RO          744    i.FIFO_Write        fifo.o
    0x08000680   0x08000680   0x00000066   Code   RO         1396    i.FLASH_Program     flash.o
    0x080006e6   0x080006e6   0x00000002   PAD
    0x080006e8   0x080006e8   0x000000b0   Code   RO         1230    i.I2C0_ER_IRQHandler  bsp_i2c.o
    0x08000798   0x08000798   0x000001c0   Code   RO         1231    i.I2C0_EV_IRQHandler  bsp_i2c.o
    0x08000958   0x08000958   0x000000b0   Code   RO         1232    i.I2C1_ER_IRQHandler  bsp_i2c.o
    0x08000a08   0x08000a08   0x000001c4   Code   RO         1233    i.I2C1_EV_IRQHandler  bsp_i2c.o
    0x08000bcc   0x08000bcc   0x00000004   Code   RO          340    i.MemManage_Handler  gd32f10x_it.o
    0x08000bd0   0x08000bd0   0x00000002   Code   RO          341    i.NMI_Handler       gd32f10x_it.o
    0x08000bd2   0x08000bd2   0x00000002   PAD
    0x08000bd4   0x08000bd4   0x00000028   Code   RO          271    i.NVIC_SetPriority  systick.o
    0x08000bfc   0x08000bfc   0x00000028   Code   RO            4    i.NVIC_SystemReset  boot_main.o
    0x08000c24   0x08000c24   0x0000000c   Code   RO          689    i.SubDevice_GetDestAddress  boot_i2cforward.o
    0x08000c30   0x08000c30   0x0000000e   Code   RO          690    i.SubDevice_GetMySlaveAddress  boot_i2cforward.o
    0x08000c3e   0x08000c3e   0x00000010   Code   RO          342    i.SysTick_Handler   gd32f10x_it.o
    0x08000c4e   0x08000c4e   0x00000002   PAD
    0x08000c50   0x08000c50   0x00000064   Code   RO         1440    i.SystemInit        system_gd32f10x.o
    0x08000cb4   0x08000cb4   0x0000002c   Code   RO         1027    i.TIMER2_IRQHandler  bsp_timer.o
    0x08000ce0   0x08000ce0   0x00000030   Code   RO         1153    i.UART0_init        boot_bsp_usart0.o
    0x08000d10   0x08000d10   0x00000030   Code   RO         1200    i.UART1_init        bsp_usart1.o
    0x08000d40   0x08000d40   0x0000000c   Code   RO         1069    i.UART_init         bsp_uartcomm.o
    0x08000d4c   0x08000d4c   0x00000036   Code   RO         1070    i.UART_sendByte     bsp_uartcomm.o
    0x08000d82   0x08000d82   0x00000032   Code   RO         1072    i.UART_sendDataBlock  bsp_uartcomm.o
    0x08000db4   0x08000db4   0x00000042   Code   RO         1073    i.UART_sendFinally  bsp_uartcomm.o
    0x08000df6   0x08000df6   0x00000002   PAD
    0x08000df8   0x08000df8   0x000000e0   Code   RO         1154    i.USART0_IRQHandler  boot_bsp_usart0.o
    0x08000ed8   0x08000ed8   0x0000004c   Code   RO         1201    i.USART1_IRQHandler  bsp_usart1.o
    0x08000f24   0x08000f24   0x00000004   Code   RO          343    i.UsageFault_Handler  gd32f10x_it.o
    0x08000f28   0x08000f28   0x00000020   Code   RO         5409    i.__0printf$8       mc_w.l(printf8.o)
    0x08000f48   0x08000f48   0x00000008   Code   RO         5486    i.__aeabi_errno_addr  mc_w.l(errno.o)
    0x08000f50   0x08000f50   0x0000000e   Code   RO         5550    i.__scatterload_copy  mc_w.l(handlers.o)
    0x08000f5e   0x08000f5e   0x00000002   Code   RO         5551    i.__scatterload_null  mc_w.l(handlers.o)
    0x08000f60   0x08000f60   0x0000000e   Code   RO         5552    i.__scatterload_zeroinit  mc_w.l(handlers.o)
    0x08000f6e   0x08000f6e   0x00000002   PAD
    0x08000f70   0x08000f70   0x00000404   Code   RO         5416    i._printf_core      mc_w.l(printf8.o)
    0x08001374   0x08001374   0x00000024   Code   RO         5417    i._printf_post_padding  mc_w.l(printf8.o)
    0x08001398   0x08001398   0x0000002e   Code   RO         5418    i._printf_pre_padding  mc_w.l(printf8.o)
    0x080013c6   0x080013c6   0x00000002   PAD
    0x080013c8   0x080013c8   0x00000038   Code   RO         1699    i.bkp_data_read     gd32f10x_bkp.o
    0x08001400   0x08001400   0x00000034   Code   RO         1700    i.bkp_data_write    gd32f10x_bkp.o
    0x08001434   0x08001434   0x0000010c   Code   RO          691    i.boot_I2cForwardTask1  boot_i2cforward.o
    0x08001540   0x08001540   0x0000010c   Code   RO          692    i.boot_I2cForwardTask2  boot_i2cforward.o
    0x0800164c   0x0800164c   0x000003dc   Code   RO          510    i.boot_ProcessUpdateReq  boot_update.o
    0x08001a28   0x08001a28   0x00000040   Code   RO          511    i.boot_eraseAllPage  boot_update.o
    0x08001a68   0x08001a68   0x0000005c   Code   RO          693    i.boot_i2c_init     boot_i2cforward.o
    0x08001ac4   0x08001ac4   0x00000098   Code   RO          512    i.boot_sendMsg2Dev  boot_update.o
    0x08001b5c   0x08001b5c   0x0000000c   Code   RO            6    i.boot_setPrintUartPeriph  boot_main.o
    0x08001b68   0x08001b68   0x000000f8   Code   RO          513    i.boot_updateTask   boot_update.o
    0x08001c60   0x08001c60   0x0000008a   Code   RO          514    i.boot_xmodeCheck   boot_update.o
    0x08001cea   0x08001cea   0x00000002   PAD
    0x08001cec   0x08001cec   0x00000050   Code   RO          272    i.bsp_systick_config  systick.o
    0x08001d3c   0x08001d3c   0x00000034   Code   RO         1074    i.com_getHandler    bsp_uartcomm.o
    0x08001d70   0x08001d70   0x00000040   Code   RO         1075    i.com_registHandler  bsp_uartcomm.o
    0x08001db0   0x08001db0   0x000000a4   Code   RO          988    i.common_printfResetCause  jump.o
    0x08001e54   0x08001e54   0x00000010   Code   RO         3906    i.dbg_periph_enable  gd32f10x_dbg.o
    0x08001e64   0x08001e64   0x0000001c   Code   RO            7    i.debug_config      boot_main.o
    0x08001e80   0x08001e80   0x00000154   Code   RO          900    i.display_usage     log.o
    0x08001fd4   0x08001fd4   0x00000074   Code   RO         1397    i.erase_page        flash.o
    0x08002048   0x08002048   0x00000022   Code   RO         2090    i.fmc_bank0_ready_wait  gd32f10x_fmc.o
    0x0800206a   0x0800206a   0x00000002   PAD
    0x0800206c   0x0800206c   0x00000030   Code   RO         2091    i.fmc_bank0_state_get  gd32f10x_fmc.o
    0x0800209c   0x0800209c   0x00000022   Code   RO         2095    i.fmc_bank1_ready_wait  gd32f10x_fmc.o
    0x080020be   0x080020be   0x00000002   PAD
    0x080020c0   0x080020c0   0x00000030   Code   RO         2096    i.fmc_bank1_state_get  gd32f10x_fmc.o
    0x080020f0   0x080020f0   0x00000020   Code   RO         2098    i.fmc_flag_clear    gd32f10x_fmc.o
    0x08002110   0x08002110   0x0000002c   Code   RO         2105    i.fmc_lock          gd32f10x_fmc.o
    0x0800213c   0x0800213c   0x000000ec   Code   RO         2107    i.fmc_page_erase    gd32f10x_fmc.o
    0x08002228   0x08002228   0x00000044   Code   RO         2108    i.fmc_unlock        gd32f10x_fmc.o
    0x0800226c   0x0800226c   0x000000c0   Code   RO         2109    i.fmc_word_program  gd32f10x_fmc.o
    0x0800232c   0x0800232c   0x00000040   Code   RO         1076    i.fputc             bsp_uartcomm.o
    0x0800236c   0x0800236c   0x00000068   Code   RO         2306    i.fwdgt_config      gd32f10x_fwdgt.o
    0x080023d4   0x080023d4   0x00000010   Code   RO         2307    i.fwdgt_counter_reload  gd32f10x_fwdgt.o
    0x080023e4   0x080023e4   0x00000010   Code   RO         2308    i.fwdgt_enable      gd32f10x_fwdgt.o
    0x080023f4   0x080023f4   0x0000000c   Code   RO         2310    i.fwdgt_write_disable  gd32f10x_fwdgt.o
    0x08002400   0x08002400   0x00000038   Code   RO          901    i.getLogLevelHandler  log.o
    0x08002438   0x08002438   0x000000ac   Code   RO         2365    i.gpio_init         gd32f10x_gpio.o
    0x080024e4   0x080024e4   0x00000090   Code   RO         2371    i.gpio_pin_remap_config  gd32f10x_gpio.o
    0x08002574   0x08002574   0x00000044   Code   RO         1234    i.i2c0_config       bsp_i2c.o
    0x080025b8   0x080025b8   0x00000020   Code   RO         1235    i.i2c0_gpio_config  bsp_i2c.o
    0x080025d8   0x080025d8   0x00000014   Code   RO         1236    i.i2c0_int          bsp_i2c.o
    0x080025ec   0x080025ec   0x00000018   Code   RO         1237    i.i2c0_nvic_config  bsp_i2c.o
    0x08002604   0x08002604   0x0000001c   Code   RO         1238    i.i2c0_rcu_config   bsp_i2c.o
    0x08002620   0x08002620   0x00000044   Code   RO         1239    i.i2c1_config       bsp_i2c.o
    0x08002664   0x08002664   0x00000024   Code   RO         1240    i.i2c1_gpio_config  bsp_i2c.o
    0x08002688   0x08002688   0x00000014   Code   RO         1241    i.i2c1_int          bsp_i2c.o
    0x0800269c   0x0800269c   0x00000018   Code   RO         1242    i.i2c1_nvic_config  bsp_i2c.o
    0x080026b4   0x080026b4   0x0000001c   Code   RO         1243    i.i2c1_rcu_config   bsp_i2c.o
    0x080026d0   0x080026d0   0x00000018   Code   RO         2472    i.i2c_ack_config    gd32f10x_i2c.o
    0x080026e8   0x080026e8   0x00000136   Code   RO         1245    i.i2c_bytes_write   bsp_i2c.o
    0x0800281e   0x0800281e   0x00000002   PAD
    0x08002820   0x08002820   0x00000028   Code   RO         1246    i.i2c_channel_init  bsp_i2c.o
    0x08002848   0x08002848   0x000000e4   Code   RO         2474    i.i2c_clock_config  gd32f10x_i2c.o
    0x0800292c   0x0800292c   0x00000008   Code   RO         2475    i.i2c_data_receive  gd32f10x_i2c.o
    0x08002934   0x08002934   0x00000006   Code   RO         2476    i.i2c_data_transmit  gd32f10x_i2c.o
    0x0800293a   0x0800293a   0x00000002   PAD
    0x0800293c   0x0800293c   0x00000040   Code   RO         2477    i.i2c_deinit        gd32f10x_i2c.o
    0x0800297c   0x0800297c   0x0000000a   Code   RO         2482    i.i2c_enable        gd32f10x_i2c.o
    0x08002986   0x08002986   0x00000028   Code   RO         2483    i.i2c_flag_clear    gd32f10x_i2c.o
    0x080029ae   0x080029ae   0x0000001e   Code   RO         2484    i.i2c_flag_get      gd32f10x_i2c.o
    0x080029cc   0x080029cc   0x00000020   Code   RO         1249    i.i2c_int           bsp_i2c.o
    0x080029ec   0x080029ec   0x0000001a   Code   RO         2485    i.i2c_interrupt_disable  gd32f10x_i2c.o
    0x08002a06   0x08002a06   0x0000001a   Code   RO         2486    i.i2c_interrupt_enable  gd32f10x_i2c.o
    0x08002a20   0x08002a20   0x0000002c   Code   RO         2487    i.i2c_interrupt_flag_clear  gd32f10x_i2c.o
    0x08002a4c   0x08002a4c   0x0000005c   Code   RO         2488    i.i2c_interrupt_flag_get  gd32f10x_i2c.o
    0x08002aa8   0x08002aa8   0x00000014   Code   RO         2489    i.i2c_master_addressing  gd32f10x_i2c.o
    0x08002abc   0x08002abc   0x0000001c   Code   RO         2490    i.i2c_mode_addr_config  gd32f10x_i2c.o
    0x08002ad8   0x08002ad8   0x00000022   Code   RO         1251    i.i2c_set_as_slave_device_addr  bsp_i2c.o
    0x08002afa   0x08002afa   0x00000002   PAD
    0x08002afc   0x08002afc   0x00000044   Code   RO         1252    i.i2c_set_slave_addr  bsp_i2c.o
    0x08002b40   0x08002b40   0x0000000a   Code   RO         2499    i.i2c_start_on_bus  gd32f10x_i2c.o
    0x08002b4a   0x08002b4a   0x0000000a   Code   RO         2500    i.i2c_stop_on_bus   gd32f10x_i2c.o
    0x08002b54   0x08002b54   0x00000060   Code   RO         1253    i.i2c_write         bsp_i2c.o
    0x08002bb4   0x08002bb4   0x00000012   Code   RO          902    i.logs              log.o
    0x08002bc6   0x08002bc6   0x00000002   PAD
    0x08002bc8   0x08002bc8   0x00000148   Code   RO            8    i.main              boot_main.o
    0x08002d10   0x08002d10   0x000000ac   Code   RO         2667    i.nvic_irq_enable   gd32f10x_misc.o
    0x08002dbc   0x08002dbc   0x00000014   Code   RO         2668    i.nvic_priority_group_set  gd32f10x_misc.o
    0x08002dd0   0x08002dd0   0x00000014   Code   RO         2669    i.nvic_vector_table_set  gd32f10x_misc.o
    0x08002de4   0x08002de4   0x00000108   Code   RO          903    i.parse_arguments   log.o
    0x08002eec   0x08002eec   0x00000002   Code   RO          474    i.platform_init     gd32f10x_platform.o
    0x08002eee   0x08002eee   0x00000002   PAD
    0x08002ef0   0x08002ef0   0x00000014   Code   RO         3965    i.pmu_backup_write_enable  gd32f10x_pmu.o
    0x08002f04   0x08002f04   0x00000098   Code   RO         4480    i.prvAddCurrentTaskToDelayedList  tasks.o
    0x08002f9c   0x08002f9c   0x000000b8   Code   RO         4481    i.prvAddNewTaskToReadyList  tasks.o
    0x08003054   0x08003054   0x00000064   Code   RO         4894    i.prvCheckForValidListAndQueue  timers.o
    0x080030b8   0x080030b8   0x00000048   Code   RO         4482    i.prvCheckTasksWaitingTermination  tasks.o
    0x08003100   0x08003100   0x0000002a   Code   RO         4222    i.prvCopyDataFromQueue  queue.o
    0x0800312a   0x0800312a   0x0000007e   Code   RO         4223    i.prvCopyDataToQueue  queue.o
    0x080031a8   0x080031a8   0x00000012   Code   RO         4483    i.prvDeleteTCB      tasks.o
    0x080031ba   0x080031ba   0x00000002   PAD
    0x080031bc   0x080031bc   0x00000028   Code   RO         4895    i.prvGetNextExpireTime  timers.o
    0x080031e4   0x080031e4   0x0000007c   Code   RO         5047    i.prvHeapInit       heap_4.o
    0x08003260   0x08003260   0x0000002c   Code   RO         4484    i.prvIdleTask       tasks.o
    0x0800328c   0x0800328c   0x0000002e   Code   RO         4226    i.prvInitialiseNewQueue  queue.o
    0x080032ba   0x080032ba   0x00000002   PAD
    0x080032bc   0x080032bc   0x000000e4   Code   RO         4485    i.prvInitialiseNewTask  tasks.o
    0x080033a0   0x080033a0   0x00000068   Code   RO         4486    i.prvInitialiseTaskLists  tasks.o
    0x08003408   0x08003408   0x00000068   Code   RO         5048    i.prvInsertBlockIntoFreeList  heap_4.o
    0x08003470   0x08003470   0x00000058   Code   RO         4897    i.prvInsertTimerInActiveList  timers.o
    0x080034c8   0x080034c8   0x0000001a   Code   RO         4227    i.prvIsQueueEmpty   queue.o
    0x080034e2   0x080034e2   0x0000001e   Code   RO         4228    i.prvIsQueueFull    queue.o
    0x08003500   0x08003500   0x000000a0   Code   RO         4229    i.prvNotifyQueueSetContainer  queue.o
    0x080035a0   0x080035a0   0x00000080   Code   RO         4898    i.prvProcessExpiredTimer  timers.o
    0x08003620   0x08003620   0x00000128   Code   RO         4899    i.prvProcessReceivedCommands  timers.o
    0x08003748   0x08003748   0x00000074   Code   RO         4900    i.prvProcessTimerOrBlockTask  timers.o
    0x080037bc   0x080037bc   0x00000034   Code   RO         4488    i.prvResetNextTaskUnblockTime  tasks.o
    0x080037f0   0x080037f0   0x0000002c   Code   RO         4901    i.prvSampleTimeNow  timers.o
    0x0800381c   0x0800381c   0x000000bc   Code   RO         4902    i.prvSwitchTimerLists  timers.o
    0x080038d8   0x080038d8   0x00000070   Code   RO         5105    i.prvTaskExitError  port.o
    0x08003948   0x08003948   0x00000074   Code   RO         4490    i.prvTaskIsTaskSuspended  tasks.o
    0x080039bc   0x080039bc   0x0000001a   Code   RO         4903    i.prvTimerTask      timers.o
    0x080039d6   0x080039d6   0x00000092   Code   RO         4230    i.prvUnlockQueue    queue.o
    0x08003a68   0x08003a68   0x00000154   Code   RO         5049    i.pvPortMalloc      heap_4.o
    0x08003bbc   0x08003bbc   0x00000024   Code   RO         5106    i.pxPortInitialiseStack  port.o
    0x08003be0   0x08003be0   0x00000014   Code   RO         2724    i.rcu_all_reset_flag_clear  gd32f10x_rcu.o
    0x08003bf4   0x08003bf4   0x00000124   Code   RO         2730    i.rcu_clock_freq_get  gd32f10x_rcu.o
    0x08003d18   0x08003d18   0x0000004c   Code   RO         2732    i.rcu_deinit        gd32f10x_rcu.o
    0x08003d64   0x08003d64   0x00000024   Code   RO         2733    i.rcu_flag_get      gd32f10x_rcu.o
    0x08003d88   0x08003d88   0x000000e0   Code   RO         2745    i.rcu_osci_stab_wait  gd32f10x_rcu.o
    0x08003e68   0x08003e68   0x00000020   Code   RO         2746    i.rcu_periph_clock_disable  gd32f10x_rcu.o
    0x08003e88   0x08003e88   0x00000020   Code   RO         2747    i.rcu_periph_clock_enable  gd32f10x_rcu.o
    0x08003ea8   0x08003ea8   0x00000020   Code   RO         2750    i.rcu_periph_reset_disable  gd32f10x_rcu.o
    0x08003ec8   0x08003ec8   0x00000020   Code   RO         2751    i.rcu_periph_reset_enable  gd32f10x_rcu.o
    0x08003ee8   0x08003ee8   0x00000094   Code   RO          904    i.setLogLevelHandler  log.o
    0x08003f7c   0x08003f7c   0x000000c4   Code   RO         1441    i.system_clock_96m_hxtal  system_gd32f10x.o
    0x08004040   0x08004040   0x00000008   Code   RO         1442    i.system_clock_config  system_gd32f10x.o
    0x08004048   0x08004048   0x00000010   Code   RO          273    i.time_update       systick.o
    0x08004058   0x08004058   0x00000008   Code   RO         3200    i.timer_interrupt_flag_clear  gd32f10x_timer.o
    0x08004060   0x08004060   0x00000018   Code   RO         3201    i.timer_interrupt_flag_get  gd32f10x_timer.o
    0x08004078   0x08004078   0x00000254   Code   RO           10    i.updateMonitor     boot_main.o
    0x080042cc   0x080042cc   0x0000000c   Code   RO          475    i.update_BkpDateRead  gd32f10x_platform.o
    0x080042d8   0x080042d8   0x00000024   Code   RO          476    i.update_BkpDateWrite  gd32f10x_platform.o
    0x080042fc   0x080042fc   0x00000118   Code   RO          989    i.update_JumpToRun  jump.o
    0x08004414   0x08004414   0x00000090   Code   RO         3575    i.usart_baudrate_set  gd32f10x_usart.o
    0x080044a4   0x080044a4   0x0000000a   Code   RO         3576    i.usart_data_receive  gd32f10x_usart.o
    0x080044ae   0x080044ae   0x00000008   Code   RO         3577    i.usart_data_transmit  gd32f10x_usart.o
    0x080044b6   0x080044b6   0x00000002   PAD
    0x080044b8   0x080044b8   0x00000090   Code   RO         3578    i.usart_deinit      gd32f10x_usart.o
    0x08004548   0x08004548   0x0000000a   Code   RO         3582    i.usart_enable      gd32f10x_usart.o
    0x08004552   0x08004552   0x0000001e   Code   RO         3584    i.usart_flag_get    gd32f10x_usart.o
    0x08004570   0x08004570   0x00000010   Code   RO         3588    i.usart_hardware_flow_cts_config  gd32f10x_usart.o
    0x08004580   0x08004580   0x00000010   Code   RO         3589    i.usart_hardware_flow_rts_config  gd32f10x_usart.o
    0x08004590   0x08004590   0x0000001a   Code   RO         3590    i.usart_interrupt_disable  gd32f10x_usart.o
    0x080045aa   0x080045aa   0x0000001a   Code   RO         3591    i.usart_interrupt_enable  gd32f10x_usart.o
    0x080045c4   0x080045c4   0x0000001a   Code   RO         3592    i.usart_interrupt_flag_clear  gd32f10x_usart.o
    0x080045de   0x080045de   0x00000038   Code   RO         3593    i.usart_interrupt_flag_get  gd32f10x_usart.o
    0x08004616   0x08004616   0x00000010   Code   RO         3603    i.usart_parity_config  gd32f10x_usart.o
    0x08004626   0x08004626   0x00000010   Code   RO         3605    i.usart_receive_config  gd32f10x_usart.o
    0x08004636   0x08004636   0x00000010   Code   RO         3611    i.usart_stop_bit_set  gd32f10x_usart.o
    0x08004646   0x08004646   0x00000010   Code   RO         3615    i.usart_transmit_config  gd32f10x_usart.o
    0x08004656   0x08004656   0x00000010   Code   RO         3616    i.usart_word_length_set  gd32f10x_usart.o
    0x08004666   0x08004666   0x00000028   Code   RO         4177    i.uxListRemove      list.o
    0x0800468e   0x0800468e   0x00000008   Code   RO           11    i.vApplicationIdleHook  boot_main.o
    0x08004696   0x08004696   0x00000002   PAD
    0x08004698   0x08004698   0x000000a0   Code   RO         4500    i.vApplicationStackOverflowHook  tasks.o
    0x08004738   0x08004738   0x0000001a   Code   RO         4178    i.vListInitialise   list.o
    0x08004752   0x08004752   0x00000006   Code   RO         4179    i.vListInitialiseItem  list.o
    0x08004758   0x08004758   0x00000034   Code   RO         4180    i.vListInsert       list.o
    0x0800478c   0x0800478c   0x00000018   Code   RO         4181    i.vListInsertEnd    list.o
    0x080047a4   0x080047a4   0x00000088   Code   RO         5108    i.vPortEnterCritical  port.o
    0x0800482c   0x0800482c   0x00000070   Code   RO         5109    i.vPortExitCritical  port.o
    0x0800489c   0x0800489c   0x000000b8   Code   RO         5050    i.vPortFree         heap_4.o
    0x08004954   0x08004954   0x00000028   Code   RO         5110    i.vPortSetupTimerInterrupt  port.o
    0x0800497c   0x0800497c   0x000000a0   Code   RO         5111    i.vPortValidateInterruptPriority  port.o
    0x08004a1c   0x08004a1c   0x0000002c   Code   RO         4236    i.vQueueAddToRegistry  queue.o
    0x08004a48   0x08004a48   0x0000004a   Code   RO         4240    i.vQueueWaitForMessageRestricted  queue.o
    0x08004a92   0x08004a92   0x00000002   PAD
    0x08004a94   0x08004a94   0x00000074   Code   RO         4501    i.vTaskDelay        tasks.o
    0x08004b08   0x08004b08   0x00000018   Code   RO         4506    i.vTaskInternalSetTimeOutState  tasks.o
    0x08004b20   0x08004b20   0x0000000c   Code   RO         4508    i.vTaskMissedYield  tasks.o
    0x08004b2c   0x08004b2c   0x00000054   Code   RO         4511    i.vTaskPlaceOnEventList  tasks.o
    0x08004b80   0x08004b80   0x0000005c   Code   RO         4512    i.vTaskPlaceOnEventListRestricted  tasks.o
    0x08004bdc   0x08004bdc   0x000000ac   Code   RO         4518    i.vTaskResume       tasks.o
    0x08004c88   0x08004c88   0x000000ac   Code   RO         4523    i.vTaskStartScheduler  tasks.o
    0x08004d34   0x08004d34   0x0000010c   Code   RO         4524    i.vTaskSuspend      tasks.o
    0x08004e40   0x08004e40   0x00000010   Code   RO         4525    i.vTaskSuspendAll   tasks.o
    0x08004e50   0x08004e50   0x000000c4   Code   RO         4526    i.vTaskSwitchContext  tasks.o
    0x08004f14   0x08004f14   0x000000a0   Code   RO           12    i.watch_dog_init    boot_main.o
    0x08004fb4   0x08004fb4   0x00000140   Code   RO         5112    i.xPortStartScheduler  port.o
    0x080050f4   0x080050f4   0x00000038   Code   RO         5113    i.xPortSysTickHandler  port.o
    0x0800512c   0x0800512c   0x00000074   Code   RO         4245    i.xQueueGenericCreate  queue.o
    0x080051a0   0x080051a0   0x000000b0   Code   RO         4246    i.xQueueGenericReset  queue.o
    0x08005250   0x08005250   0x000001d4   Code   RO         4247    i.xQueueGenericSend  queue.o
    0x08005424   0x08005424   0x00000110   Code   RO         4248    i.xQueueGenericSendFromISR  queue.o
    0x08005534   0x08005534   0x00000170   Code   RO         4255    i.xQueueReceive     queue.o
    0x080056a4   0x080056a4   0x0000009c   Code   RO         4527    i.xTaskCheckForTimeOut  tasks.o
    0x08005740   0x08005740   0x00000062   Code   RO         4528    i.xTaskCreate       tasks.o
    0x080057a2   0x080057a2   0x00000002   PAD
    0x080057a4   0x080057a4   0x00000020   Code   RO         4532    i.xTaskGetSchedulerState  tasks.o
    0x080057c4   0x080057c4   0x0000000c   Code   RO         4533    i.xTaskGetTickCount  tasks.o
    0x080057d0   0x080057d0   0x00000160   Code   RO         4535    i.xTaskIncrementTick  tasks.o
    0x08005930   0x08005930   0x000000d8   Code   RO         4538    i.xTaskPriorityDisinherit  tasks.o
    0x08005a08   0x08005a08   0x000000b4   Code   RO         4540    i.xTaskRemoveFromEventList  tasks.o
    0x08005abc   0x08005abc   0x00000120   Code   RO         4541    i.xTaskResumeAll    tasks.o
    0x08005bdc   0x08005bdc   0x00000074   Code   RO         4909    i.xTimerCreateTimerTask  timers.o
    0x08005c50   0x08005c50   0x000000a4   Code   RO         4910    i.xTimerGenericCommand  timers.o
    0x08005cf4   0x08005cf4   0x00000026   Data   RO          905    .constdata          log.o
    0x08005d1a   0x08005d1a   0x00000002   PAD
    0x08005d1c   0x08005d1c   0x00000038   Data   RO          990    .constdata          jump.o
    0x08005d54   0x08005d54   0x00000028   Data   RO         1156    .constdata          boot_bsp_usart0.o
    0x08005d7c   0x08005d7c   0x00000028   Data   RO         1203    .constdata          bsp_usart1.o
    0x08005da4   0x08005da4   0x00000081   Data   RO         5515    .constdata          mc_w.l(ctype_o.o)
    0x08005e25   0x08005e25   0x00000003   PAD
    0x08005e28   0x08005e28   0x00000004   Data   RO         5516    .constdata          mc_w.l(ctype_o.o)
    0x08005e2c   0x08005e2c   0x00000252   Data   RO           13    .conststring        boot_main.o
    0x0800607e   0x0800607e   0x00000002   PAD
    0x08006080   0x08006080   0x00000051   Data   RO          906    .conststring        log.o
    0x080060d1   0x080060d1   0x00000003   PAD
    0x080060d4   0x080060d4   0x000000e4   Data   RO          991    .conststring        jump.o
    0x080061b8   0x080061b8   0x00000020   Data   RO         5548    Region$$Table       anon$$obj.o
    0x080061d8   0x080061d8   0x00000010   Data   RO          907    shellCommand        log.o


    Execution Region RW_IRAM1 (Exec base: 0x20000000, Load base: 0x080061e8, Size: 0x00003640, Max: 0x00005000, ABSOLUTE, COMPRESSED[0x00000030])

    Exec Addr    Load Addr    Size         Type   Attr      Idx    E Section Name        Object

    0x20000000   COMPRESSED   0x00000014   Data   RW           14    .data               boot_main.o
    0x20000014   COMPRESSED   0x00000008   Data   RW          274    .data               systick.o
    0x2000001c   COMPRESSED   0x00000019   Data   RW          515    .data               boot_update.o
    0x20000035   COMPRESSED   0x00000003   PAD
    0x20000038   COMPRESSED   0x00000008   Data   RW          694    .data               boot_i2cforward.o
    0x20000040   COMPRESSED   0x00000004   Data   RW         1031    .data               bsp_timer.o
    0x20000044   COMPRESSED   0x00000001   Data   RW         1078    .data               bsp_uartcomm.o
    0x20000045   COMPRESSED   0x00000003   PAD
    0x20000048   COMPRESSED   0x00000038   Data   RW         1157    .data               boot_bsp_usart0.o
    0x20000080   COMPRESSED   0x00000034   Data   RW         1204    .data               bsp_usart1.o
    0x200000b4   COMPRESSED   0x00000008   Data   RW         1255    .data               bsp_i2c.o
    0x200000bc   COMPRESSED   0x00000004   Data   RW         1443    .data               system_gd32f10x.o
    0x200000c0   COMPRESSED   0x0000003c   Data   RW         4544    .data               tasks.o
    0x200000fc   COMPRESSED   0x00000014   Data   RW         4918    .data               timers.o
    0x20000110   COMPRESSED   0x00000018   Data   RW         5055    .data               heap_4.o
    0x20000128   COMPRESSED   0x0000000c   Data   RW         5114    .data               port.o
    0x20000134   COMPRESSED   0x00000004   Data   RW         5481    .data               mc_w.l(stdout.o)
    0x20000138   COMPRESSED   0x00000004   Data   RW         5489    .data               mc_w.l(errno.o)
    0x2000013c        -       0x0000000c   Zero   RW         1077    .bss                bsp_uartcomm.o
    0x20000148        -       0x000002ad   Zero   RW         1155    .bss                boot_bsp_usart0.o
    0x200003f5        -       0x00000190   Zero   RW         1202    .bss                bsp_usart1.o
    0x20000585        -       0x00000092   Zero   RW         1254    .bss                bsp_i2c.o
    0x20000617   COMPRESSED   0x00000001   PAD
    0x20000618        -       0x00000078   Zero   RW         4262    .bss                queue.o
    0x20000690        -       0x000002e4   Zero   RW         4543    .bss                tasks.o
    0x20000974        -       0x00000028   Zero   RW         4917    .bss                timers.o
    0x2000099c        -       0x00002aa0   Zero   RW         5054    .bss                heap_4.o
    0x2000343c   COMPRESSED   0x00000004   PAD
    0x20003440        -       0x00000200   Zero   RW         4048    STACK               startup_gd32f10x_hd.o


==============================================================================

Image component sizes


      Code (inc. data)   RO Data    RW Data    ZI Data      Debug   Object Name

       272         50         40         56        685       3605   boot_bsp_usart0.o
       654        256          0          8          0       4422   boot_i2cforward.o
      1172        270        594         20          0      86184   boot_main.o
      1590        348          0         25          0      11202   boot_update.o
      2180        364          0          8        146      11692   bsp_i2c.o
        44         10          0          4          0        709   bsp_timer.o
       552         18          0          1         12       5839   bsp_uartcomm.o
       124         32         40         52        400       1833   bsp_usart1.o
       220          0          0          0          0      12698   fifo.o
       218          0          0          0          0       1717   flash.o
       108         12          0          0          0       1313   gd32f10x_bkp.o
        16          4          0          0          0        584   gd32f10x_dbg.o
       736         66          0          0          0       5911   gd32f10x_fmc.o
       148         26          0          0          0       2515   gd32f10x_fwdgt.o
       316          6          0          0          0       1828   gd32f10x_gpio.o
       666         30          0          0          0      10956   gd32f10x_i2c.o
        32          0          0          0          0       3239   gd32f10x_it.o
       212         28          0          0          0       2116   gd32f10x_misc.o
        50          0          0          0          0       1679   gd32f10x_platform.o
        20          6          0          0          0        558   gd32f10x_pmu.o
       776         76          0          0          0       6271   gd32f10x_rcu.o
        32          0          0          0          0       1400   gd32f10x_timer.o
       592         16          0          0          0      11474   gd32f10x_usart.o
       752        176          0         24      10912       3883   heap_4.o
       444         72        284          0          0      25908   jump.o
       148          0          0          0          0       3078   list.o
       826        484        135          0          0       8399   log.o
      1122        378          0         12          0      10257   port.o
      2094        238          0          0        120      15294   queue.o
        36          8        304          0        512        884   startup_gd32f10x_hd.o
       304         30          0          4          0       2003   system_gd32f10x.o
       136         18          0          8          0      26864   systick.o
      3616        994          0         60        740      29707   tasks.o
      1306        312          0         20         40      11051   timers.o

    ----------------------------------------------------------------------
     21552       4328       1436        308      13572     327073   Object Totals
         0          0         32          0          0          0   (incl. Generated)
        38          0          7          6          5          0   (incl. Padding)

    ----------------------------------------------------------------------

      Code (inc. data)   RO Data    RW Data    ZI Data      Debug   Library Member Name

        86          0          0          0          0          0   __dczerorl2.o
        28          0          0          0          0         68   _chval.o
       158          0          0          0          0         92   _strtoul.o
        26          0          0          0          0         80   atoi.o
         8          4        133          0          0         68   ctype_o.o
         0          0          0          0          0          0   entry.o
         0          0          0          0          0          0   entry10a.o
         0          0          0          0          0          0   entry11a.o
         4          0          0          0          0          0   entry12b.o
         8          4          0          0          0          0   entry2.o
         4          0          0          0          0          0   entry5.o
         0          0          0          0          0          0   entry7b.o
         0          0          0          0          0          0   entry8b.o
         8          4          0          0          0          0   entry9a.o
         8          4          0          4          0         68   errno.o
        30          0          0          0          0          0   handlers.o
        36          8          0          0          0         68   init.o
        30          0          0          0          0         68   llshl.o
        32          0          0          0          0         68   llushr.o
        36          0          0          0          0         68   memcpya.o
        36          0          0          0          0        108   memseta.o
      1142         54          0          0          0        352   printf8.o
         0          0          0          4          0          0   stdout.o
        28          0          0          0          0         76   strcmp.o
        14          0          0          0          0         68   strlen.o
       112          0          0          0          0         88   strtol.o
        98          0          0          0          0         92   uldiv.o

    ----------------------------------------------------------------------
      1940         78        136          8          0       1432   Library Totals
         8          0          3          0          0          0   (incl. Padding)

    ----------------------------------------------------------------------

      Code (inc. data)   RO Data    RW Data    ZI Data      Debug   Library Name

      1932         78        133          8          0       1432   mc_w.l

    ----------------------------------------------------------------------
      1940         78        136          8          0       1432   Library Totals

    ----------------------------------------------------------------------

==============================================================================


      Code (inc. data)   RO Data    RW Data    ZI Data      Debug   

     23492       4406       1572        316      13572     316933   Grand Totals
     23492       4406       1572         48      13572     316933   ELF Image Totals (compressed)
     23492       4406       1572         48          0          0   ROM Totals

==============================================================================

    Total RO  Size (Code + RO Data)                25064 (  24.48kB)
    Total RW  Size (RW Data + ZI Data)             13888 (  13.56kB)
    Total ROM Size (Code + RO Data + RW Data)      25112 (  24.52kB)

==============================================================================

