Component: ARM Compiler 5.06 update 7 (build 960) Tool: armlink [4d3601]

==============================================================================

Section Cross References

    gd32f30x_it.o(.text) refers to tasks.o(.text) for xTaskGetSchedulerState
    gd32f30x_it.o(.text) refers to port.o(.text) for xPortSysTickHandler
    main.o(.text) refers to bsp_led.o(.text) for led1_set
    main.o(.text) refers to tasks.o(.text) for vTaskDelay
    main.o(.text) refers to api_adc.o(.text) for adc_sample_all
    main.o(.text) refers to port.o(.text) for vPortEnterCritical
    main.o(.text) refers to printfa.o(i.__0printf) for __2printf
    main.o(.text) refers to systick.o(.text) for systick_config
    main.o(.text) refers to gd32f30x_misc.o(i.nvic_priority_group_set) for nvic_priority_group_set
    main.o(.text) refers to gd32f30x_platform.o(.text) for platform_init
    main.o(.text) refers to bsp_usart0.o(.text) for com0_init
    main.o(.text) refers to bsp_usart1.o(.text) for com1_init
    main.o(.text) refers to api_utc.o(.text) for currentSecsSinceEpoch
    main.o(.text) refers to api_cpu.o(.text) for GetBmcFirmwareVersion
    main.o(.text) refers to bsp_timer.o(.text) for timer_config_init
    main.o(.text) refers to api_fan.o(.text) for fan_ctrl_loop
    main.o(.text) refers to msghndlr.o(.text) for MsgCoreHndlr
    main.o(.text) refers to gd32f30x_fwdgt.o(i.fwdgt_counter_reload) for fwdgt_counter_reload
    main.o(.text) refers to gd32f30x_rcu.o(i.rcu_flag_get) for rcu_flag_get
    main.o(.text) refers to gd32f30x_fwdgt.o(i.fwdgt_config) for fwdgt_config
    main.o(.text) refers to gd32f30x_fwdgt.o(i.fwdgt_enable) for fwdgt_enable
    main.o(.text) refers to shell_port.o(.bss) for shell
    main.o(.text) refers to shell.o(.text) for shellTask
    main.o(.text) refers to main.o(.data) for projectInfo
    main.o(.data) refers to main.o(.conststring) for .conststring
    systick.o(.text) refers to system_gd32f30x.o(.data) for SystemCoreClock
    systick.o(.text) refers to main.o(.data) for g_localtime
    api_adc.o(.text) refers to bsp_adc.o(.text) for adc_init
    api_adc.o(.text) refers to f2d.o(.text) for __aeabi_f2d
    api_adc.o(.text) refers to dmul.o(.text) for __aeabi_dmul
    api_adc.o(.text) refers to d2f.o(.text) for __aeabi_d2f
    api_adc.o(.text) refers to memseta.o(.text) for __aeabi_memclr4
    api_adc.o(.text) refers to tasks.o(.text) for vTaskDelay
    api_adc.o(.text) refers to api_adc.o(.constdata) for g_adcChannlConfig
    api_adc.o(.text) refers to api_adc.o(.data) for g_adcVals
    api_adc.o(.constdata) refers to api_adc.o(.conststring) for .conststring
    api_fan.o(.text) refers to bsp_capture.o(.text) for capture_init
    api_fan.o(.text) refers to bsp_pwm.o(.text) for pwm_init
    api_fan.o(.text) refers to pid.o(i.pidInit) for pidInit
    api_fan.o(.text) refers to timers.o(.text) for pvTimerGetTimerID
    api_fan.o(.text) refers to tasks.o(.text) for xTaskGetTickCount
    api_fan.o(.text) refers to api_fan.o(.bss) for s_max_rotate_rpm
    api_fan.o(.text) refers to bsp_capture.o(.bss) for g_timer_cap_info
    api_fan.o(.text) refers to api_fan.o(.data) for xTimersFanWatchdog
    api_tmp.o(.text) refers to hwd1668.o(.text) for hwd1668_init
    api_tmp.o(.text) refers to printfa.o(i.__0printf) for __2printf
    api_tmp.o(.text) refers to tasks.o(.text) for vTaskDelay
    api_tmp.o(.text) refers to api_tmp.o(.data) for g_temperature_raw
    api_cpu.o(.text) refers to ipmi_common.o(i.CalculateCheckSum) for CalculateCheckSum
    api_cpu.o(.text) refers to timers.o(.text) for pvTimerGetTimerID
    api_cpu.o(.text) refers to printfa.o(i.__0printf) for __2printf
    api_cpu.o(.text) refers to memcpya.o(.text) for __aeabi_memcpy
    api_cpu.o(.text) refers to tasks.o(.text) for xTaskGetTickCount
    api_cpu.o(.text) refers to queue.o(.text) for xQueueGenericSend
    api_cpu.o(.text) refers to bsp_usart1.o(.text) for uart1_dma_enable
    api_cpu.o(.text) refers to memseta.o(.text) for __aeabi_memclr4
    api_cpu.o(.text) refers to strlen.o(.text) for strlen
    api_cpu.o(.text) refers to api_cpu.o(.data) for g_CPUStatus
    api_cpu.o(.text) refers to api_cpu.o(.conststring) for .conststring
    api_cpu.o(.text) refers to api_cpu.o(.bss) for g_CPUVariableParam
    api_cpu.o(.text) refers to api_utc.o(.text) for split
    api_cpu.o(.text) refers to atoi.o(.text) for atoi
    api_cpu.o(.text) refers to bsp_timer.o(.data) for g_time_run
    api_utc.o(.text) refers to strlen.o(.text) for strlen
    api_utc.o(.text) refers to strtok.o(.text) for strtok
    api_utc.o(.text) refers to memcpya.o(.text) for __aeabi_memcpy4
    api_utc.o(.text) refers to strcmp.o(.text) for strcmp
    api_utc.o(.text) refers to printfa.o(i.__0printf) for __2printf
    api_utc.o(.text) refers to atoi.o(.text) for atoi
    api_utc.o(.text) refers to api_utc.o(.constdata) for .constdata
    api_utc.o(.constdata) refers to api_utc.o(.conststring) for .conststring
[...]
    PartialAddSDR                            0x08005347   Thumb Code   188  sdr.o(.text)
    DeleteSDR                                0x08005515   Thumb Code    78  sdr.o(.text)
    ClearSDRRepository                       0x0800566f   Thumb Code   118  sdr.o(.text)
    GetSDRRepositoryTime                     0x080056e5   Thumb Code    24  sdr.o(.text)
    SetSDRRepositoryTime                     0x080056fd   Thumb Code    24  sdr.o(.text)
    EnterSDRUpdateMode                       0x08005715   Thumb Code    42  sdr.o(.text)
    ExitSDRUpdateMode                        0x0800573f   Thumb Code    44  sdr.o(.text)
    RunInitializationAgent                   0x08005c3d   Thumb Code   316  sdr.o(.text)
    InitSDR                                  0x08005d79   Thumb Code   288  sdr.o(.text)
    GetDevAddr                               0x08005f27   Thumb Code     8  ipmdevice.o(.text)
    GetDevID                                 0x08005f2f   Thumb Code   140  ipmdevice.o(.text)
    ColdReset                                0x08005fbb   Thumb Code    62  ipmdevice.o(.text)
    WarmReset                                0x08005ff9   Thumb Code    12  ipmdevice.o(.text)
    GetSelfTestResults                       0x08006005   Thumb Code    16  ipmdevice.o(.text)
    MfgTestOn                                0x08006015   Thumb Code    18  ipmdevice.o(.text)
    SetACPIPwrState                          0x08006027   Thumb Code    10  ipmdevice.o(.text)
    GetACPIPwrState                          0x08006031   Thumb Code    16  ipmdevice.o(.text)
    GetDevGUID                               0x08006041   Thumb Code    16  ipmdevice.o(.text)
    SetDevAddr                               0x08006051   Thumb Code     8  ipmdevice.o(.text)
    extract_sdr_id                           0x08006385   Thumb Code   164  sensor_helpers.o(.text)
    ipmi_convert_reading                     0x08006429   Thumb Code   952  sensor_helpers.o(.text)
    get_sdr_sensor_state                     0x080067e1   Thumb Code   250  sensor_helpers.o(.text)
    GetSensorState                           0x080068db   Thumb Code    10  sensor_helpers.o(.text)
    read_sensor_sdrs                         0x080068e5   Thumb Code     6  sensor_helpers.o(.text)
    ipmi_conv_reading                        0x080068eb   Thumb Code   574  sensor_helpers.o(.text)
    SensorState                              0x08006b29   Thumb Code   148  sensor_helpers.o(.text)
    sdr_convert_sensor_value_to_raw          0x08006bbd   Thumb Code   482  sensor_helpers.o(.text)
    adc_init                                 0x08006e27   Thumb Code    56  bsp_adc.o(.text)
    adc_get_value                            0x08006e5f   Thumb Code    64  bsp_adc.o(.text)
    capture_init                             0x0800700d   Thumb Code    24  bsp_capture.o(.text)
    capture_get_value                        0x08007025   Thumb Code    30  bsp_capture.o(.text)
    TIMER1_IRQHandler                        0x08007043   Thumb Code   198  bsp_capture.o(.text)
    TIMER7_BRK_TIMER11_IRQHandler            0x08007109   Thumb Code   228  bsp_capture.o(.text)
    i2c_channel_init                         0x0800731f   Thumb Code    38  bsp_i2c.o(.text)
    i2c_int                                  0x08007345   Thumb Code    16  bsp_i2c.o(.text)
    i2c0_bytes_write                         0x080076e9   Thumb Code    28  bsp_i2c.o(.text)
    i2c1_bytes_write                         0x08007705   Thumb Code    28  bsp_i2c.o(.text)
    i2c0_bytes_read                          0x08007721   Thumb Code    36  bsp_i2c.o(.text)
    i2c1_bytes_read                          0x08007745   Thumb Code    36  bsp_i2c.o(.text)
    I2C0_EV_IRQHandler                       0x08007769   Thumb Code   234  bsp_i2c.o(.text)
    I2C0_ER_IRQHandler                       0x08007853   Thumb Code   142  bsp_i2c.o(.text)
    i2c0_get_slave_device_data               0x080078e1   Thumb Code     6  bsp_i2c.o(.text)
    i2c0_set_as_slave_device_addr            0x0800790b   Thumb Code    18  bsp_i2c.o(.text)
    i2c1_set_as_slave_device_addr            0x0800791d   Thumb Code    18  bsp_i2c.o(.text)
    get_device_addr                          0x0800792f   Thumb Code    34  bsp_i2c.o(.text)
    led_init                                 0x080079e1   Thumb Code    30  bsp_led.o(.text)
    led1_set                                 0x080079ff   Thumb Code    18  bsp_led.o(.text)
    pwm_init                                 0x08007b77   Thumb Code    12  bsp_pwm.o(.text)
    pwm_set_duty_raw                         0x08007d49   Thumb Code    76  bsp_pwm.o(.text)
    pwm_set_duty_percent                     0x08007d95   Thumb Code    30  bsp_pwm.o(.text)
    com3_init                                0x08007dcd   Thumb Code   144  bsp_uart3.o(.text)
    UART3_IRQHandler                         0x08007e5d   Thumb Code    24  bsp_uart3.o(.text)
    uart3_send_dat                           0x08007e75   Thumb Code    42  bsp_uart3.o(.text)
    uart3_send_string                        0x08007e9f   Thumb Code    40  bsp_uart3.o(.text)
    uart3_get_data                           0x08007ec7   Thumb Code     6  bsp_uart3.o(.text)
    com0_init                                0x08007ed9   Thumb Code   146  bsp_usart0.o(.text)
    USART0_IRQHandler                        0x08007f6b   Thumb Code    12  bsp_usart0.o(.text)
    uart0_send_byte                          0x08007f77   Thumb Code    28  bsp_usart0.o(.text)
    uart0_send_dat                           0x08007f93   Thumb Code    42  bsp_usart0.o(.text)
    uart0_send_string                        0x08007fbd   Thumb Code    40  bsp_usart0.o(.text)
    uart0_get_data                           0x08007fe5   Thumb Code     6  bsp_usart0.o(.text)
    com1_init                                0x08007ff9   Thumb Code   202  bsp_usart1.o(.text)
    USART1_SendFinally                       0x080080c3   Thumb Code   106  bsp_usart1.o(.text)
    USART1_IRQHandler                        0x0800812d   Thumb Code    72  bsp_usart1.o(.text)
    fputc                                    0x08008175   Thumb Code    38  bsp_usart1.o(.text)
    uart1_send_byte                          0x0800819b   Thumb Code    14  bsp_usart1.o(.text)
    uart1_send_dat                           0x080081a9   Thumb Code    38  bsp_usart1.o(.text)
    uart1_send_string                        0x080081cf   Thumb Code    24  bsp_usart1.o(.text)
    uart1_get_data                           0x080081e7   Thumb Code    32  bsp_usart1.o(.text)
    uart1_dma_enable                         0x0800826d   Thumb Code   270  bsp_usart1.o(.text)
    addr_gpio_init                           0x08008425   Thumb Code   124  bsp_gpio.o(.text)
    get_board_addr                           0x080084a1   Thumb Code    74  bsp_gpio.o(.text)
    test_gpio_init                           0x080084eb   Thumb Code    26  bsp_gpio.o(.text)
    test_gpio_set                            0x08008505   Thumb Code    26  bsp_gpio.o(.text)
    nvic_config                              0x08008529   Thumb Code     2  bsp_timer.o(.text)
    timer_config                             0x0800852b   Thumb Code   146  bsp_timer.o(.text)
    timer_config_init                        0x080085bd   Thumb Code    12  bsp_timer.o(.text)
    TIMER4_IRQHandler                        0x080085c9   Thumb Code    34  bsp_timer.o(.text)
    Reset_Handler                            0x080085f5   Thumb Code     8  startup_gd32f30x_cl.o(.text)
    ADC0_1_IRQHandler                        0x0800860f   Thumb Code     0  startup_gd32f30x_cl.o(.text)
    CAN0_EWMC_IRQHandler                     0x0800860f   Thumb Code     0  startup_gd32f30x_cl.o(.text)
    CAN0_RX0_IRQHandler                      0x0800860f   Thumb Code     0  startup_gd32f30x_cl.o(.text)
    CAN0_RX1_IRQHandler                      0x0800860f   Thumb Code     0  startup_gd32f30x_cl.o(.text)
    CAN0_TX_IRQHandler                       0x0800860f   Thumb Code     0  startup_gd32f30x_cl.o(.text)
    CAN1_EWMC_IRQHandler                     0x0800860f   Thumb Code     0  startup_gd32f30x_cl.o(.text)
    CAN1_RX0_IRQHandler                      0x0800860f   Thumb Code     0  startup_gd32f30x_cl.o(.text)
    CAN1_RX1_IRQHandler                      0x0800860f   Thumb Code     0  startup_gd32f30x_cl.o(.text)
    CAN1_TX_IRQHandler                       0x0800860f   Thumb Code     0  startup_gd32f30x_cl.o(.text)
    DMA0_Channel0_IRQHandler                 0x0800860f   Thumb Code     0  startup_gd32f30x_cl.o(.text)
    DMA0_Channel1_IRQHandler                 0x0800860f   Thumb Code     0  startup_gd32f30x_cl.o(.text)
    DMA0_Channel2_IRQHandler                 0x0800860f   Thumb Code     0  startup_gd32f30x_cl.o(.text)
    DMA0_Channel3_IRQHandler                 0x0800860f   Thumb Code     0  startup_gd32f30x_cl.o(.text)
    DMA0_Channel4_IRQHandler                 0x0800860f   Thumb Code     0  startup_gd32f30x_cl.o(.text)
    DMA0_Channel5_IRQHandler                 0x0800860f   Thumb Code     0  startup_gd32f30x_cl.o(.text)
    DMA0_Channel6_IRQHandler                 0x0800860f   Thumb Code     0  startup_gd32f30x_cl.o(.text)
    DMA1_Channel0_IRQHandler                 0x0800860f   Thumb Code     0  startup_gd32f30x_cl.o(.text)
    DMA1_Channel1_IRQHandler                 0x0800860f   Thumb Code     0  startup_gd32f30x_cl.o(.text)
    DMA1_Channel2_IRQHandler                 0x0800860f   Thumb Code     0  startup_gd32f30x_cl.o(.text)
    DMA1_Channel3_IRQHandler                 0x0800860f   Thumb Code     0  startup_gd32f30x_cl.o(.text)
    DMA1_Channel4_IRQHandler                 0x0800860f   Thumb Code     0  startup_gd32f30x_cl.o(.text)
    ENET_WKUP_IRQHandler                     0x0800860f   Thumb Code     0  startup_gd32f30x_cl.o(.text)
    EXMC_IRQHandler                          0x0800860f   Thumb Code     0  startup_gd32f30x_cl.o(.text)
    EXTI0_IRQHandler                         0x0800860f   Thumb Code     0  startup_gd32f30x_cl.o(.text)
    EXTI10_15_IRQHandler                     0x0800860f   Thumb Code     0  startup_gd32f30x_cl.o(.text)
    EXTI1_IRQHandler                         0x0800860f   Thumb Code     0  startup_gd32f30x_cl.o(.text)
    EXTI2_IRQHandler                         0x0800860f   Thumb Code     0  startup_gd32f30x_cl.o(.text)
    EXTI3_IRQHandler                         0x0800860f   Thumb Code     0  startup_gd32f30x_cl.o(.text)
    EXTI4_IRQHandler                         0x0800860f   Thumb Code     0  startup_gd32f30x_cl.o(.text)
    EXTI5_9_IRQHandler                       0x0800860f   Thumb Code     0  startup_gd32f30x_cl.o(.text)
    FMC_IRQHandler                           0x0800860f   Thumb Code     0  startup_gd32f30x_cl.o(.text)
    I2C1_ER_IRQHandler                       0x0800860f   Thumb Code     0  startup_gd32f30x_cl.o(.text)
    I2C1_EV_IRQHandler                       0x0800860f   Thumb Code     0  startup_gd32f30x_cl.o(.text)
    LVD_IRQHandler                           0x0800860f   Thumb Code     0  startup_gd32f30x_cl.o(.text)
    RCU_CTC_IRQHandler                       0x0800860f   Thumb Code     0  startup_gd32f30x_cl.o(.text)
    RTC_Alarm_IRQHandler                     0x0800860f   Thumb Code     0  startup_gd32f30x_cl.o(.text)
    RTC_IRQHandler                           0x0800860f   Thumb Code     0  startup_gd32f30x_cl.o(.text)
    SPI0_IRQHandler                          0x0800860f   Thumb Code     0  startup_gd32f30x_cl.o(.text)
    SPI1_IRQHandler                          0x0800860f   Thumb Code     0  startup_gd32f30x_cl.o(.text)
    SPI2_IRQHandler                          0x0800860f   Thumb Code     0  startup_gd32f30x_cl.o(.text)
    TAMPER_IRQHandler                        0x0800860f   Thumb Code     0  startup_gd32f30x_cl.o(.text)
    TIMER0_BRK_TIMER8_IRQHandler             0x0800860f   Thumb Code     0  startup_gd32f30x_cl.o(.text)
    TIMER0_Channel_IRQHandler                0x0800860f   Thumb Code     0  startup_gd32f30x_cl.o(.text)
    TIMER0_TRG_CMT_TIMER10_IRQHandler        0x0800860f   Thumb Code     0  startup_gd32f30x_cl.o(.text)
    TIMER0_UP_TIMER9_IRQHandler              0x0800860f   Thumb Code     0  startup_gd32f30x_cl.o(.text)
    TIMER2_IRQHandler                        0x0800860f   Thumb Code     0  startup_gd32f30x_cl.o(.text)
    TIMER3_IRQHandler                        0x0800860f   Thumb Code     0  startup_gd32f30x_cl.o(.text)
    TIMER5_IRQHandler                        0x0800860f   Thumb Code     0  startup_gd32f30x_cl.o(.text)
    TIMER6_IRQHandler                        0x0800860f   Thumb Code     0  startup_gd32f30x_cl.o(.text)
    TIMER7_Channel_IRQHandler                0x0800860f   Thumb Code     0  startup_gd32f30x_cl.o(.text)
    TIMER7_TRG_CMT_TIMER13_IRQHandler        0x0800860f   Thumb Code     0  startup_gd32f30x_cl.o(.text)
    TIMER7_UP_TIMER12_IRQHandler             0x0800860f   Thumb Code     0  startup_gd32f30x_cl.o(.text)
    UART4_IRQHandler                         0x0800860f   Thumb Code     0  startup_gd32f30x_cl.o(.text)
    USART2_IRQHandler                        0x0800860f   Thumb Code     0  startup_gd32f30x_cl.o(.text)
    USBFS_IRQHandler                         0x0800860f   Thumb Code     0  startup_gd32f30x_cl.o(.text)
    USBFS_WKUP_IRQHandler                    0x0800860f   Thumb Code     0  startup_gd32f30x_cl.o(.text)
    WWDGT_IRQHandler                         0x0800860f   Thumb Code     0  startup_gd32f30x_cl.o(.text)
    vListInitialise                          0x08008619   Thumb Code    26  list.o(.text)
    vListInitialiseItem                      0x08008633   Thumb Code     6  list.o(.text)
    vListInsertEnd                           0x08008639   Thumb Code    24  list.o(.text)
    vListInsert                              0x08008651   Thumb Code    52  list.o(.text)
    uxListRemove                             0x08008685   Thumb Code    40  list.o(.text)
    xQueueGenericReset                       0x080086ad   Thumb Code   136  queue.o(.text)
    xQueueGenericCreate                      0x08008763   Thumb Code    80  queue.o(.text)
    xQueueGenericSend                        0x0800895d   Thumb Code   470  queue.o(.text)
    xQueueCreateMutex                        0x08008b51   Thumb Code    34  queue.o(.text)
    xQueueGiveMutexRecursive                 0x08008b73   Thumb Code    66  queue.o(.text)
    xQueueSemaphoreTake                      0x08008be3   Thumb Code   410  queue.o(.text)
    xQueueTakeMutexRecursive                 0x08008d7d   Thumb Code    72  queue.o(.text)
    xQueueCreateCountingSemaphore            0x08008dc5   Thumb Code    80  queue.o(.text)
    xQueueGenericSendFromISR                 0x08008e15   Thumb Code   250  queue.o(.text)
    xQueueGiveFromISR                        0x08008f0f   Thumb Code   228  queue.o(.text)
    xQueueReceive                            0x0800901d   Thumb Code   338  queue.o(.text)
    xQueuePeek                               0x0800916f   Thumb Code   344  queue.o(.text)
    xQueueReceiveFromISR                     0x080092c7   Thumb Code   190  queue.o(.text)
    xQueuePeekFromISR                        0x08009385   Thumb Code   158  queue.o(.text)
    uxQueueMessagesWaiting                   0x08009423   Thumb Code    36  queue.o(.text)
    uxQueueSpacesAvailable                   0x08009447   Thumb Code    42  queue.o(.text)
    uxQueueMessagesWaitingFromISR            0x08009471   Thumb Code    36  queue.o(.text)
    vQueueUnregisterQueue                    0x08009495   Thumb Code    44  queue.o(.text)
    vQueueDelete                             0x080094c1   Thumb Code    38  queue.o(.text)
    uxQueueGetQueueNumber                    0x080094e7   Thumb Code     6  queue.o(.text)
    vQueueSetQueueNumber                     0x080094ed   Thumb Code     4  queue.o(.text)
    ucQueueGetQueueType                      0x080094f1   Thumb Code     8  queue.o(.text)
    xQueueIsQueueEmptyFromISR                0x080094f9   Thumb Code    38  queue.o(.text)
    xQueueIsQueueFullFromISR                 0x0800951f   Thumb Code    42  queue.o(.text)
    vQueueAddToRegistry                      0x08009549   Thumb Code    38  queue.o(.text)
    pcQueueGetName                           0x0800956f   Thumb Code    38  queue.o(.text)
    vQueueWaitForMessageRestricted           0x08009595   Thumb Code    74  queue.o(.text)
    xQueueCreateSet                          0x080095df   Thumb Code    20  queue.o(.text)
    xQueueAddToSet                           0x080095f3   Thumb Code    38  queue.o(.text)
    xQueueRemoveFromSet                      0x08009619   Thumb Code    48  queue.o(.text)
    xQueueSelectFromSet                      0x08009649   Thumb Code    24  queue.o(.text)
    xQueueSelectFromSetFromISR               0x08009661   Thumb Code    22  queue.o(.text)
    xTaskCreate                              0x08009817   Thumb Code    98  tasks.o(.text)
    vTaskDelete                              0x080098b5   Thumb Code   192  tasks.o(.text)
    xTaskIncrementTick                       0x08009975   Thumb Code   386  tasks.o(.text)
    xTaskResumeAll                           0x08009af7   Thumb Code   218  tasks.o(.text)
    vTaskSuspendAll                          0x08009c4d   Thumb Code    12  tasks.o(.text)
    vTaskDelayUntil                          0x08009c59   Thumb Code   182  tasks.o(.text)
    vTaskDelay                               0x08009d0f   Thumb Code    76  tasks.o(.text)
    eTaskGetState                            0x08009d5b   Thumb Code   122  tasks.o(.text)
    uxTaskPriorityGet                        0x08009dd5   Thumb Code    30  tasks.o(.text)
    uxTaskPriorityGetFromISR                 0x08009df3   Thumb Code    62  tasks.o(.text)
    vTaskPrioritySet                         0x08009e31   Thumb Code   314  tasks.o(.text)
    vTaskSwitchContext                       0x08009f6b   Thumb Code   114  tasks.o(.text)
    vTaskSuspend                             0x08009fdd   Thumb Code   204  tasks.o(.text)
    vTaskResume                              0x0800a0f5   Thumb Code   122  tasks.o(.text)
    xTaskResumeFromISR                       0x0800a16f   Thumb Code   152  tasks.o(.text)
    vTaskStartScheduler                      0x0800a267   Thumb Code   112  tasks.o(.text)
    vTaskEndScheduler                        0x0800a2d7   Thumb Code    32  tasks.o(.text)
    xTaskGetTickCount                        0x0800a2f7   Thumb Code    78  tasks.o(.text)
    xTaskGetTickCountFromISR                 0x0800a345   Thumb Code    16  tasks.o(.text)
    uxTaskGetNumberOfTasks                   0x0800a355   Thumb Code     6  tasks.o(.text)
    pcTaskGetName                            0x0800a35b   Thumb Code    40  tasks.o(.text)
    vTaskGetInfo                             0x0800a399   Thumb Code   126  tasks.o(.text)
    uxTaskGetSystemState                     0x0800a481   Thumb Code   152  tasks.o(.text)
    vTaskPlaceOnEventList                    0x0800a519   Thumb Code    46  tasks.o(.text)
    vTaskPlaceOnUnorderedEventList           0x0800a547   Thumb Code    88  tasks.o(.text)
    vTaskPlaceOnEventListRestricted          0x0800a59f   Thumb Code    54  tasks.o(.text)
    xTaskRemoveFromEventList                 0x0800a5d5   Thumb Code   122  tasks.o(.text)
    vTaskRemoveFromUnorderedEventList        0x0800a64f   Thumb Code   130  tasks.o(.text)
    vTaskSetTimeOutState                     0x0800a6d1   Thumb Code    44  tasks.o(.text)
    vTaskInternalSetTimeOutState             0x0800a6fd   Thumb Code    14  tasks.o(.text)
    xTaskCheckForTimeOut                     0x0800a70b   Thumb Code   174  tasks.o(.text)
    vTaskMissedYield                         0x0800a7b9   Thumb Code     8  tasks.o(.text)
    uxTaskGetTaskNumber                      0x0800a7c1   Thumb Code    14  tasks.o(.text)
    vTaskSetTaskNumber                       0x0800a7cf   Thumb Code     8  tasks.o(.text)
    xTaskGetCurrentTaskHandle                0x0800a7d7   Thumb Code     6  tasks.o(.text)
    xTaskGetSchedulerState                   0x0800a7dd   Thumb Code    24  tasks.o(.text)
    xTaskPriorityInherit                     0x0800a7f5   Thumb Code   186  tasks.o(.text)
    xTaskPriorityDisinherit                  0x0800a8af   Thumb Code   176  tasks.o(.text)
    vTaskPriorityDisinheritAfterTimeout      0x0800a95f   Thumb Code   218  tasks.o(.text)
    vTaskList                                0x0800aa63   Thumb Code   200  tasks.o(.text)
    uxTaskResetEventItemValue                0x0800ab2b   Thumb Code    24  tasks.o(.text)
    pvTaskIncrementMutexHeldCount            0x0800ab43   Thumb Code    74  tasks.o(.text)
    ulTaskNotifyTake                         0x0800ab8d   Thumb Code   108  tasks.o(.text)
    xTaskNotifyWait                          0x0800abf9   Thumb Code   150  tasks.o(.text)
    xTaskGenericNotify                       0x0800ac8f   Thumb Code   256  tasks.o(.text)
    xTaskGenericNotifyFromISR                0x0800ad8f   Thumb Code   310  tasks.o(.text)
    vTaskNotifyGiveFromISR                   0x0800aec5   Thumb Code   232  tasks.o(.text)
    xTaskNotifyStateClear                    0x0800afad   Thumb Code    48  tasks.o(.text)
    xTimerGenericCommand                     0x0800b031   Thumb Code   118  timers.o(.text)
    xTimerCreateTimerTask                    0x0800b397   Thumb Code    54  timers.o(.text)
    xTimerCreate                             0x0800b473   Thumb Code    48  timers.o(.text)
    xTimerGetTimerDaemonTaskHandle           0x0800b4a3   Thumb Code    38  timers.o(.text)
    xTimerGetPeriod                          0x0800b4c9   Thumb Code    28  timers.o(.text)
    xTimerGetExpiryTime                      0x0800b4e5   Thumb Code    30  timers.o(.text)
    pcTimerGetName                           0x0800b503   Thumb Code    28  timers.o(.text)
    xTimerIsTimerActive                      0x0800b51f   Thumb Code    56  timers.o(.text)
    pvTimerGetTimerID                        0x0800b557   Thumb Code    38  timers.o(.text)
    vTimerSetTimerID                         0x0800b57d   Thumb Code    38  timers.o(.text)
    xTimerPendFunctionCallFromISR            0x0800b5a3   Thumb Code    48  timers.o(.text)
    xTimerPendFunctionCall                   0x0800b5d3   Thumb Code    70  timers.o(.text)
    uxTimerGetTimerNumber                    0x0800b619   Thumb Code     6  timers.o(.text)
    vTimerSetTimerNumber                     0x0800b61f   Thumb Code     4  timers.o(.text)
    pvPortMalloc                             0x0800b6ef   Thumb Code   262  heap_4.o(.text)
    vPortFree                                0x0800b7f5   Thumb Code   120  heap_4.o(.text)
    xPortGetFreeHeapSize                     0x0800b86d   Thumb Code     6  heap_4.o(.text)
    xPortGetMinimumEverFreeHeapSize          0x0800b873   Thumb Code     6  heap_4.o(.text)
    vPortInitialiseBlocks                    0x0800b879   Thumb Code     2  heap_4.o(.text)
    pxPortInitialiseStack                    0x0800b8fd   Thumb Code    30  port.o(.text)
    vPortSetupTimerInterrupt                 0x0800b91b   Thumb Code    36  port.o(.text)
    xPortStartScheduler                      0x0800b93f   Thumb Code   240  port.o(.text)
    vPortEndScheduler                        0x0800ba2f   Thumb Code    34  port.o(.text)
    vPortEnterCritical                       0x0800ba51   Thumb Code    70  port.o(.text)
    vPortExitCritical                        0x0800ba97   Thumb Code    48  port.o(.text)
    xPortSysTickHandler                      0x0800bac7   Thumb Code    52  port.o(.text)
    vPortValidateInterruptPriority           0x0800bafb   Thumb Code    88  port.o(.text)
    shellWriteString                         0x0800bbad   Thumb Code    40  shell.o(.text)
    shellToHex                               0x0800bc29   Thumb Code    56  shell.o(.text)
    shellCheckPermission                     0x0800bcad   Thumb Code    54  shell.o(.text)
    shellSeekCommand                         0x0800bce3   Thumb Code   122  shell.o(.text)
    shellInit                                0x0800bdc9   Thumb Code   138  shell.o(.text)
    shellGetCurrent                          0x0800be53   Thumb Code    48  shell.o(.text)
    shellPrint                               0x0800bee1   Thumb Code    50  shell.o(.text)
    shellToDec                               0x0800bf13   Thumb Code    86  shell.o(.text)
    shellListItem                            0x0800c00b   Thumb Code   240  shell.o(.text)
    shellListCommand                         0x0800c0fb   Thumb Code    70  shell.o(.text)
    shellListVar                             0x0800c141   Thumb Code    84  shell.o(.text)
    shellListUser                            0x0800c195   Thumb Code    84  shell.o(.text)
    shellListKey                             0x0800c1e9   Thumb Code    84  shell.o(.text)
    shellListAll                             0x0800c23d   Thumb Code    12  shell.o(.text)
    shellDeleteCommandLine                   0x0800c249   Thumb Code    28  shell.o(.text)
    shellClearCommandLine                    0x0800c265   Thumb Code    40  shell.o(.text)
    shellInsertByte                          0x0800c28d   Thumb Code   212  shell.o(.text)
    shellDeleteByte                          0x0800c361   Thumb Code   232  shell.o(.text)
    shellGetVarValue                         0x0800c53f   Thumb Code    84  shell.o(.text)
    shellSetVarValue                         0x0800c633   Thumb Code   140  shell.o(.text)
    shellSetVar                              0x0800c6bf   Thumb Code   106  shell.o(.text)
    shellRunCommand                          0x0800c793   Thumb Code   174  shell.o(.text)
    shellNormalInput                         0x0800c9e9   Thumb Code    28  shell.o(.text)
    shellExec                                0x0800ca05   Thumb Code   110  shell.o(.text)
    shellUp                                  0x0800ca73   Thumb Code    14  shell.o(.text)
    shellDown                                0x0800ca81   Thumb Code    16  shell.o(.text)
    shellRight                               0x0800ca91   Thumb Code    30  shell.o(.text)
    shellLeft                                0x0800caaf   Thumb Code    26  shell.o(.text)
    shellTab                                 0x0800cac9   Thumb Code   378  shell.o(.text)
    shellBackspace                           0x0800cc43   Thumb Code    14  shell.o(.text)
    shellDelete                              0x0800cc51   Thumb Code    16  shell.o(.text)
    shellEnter                               0x0800cc61   Thumb Code    20  shell.o(.text)
    shellHelp                                0x0800cc75   Thumb Code   118  shell.o(.text)
    shellHandler                             0x0800cceb   Thumb Code   246  shell.o(.text)
    shellTask                                0x0800cde1   Thumb Code    42  shell.o(.text)
    shellUsers                               0x0800ce0b   Thumb Code    18  shell.o(.text)
    shellCmds                                0x0800ce1d   Thumb Code    18  shell.o(.text)
    shellVars                                0x0800ce2f   Thumb Code    34  shell.o(.text)
    shellKeys                                0x0800ce51   Thumb Code    18  shell.o(.text)
    shellClear                               0x0800ce63   Thumb Code    22  shell.o(.text)
    shellRun                                 0x0800ce79   Thumb Code    86  shell.o(.text)
    agencyshellRun                           0x0800ced5   Thumb Code    32  shell_cmd_list.o(.text)
    shellExtParsePara                        0x0800d11f   Thumb Code    86  shell_ext.o(.text)
    shellExtRun                              0x0800d175   Thumb Code   202  shell_ext.o(.text)
    userShellWrite                           0x0800d245   Thumb Code    12  shell_port.o(.text)
    userShellRead                            0x0800d251   Thumb Code    32  shell_port.o(.text)
    userShellInit                            0x0800d271   Thumb Code    30  shell_port.o(.text)
    rand                                     0x0800d299   Thumb Code    20  rand.o(.text)
    srand                                    0x0800d2ad   Thumb Code     6  rand.o(.text)
    __aeabi_memcpy                           0x0800d2bd   Thumb Code    36  memcpya.o(.text)
    __aeabi_memcpy4                          0x0800d2bd   Thumb Code     0  memcpya.o(.text)
    __aeabi_memcpy8                          0x0800d2bd   Thumb Code     0  memcpya.o(.text)
    __aeabi_memset                           0x0800d2e1   Thumb Code    14  memseta.o(.text)
    __aeabi_memset4                          0x0800d2e1   Thumb Code     0  memseta.o(.text)
    __aeabi_memset8                          0x0800d2e1   Thumb Code     0  memseta.o(.text)
    __aeabi_memclr                           0x0800d2ef   Thumb Code     4  memseta.o(.text)
    __aeabi_memclr4                          0x0800d2ef   Thumb Code     0  memseta.o(.text)
    __aeabi_memclr8                          0x0800d2ef   Thumb Code     0  memseta.o(.text)
    _memset$wrapper                          0x0800d2f3   Thumb Code    18  memseta.o(.text)
    strlen                                   0x0800d305   Thumb Code    14  strlen.o(.text)
    strcmp                                   0x0800d313   Thumb Code    28  strcmp.o(.text)
    strcpy                                   0x0800d32f   Thumb Code    18  strcpy.o(.text)
    strncmp                                  0x0800d341   Thumb Code    30  strncmp.o(.text)
    strtok                                   0x0800d361   Thumb Code    62  strtok.o(.text)
    __0sscanf                                0x0800d3a5   Thumb Code    48  __0sscanf.o(.text)
    _scanf_int                               0x0800d3dd   Thumb Code   332  _scanf_int.o(.text)
    strtol                                   0x0800d529   Thumb Code   112  strtol.o(.text)
    atoi                                     0x0800d599   Thumb Code    26  atoi.o(.text)
    __aeabi_dadd                             0x0800d5b3   Thumb Code   322  dadd.o(.text)
    __aeabi_dsub                             0x0800d6f5   Thumb Code     6  dadd.o(.text)
    __aeabi_drsub                            0x0800d6fb   Thumb Code     6  dadd.o(.text)
    __aeabi_dmul                             0x0800d701   Thumb Code   228  dmul.o(.text)
    __aeabi_ddiv                             0x0800d7e5   Thumb Code   222  ddiv.o(.text)
    __aeabi_i2d                              0x0800d8c3   Thumb Code    34  dflti.o(.text)
    __aeabi_d2iz                             0x0800d8e5   Thumb Code    62  dfixi.o(.text)
    __aeabi_d2uiz                            0x0800d923   Thumb Code    50  dfixui.o(.text)
    __aeabi_f2d                              0x0800d955   Thumb Code    38  f2d.o(.text)
    __aeabi_cdrcmple                         0x0800d97d   Thumb Code    48  cdrcmple.o(.text)
    __aeabi_d2f                              0x0800d9ad   Thumb Code    56  d2f.o(.text)
    __aeabi_uidiv                            0x0800d9e5   Thumb Code     0  uidiv.o(.text)
    __aeabi_uidivmod                         0x0800d9e5   Thumb Code    44  uidiv.o(.text)
    __aeabi_uldivmod                         0x0800da11   Thumb Code    98  uldiv.o(.text)
    __aeabi_llsl                             0x0800da73   Thumb Code    30  llshl.o(.text)
    _ll_shift_l                              0x0800da73   Thumb Code     0  llshl.o(.text)
    __aeabi_llsr                             0x0800da91   Thumb Code    32  llushr.o(.text)
    _ll_ushift_r                             0x0800da91   Thumb Code     0  llushr.o(.text)
    __aeabi_lasr                             0x0800dab1   Thumb Code    36  llsshr.o(.text)
    _ll_sshift_r                             0x0800dab1   Thumb Code     0  llsshr.o(.text)
    __rt_ctype_table                         0x0800dad5   Thumb Code     4  ctype_o.o(.text)
    isspace                                  0x0800dadd   Thumb Code    18  isspace_o.o(.text)
    _chval                                   0x0800daef   Thumb Code    28  _chval.o(.text)
    __vfscanf_char                           0x0800db19   Thumb Code    20  scanf_char.o(.text)
    _sgetc                                   0x0800db35   Thumb Code    30  _sgetc.o(.text)
    _sbackspace                              0x0800db53   Thumb Code    34  _sgetc.o(.text)
    _strtoul                                 0x0800db75   Thumb Code   158  _strtoul.o(.text)
    __I$use$fp                               0x0800dc13   Thumb Code     0  iusefp.o(.text)
    _float_round                             0x0800dc13   Thumb Code    18  fepilogue.o(.text)
    _float_epilogue                          0x0800dc25   Thumb Code    92  fepilogue.o(.text)
    _double_round                            0x0800dc81   Thumb Code    30  depilogue.o(.text)
    _double_epilogue                         0x0800dc9f   Thumb Code   156  depilogue.o(.text)
    __ARM_scalbn                             0x0800dd3b   Thumb Code    46  dscalb.o(.text)
    scalbn                                   0x0800dd3b   Thumb Code     0  dscalb.o(.text)
    __aeabi_d2ulz                            0x0800dd69   Thumb Code    48  dfixul.o(.text)
    __scatterload                            0x0800dd99   Thumb Code    28  init.o(.text)
    __scatterload_rt2                        0x0800dd99   Thumb Code     0  init.o(.text)
    __vfscanf                                0x0800ddbd   Thumb Code   810  _scanf.o(.text)
    _dsqrt                                   0x0800e0ed   Thumb Code   162  dsqrt.o(.text)
    __decompress                             0x0800e18f   Thumb Code     0  __dczerorl2.o(.text)
    __decompress1                            0x0800e18f   Thumb Code    86  __dczerorl2.o(.text)
    CalculateCheckSum                        0x0800e1e5   Thumb Code    30  ipmi_common.o(i.CalculateCheckSum)
    CalculateCheckSum2                       0x0800e203   Thumb Code    30  ipmi_common.o(i.CalculateCheckSum2)
    CheckMsgValidation                       0x0800e221   Thumb Code    56  ipmi_common.o(i.CheckMsgValidation)
    SystemInit                               0x0800e259   Thumb Code   156  system_gd32f30x.o(i.SystemInit)
    __0printf                                0x0800e301   Thumb Code    22  printfa.o(i.__0printf)
    __1printf                                0x0800e301   Thumb Code     0  printfa.o(i.__0printf)
    __2printf                                0x0800e301   Thumb Code     0  printfa.o(i.__0printf)
    __c89printf                              0x0800e301   Thumb Code     0  printfa.o(i.__0printf)
    printf                                   0x0800e301   Thumb Code     0  printfa.o(i.__0printf)
    __0sprintf                               0x0800e321   Thumb Code    34  printfa.o(i.__0sprintf)
    __1sprintf                               0x0800e321   Thumb Code     0  printfa.o(i.__0sprintf)
    __2sprintf                               0x0800e321   Thumb Code     0  printfa.o(i.__0sprintf)
    __c89sprintf                             0x0800e321   Thumb Code     0  printfa.o(i.__0sprintf)
    sprintf                                  0x0800e321   Thumb Code     0  printfa.o(i.__0sprintf)
    __0vsnprintf                             0x0800e349   Thumb Code    46  printfa.o(i.__0vsnprintf)
    __1vsnprintf                             0x0800e349   Thumb Code     0  printfa.o(i.__0vsnprintf)
    __2vsnprintf                             0x0800e349   Thumb Code     0  printfa.o(i.__0vsnprintf)
    __c89vsnprintf                           0x0800e349   Thumb Code     0  printfa.o(i.__0vsnprintf)
    vsnprintf                                0x0800e349   Thumb Code     0  printfa.o(i.__0vsnprintf)
    __ARM_fpclassify                         0x0800e37d   Thumb Code    48  fpclassify.o(i.__ARM_fpclassify)
    __aeabi_errno_addr                       0x0800e3ad   Thumb Code     4  errno.o(i.__aeabi_errno_addr)
    __rt_errno_addr                          0x0800e3ad   Thumb Code     0  errno.o(i.__aeabi_errno_addr)
    __hardfp_ceil                            0x0800e3b9   Thumb Code   252  ceil.o(i.__hardfp_ceil)
    __hardfp_pow                             0x0800e4d1   Thumb Code  3072  pow.o(i.__hardfp_pow)
    __kernel_poly                            0x0800f121   Thumb Code   248  poly.o(i.__kernel_poly)
    __mathlib_dbl_divzero                    0x0800f219   Thumb Code    28  dunder.o(i.__mathlib_dbl_divzero)
    __mathlib_dbl_infnan2                    0x0800f249   Thumb Code    20  dunder.o(i.__mathlib_dbl_infnan2)
    __mathlib_dbl_invalid                    0x0800f261   Thumb Code    24  dunder.o(i.__mathlib_dbl_invalid)
    __mathlib_dbl_overflow                   0x0800f281   Thumb Code    24  dunder.o(i.__mathlib_dbl_overflow)
    __mathlib_dbl_underflow                  0x0800f2a1   Thumb Code    24  dunder.o(i.__mathlib_dbl_underflow)
    __scatterload_copy                       0x0800f2c1   Thumb Code    14  handlers.o(i.__scatterload_copy)
    __scatterload_null                       0x0800f2cf   Thumb Code     2  handlers.o(i.__scatterload_null)
    __scatterload_zeroinit                   0x0800f2d1   Thumb Code    14  handlers.o(i.__scatterload_zeroinit)
    __set_errno                              0x0800f2e1   Thumb Code     6  errno.o(i.__set_errno)
    adc_calibration_enable                   0x0800fb97   Thumb Code    42  gd32f30x_adc.o(i.adc_calibration_enable)
    adc_channel_length_config                0x0800fbc1   Thumb Code    70  gd32f30x_adc.o(i.adc_channel_length_config)
    adc_data_alignment_config                0x0800fc07   Thumb Code    22  gd32f30x_adc.o(i.adc_data_alignment_config)
    adc_deinit                               0x0800fc1d   Thumb Code    84  gd32f30x_adc.o(i.adc_deinit)
    adc_discontinuous_mode_config            0x0800fc75   Thumb Code    76  gd32f30x_adc.o(i.adc_discontinuous_mode_config)
    adc_enable                               0x0800fcc1   Thumb Code    18  gd32f30x_adc.o(i.adc_enable)
    adc_external_trigger_config              0x0800fcd3   Thumb Code    62  gd32f30x_adc.o(i.adc_external_trigger_config)
    adc_external_trigger_source_config       0x0800fd11   Thumb Code    48  gd32f30x_adc.o(i.adc_external_trigger_source_config)
    adc_flag_clear                           0x0800fd41   Thumb Code     8  gd32f30x_adc.o(i.adc_flag_clear)
    adc_flag_get                             0x0800fd49   Thumb Code    14  gd32f30x_adc.o(i.adc_flag_get)
    adc_mode_config                          0x0800fd59   Thumb Code    22  gd32f30x_adc.o(i.adc_mode_config)
    adc_regular_channel_config               0x0800fd75   Thumb Code   172  gd32f30x_adc.o(i.adc_regular_channel_config)
    adc_regular_data_read                    0x0800fe21   Thumb Code     8  gd32f30x_adc.o(i.adc_regular_data_read)
    adc_software_trigger_enable              0x0800fe29   Thumb Code    30  gd32f30x_adc.o(i.adc_software_trigger_enable)
    dma_channel_enable                       0x0800fe47   Thumb Code    50  gd32f30x_dma.o(i.dma_channel_enable)
    dma_circulation_disable                  0x0800fe79   Thumb Code    50  gd32f30x_dma.o(i.dma_circulation_disable)
    dma_deinit                               0x0800feab   Thumb Code   112  gd32f30x_dma.o(i.dma_deinit)
    dma_flag_get                             0x0800ff1b   Thumb Code    24  gd32f30x_dma.o(i.dma_flag_get)
    dma_init                                 0x0800ff33   Thumb Code   302  gd32f30x_dma.o(i.dma_init)
    dma_transfer_number_get                  0x08010079   Thumb Code    34  gd32f30x_dma.o(i.dma_transfer_number_get)
    fabs                                     0x0801009b   Thumb Code    24  fabs.o(i.fabs)
    fwdgt_config                             0x080100b5   Thumb Code    94  gd32f30x_fwdgt.o(i.fwdgt_config)
    fwdgt_counter_reload                     0x0801011d   Thumb Code    10  gd32f30x_fwdgt.o(i.fwdgt_counter_reload)
    fwdgt_enable                             0x0801012d   Thumb Code    10  gd32f30x_fwdgt.o(i.fwdgt_enable)
    gpio_init                                0x0801013d   Thumb Code   188  gd32f30x_gpio.o(i.gpio_init)
    gpio_input_bit_get                       0x080101f9   Thumb Code    16  gd32f30x_gpio.o(i.gpio_input_bit_get)
    gpio_pin_remap_config                    0x08010209   Thumb Code   138  gd32f30x_gpio.o(i.gpio_pin_remap_config)
    i2c_ack_config                           0x08010299   Thumb Code    16  gd32f30x_i2c.o(i.i2c_ack_config)
    i2c_ackpos_config                        0x080102a9   Thumb Code    16  gd32f30x_i2c.o(i.i2c_ackpos_config)
    i2c_clock_config                         0x080102b9   Thumb Code   306  gd32f30x_i2c.o(i.i2c_clock_config)
    i2c_data_receive                         0x080103f9   Thumb Code     8  gd32f30x_i2c.o(i.i2c_data_receive)
    i2c_data_transmit                        0x08010401   Thumb Code     6  gd32f30x_i2c.o(i.i2c_data_transmit)
    i2c_deinit                               0x08010409   Thumb Code    60  gd32f30x_i2c.o(i.i2c_deinit)
    i2c_enable                               0x08010449   Thumb Code    10  gd32f30x_i2c.o(i.i2c_enable)
    i2c_flag_clear                           0x08010453   Thumb Code    40  gd32f30x_i2c.o(i.i2c_flag_clear)
    i2c_flag_get                             0x0801047b   Thumb Code    30  gd32f30x_i2c.o(i.i2c_flag_get)
    i2c_interrupt_disable                    0x08010499   Thumb Code    26  gd32f30x_i2c.o(i.i2c_interrupt_disable)
    i2c_interrupt_enable                     0x080104b3   Thumb Code    26  gd32f30x_i2c.o(i.i2c_interrupt_enable)
    i2c_interrupt_flag_clear                 0x080104cd   Thumb Code    38  gd32f30x_i2c.o(i.i2c_interrupt_flag_clear)
    i2c_interrupt_flag_get                   0x080104f9   Thumb Code    84  gd32f30x_i2c.o(i.i2c_interrupt_flag_get)
    i2c_master_addressing                    0x08010555   Thumb Code    20  gd32f30x_i2c.o(i.i2c_master_addressing)
    i2c_mode_addr_config                     0x08010569   Thumb Code    28  gd32f30x_i2c.o(i.i2c_mode_addr_config)
    i2c_start_on_bus                         0x08010585   Thumb Code    10  gd32f30x_i2c.o(i.i2c_start_on_bus)
    i2c_stop_on_bus                          0x0801058f   Thumb Code    10  gd32f30x_i2c.o(i.i2c_stop_on_bus)
    nvic_irq_enable                          0x08010599   Thumb Code   186  gd32f30x_misc.o(i.nvic_irq_enable)
    nvic_priority_group_set                  0x0801065d   Thumb Code    10  gd32f30x_misc.o(i.nvic_priority_group_set)
    pidInit                                  0x08010671   Thumb Code    40  pid.o(i.pidInit)
    rcu_adc_clock_config                     0x08010699   Thumb Code    98  gd32f30x_rcu.o(i.rcu_adc_clock_config)
    rcu_clock_freq_get                       0x08010705   Thumb Code   310  gd32f30x_rcu.o(i.rcu_clock_freq_get)
    rcu_flag_get                             0x0801085d   Thumb Code    30  gd32f30x_rcu.o(i.rcu_flag_get)
    rcu_periph_clock_enable                  0x08010881   Thumb Code    28  gd32f30x_rcu.o(i.rcu_periph_clock_enable)
    rcu_periph_reset_disable                 0x080108a1   Thumb Code    28  gd32f30x_rcu.o(i.rcu_periph_reset_disable)
    rcu_periph_reset_enable                  0x080108c1   Thumb Code    28  gd32f30x_rcu.o(i.rcu_periph_reset_enable)
    sqrt                                     0x080108e1   Thumb Code   110  sqrt.o(i.sqrt)
    timer_auto_reload_shadow_enable          0x08010a6d   Thumb Code    10  gd32f30x_timer.o(i.timer_auto_reload_shadow_enable)
    timer_channel_capture_value_register_read 0x08010a77   Thumb Code    42  gd32f30x_timer.o(i.timer_channel_capture_value_register_read)
    timer_channel_input_capture_prescaler_config 0x08010aa1   Thumb Code    90  gd32f30x_timer.o(i.timer_channel_input_capture_prescaler_config)
    timer_channel_output_config              0x08010afd   Thumb Code   484  gd32f30x_timer.o(i.timer_channel_output_config)
    timer_channel_output_mode_config         0x08010ce9   Thumb Code    90  gd32f30x_timer.o(i.timer_channel_output_mode_config)
    timer_channel_output_pulse_value_config  0x08010d43   Thumb Code    38  gd32f30x_timer.o(i.timer_channel_output_pulse_value_config)
    timer_channel_output_shadow_config       0x08010d69   Thumb Code    90  gd32f30x_timer.o(i.timer_channel_output_shadow_config)
    timer_channel_output_struct_para_init    0x08010dc3   Thumb Code    16  gd32f30x_timer.o(i.timer_channel_output_struct_para_init)
    timer_deinit                             0x08010dd5   Thumb Code   374  gd32f30x_timer.o(i.timer_deinit)
    timer_enable                             0x08010f59   Thumb Code    10  gd32f30x_timer.o(i.timer_enable)
    timer_init                               0x08010f65   Thumb Code   122  gd32f30x_timer.o(i.timer_init)
    timer_input_capture_config               0x08010ffd   Thumb Code   326  gd32f30x_timer.o(i.timer_input_capture_config)
    timer_interrupt_enable                   0x08011143   Thumb Code     8  gd32f30x_timer.o(i.timer_interrupt_enable)
    timer_interrupt_flag_clear               0x0801114b   Thumb Code     6  gd32f30x_timer.o(i.timer_interrupt_flag_clear)
    timer_interrupt_flag_get                 0x08011151   Thumb Code    24  gd32f30x_timer.o(i.timer_interrupt_flag_get)
    timer_primary_output_config              0x08011169   Thumb Code    24  gd32f30x_timer.o(i.timer_primary_output_config)
    timer_struct_para_init                   0x08011181   Thumb Code    22  gd32f30x_timer.o(i.timer_struct_para_init)
    usart_baudrate_set                       0x08011199   Thumb Code   136  gd32f30x_usart.o(i.usart_baudrate_set)
    usart_data_receive                       0x08011229   Thumb Code    10  gd32f30x_usart.o(i.usart_data_receive)
    usart_data_transmit                      0x08011233   Thumb Code     8  gd32f30x_usart.o(i.usart_data_transmit)
    usart_deinit                             0x0801123d   Thumb Code   136  gd32f30x_usart.o(i.usart_deinit)
    usart_dma_receive_config                 0x080112cd   Thumb Code    16  gd32f30x_usart.o(i.usart_dma_receive_config)
    usart_enable                             0x080112dd   Thumb Code    10  gd32f30x_usart.o(i.usart_enable)
    usart_flag_get                           0x080112e7   Thumb Code    30  gd32f30x_usart.o(i.usart_flag_get)
    usart_hardware_flow_cts_config           0x08011305   Thumb Code    16  gd32f30x_usart.o(i.usart_hardware_flow_cts_config)
    usart_hardware_flow_rts_config           0x08011315   Thumb Code    16  gd32f30x_usart.o(i.usart_hardware_flow_rts_config)
    usart_interrupt_disable                  0x08011325   Thumb Code    26  gd32f30x_usart.o(i.usart_interrupt_disable)
    usart_interrupt_enable                   0x0801133f   Thumb Code    26  gd32f30x_usart.o(i.usart_interrupt_enable)
    usart_interrupt_flag_get                 0x08011359   Thumb Code    56  gd32f30x_usart.o(i.usart_interrupt_flag_get)
    usart_parity_config                      0x08011391   Thumb Code    16  gd32f30x_usart.o(i.usart_parity_config)
    usart_receive_config                     0x080113a1   Thumb Code    16  gd32f30x_usart.o(i.usart_receive_config)
    usart_stop_bit_set                       0x080113b1   Thumb Code    16  gd32f30x_usart.o(i.usart_stop_bit_set)
    usart_transmit_config                    0x080113c1   Thumb Code    16  gd32f30x_usart.o(i.usart_transmit_config)
    usart_word_length_set                    0x080113d1   Thumb Code    16  gd32f30x_usart.o(i.usart_word_length_set)
    m_DisableMsgFilterTbl                    0x08011464   Data          40  msghndlr.o(.constdata)
    m_MsgHndlrTbl                            0x0801148c   Data         120  msghndlr.o(.constdata)
    m_FlashModeFilterTbl                     0x08011504   Data          10  msghndlr.o(.constdata)
    g_App_CmdHndlr                           0x08011510   Data         544  app.o(.constdata)
    g_Chassis_CmdHndlr                       0x08011730   Data          16  chassis.o(.constdata)
    g_Oem_CmdHndlr                           0x08011740   Data          48  oem.o(.constdata)
    g_SensorEvent_CmdHndlr                   0x08011770   Data         272  sensorevent.o(.constdata)
    correct_coeff                            0x0801188c   Data          28  sensor.o(.constdata)
    g_Storage_CmdHndlr                       0x08011904   Data         224  storage.o(.constdata)
    SDRSize                                  0x080119e4   Data          20  sdr.o(.constdata)
    g_Bridge_CmdHndlr                        0x080119fc   Data          16  bridge.o(.constdata)
    shellCommandList                         0x08011a0c   Data         304  shell_cmd_list.o(.constdata)
    shellCommandCount                        0x08011b3c   Data           2  shell_cmd_list.o(.constdata)
    __mathlib_zero                           0x08011bc8   Data           8  qnan.o(.constdata)
    __ctype_table                            0x08011bd0   Data         129  ctype_o.o(.constdata)
    Region$$Table$$Base                      0x080121dc   Number         0  anon$$obj.o(Region$$Table)
    Region$$Table$$Limit                     0x080121fc   Number         0  anon$$obj.o(Region$$Table)
    g_localtime                              0x20000000   Data           4  main.o(.data)
    g_utc_time_bmc_firmware_build            0x20000008   Data           8  main.o(.data)
    g_bmc_firmware_version                   0x20000010   Data           2  main.o(.data)
    g_temperature_raw                        0x20000024   Data           4  api_tmp.o(.data)
    FTUartWrite_Queue                        0x20000028   Data           4  api_cpu.o(.data)
    FTUartRead_Queue                         0x2000002c   Data           4  api_cpu.o(.data)
    FTPowerStatus_Queue                      0x20000030   Data           4  api_cpu.o(.data)
    s_is_CPUInfo_has_received                0x20000038   Data           1  api_cpu.o(.data)
    g_CPUStatus                              0x20000039   Data           1  api_cpu.o(.data)
    ResponseDatMsg_Queue                     0x20000040   Data           4  msghndlr.o(.data)
    RecvDatMsg_Queue                         0x20000044   Data           4  msghndlr.o(.data)
    RecvForwardI2CDatMsg_Queue               0x20000048   Data           4  msghndlr.o(.data)
    g_sensor_sdr                             0x2000004c   Data         448  sdr.o(.data)
    g_device0_addr                           0x20000220   Data           1  bsp_i2c.o(.data)
    g_device1_addr                           0x20000221   Data           1  bsp_i2c.o(.data)
    g_device2_addr                           0x20000222   Data           1  bsp_i2c.o(.data)
    g_time_run                               0x20000228   Data           4  bsp_timer.o(.data)
    SystemCoreClock                          0x2000022c   Data           4  system_gd32f30x.o(.data)
    pxCurrentTCB                             0x20000230   Data           4  tasks.o(.data)
    __stdout                                 0x200002f8   Data           4  stdout.o(.data)
    s_max_rotate_rpm                         0x20000308   Data          16  api_fan.o(.bss)
    s_max_duty_value                         0x20000318   Data          16  api_fan.o(.bss)
    g_fan_pid                                0x20000328   Data         224  api_fan.o(.bss)
    g_fan_rpm_set                            0x20000408   Data          16  api_fan.o(.bss)
    g_fan_rpm_calculate                      0x20000418   Data          16  api_fan.o(.bss)
    g_CPUVariableParam                       0x20000428   Data          18  api_cpu.o(.bss)
    g_CPUFixedParam                          0x2000043a   Data          23  api_cpu.o(.bss)
    g_BMCInfo                                0x20000454   Data        5836  msghndlr.o(.bss)
    g_timer_cap_info                         0x20001b20   Data          64  bsp_capture.o(.bss)
    xQueueRegistry                           0x20001f08   Data         120  queue.o(.bss)
    shell                                    0x2000aeac   Data         108  shell_port.o(.bss)
    shellBuffer                              0x2000af18   Data         512  shell_port.o(.bss)
    __initial_sp                             0x2000b518   Data           0  startup_gd32f30x_cl.o(STACK)



==============================================================================

Memory Map of the image

  Image Entry point : 0x08000151

  Load Region LR_IROM1 (Base: 0x08000000, Size: 0x00012504, Max: 0x00100000, ABSOLUTE, COMPRESSED[0x000122d8])

    Execution Region ER_IROM1 (Exec base: 0x08000000, Load base: 0x08000000, Size: 0x000121fc, Max: 0x00100000, ABSOLUTE)

    Exec Addr    Load Addr    Size         Type   Attr      Idx    E Section Name        Object

    0x08000000   0x08000000   0x00000150   Data   RO         4535    RESET               startup_gd32f30x_cl.o
    0x08000150   0x08000150   0x00000000   Code   RO         4907  * .ARM.Collect$$$$00000000  mc_w.l(entry.o)
    0x08000150   0x08000150   0x00000004   Code   RO         5260    .ARM.Collect$$$$00000001  mc_w.l(entry2.o)
    0x08000154   0x08000154   0x00000004   Code   RO         5263    .ARM.Collect$$$$00000004  mc_w.l(entry5.o)
    0x08000158   0x08000158   0x00000000   Code   RO         5265    .ARM.Collect$$$$00000008  mc_w.l(entry7b.o)
    0x08000158   0x08000158   0x00000000   Code   RO         5267    .ARM.Collect$$$$0000000A  mc_w.l(entry8b.o)
    0x08000158   0x08000158   0x00000008   Code   RO         5268    .ARM.Collect$$$$0000000B  mc_w.l(entry9a.o)
    0x08000160   0x08000160   0x00000004   Code   RO         5275    .ARM.Collect$$$$0000000E  mc_w.l(entry12b.o)
    0x08000164   0x08000164   0x00000000   Code   RO         5270    .ARM.Collect$$$$0000000F  mc_w.l(entry10a.o)
    0x08000164   0x08000164   0x00000000   Code   RO         5272    .ARM.Collect$$$$00000011  mc_w.l(entry11a.o)
    0x08000164   0x08000164   0x00000004   Code   RO         5261    .ARM.Collect$$$$00002712  mc_w.l(entry2.o)
    0x08000168   0x08000168   0x00000096   Code   RO         4750    .emb_text           port.o
    0x080001fe   0x080001fe   0x00000026   Code   RO            3    .text               gd32f30x_it.o
    0x08000224   0x08000224   0x00000230   Code   RO          183    .text               main.o
    0x08000454   0x08000454   0x00000080   Code   RO          373    .text               systick.o
    0x080004d4   0x080004d4   0x00000002   Code   RO          421    .text               gd32f30x_platform.o
    0x080004d6   0x080004d6   0x00000002   PAD
    0x080004d8   0x080004d8   0x000001f8   Code   RO          445    .text               api_adc.o
    0x080006d0   0x080006d0   0x000001ac   Code   RO          469    .text               api_fan.o
    0x0800087c   0x0800087c   0x00000138   Code   RO          554    .text               api_tmp.o
    0x080009b4   0x080009b4   0x000006c4   Code   RO          580    .text               api_cpu.o
    0x08001078   0x08001078   0x0000030c   Code   RO          613    .text               api_utc.o
    0x08001384   0x08001384   0x000000a8   Code   RO          700    .text               hwd1668.o
    0x0800142c   0x0800142c   0x0000019e   Code   RO          720    .text               fifo.o
    0x080015ca   0x080015ca   0x00000002   PAD
    0x080015cc   0x080015cc   0x00000300   Code   RO          990    .text               serialifc.o
    0x080018cc   0x080018cc   0x0000001e   Code   RO         1031    .text               serial.o
    0x080018ea   0x080018ea   0x00000002   PAD
    0x080018ec   0x080018ec   0x00000570   Code   RO         1105    .text               msghndlr.o
    0x08001e5c   0x08001e5c   0x000004c4   Code   RO         1189    .text               appdevice.o
    0x08002320   0x08002320   0x000001c4   Code   RO         1237    .text               oem.o
    0x080024e4   0x080024e4   0x000025bc   Code   RO         1291    .text               sensor.o
    0x08004aa0   0x08004aa0   0x00001448   Code   RO         1347    .text               sdr.o
    0x08005ee8   0x08005ee8   0x000001e0   Code   RO         1381    .text               ipmdevice.o
    0x080060c8   0x080060c8   0x00000ce8   Code   RO         1456    .text               sensor_helpers.o
    0x08006db0   0x08006db0   0x000000ee   Code   RO         1511    .text               bsp_adc.o
    0x08006e9e   0x08006e9e   0x00000002   PAD
    0x08006ea0   0x08006ea0   0x0000035c   Code   RO         1534    .text               bsp_capture.o
    0x080071fc   0x080071fc   0x000007e4   Code   RO         1558    .text               bsp_i2c.o
    0x080079e0   0x080079e0   0x00000034   Code   RO         1609    .text               bsp_led.o
    0x08007a14   0x08007a14   0x000003b8   Code   RO         1629    .text               bsp_pwm.o
    0x08007dcc   0x08007dcc   0x0000010c   Code   RO         1649    .text               bsp_uart3.o
    0x08007ed8   0x08007ed8   0x00000120   Code   RO         1672    .text               bsp_usart0.o
    0x08007ff8   0x08007ff8   0x0000042c   Code   RO         1693    .text               bsp_usart1.o
    0x08008424   0x08008424   0x00000104   Code   RO         1719    .text               bsp_gpio.o
    0x08008528   0x08008528   0x000000cc   Code   RO         1762    .text               bsp_timer.o
    0x080085f4   0x080085f4   0x00000024   Code   RO         4536    .text               startup_gd32f30x_cl.o
    0x08008618   0x08008618   0x00000094   Code   RO         4610    .text               list.o
    0x080086ac   0x080086ac   0x00000fd0   Code   RO         4633    .text               queue.o
    0x0800967c   0x0800967c   0x00001964   Code   RO         4662    .text               tasks.o
    0x0800afe0   0x0800afe0   0x0000064c   Code   RO         4701    .text               timers.o
    0x0800b62c   0x0800b62c   0x000002a0   Code   RO         4727    .text               heap_4.o
    0x0800b8cc   0x0800b8cc   0x000002e0   Code   RO         4751    .text               port.o
    0x0800bbac   0x0800bbac   0x00001328   Code   RO         4788    .text               shell.o
    0x0800ced4   0x0800ced4   0x00000020   Code   RO         4830    .text               shell_cmd_list.o
    0x0800cef4   0x0800cef4   0x00000350   Code   RO         4852    .text               shell_ext.o
    0x0800d244   0x0800d244   0x00000054   Code   RO         4866    .text               shell_port.o
    0x0800d298   0x0800d298   0x00000024   Code   RO         4913    .text               mc_w.l(rand.o)
    0x0800d2bc   0x0800d2bc   0x00000024   Code   RO         4916    .text               mc_w.l(memcpya.o)
    0x0800d2e0   0x0800d2e0   0x00000024   Code   RO         4918    .text               mc_w.l(memseta.o)
    0x0800d304   0x0800d304   0x0000000e   Code   RO         4920    .text               mc_w.l(strlen.o)
    0x0800d312   0x0800d312   0x0000001c   Code   RO         4922    .text               mc_w.l(strcmp.o)
    0x0800d32e   0x0800d32e   0x00000012   Code   RO         4924    .text               mc_w.l(strcpy.o)
    0x0800d340   0x0800d340   0x0000001e   Code   RO         4926    .text               mc_w.l(strncmp.o)
    0x0800d35e   0x0800d35e   0x00000002   PAD
    0x0800d360   0x0800d360   0x00000044   Code   RO         4928    .text               mc_w.l(strtok.o)
    0x0800d3a4   0x0800d3a4   0x00000038   Code   RO         5197    .text               mc_w.l(__0sscanf.o)
    0x0800d3dc   0x0800d3dc   0x0000014c   Code   RO         5199    .text               mc_w.l(_scanf_int.o)
    0x0800d528   0x0800d528   0x00000070   Code   RO         5201    .text               mc_w.l(strtol.o)
    0x0800d598   0x0800d598   0x0000001a   Code   RO         5203    .text               mc_w.l(atoi.o)
    0x0800d5b2   0x0800d5b2   0x0000014e   Code   RO         5205    .text               mf_w.l(dadd.o)
    0x0800d700   0x0800d700   0x000000e4   Code   RO         5207    .text               mf_w.l(dmul.o)
    0x0800d7e4   0x0800d7e4   0x000000de   Code   RO         5209    .text               mf_w.l(ddiv.o)
    0x0800d8c2   0x0800d8c2   0x00000022   Code   RO         5211    .text               mf_w.l(dflti.o)
    0x0800d8e4   0x0800d8e4   0x0000003e   Code   RO         5213    .text               mf_w.l(dfixi.o)
    0x0800d922   0x0800d922   0x00000032   Code   RO         5215    .text               mf_w.l(dfixui.o)
    0x0800d954   0x0800d954   0x00000026   Code   RO         5217    .text               mf_w.l(f2d.o)
    0x0800d97a   0x0800d97a   0x00000002   PAD
    0x0800d97c   0x0800d97c   0x00000030   Code   RO         5219    .text               mf_w.l(cdrcmple.o)
    0x0800d9ac   0x0800d9ac   0x00000038   Code   RO         5221    .text               mf_w.l(d2f.o)
    0x0800d9e4   0x0800d9e4   0x0000002c   Code   RO         5276    .text               mc_w.l(uidiv.o)
    0x0800da10   0x0800da10   0x00000062   Code   RO         5278    .text               mc_w.l(uldiv.o)
    0x0800da72   0x0800da72   0x0000001e   Code   RO         5280    .text               mc_w.l(llshl.o)
    0x0800da90   0x0800da90   0x00000020   Code   RO         5282    .text               mc_w.l(llushr.o)
    0x0800dab0   0x0800dab0   0x00000024   Code   RO         5284    .text               mc_w.l(llsshr.o)
    0x0800dad4   0x0800dad4   0x00000008   Code   RO         5286    .text               mc_w.l(ctype_o.o)
    0x0800dadc   0x0800dadc   0x00000012   Code   RO         5308    .text               mc_w.l(isspace_o.o)
    0x0800daee   0x0800daee   0x0000001c   Code   RO         5321    .text               mc_w.l(_chval.o)
    0x0800db0a   0x0800db0a   0x00000002   PAD
    0x0800db0c   0x0800db0c   0x00000028   Code   RO         5323    .text               mc_w.l(scanf_char.o)
    0x0800db34   0x0800db34   0x00000040   Code   RO         5325    .text               mc_w.l(_sgetc.o)
    0x0800db74   0x0800db74   0x0000009e   Code   RO         5327    .text               mc_w.l(_strtoul.o)
    0x0800dc12   0x0800dc12   0x00000000   Code   RO         5329    .text               mc_w.l(iusefp.o)
    0x0800dc12   0x0800dc12   0x0000006e   Code   RO         5330    .text               mf_w.l(fepilogue.o)
    0x0800dc80   0x0800dc80   0x000000ba   Code   RO         5332    .text               mf_w.l(depilogue.o)
    0x0800dd3a   0x0800dd3a   0x0000002e   Code   RO         5336    .text               mf_w.l(dscalb.o)
    0x0800dd68   0x0800dd68   0x00000030   Code   RO         5338    .text               mf_w.l(dfixul.o)
    0x0800dd98   0x0800dd98   0x00000024   Code   RO         5340    .text               mc_w.l(init.o)
    0x0800ddbc   0x0800ddbc   0x00000330   Code   RO         5344    .text               mc_w.l(_scanf.o)
    0x0800e0ec   0x0800e0ec   0x000000a2   Code   RO         5346    .text               mf_w.l(dsqrt.o)
    0x0800e18e   0x0800e18e   0x00000056   Code   RO         5361    .text               mc_w.l(__dczerorl2.o)
    0x0800e1e4   0x0800e1e4   0x0000001e   Code   RO          789    i.CalculateCheckSum  ipmi_common.o
    0x0800e202   0x0800e202   0x0000001e   Code   RO          790    i.CalculateCheckSum2  ipmi_common.o
    0x0800e220   0x0800e220   0x00000038   Code   RO          791    i.CheckMsgValidation  ipmi_common.o
    0x0800e258   0x0800e258   0x000000a8   Code   RO         1786    i.SystemInit        system_gd32f30x.o
    0x0800e300   0x0800e300   0x00000020   Code   RO         5169    i.__0printf         mc_w.l(printfa.o)
    0x0800e320   0x0800e320   0x00000028   Code   RO         5171    i.__0sprintf        mc_w.l(printfa.o)
    0x0800e348   0x0800e348   0x00000034   Code   RO         5174    i.__0vsnprintf      mc_w.l(printfa.o)
    0x0800e37c   0x0800e37c   0x00000030   Code   RO         5243    i.__ARM_fpclassify  m_wm.l(fpclassify.o)
    0x0800e3ac   0x0800e3ac   0x00000008   Code   RO         5314    i.__aeabi_errno_addr  mc_w.l(errno.o)
    0x0800e3b4   0x0800e3b4   0x00000004   PAD
    0x0800e3b8   0x0800e3b8   0x00000118   Code   RO         4887    i.__hardfp_ceil     m_wm.l(ceil.o)
    0x0800e4d0   0x0800e4d0   0x00000c50   Code   RO         4893    i.__hardfp_pow      m_wm.l(pow.o)
    0x0800f120   0x0800f120   0x000000f8   Code   RO         5245    i.__kernel_poly     m_wm.l(poly.o)
    0x0800f218   0x0800f218   0x00000030   Code   RO         5223    i.__mathlib_dbl_divzero  m_wm.l(dunder.o)
    0x0800f248   0x0800f248   0x00000014   Code   RO         5225    i.__mathlib_dbl_infnan2  m_wm.l(dunder.o)
    0x0800f25c   0x0800f25c   0x00000004   PAD
    0x0800f260   0x0800f260   0x00000020   Code   RO         5226    i.__mathlib_dbl_invalid  m_wm.l(dunder.o)
    0x0800f280   0x0800f280   0x00000020   Code   RO         5227    i.__mathlib_dbl_overflow  m_wm.l(dunder.o)
    0x0800f2a0   0x0800f2a0   0x00000020   Code   RO         5229    i.__mathlib_dbl_underflow  m_wm.l(dunder.o)
    0x0800f2c0   0x0800f2c0   0x0000000e   Code   RO         5355    i.__scatterload_copy  mc_w.l(handlers.o)
    0x0800f2ce   0x0800f2ce   0x00000002   Code   RO         5356    i.__scatterload_null  mc_w.l(handlers.o)
    0x0800f2d0   0x0800f2d0   0x0000000e   Code   RO         5357    i.__scatterload_zeroinit  mc_w.l(handlers.o)
    0x0800f2de   0x0800f2de   0x00000002   PAD
    0x0800f2e0   0x0800f2e0   0x0000000c   Code   RO         5316    i.__set_errno       mc_w.l(errno.o)
    0x0800f2ec   0x0800f2ec   0x00000184   Code   RO         5176    i._fp_digits        mc_w.l(printfa.o)
    0x0800f470   0x0800f470   0x000006b4   Code   RO         5177    i._printf_core      mc_w.l(printfa.o)
    0x0800fb24   0x0800fb24   0x00000024   Code   RO         5178    i._printf_post_padding  mc_w.l(printfa.o)
    0x0800fb48   0x0800fb48   0x0000002e   Code   RO         5179    i._printf_pre_padding  mc_w.l(printfa.o)
    0x0800fb76   0x0800fb76   0x00000016   Code   RO         5180    i._snputc           mc_w.l(printfa.o)
    0x0800fb8c   0x0800fb8c   0x0000000a   Code   RO         5181    i._sputc            mc_w.l(printfa.o)
    0x0800fb96   0x0800fb96   0x0000002a   Code   RO         1827    i.adc_calibration_enable  gd32f30x_adc.o
    0x0800fbc0   0x0800fbc0   0x00000046   Code   RO         1828    i.adc_channel_length_config  gd32f30x_adc.o
    0x0800fc06   0x0800fc06   0x00000016   Code   RO         1829    i.adc_data_alignment_config  gd32f30x_adc.o
    0x0800fc1c   0x0800fc1c   0x00000058   Code   RO         1830    i.adc_deinit        gd32f30x_adc.o
    0x0800fc74   0x0800fc74   0x0000004c   Code   RO         1832    i.adc_discontinuous_mode_config  gd32f30x_adc.o
    0x0800fcc0   0x0800fcc0   0x00000012   Code   RO         1835    i.adc_enable        gd32f30x_adc.o
    0x0800fcd2   0x0800fcd2   0x0000003e   Code   RO         1836    i.adc_external_trigger_config  gd32f30x_adc.o
    0x0800fd10   0x0800fd10   0x00000030   Code   RO         1837    i.adc_external_trigger_source_config  gd32f30x_adc.o
    0x0800fd40   0x0800fd40   0x00000008   Code   RO         1838    i.adc_flag_clear    gd32f30x_adc.o
    0x0800fd48   0x0800fd48   0x0000000e   Code   RO         1839    i.adc_flag_get      gd32f30x_adc.o
    0x0800fd56   0x0800fd56   0x00000002   PAD
    0x0800fd58   0x0800fd58   0x0000001c   Code   RO         1847    i.adc_mode_config   gd32f30x_adc.o
    0x0800fd74   0x0800fd74   0x000000ac   Code   RO         1851    i.adc_regular_channel_config  gd32f30x_adc.o
    0x0800fe20   0x0800fe20   0x00000008   Code   RO         1852    i.adc_regular_data_read  gd32f30x_adc.o
    0x0800fe28   0x0800fe28   0x0000001e   Code   RO         1854    i.adc_software_trigger_enable  gd32f30x_adc.o
    0x0800fe46   0x0800fe46   0x00000032   Code   RO         2192    i.dma_channel_enable  gd32f30x_dma.o
    0x0800fe78   0x0800fe78   0x00000032   Code   RO         2193    i.dma_circulation_disable  gd32f30x_dma.o
    0x0800feaa   0x0800feaa   0x00000070   Code   RO         2195    i.dma_deinit        gd32f30x_dma.o
    0x0800ff1a   0x0800ff1a   0x00000018   Code   RO         2197    i.dma_flag_get      gd32f30x_dma.o
    0x0800ff32   0x0800ff32   0x0000012e   Code   RO         2198    i.dma_init          gd32f30x_dma.o
    0x08010060   0x08010060   0x00000018   Code   RO         2210    i.dma_periph_and_channel_check  gd32f30x_dma.o
    0x08010078   0x08010078   0x00000022   Code   RO         2218    i.dma_transfer_number_get  gd32f30x_dma.o
    0x0801009a   0x0801009a   0x00000018   Code   RO         5239    i.fabs              m_wm.l(fabs.o)
    0x080100b2   0x080100b2   0x00000002   PAD
    0x080100b4   0x080100b4   0x00000068   Code   RO         2589    i.fwdgt_config      gd32f30x_fwdgt.o
    0x0801011c   0x0801011c   0x00000010   Code   RO         2590    i.fwdgt_counter_reload  gd32f30x_fwdgt.o
    0x0801012c   0x0801012c   0x00000010   Code   RO         2591    i.fwdgt_enable      gd32f30x_fwdgt.o
    0x0801013c   0x0801013c   0x000000bc   Code   RO         2472    i.gpio_init         gd32f30x_gpio.o
    0x080101f8   0x080101f8   0x00000010   Code   RO         2473    i.gpio_input_bit_get  gd32f30x_gpio.o
    0x08010208   0x08010208   0x00000090   Code   RO         2478    i.gpio_pin_remap_config  gd32f30x_gpio.o
    0x08010298   0x08010298   0x00000010   Code   RO         2875    i.i2c_ack_config    gd32f30x_i2c.o
    0x080102a8   0x080102a8   0x00000010   Code   RO         2876    i.i2c_ackpos_config  gd32f30x_i2c.o
    0x080102b8   0x080102b8   0x00000140   Code   RO         2877    i.i2c_clock_config  gd32f30x_i2c.o
    0x080103f8   0x080103f8   0x00000008   Code   RO         2878    i.i2c_data_receive  gd32f30x_i2c.o
    0x08010400   0x08010400   0x00000006   Code   RO         2879    i.i2c_data_transmit  gd32f30x_i2c.o
    0x08010406   0x08010406   0x00000002   PAD
    0x08010408   0x08010408   0x00000040   Code   RO         2880    i.i2c_deinit        gd32f30x_i2c.o
    0x08010448   0x08010448   0x0000000a   Code   RO         2886    i.i2c_enable        gd32f30x_i2c.o
    0x08010452   0x08010452   0x00000028   Code   RO         2887    i.i2c_flag_clear    gd32f30x_i2c.o
    0x0801047a   0x0801047a   0x0000001e   Code   RO         2888    i.i2c_flag_get      gd32f30x_i2c.o
    0x08010498   0x08010498   0x0000001a   Code   RO         2889    i.i2c_interrupt_disable  gd32f30x_i2c.o
    0x080104b2   0x080104b2   0x0000001a   Code   RO         2890    i.i2c_interrupt_enable  gd32f30x_i2c.o
    0x080104cc   0x080104cc   0x0000002c   Code   RO         2891    i.i2c_interrupt_flag_clear  gd32f30x_i2c.o
    0x080104f8   0x080104f8   0x0000005c   Code   RO         2892    i.i2c_interrupt_flag_get  gd32f30x_i2c.o
    0x08010554   0x08010554   0x00000014   Code   RO         2893    i.i2c_master_addressing  gd32f30x_i2c.o
    0x08010568   0x08010568   0x0000001c   Code   RO         2894    i.i2c_mode_addr_config  gd32f30x_i2c.o
    0x08010584   0x08010584   0x0000000a   Code   RO         2903    i.i2c_start_on_bus  gd32f30x_i2c.o
    0x0801058e   0x0801058e   0x0000000a   Code   RO         2904    i.i2c_stop_on_bus   gd32f30x_i2c.o
    0x08010598   0x08010598   0x000000c4   Code   RO         4110    i.nvic_irq_enable   gd32f30x_misc.o
    0x0801065c   0x0801065c   0x00000014   Code   RO         4111    i.nvic_priority_group_set  gd32f30x_misc.o
    0x08010670   0x08010670   0x00000028   Code   RO          504    i.pidInit           pid.o
    0x08010698   0x08010698   0x0000006c   Code   RO         3167    i.rcu_adc_clock_config  gd32f30x_rcu.o
    0x08010704   0x08010704   0x00000158   Code   RO         3176    i.rcu_clock_freq_get  gd32f30x_rcu.o
    0x0801085c   0x0801085c   0x00000024   Code   RO         3179    i.rcu_flag_get      gd32f30x_rcu.o
    0x08010880   0x08010880   0x00000020   Code   RO         3194    i.rcu_periph_clock_enable  gd32f30x_rcu.o
    0x080108a0   0x080108a0   0x00000020   Code   RO         3197    i.rcu_periph_reset_disable  gd32f30x_rcu.o
    0x080108c0   0x080108c0   0x00000020   Code   RO         3198    i.rcu_periph_reset_enable  gd32f30x_rcu.o
    0x080108e0   0x080108e0   0x0000006e   Code   RO         5250    i.sqrt              m_wm.l(sqrt.o)
    0x0801094e   0x0801094e   0x00000002   PAD
    0x08010950   0x08010950   0x00000114   Code   RO         1787    i.system_clock_120m_hxtal  system_gd32f30x.o
    0x08010a64   0x08010a64   0x00000008   Code   RO         1788    i.system_clock_config  system_gd32f30x.o
    0x08010a6c   0x08010a6c   0x0000000a   Code   RO         3670    i.timer_auto_reload_shadow_enable  gd32f30x_timer.o
    0x08010a76   0x08010a76   0x0000002a   Code   RO         3678    i.timer_channel_capture_value_register_read  gd32f30x_timer.o
    0x08010aa0   0x08010aa0   0x0000005a   Code   RO         3684    i.timer_channel_input_capture_prescaler_config  gd32f30x_timer.o
    0x08010afa   0x08010afa   0x00000002   PAD
    0x08010afc   0x08010afc   0x000001ec   Code   RO         3687    i.timer_channel_output_config  gd32f30x_timer.o
    0x08010ce8   0x08010ce8   0x0000005a   Code   RO         3689    i.timer_channel_output_mode_config  gd32f30x_timer.o
    0x08010d42   0x08010d42   0x00000026   Code   RO         3691    i.timer_channel_output_pulse_value_config  gd32f30x_timer.o
    0x08010d68   0x08010d68   0x0000005a   Code   RO         3692    i.timer_channel_output_shadow_config  gd32f30x_timer.o
    0x08010dc2   0x08010dc2   0x00000010   Code   RO         3694    i.timer_channel_output_struct_para_init  gd32f30x_timer.o
    0x08010dd2   0x08010dd2   0x00000002   PAD
    0x08010dd4   0x08010dd4   0x00000184   Code   RO         3700    i.timer_deinit      gd32f30x_timer.o
    0x08010f58   0x08010f58   0x0000000a   Code   RO         3705    i.timer_enable      gd32f30x_timer.o
    0x08010f62   0x08010f62   0x00000002   PAD
    0x08010f64   0x08010f64   0x00000098   Code   RO         3715    i.timer_init        gd32f30x_timer.o
    0x08010ffc   0x08010ffc   0x00000146   Code   RO         3716    i.timer_input_capture_config  gd32f30x_timer.o
    0x08011142   0x08011142   0x00000008   Code   RO         3722    i.timer_interrupt_enable  gd32f30x_timer.o
    0x0801114a   0x0801114a   0x00000006   Code   RO         3723    i.timer_interrupt_flag_clear  gd32f30x_timer.o
    0x08011150   0x08011150   0x00000018   Code   RO         3724    i.timer_interrupt_flag_get  gd32f30x_timer.o
    0x08011168   0x08011168   0x00000018   Code   RO         3730    i.timer_primary_output_config  gd32f30x_timer.o
    0x08011180   0x08011180   0x00000016   Code   RO         3735    i.timer_struct_para_init  gd32f30x_timer.o
    0x08011196   0x08011196   0x00000002   PAD
    0x08011198   0x08011198   0x00000090   Code   RO         4166    i.usart_baudrate_set  gd32f30x_usart.o
    0x08011228   0x08011228   0x0000000a   Code   RO         4169    i.usart_data_receive  gd32f30x_usart.o
    0x08011232   0x08011232   0x00000008   Code   RO         4170    i.usart_data_transmit  gd32f30x_usart.o
    0x0801123a   0x0801123a   0x00000002   PAD
    0x0801123c   0x0801123c   0x00000090   Code   RO         4171    i.usart_deinit      gd32f30x_usart.o
    0x080112cc   0x080112cc   0x00000010   Code   RO         4173    i.usart_dma_receive_config  gd32f30x_usart.o
    0x080112dc   0x080112dc   0x0000000a   Code   RO         4175    i.usart_enable      gd32f30x_usart.o
    0x080112e6   0x080112e6   0x0000001e   Code   RO         4177    i.usart_flag_get    gd32f30x_usart.o
    0x08011304   0x08011304   0x00000010   Code   RO         4181    i.usart_hardware_flow_cts_config  gd32f30x_usart.o
    0x08011314   0x08011314   0x00000010   Code   RO         4182    i.usart_hardware_flow_rts_config  gd32f30x_usart.o
    0x08011324   0x08011324   0x0000001a   Code   RO         4183    i.usart_interrupt_disable  gd32f30x_usart.o
    0x0801133e   0x0801133e   0x0000001a   Code   RO         4184    i.usart_interrupt_enable  gd32f30x_usart.o
    0x08011358   0x08011358   0x00000038   Code   RO         4186    i.usart_interrupt_flag_get  gd32f30x_usart.o
    0x08011390   0x08011390   0x00000010   Code   RO         4197    i.usart_parity_config  gd32f30x_usart.o
    0x080113a0   0x080113a0   0x00000010   Code   RO         4199    i.usart_receive_config  gd32f30x_usart.o
    0x080113b0   0x080113b0   0x00000010   Code   RO         4209    i.usart_stop_bit_set  gd32f30x_usart.o
    0x080113c0   0x080113c0   0x00000010   Code   RO         4213    i.usart_transmit_config  gd32f30x_usart.o
    0x080113d0   0x080113d0   0x00000010   Code   RO         4214    i.usart_word_length_set  gd32f30x_usart.o
    0x080113e0   0x080113e0   0x00000054   Data   RO          446    .constdata          api_adc.o
    0x08011434   0x08011434   0x00000030   Data   RO          614    .constdata          api_utc.o
    0x08011464   0x08011464   0x000000aa   Data   RO         1107    .constdata          msghndlr.o
    0x0801150e   0x0801150e   0x00000002   PAD
    0x08011510   0x08011510   0x00000220   Data   RO         1160    .constdata          app.o
    0x08011730   0x08011730   0x00000010   Data   RO         1220    .constdata          chassis.o
    0x08011740   0x08011740   0x00000030   Data   RO         1238    .constdata          oem.o
    0x08011770   0x08011770   0x00000110   Data   RO         1268    .constdata          sensorevent.o
    0x08011880   0x08011880   0x00000082   Data   RO         1292    .constdata          sensor.o
    0x08011902   0x08011902   0x00000002   PAD
    0x08011904   0x08011904   0x000000e0   Data   RO         1333    .constdata          storage.o
    0x080119e4   0x080119e4   0x00000014   Data   RO         1348    .constdata          sdr.o
    0x080119f8   0x080119f8   0x00000003   Data   RO         1382    .constdata          ipmdevice.o
    0x080119fb   0x080119fb   0x00000001   PAD
    0x080119fc   0x080119fc   0x00000010   Data   RO         1414    .constdata          bridge.o
    0x08011a0c   0x08011a0c   0x00000132   Data   RO         4831    .constdata          shell_cmd_list.o
    0x08011b3e   0x08011b3e   0x00000002   PAD
    0x08011b40   0x08011b40   0x00000088   Data   RO         4896    .constdata          m_wm.l(pow.o)
    0x08011bc8   0x08011bc8   0x00000008   Data   RO         5247    .constdata          m_wm.l(qnan.o)
    0x08011bd0   0x08011bd0   0x00000081   Data   RO         5287    .constdata          mc_w.l(ctype_o.o)
    0x08011c51   0x08011c51   0x00000003   PAD
    0x08011c54   0x08011c54   0x00000004   Data   RO         5288    .constdata          mc_w.l(ctype_o.o)
    0x08011c58   0x08011c58   0x00000137   Data   RO          184    .conststring        main.o
    0x08011d8f   0x08011d8f   0x00000001   PAD
    0x08011d90   0x08011d90   0x00000025   Data   RO          447    .conststring        api_adc.o
    0x08011db5   0x08011db5   0x00000003   PAD
    0x08011db8   0x08011db8   0x00000090   Data   RO          582    .conststring        api_cpu.o
    0x08011e48   0x08011e48   0x00000030   Data   RO          615    .conststring        api_utc.o
    0x08011e78   0x08011e78   0x000000de   Data   RO         1293    .conststring        sensor.o
    0x08011f56   0x08011f56   0x00000002   PAD
    0x08011f58   0x08011f58   0x00000159   Data   RO         4790    .conststring        shell.o
    0x080120b1   0x080120b1   0x00000003   PAD
    0x080120b4   0x080120b4   0x00000125   Data   RO         4832    .conststring        shell_cmd_list.o
    0x080121d9   0x080121d9   0x00000003   PAD
    0x080121dc   0x080121dc   0x00000020   Data   RO         5353    Region$$Table       anon$$obj.o


    Execution Region RW_IRAM1 (Exec base: 0x20000000, Load base: 0x080121fc, Size: 0x0000b518, Max: 0x00018000, ABSOLUTE, COMPRESSED[0x000000dc])

    Exec Addr    Load Addr    Size         Type   Attr      Idx    E Section Name        Object

    0x20000000   COMPRESSED   0x00000018   Data   RW          185    .data               main.o
    0x20000018   COMPRESSED   0x00000006   Data   RW          448    .data               api_adc.o
    0x2000001e   COMPRESSED   0x00000002   PAD
    0x20000020   COMPRESSED   0x00000004   Data   RW          471    .data               api_fan.o
    0x20000024   COMPRESSED   0x00000004   Data   RW          555    .data               api_tmp.o
    0x20000028   COMPRESSED   0x00000012   Data   RW          583    .data               api_cpu.o
    0x2000003a   COMPRESSED   0x00000002   PAD
    0x2000003c   COMPRESSED   0x00000010   Data   RW         1108    .data               msghndlr.o
    0x2000004c   COMPRESSED   0x000001c0   Data   RW         1349    .data               sdr.o
    0x2000020c   COMPRESSED   0x00000014   Data   RW         1383    .data               ipmdevice.o
    0x20000220   COMPRESSED   0x00000008   Data   RW         1560    .data               bsp_i2c.o
    0x20000228   COMPRESSED   0x00000004   Data   RW         1763    .data               bsp_timer.o
    0x2000022c   COMPRESSED   0x00000004   Data   RW         1789    .data               system_gd32f30x.o
    0x20000230   COMPRESSED   0x0000003c   Data   RW         4664    .data               tasks.o
    0x2000026c   COMPRESSED   0x00000014   Data   RW         4703    .data               timers.o
    0x20000280   COMPRESSED   0x00000018   Data   RW         4729    .data               heap_4.o
    0x20000298   COMPRESSED   0x0000000c   Data   RW         4752    .data               port.o
    0x200002a4   COMPRESSED   0x00000054   Data   RW         4791    .data               shell.o
    0x200002f8   COMPRESSED   0x00000004   Data   RW         4912    .data               mc_w.l(stdout.o)
    0x200002fc   COMPRESSED   0x00000004   Data   RW         4914    .data               mc_w.l(rand.o)
    0x20000300   COMPRESSED   0x00000004   Data   RW         4929    .data               mc_w.l(strtok.o)
    0x20000304   COMPRESSED   0x00000004   Data   RW         5317    .data               mc_w.l(errno.o)
    0x20000308        -       0x00000120   Zero   RW          470    .bss                api_fan.o
    0x20000428        -       0x00000029   Zero   RW          581    .bss                api_cpu.o
    0x20000451   COMPRESSED   0x00000003   PAD
    0x20000454        -       0x000016cc   Zero   RW         1106    .bss                msghndlr.o
    0x20001b20        -       0x00000040   Zero   RW         1535    .bss                bsp_capture.o
    0x20001b60        -       0x00000077   Zero   RW         1559    .bss                bsp_i2c.o
    0x20001bd7   COMPRESSED   0x00000001   PAD
    0x20001bd8        -       0x0000032d   Zero   RW         1694    .bss                bsp_usart1.o
    0x20001f05   COMPRESSED   0x00000003   PAD
    0x20001f08        -       0x00000078   Zero   RW         4634    .bss                queue.o
    0x20001f80        -       0x000002e4   Zero   RW         4663    .bss                tasks.o
    0x20002264        -       0x00000028   Zero   RW         4702    .bss                timers.o
    0x2000228c        -       0x00008c00   Zero   RW         4728    .bss                heap_4.o
    0x2000ae8c        -       0x0000001d   Zero   RW         4789    .bss                shell.o
    0x2000aea9   COMPRESSED   0x00000003   PAD
    0x2000aeac        -       0x0000026c   Zero   RW         4867    .bss                shell_port.o
    0x2000b118        -       0x00000400   Zero   RW         4533    STACK               startup_gd32f30x_cl.o


==============================================================================

Image component sizes


      Code (inc. data)   RO Data    RW Data    ZI Data      Debug   Object Name

       504         26        121          6          0       3440   api_adc.o
      1732        466        144         18         41       5169   api_cpu.o
       428         42          0          4        288       7128   api_fan.o
       312        134          0          4          0       1931   api_tmp.o
       780         86         96          0          0       4298   api_utc.o
         0          0        544          0          0        897   app.o
      1220        112          0          0          0      16720   appdevice.o
         0          0         16          0          0        788   bridge.o
       238          0          0          0          0       2433   bsp_adc.o
       860         16          0          0         64       3067   bsp_capture.o
       260         10          0          0          0       1109   bsp_gpio.o
      2020        202          0          8        119       7427   bsp_i2c.o
        52          4          0          0          0        728   bsp_led.o
       952         26          0          0          0       2293   bsp_pwm.o
       204         10          0          4          0       1344   bsp_timer.o
       268         12          0          0          0       2037   bsp_uart3.o
       288         14          0          0          0       2222   bsp_usart0.o
      1068        170          0          0        813       4595   bsp_usart1.o
         0          0         16          0          0        801   chassis.o
         0          0          0          0          0       7948   event_groups.o
       414          0          0          0          0       6946   fifo.o
       686         10          0          0          0      10167   gd32f30x_adc.o
       596          6          0          0          0       7296   gd32f30x_dma.o
       136         22          0          0          0       2097   gd32f30x_fwdgt.o
       348          6          0          0          0       2661   gd32f30x_gpio.o
       766         32          0          0          0      12448   gd32f30x_i2c.o
        38          0          0          0          0      19679   gd32f30x_it.o
       216         20          0          0          0       1592   gd32f30x_misc.o
         2          0          0          0          0        580   gd32f30x_platform.o
       584         74          0          0          0       4706   gd32f30x_rcu.o
      1828         52          0          0          0      13413   gd32f30x_timer.o
       582         16          0          0          0      12236   gd32f30x_usart.o
       672         82          0         24      35840       3440   heap_4.o
       168         64          0          0          0       1525   hwd1668.o
         0          0          0          0          0      51753   ipmbmsghndlr.o
       480        112          3         20          0      32016   ipmdevice.o
       116          0          0          0          0       2474   ipmi_common.o
       148          0          0          0          0       1994   list.o
       560        196        311         24          0      72048   main.o
      1392        348        170         16       5836      18861   msghndlr.o
       452         20         48          0          0       7969   oem.o
        40          0          0          0          0        870   pid.o
       886        102          0         12          0       8035   port.o
      4048         56          0          0        120      20926   queue.o
      5192        100         20        448          0      19529   sdr.o
      9660        666        352          0          0      25705   sensor.o
      3304        600          0          0          0      15505   sensor_helpers.o
         0          0        272          0          0       1625   sensorevent.o
        30          0          0          0          0       1723   serial.o
       768        124          0          0          0      17512   serialifc.o
      4904        140        345         84         29      19675   shell.o
        32          0        599          0          0       1470   shell_cmd_list.o
       848         14          0          0          0       3776   shell_ext.o
        84         10          0          0        620       1669   shell_port.o
        36          8        336          0       1024        928   startup_gd32f30x_cl.o
         0          0        224          0          0        845   storage.o
       452         30          0          4          0       3023   system_gd32f30x.o
       128         16          0          0          0      47474   systick.o
      6500        402          0         60        740      33441   tasks.o
      1612        112          0         20         40      11911   timers.o

    ----------------------------------------------------------------------
     59916       4770       3668        760      45584     597918   Object Totals
         0          0         32          0          0          0   (incl. Generated)
        22          0         19          4         10          0   (incl. Padding)

    ----------------------------------------------------------------------

      Code (inc. data)   RO Data    RW Data    ZI Data      Debug   Library Member Name

       280         28          0          0          0        156   ceil.o
       164         44          0          0          0        620   dunder.o
        24          0          0          0          0        124   fabs.o
        48          0          0          0          0        124   fpclassify.o
       248          0          0          0          0        152   poly.o
      3152        296        136          0          0        352   pow.o
         0          0          8          0          0          0   qnan.o
       110          0          0          0          0        148   sqrt.o
        56          8          0          0          0         84   __0sscanf.o
        86          0          0          0          0          0   __dczerorl2.o
        28          0          0          0          0         68   _chval.o
       816          6          0          0          0        112   _scanf.o
       332          0          0          0          0         96   _scanf_int.o
        64          0          0          0          0         84   _sgetc.o
       158          0          0          0          0         92   _strtoul.o
        26          0          0          0          0         80   atoi.o
         8          4        133          0          0         68   ctype_o.o
         0          0          0          0          0          0   entry.o
         0          0          0          0          0          0   entry10a.o
         0          0          0          0          0          0   entry11a.o
         4          0          0          0          0          0   entry12b.o
         8          4          0          0          0          0   entry2.o
         4          0          0          0          0          0   entry5.o
         0          0          0          0          0          0   entry7b.o
         0          0          0          0          0          0   entry8b.o
         8          4          0          0          0          0   entry9a.o
        20         10          0          4          0        136   errno.o
        30          0          0          0          0          0   handlers.o
        36          8          0          0          0         68   init.o
        18          0          0          0          0         76   isspace_o.o
         0          0          0          0          0          0   iusefp.o
        30          0          0          0          0         68   llshl.o
        36          0          0          0          0         68   llsshr.o
        32          0          0          0          0         68   llushr.o
        36          0          0          0          0         68   memcpya.o
        36          0          0          0          0        108   memseta.o
      2342        102          0          0          0        764   printfa.o
        36         10          0          4          0        136   rand.o
        40          8          0          0          0         84   scanf_char.o
         0          0          0          4          0          0   stdout.o
        28          0          0          0          0         76   strcmp.o
        18          0          0          0          0         68   strcpy.o
        14          0          0          0          0         68   strlen.o
        30          0          0          0          0         80   strncmp.o
        68          6          0          4          0         80   strtok.o
       112          0          0          0          0         88   strtol.o
        44          0          0          0          0         80   uidiv.o
        98          0          0          0          0         92   uldiv.o
        48          0          0          0          0         68   cdrcmple.o
        56          0          0          0          0         88   d2f.o
       334          0          0          0          0        148   dadd.o
       222          0          0          0          0        100   ddiv.o
       186          0          0          0          0        176   depilogue.o
        62          0          0          0          0         80   dfixi.o
        50          0          0          0          0         76   dfixui.o
        48          0          0          0          0         68   dfixul.o
        34          0          0          0          0         76   dflti.o
       228          0          0          0          0         96   dmul.o
        46          0          0          0          0         80   dscalb.o
       162          0          0          0          0        100   dsqrt.o
        38          0          0          0          0         68   f2d.o
       110          0          0          0          0        168   fepilogue.o

    ----------------------------------------------------------------------
     10372        542        280         16          0       6028   Library Totals
        20          4          3          0          0          0   (incl. Padding)

    ----------------------------------------------------------------------

      Code (inc. data)   RO Data    RW Data    ZI Data      Debug   Library Name

      4026        368        144          0          0       1676   m_wm.l
      4702        170        133         16          0       2960   mc_w.l
      1624          0          0          0          0       1392   mf_w.l

    ----------------------------------------------------------------------
     10372        542        280         16          0       6028   Library Totals

    ----------------------------------------------------------------------

==============================================================================


      Code (inc. data)   RO Data    RW Data    ZI Data      Debug   

     70288       5312       3948        776      45584     583486   Grand Totals
     70288       5312       3948        220      45584     583486   ELF Image Totals (compressed)
     70288       5312       3948        220          0          0   ROM Totals

==============================================================================

    Total RO  Size (Code + RO Data)                74236 (  72.50kB)
    Total RW  Size (RW Data + ZI Data)             46360 (  45.27kB)
    Total ROM Size (Code + RO Data + RW Data)      74456 (  72.71kB)

==============================================================================

