Component: ARM Compiler 5.06 update 7 (build 960) Tool: armlink [4d3601]

==============================================================================

Section Cross References

    gd32f30x_it.o(.text) refers to tasks.o(.text) for xTaskGetSchedulerState
    gd32f30x_it.o(.text) refers to port.o(.text) for xPortSysTickHandler
    main.o(.text) refers to gd32f30x_rcu.o(.text) for rcu_flag_get
    main.o(.text) refers to printfa.o(i.__0printf) for __2printf
    main.o(.text) refers to gd32f30x_fwdgt.o(.text) for fwdgt_config
    main.o(.text) refers to gd32f30x_dbg.o(.text) for dbg_periph_enable
    main.o(.text) refers to queue.o(.text) for xQueueGenericCreate
    main.o(.text) refers to bsp_led.o(.text) for led1_set
    main.o(.text) refers to tasks.o(.text) for vTaskDelay
    main.o(.text) refers to api_adc.o(.text) for adc_sample_all
    main.o(.text) refers to chassisctrl.o(.text) for ChassisCtrl
    main.o(.text) refers to msghndlr.o(.text) for MsgCoreHndlr
    main.o(.text) refers to bsp_i2c.o(.text) for i2c_int
    main.o(.text) refers to port.o(.text) for vPortEnterCritical
    main.o(.text) refers to systick.o(.text) for bsp_systick_config
    main.o(.text) refers to gd32f30x_misc.o(.text) for nvic_priority_group_set
    main.o(.text) refers to gd32f30x_platform.o(.text) for platform_init
    main.o(.text) refers to bsp_usart1.o(.text) for UART1_init
    main.o(.text) refers to bsp_gpio.o(.text) for GPIO_bspInit
    main.o(.text) refers to api_utc.o(.text) for currentSecsSinceEpoch
    main.o(.text) refers to api_cpu.o(.text) for GetBmcFirmwareVersion
    main.o(.text) refers to bsp_timer.o(.text) for timer_config_init
    main.o(.text) refers to api_fan.o(.text) for fan_ctrl_loop
    main.o(.text) refers to main.o(.data) for g_chassisCtrl_Queue
    main.o(.text) refers to shell_port.o(.bss) for shell
    main.o(.text) refers to shell.o(.text) for shellTask
    main.o(.data) refers to main.o(.conststring) for .conststring
    systick.o(.text) refers to system_gd32f30x.o(.data) for SystemCoreClock
    systick.o(.text) refers to main.o(.data) for g_localtime
    api_adc.o(.text) refers to bsp_adc.o(.text) for adc_init
    api_adc.o(.text) refers to f2d.o(.text) for __aeabi_f2d
    api_adc.o(.text) refers to dmul.o(.text) for __aeabi_dmul
    api_adc.o(.text) refers to d2f.o(.text) for __aeabi_d2f
    api_adc.o(.text) refers to log.o(i.__hardfp_log) for __hardfp_log
    api_adc.o(.text) refers to dadd.o(.text) for __aeabi_dsub
    api_adc.o(.text) refers to ddiv.o(.text) for __aeabi_ddiv
    api_adc.o(.text) refers to memseta.o(.text) for __aeabi_memclr4
    api_adc.o(.text) refers to tasks.o(.text) for vTaskDelay
    api_adc.o(.text) refers to api_adc.o(.constdata) for g_adcChannlConfig
    api_adc.o(.text) refers to api_adc.o(.bss) for g_adcVals
    api_adc.o(.constdata) refers to api_adc.o(.conststring) for .conststring
    api_fan.o(.text) refers to bsp_capture.o(.text) for capture_init
    api_fan.o(.text) refers to bsp_pwm.o(.text) for pwm_init
    api_fan.o(.text) refers to pid.o(.text) for pidInit
    api_fan.o(.text) refers to timers.o(.text) for pvTimerGetTimerID
    api_fan.o(.text) refers to tasks.o(.text) for xTaskGetTickCount
    api_fan.o(.text) refers to api_fan.o(.bss) for s_max_rotate_rpm
    api_fan.o(.text) refers to bsp_capture.o(.bss) for g_timer_cap_info
    api_fan.o(.text) refers to api_fan.o(.data) for xTimersFanWatchdog
    api_tmp.o(.text) refers to hwd1668.o(.text) for hwd1668_init
    api_tmp.o(.text) refers to printfa.o(i.__0printf) for __2printf
    api_tmp.o(.text) refers to tasks.o(.text) for vTaskDelay
    api_tmp.o(.text) refers to api_tmp.o(.data) for g_temperature_raw
    api_cpu.o(.text) refers to printfa.o(i.__0printf) for __2printf
    api_cpu.o(.text) refers to ipmi_common.o(.text) for CalculateCheckSum
    api_cpu.o(.text) refers to timers.o(.text) for pvTimerGetTimerID
    api_cpu.o(.text) refers to memcpya.o(.text) for __aeabi_memcpy
    api_cpu.o(.text) refers to tasks.o(.text) for xTaskGetTickCount
    api_cpu.o(.text) refers to queue.o(.text) for xQueueGenericSend
    api_cpu.o(.text) refers to api_cpu.o(.data) for g_CPUStatus
    api_cpu.o(.text) refers to api_cpu.o(.conststring) for .conststring
    api_cpu.o(.text) refers to api_cpu.o(.bss) for g_CPUVariableParam
    api_cpu.o(.text) refers to memseta.o(.text) for __aeabi_memclr4
    api_cpu.o(.text) refers to strlen.o(.text) for strlen
    api_cpu.o(.text) refers to atoi.o(.text) for atoi
    api_cpu.o(.text) refers to bsp_timer.o(.data) for g_time_run
    api_utc.o(.text) refers to strlen.o(.text) for strlen
    api_utc.o(.text) refers to strtok.o(.text) for strtok
    api_utc.o(.text) refers to memcpya.o(.text) for __aeabi_memcpy4
    api_utc.o(.text) refers to strcmp.o(.text) for strcmp
    api_utc.o(.text) refers to printfa.o(i.__0printf) for __2printf
    api_utc.o(.text) refers to atoi.o(.text) for atoi
    api_utc.o(.text) refers to api_utc.o(.constdata) for .constdata
[...]
    i2c_interrupt_flag_get                   0x0800a61b   Thumb Code    84  gd32f30x_i2c.o(.text)
    i2c_interrupt_flag_clear                 0x0800a66f   Thumb Code    38  gd32f30x_i2c.o(.text)
    rcu_flag_get                             0x0800a6b1   Thumb Code    30  gd32f30x_rcu.o(.text)
    rcu_osci_stab_wait                       0x0800a6cf   Thumb Code   268  gd32f30x_rcu.o(.text)
    rcu_deinit                               0x0800a7db   Thumb Code   106  gd32f30x_rcu.o(.text)
    rcu_periph_clock_enable                  0x0800a845   Thumb Code    28  gd32f30x_rcu.o(.text)
    rcu_periph_clock_disable                 0x0800a861   Thumb Code    28  gd32f30x_rcu.o(.text)
    rcu_periph_clock_sleep_enable            0x0800a87d   Thumb Code    28  gd32f30x_rcu.o(.text)
    rcu_periph_clock_sleep_disable           0x0800a899   Thumb Code    28  gd32f30x_rcu.o(.text)
    rcu_periph_reset_enable                  0x0800a8b5   Thumb Code    28  gd32f30x_rcu.o(.text)
    rcu_periph_reset_disable                 0x0800a8d1   Thumb Code    28  gd32f30x_rcu.o(.text)
    rcu_bkp_reset_enable                     0x0800a8ed   Thumb Code    14  gd32f30x_rcu.o(.text)
    rcu_bkp_reset_disable                    0x0800a8fb   Thumb Code    14  gd32f30x_rcu.o(.text)
    rcu_system_clock_source_config           0x0800a909   Thumb Code    18  gd32f30x_rcu.o(.text)
    rcu_system_clock_source_get              0x0800a91b   Thumb Code    10  gd32f30x_rcu.o(.text)
    rcu_ahb_clock_config                     0x0800a925   Thumb Code    18  gd32f30x_rcu.o(.text)
    rcu_apb1_clock_config                    0x0800a937   Thumb Code    18  gd32f30x_rcu.o(.text)
    rcu_apb2_clock_config                    0x0800a949   Thumb Code    18  gd32f30x_rcu.o(.text)
    rcu_ckout0_config                        0x0800a95b   Thumb Code    18  gd32f30x_rcu.o(.text)
    rcu_pll_config                           0x0800a96d   Thumb Code    24  gd32f30x_rcu.o(.text)
    rcu_pllpresel_config                     0x0800a985   Thumb Code    18  gd32f30x_rcu.o(.text)
    rcu_predv0_config                        0x0800a997   Thumb Code    26  gd32f30x_rcu.o(.text)
    rcu_adc_clock_config                     0x0800a9b1   Thumb Code    98  gd32f30x_rcu.o(.text)
    rcu_usb_clock_config                     0x0800aa13   Thumb Code    18  gd32f30x_rcu.o(.text)
    rcu_rtc_clock_config                     0x0800aa25   Thumb Code    18  gd32f30x_rcu.o(.text)
    rcu_ck48m_clock_config                   0x0800aa37   Thumb Code    22  gd32f30x_rcu.o(.text)
    rcu_lxtal_drive_capability_config        0x0800aa4d   Thumb Code    18  gd32f30x_rcu.o(.text)
    rcu_osci_on                              0x0800aa5f   Thumb Code    28  gd32f30x_rcu.o(.text)
    rcu_osci_off                             0x0800aa7b   Thumb Code    54  gd32f30x_rcu.o(.text)
    rcu_osci_bypass_mode_enable              0x0800aab1   Thumb Code    96  gd32f30x_rcu.o(.text)
    rcu_osci_bypass_mode_disable             0x0800ab11   Thumb Code    96  gd32f30x_rcu.o(.text)
    rcu_irc8m_adjust_value_set               0x0800ab71   Thumb Code    22  gd32f30x_rcu.o(.text)
    rcu_hxtal_clock_monitor_enable           0x0800ab87   Thumb Code    14  gd32f30x_rcu.o(.text)
    rcu_hxtal_clock_monitor_disable          0x0800ab95   Thumb Code    14  gd32f30x_rcu.o(.text)
    rcu_deepsleep_voltage_set                0x0800aba3   Thumb Code    10  gd32f30x_rcu.o(.text)
    rcu_clock_freq_get                       0x0800abad   Thumb Code   310  gd32f30x_rcu.o(.text)
    rcu_all_reset_flag_clear                 0x0800ace3   Thumb Code    14  gd32f30x_rcu.o(.text)
    rcu_interrupt_flag_get                   0x0800acf1   Thumb Code    30  gd32f30x_rcu.o(.text)
    rcu_interrupt_flag_clear                 0x0800ad0f   Thumb Code    28  gd32f30x_rcu.o(.text)
    rcu_interrupt_enable                     0x0800ad2b   Thumb Code    28  gd32f30x_rcu.o(.text)
    rcu_interrupt_disable                    0x0800ad47   Thumb Code    28  gd32f30x_rcu.o(.text)
    timer_deinit                             0x0800ad85   Thumb Code   374  gd32f30x_timer.o(.text)
    timer_struct_para_init                   0x0800aefb   Thumb Code    22  gd32f30x_timer.o(.text)
    timer_init                               0x0800af11   Thumb Code   124  gd32f30x_timer.o(.text)
    timer_enable                             0x0800af8d   Thumb Code    10  gd32f30x_timer.o(.text)
    timer_disable                            0x0800af97   Thumb Code    10  gd32f30x_timer.o(.text)
    timer_auto_reload_shadow_enable          0x0800afa1   Thumb Code    10  gd32f30x_timer.o(.text)
    timer_auto_reload_shadow_disable         0x0800afab   Thumb Code    10  gd32f30x_timer.o(.text)
    timer_update_event_enable                0x0800afb5   Thumb Code    10  gd32f30x_timer.o(.text)
    timer_update_event_disable               0x0800afbf   Thumb Code    10  gd32f30x_timer.o(.text)
    timer_counter_alignment                  0x0800afc9   Thumb Code    16  gd32f30x_timer.o(.text)
    timer_counter_up_direction               0x0800afd9   Thumb Code    10  gd32f30x_timer.o(.text)
    timer_counter_down_direction             0x0800afe3   Thumb Code    10  gd32f30x_timer.o(.text)
    timer_prescaler_config                   0x0800afed   Thumb Code    14  gd32f30x_timer.o(.text)
    timer_repetition_value_config            0x0800affb   Thumb Code     4  gd32f30x_timer.o(.text)
    timer_autoreload_value_config            0x0800afff   Thumb Code     4  gd32f30x_timer.o(.text)
    timer_counter_value_config               0x0800b003   Thumb Code     4  gd32f30x_timer.o(.text)
    timer_counter_read                       0x0800b007   Thumb Code     8  gd32f30x_timer.o(.text)
    timer_prescaler_read                     0x0800b00f   Thumb Code    10  gd32f30x_timer.o(.text)
    timer_single_pulse_mode_config           0x0800b019   Thumb Code    26  gd32f30x_timer.o(.text)
    timer_update_source_config               0x0800b033   Thumb Code    26  gd32f30x_timer.o(.text)
    timer_interrupt_enable                   0x0800b04d   Thumb Code     8  gd32f30x_timer.o(.text)
    timer_interrupt_disable                  0x0800b055   Thumb Code     8  gd32f30x_timer.o(.text)
    timer_interrupt_flag_get                 0x0800b05d   Thumb Code    24  gd32f30x_timer.o(.text)
    timer_interrupt_flag_clear               0x0800b075   Thumb Code     6  gd32f30x_timer.o(.text)
    timer_flag_get                           0x0800b07b   Thumb Code    16  gd32f30x_timer.o(.text)
    timer_flag_clear                         0x0800b08b   Thumb Code     6  gd32f30x_timer.o(.text)
    timer_dma_enable                         0x0800b091   Thumb Code     8  gd32f30x_timer.o(.text)
    timer_dma_disable                        0x0800b099   Thumb Code     8  gd32f30x_timer.o(.text)
    timer_channel_dma_request_source_select  0x0800b0a1   Thumb Code    26  gd32f30x_timer.o(.text)
    timer_dma_transfer_config                0x0800b0bb   Thumb Code    24  gd32f30x_timer.o(.text)
    timer_event_software_generate            0x0800b0d3   Thumb Code     8  gd32f30x_timer.o(.text)
    timer_break_struct_para_init             0x0800b0db   Thumb Code    18  gd32f30x_timer.o(.text)
    timer_break_config                       0x0800b0ed   Thumb Code    30  gd32f30x_timer.o(.text)
    timer_break_enable                       0x0800b10b   Thumb Code    10  gd32f30x_timer.o(.text)
    timer_break_disable                      0x0800b115   Thumb Code    10  gd32f30x_timer.o(.text)
    timer_automatic_output_enable            0x0800b11f   Thumb Code    10  gd32f30x_timer.o(.text)
    timer_automatic_output_disable           0x0800b129   Thumb Code    10  gd32f30x_timer.o(.text)
    timer_primary_output_config              0x0800b133   Thumb Code    24  gd32f30x_timer.o(.text)
    timer_channel_control_shadow_config      0x0800b14b   Thumb Code    24  gd32f30x_timer.o(.text)
    timer_channel_control_shadow_update_config 0x0800b163   Thumb Code    60  gd32f30x_timer.o(.text)
    timer_channel_output_struct_para_init    0x0800b19f   Thumb Code    16  gd32f30x_timer.o(.text)
    timer_channel_output_config              0x0800b1af   Thumb Code   482  gd32f30x_timer.o(.text)
    timer_channel_output_mode_config         0x0800b391   Thumb Code    90  gd32f30x_timer.o(.text)
    timer_channel_output_pulse_value_config  0x0800b3eb   Thumb Code    38  gd32f30x_timer.o(.text)
    timer_channel_output_shadow_config       0x0800b411   Thumb Code    90  gd32f30x_timer.o(.text)
    timer_channel_output_fast_config         0x0800b46b   Thumb Code    90  gd32f30x_timer.o(.text)
    timer_channel_output_clear_config        0x0800b4c5   Thumb Code    90  gd32f30x_timer.o(.text)
    timer_channel_output_polarity_config     0x0800b51f   Thumb Code    92  gd32f30x_timer.o(.text)
    timer_channel_complementary_output_polarity_config 0x0800b57b   Thumb Code    70  gd32f30x_timer.o(.text)
    timer_channel_output_state_config        0x0800b5c1   Thumb Code   100  gd32f30x_timer.o(.text)
    timer_channel_complementary_output_state_config 0x0800b625   Thumb Code    70  gd32f30x_timer.o(.text)
    timer_channel_input_struct_para_init     0x0800b66b   Thumb Code    16  gd32f30x_timer.o(.text)
    timer_channel_input_capture_prescaler_config 0x0800b67b   Thumb Code    90  gd32f30x_timer.o(.text)
    timer_input_capture_config               0x0800b6d5   Thumb Code   326  gd32f30x_timer.o(.text)
    timer_channel_capture_value_register_read 0x0800b81b   Thumb Code    42  gd32f30x_timer.o(.text)
    timer_input_pwm_capture_config           0x0800b845   Thumb Code   356  gd32f30x_timer.o(.text)
    timer_hall_mode_config                   0x0800b9a9   Thumb Code    26  gd32f30x_timer.o(.text)
    timer_input_trigger_source_select        0x0800b9c3   Thumb Code    16  gd32f30x_timer.o(.text)
    timer_master_output_trigger_source_select 0x0800b9d3   Thumb Code    16  gd32f30x_timer.o(.text)
    timer_slave_mode_select                  0x0800b9e3   Thumb Code    16  gd32f30x_timer.o(.text)
    timer_master_slave_mode_config           0x0800b9f3   Thumb Code    26  gd32f30x_timer.o(.text)
    timer_external_trigger_config            0x0800ba0d   Thumb Code    30  gd32f30x_timer.o(.text)
    timer_quadrature_decoder_mode_config     0x0800ba2b   Thumb Code    64  gd32f30x_timer.o(.text)
    timer_internal_clock_config              0x0800ba6b   Thumb Code    10  gd32f30x_timer.o(.text)
    timer_internal_trigger_as_external_clock_config 0x0800ba75   Thumb Code    32  gd32f30x_timer.o(.text)
    timer_external_trigger_as_external_clock_config 0x0800ba95   Thumb Code   166  gd32f30x_timer.o(.text)
    timer_external_clock_mode0_config        0x0800bb3b   Thumb Code    40  gd32f30x_timer.o(.text)
    timer_external_clock_mode1_config        0x0800bb63   Thumb Code    32  gd32f30x_timer.o(.text)
    timer_external_clock_mode1_disable       0x0800bb83   Thumb Code    10  gd32f30x_timer.o(.text)
    timer_write_chxval_register_config       0x0800bb8d   Thumb Code    34  gd32f30x_timer.o(.text)
    timer_output_value_selection_config      0x0800bbaf   Thumb Code    34  gd32f30x_timer.o(.text)
    nvic_priority_group_set                  0x0800bbd1   Thumb Code    10  gd32f30x_misc.o(.text)
    nvic_irq_enable                          0x0800bbdb   Thumb Code   186  gd32f30x_misc.o(.text)
    nvic_irq_disable                         0x0800bc95   Thumb Code    18  gd32f30x_misc.o(.text)
    nvic_vector_table_set                    0x0800bca7   Thumb Code    18  gd32f30x_misc.o(.text)
    system_lowpower_set                      0x0800bcb9   Thumb Code    16  gd32f30x_misc.o(.text)
    system_lowpower_reset                    0x0800bcc9   Thumb Code    16  gd32f30x_misc.o(.text)
    systick_clksource_set                    0x0800bcd9   Thumb Code    40  gd32f30x_misc.o(.text)
    usart_deinit                             0x0800bd15   Thumb Code   136  gd32f30x_usart.o(.text)
    usart_baudrate_set                       0x0800bd9d   Thumb Code   136  gd32f30x_usart.o(.text)
    usart_parity_config                      0x0800be25   Thumb Code    16  gd32f30x_usart.o(.text)
    usart_word_length_set                    0x0800be35   Thumb Code    16  gd32f30x_usart.o(.text)
    usart_stop_bit_set                       0x0800be45   Thumb Code    16  gd32f30x_usart.o(.text)
    usart_enable                             0x0800be55   Thumb Code    10  gd32f30x_usart.o(.text)
    usart_disable                            0x0800be5f   Thumb Code    10  gd32f30x_usart.o(.text)
    usart_transmit_config                    0x0800be69   Thumb Code    16  gd32f30x_usart.o(.text)
    usart_receive_config                     0x0800be79   Thumb Code    16  gd32f30x_usart.o(.text)
    usart_data_first_config                  0x0800be89   Thumb Code    20  gd32f30x_usart.o(.text)
    usart_invert_config                      0x0800be9d   Thumb Code   104  gd32f30x_usart.o(.text)
    usart_receiver_timeout_enable            0x0800bf05   Thumb Code    14  gd32f30x_usart.o(.text)
    usart_receiver_timeout_disable           0x0800bf13   Thumb Code    14  gd32f30x_usart.o(.text)
    usart_receiver_timeout_threshold_config  0x0800bf21   Thumb Code    20  gd32f30x_usart.o(.text)
    usart_data_transmit                      0x0800bf35   Thumb Code     8  gd32f30x_usart.o(.text)
    usart_data_receive                       0x0800bf3d   Thumb Code    10  gd32f30x_usart.o(.text)
    usart_address_config                     0x0800bf47   Thumb Code    20  gd32f30x_usart.o(.text)
    usart_mute_mode_enable                   0x0800bf5b   Thumb Code    10  gd32f30x_usart.o(.text)
    usart_mute_mode_disable                  0x0800bf65   Thumb Code    10  gd32f30x_usart.o(.text)
    usart_mute_mode_wakeup_config            0x0800bf6f   Thumb Code    16  gd32f30x_usart.o(.text)
    usart_lin_mode_enable                    0x0800bf7f   Thumb Code    10  gd32f30x_usart.o(.text)
    usart_lin_mode_disable                   0x0800bf89   Thumb Code    10  gd32f30x_usart.o(.text)
    usart_lin_break_detection_length_config  0x0800bf93   Thumb Code    20  gd32f30x_usart.o(.text)
    usart_send_break                         0x0800bfa7   Thumb Code    10  gd32f30x_usart.o(.text)
    usart_halfduplex_enable                  0x0800bfb1   Thumb Code    10  gd32f30x_usart.o(.text)
    usart_halfduplex_disable                 0x0800bfbb   Thumb Code    10  gd32f30x_usart.o(.text)
    usart_synchronous_clock_enable           0x0800bfc5   Thumb Code    10  gd32f30x_usart.o(.text)
    usart_synchronous_clock_disable          0x0800bfcf   Thumb Code    10  gd32f30x_usart.o(.text)
    usart_synchronous_clock_config           0x0800bfd9   Thumb Code    34  gd32f30x_usart.o(.text)
    usart_guard_time_config                  0x0800bffb   Thumb Code    24  gd32f30x_usart.o(.text)
    usart_smartcard_mode_enable              0x0800c013   Thumb Code    10  gd32f30x_usart.o(.text)
    usart_smartcard_mode_disable             0x0800c01d   Thumb Code    10  gd32f30x_usart.o(.text)
    usart_smartcard_mode_nack_enable         0x0800c027   Thumb Code    10  gd32f30x_usart.o(.text)
    usart_smartcard_mode_nack_disable        0x0800c031   Thumb Code    10  gd32f30x_usart.o(.text)
    usart_smartcard_autoretry_config         0x0800c03b   Thumb Code    26  gd32f30x_usart.o(.text)
    usart_block_length_config                0x0800c055   Thumb Code    28  gd32f30x_usart.o(.text)
    usart_irda_mode_enable                   0x0800c071   Thumb Code    10  gd32f30x_usart.o(.text)
    usart_irda_mode_disable                  0x0800c07b   Thumb Code    10  gd32f30x_usart.o(.text)
    usart_prescaler_config                   0x0800c085   Thumb Code    16  gd32f30x_usart.o(.text)
    usart_irda_lowpower_config               0x0800c095   Thumb Code    20  gd32f30x_usart.o(.text)
    usart_hardware_flow_rts_config           0x0800c0a9   Thumb Code    16  gd32f30x_usart.o(.text)
    usart_hardware_flow_cts_config           0x0800c0b9   Thumb Code    16  gd32f30x_usart.o(.text)
    usart_dma_receive_config                 0x0800c0c9   Thumb Code    16  gd32f30x_usart.o(.text)
    usart_dma_transmit_config                0x0800c0d9   Thumb Code    16  gd32f30x_usart.o(.text)
    usart_flag_get                           0x0800c0e9   Thumb Code    40  gd32f30x_usart.o(.text)
    usart_flag_clear                         0x0800c111   Thumb Code    26  gd32f30x_usart.o(.text)
    usart_interrupt_enable                   0x0800c12b   Thumb Code    26  gd32f30x_usart.o(.text)
    usart_interrupt_disable                  0x0800c145   Thumb Code    26  gd32f30x_usart.o(.text)
    usart_interrupt_flag_get                 0x0800c15f   Thumb Code    56  gd32f30x_usart.o(.text)
    usart_interrupt_flag_clear               0x0800c197   Thumb Code    26  gd32f30x_usart.o(.text)
    dbg_deinit                               0x0800c1b1   Thumb Code     8  gd32f30x_dbg.o(.text)
    dbg_id_get                               0x0800c1b9   Thumb Code     6  gd32f30x_dbg.o(.text)
    dbg_low_power_enable                     0x0800c1bf   Thumb Code    12  gd32f30x_dbg.o(.text)
    dbg_low_power_disable                    0x0800c1cb   Thumb Code    12  gd32f30x_dbg.o(.text)
    dbg_periph_enable                        0x0800c1d7   Thumb Code    28  gd32f30x_dbg.o(.text)
    dbg_periph_disable                       0x0800c1f3   Thumb Code    28  gd32f30x_dbg.o(.text)
    dbg_trace_pin_enable                     0x0800c20f   Thumb Code    14  gd32f30x_dbg.o(.text)
    dbg_trace_pin_disable                    0x0800c21d   Thumb Code    14  gd32f30x_dbg.o(.text)
    Reset_Handler                            0x0800c231   Thumb Code     8  startup_gd32f30x_cl.o(.text)
    ADC0_1_IRQHandler                        0x0800c24b   Thumb Code     0  startup_gd32f30x_cl.o(.text)
    CAN0_EWMC_IRQHandler                     0x0800c24b   Thumb Code     0  startup_gd32f30x_cl.o(.text)
    CAN0_RX0_IRQHandler                      0x0800c24b   Thumb Code     0  startup_gd32f30x_cl.o(.text)
    CAN0_RX1_IRQHandler                      0x0800c24b   Thumb Code     0  startup_gd32f30x_cl.o(.text)
    CAN0_TX_IRQHandler                       0x0800c24b   Thumb Code     0  startup_gd32f30x_cl.o(.text)
    CAN1_EWMC_IRQHandler                     0x0800c24b   Thumb Code     0  startup_gd32f30x_cl.o(.text)
    CAN1_RX0_IRQHandler                      0x0800c24b   Thumb Code     0  startup_gd32f30x_cl.o(.text)
    CAN1_RX1_IRQHandler                      0x0800c24b   Thumb Code     0  startup_gd32f30x_cl.o(.text)
    CAN1_TX_IRQHandler                       0x0800c24b   Thumb Code     0  startup_gd32f30x_cl.o(.text)
    DMA0_Channel0_IRQHandler                 0x0800c24b   Thumb Code     0  startup_gd32f30x_cl.o(.text)
    DMA0_Channel1_IRQHandler                 0x0800c24b   Thumb Code     0  startup_gd32f30x_cl.o(.text)
    DMA0_Channel2_IRQHandler                 0x0800c24b   Thumb Code     0  startup_gd32f30x_cl.o(.text)
    DMA0_Channel3_IRQHandler                 0x0800c24b   Thumb Code     0  startup_gd32f30x_cl.o(.text)
    DMA0_Channel4_IRQHandler                 0x0800c24b   Thumb Code     0  startup_gd32f30x_cl.o(.text)
    DMA0_Channel5_IRQHandler                 0x0800c24b   Thumb Code     0  startup_gd32f30x_cl.o(.text)
    DMA0_Channel6_IRQHandler                 0x0800c24b   Thumb Code     0  startup_gd32f30x_cl.o(.text)
    DMA1_Channel0_IRQHandler                 0x0800c24b   Thumb Code     0  startup_gd32f30x_cl.o(.text)
    DMA1_Channel1_IRQHandler                 0x0800c24b   Thumb Code     0  startup_gd32f30x_cl.o(.text)
    DMA1_Channel2_IRQHandler                 0x0800c24b   Thumb Code     0  startup_gd32f30x_cl.o(.text)
    DMA1_Channel3_IRQHandler                 0x0800c24b   Thumb Code     0  startup_gd32f30x_cl.o(.text)
    DMA1_Channel4_IRQHandler                 0x0800c24b   Thumb Code     0  startup_gd32f30x_cl.o(.text)
    ENET_WKUP_IRQHandler                     0x0800c24b   Thumb Code     0  startup_gd32f30x_cl.o(.text)
    EXMC_IRQHandler                          0x0800c24b   Thumb Code     0  startup_gd32f30x_cl.o(.text)
    EXTI0_IRQHandler                         0x0800c24b   Thumb Code     0  startup_gd32f30x_cl.o(.text)
    EXTI10_15_IRQHandler                     0x0800c24b   Thumb Code     0  startup_gd32f30x_cl.o(.text)
    EXTI1_IRQHandler                         0x0800c24b   Thumb Code     0  startup_gd32f30x_cl.o(.text)
    EXTI2_IRQHandler                         0x0800c24b   Thumb Code     0  startup_gd32f30x_cl.o(.text)
    EXTI3_IRQHandler                         0x0800c24b   Thumb Code     0  startup_gd32f30x_cl.o(.text)
    EXTI4_IRQHandler                         0x0800c24b   Thumb Code     0  startup_gd32f30x_cl.o(.text)
    EXTI5_9_IRQHandler                       0x0800c24b   Thumb Code     0  startup_gd32f30x_cl.o(.text)
    FMC_IRQHandler                           0x0800c24b   Thumb Code     0  startup_gd32f30x_cl.o(.text)
    LVD_IRQHandler                           0x0800c24b   Thumb Code     0  startup_gd32f30x_cl.o(.text)
    RCU_CTC_IRQHandler                       0x0800c24b   Thumb Code     0  startup_gd32f30x_cl.o(.text)
    RTC_Alarm_IRQHandler                     0x0800c24b   Thumb Code     0  startup_gd32f30x_cl.o(.text)
    RTC_IRQHandler                           0x0800c24b   Thumb Code     0  startup_gd32f30x_cl.o(.text)
    SPI0_IRQHandler                          0x0800c24b   Thumb Code     0  startup_gd32f30x_cl.o(.text)
    SPI1_IRQHandler                          0x0800c24b   Thumb Code     0  startup_gd32f30x_cl.o(.text)
    SPI2_IRQHandler                          0x0800c24b   Thumb Code     0  startup_gd32f30x_cl.o(.text)
    TAMPER_IRQHandler                        0x0800c24b   Thumb Code     0  startup_gd32f30x_cl.o(.text)
    TIMER0_BRK_TIMER8_IRQHandler             0x0800c24b   Thumb Code     0  startup_gd32f30x_cl.o(.text)
    TIMER0_Channel_IRQHandler                0x0800c24b   Thumb Code     0  startup_gd32f30x_cl.o(.text)
    TIMER0_TRG_CMT_TIMER10_IRQHandler        0x0800c24b   Thumb Code     0  startup_gd32f30x_cl.o(.text)
    TIMER0_UP_TIMER9_IRQHandler              0x0800c24b   Thumb Code     0  startup_gd32f30x_cl.o(.text)
    TIMER3_IRQHandler                        0x0800c24b   Thumb Code     0  startup_gd32f30x_cl.o(.text)
    TIMER4_IRQHandler                        0x0800c24b   Thumb Code     0  startup_gd32f30x_cl.o(.text)
    TIMER5_IRQHandler                        0x0800c24b   Thumb Code     0  startup_gd32f30x_cl.o(.text)
    TIMER6_IRQHandler                        0x0800c24b   Thumb Code     0  startup_gd32f30x_cl.o(.text)
    TIMER7_Channel_IRQHandler                0x0800c24b   Thumb Code     0  startup_gd32f30x_cl.o(.text)
    TIMER7_TRG_CMT_TIMER13_IRQHandler        0x0800c24b   Thumb Code     0  startup_gd32f30x_cl.o(.text)
    TIMER7_UP_TIMER12_IRQHandler             0x0800c24b   Thumb Code     0  startup_gd32f30x_cl.o(.text)
    UART4_IRQHandler                         0x0800c24b   Thumb Code     0  startup_gd32f30x_cl.o(.text)
    USART2_IRQHandler                        0x0800c24b   Thumb Code     0  startup_gd32f30x_cl.o(.text)
    USBFS_IRQHandler                         0x0800c24b   Thumb Code     0  startup_gd32f30x_cl.o(.text)
    USBFS_WKUP_IRQHandler                    0x0800c24b   Thumb Code     0  startup_gd32f30x_cl.o(.text)
    WWDGT_IRQHandler                         0x0800c24b   Thumb Code     0  startup_gd32f30x_cl.o(.text)
    vListInitialise                          0x0800c255   Thumb Code    26  list.o(.text)
    vListInitialiseItem                      0x0800c26f   Thumb Code     6  list.o(.text)
    vListInsertEnd                           0x0800c275   Thumb Code    24  list.o(.text)
    vListInsert                              0x0800c28d   Thumb Code    52  list.o(.text)
    uxListRemove                             0x0800c2c1   Thumb Code    40  list.o(.text)
    xQueueGenericReset                       0x0800c2e9   Thumb Code   136  queue.o(.text)
    xQueueGenericCreate                      0x0800c39f   Thumb Code    80  queue.o(.text)
    xQueueGenericSend                        0x0800c599   Thumb Code   470  queue.o(.text)
    xQueueCreateMutex                        0x0800c78d   Thumb Code    34  queue.o(.text)
    xQueueGiveMutexRecursive                 0x0800c7af   Thumb Code    66  queue.o(.text)
    xQueueSemaphoreTake                      0x0800c81f   Thumb Code   410  queue.o(.text)
    xQueueTakeMutexRecursive                 0x0800c9b9   Thumb Code    72  queue.o(.text)
    xQueueCreateCountingSemaphore            0x0800ca01   Thumb Code    80  queue.o(.text)
    xQueueGenericSendFromISR                 0x0800ca51   Thumb Code   250  queue.o(.text)
    xQueueGiveFromISR                        0x0800cb4b   Thumb Code   228  queue.o(.text)
    xQueueReceive                            0x0800cc59   Thumb Code   338  queue.o(.text)
    xQueuePeek                               0x0800cdab   Thumb Code   344  queue.o(.text)
    xQueueReceiveFromISR                     0x0800cf03   Thumb Code   190  queue.o(.text)
    xQueuePeekFromISR                        0x0800cfc1   Thumb Code   158  queue.o(.text)
    uxQueueMessagesWaiting                   0x0800d05f   Thumb Code    36  queue.o(.text)
    uxQueueSpacesAvailable                   0x0800d083   Thumb Code    42  queue.o(.text)
    uxQueueMessagesWaitingFromISR            0x0800d0ad   Thumb Code    36  queue.o(.text)
    vQueueUnregisterQueue                    0x0800d0d1   Thumb Code    44  queue.o(.text)
    vQueueDelete                             0x0800d0fd   Thumb Code    38  queue.o(.text)
    uxQueueGetQueueNumber                    0x0800d123   Thumb Code     6  queue.o(.text)
    vQueueSetQueueNumber                     0x0800d129   Thumb Code     4  queue.o(.text)
    ucQueueGetQueueType                      0x0800d12d   Thumb Code     8  queue.o(.text)
    xQueueIsQueueEmptyFromISR                0x0800d135   Thumb Code    38  queue.o(.text)
    xQueueIsQueueFullFromISR                 0x0800d15b   Thumb Code    42  queue.o(.text)
    vQueueAddToRegistry                      0x0800d185   Thumb Code    38  queue.o(.text)
    pcQueueGetName                           0x0800d1ab   Thumb Code    38  queue.o(.text)
    vQueueWaitForMessageRestricted           0x0800d1d1   Thumb Code    74  queue.o(.text)
    xQueueCreateSet                          0x0800d21b   Thumb Code    20  queue.o(.text)
    xQueueAddToSet                           0x0800d22f   Thumb Code    38  queue.o(.text)
    xQueueRemoveFromSet                      0x0800d255   Thumb Code    48  queue.o(.text)
    xQueueSelectFromSet                      0x0800d285   Thumb Code    24  queue.o(.text)
    xQueueSelectFromSetFromISR               0x0800d29d   Thumb Code    22  queue.o(.text)
    xTaskCreate                              0x0800d453   Thumb Code    98  tasks.o(.text)
    vTaskDelete                              0x0800d4f1   Thumb Code   192  tasks.o(.text)
    xTaskIncrementTick                       0x0800d5b1   Thumb Code   386  tasks.o(.text)
    xTaskResumeAll                           0x0800d733   Thumb Code   218  tasks.o(.text)
    vTaskSuspendAll                          0x0800d889   Thumb Code    12  tasks.o(.text)
    vTaskDelayUntil                          0x0800d895   Thumb Code   182  tasks.o(.text)
    vTaskDelay                               0x0800d94b   Thumb Code    76  tasks.o(.text)
    eTaskGetState                            0x0800d997   Thumb Code   122  tasks.o(.text)
    uxTaskPriorityGet                        0x0800da11   Thumb Code    30  tasks.o(.text)
    uxTaskPriorityGetFromISR                 0x0800da2f   Thumb Code    62  tasks.o(.text)
    vTaskPrioritySet                         0x0800da6d   Thumb Code   314  tasks.o(.text)
    vTaskSwitchContext                       0x0800dba7   Thumb Code   114  tasks.o(.text)
    vTaskSuspend                             0x0800dc19   Thumb Code   204  tasks.o(.text)
    vTaskResume                              0x0800dd31   Thumb Code   122  tasks.o(.text)
    xTaskResumeFromISR                       0x0800ddab   Thumb Code   152  tasks.o(.text)
    vTaskStartScheduler                      0x0800deab   Thumb Code   112  tasks.o(.text)
    vTaskEndScheduler                        0x0800df1b   Thumb Code   106  tasks.o(.text)
    xTaskGetTickCount                        0x0800df85   Thumb Code     6  tasks.o(.text)
    xTaskGetTickCountFromISR                 0x0800df8b   Thumb Code    16  tasks.o(.text)
    uxTaskGetNumberOfTasks                   0x0800df9b   Thumb Code     6  tasks.o(.text)
    pcTaskGetName                            0x0800dfa1   Thumb Code    40  tasks.o(.text)
    vTaskGetInfo                             0x0800dfdf   Thumb Code   126  tasks.o(.text)
    uxTaskGetSystemState                     0x0800e0c7   Thumb Code   152  tasks.o(.text)
    vTaskPlaceOnEventList                    0x0800e15f   Thumb Code    46  tasks.o(.text)
    vTaskPlaceOnUnorderedEventList           0x0800e18d   Thumb Code    88  tasks.o(.text)
    vTaskPlaceOnEventListRestricted          0x0800e1e5   Thumb Code    54  tasks.o(.text)
    xTaskRemoveFromEventList                 0x0800e21b   Thumb Code   122  tasks.o(.text)
    vTaskRemoveFromUnorderedEventList        0x0800e295   Thumb Code   130  tasks.o(.text)
    vTaskSetTimeOutState                     0x0800e317   Thumb Code    44  tasks.o(.text)
    vTaskInternalSetTimeOutState             0x0800e343   Thumb Code    14  tasks.o(.text)
    xTaskCheckForTimeOut                     0x0800e351   Thumb Code   174  tasks.o(.text)
    vTaskMissedYield                         0x0800e3ff   Thumb Code     8  tasks.o(.text)
    uxTaskGetTaskNumber                      0x0800e407   Thumb Code    14  tasks.o(.text)
    vTaskSetTaskNumber                       0x0800e415   Thumb Code     8  tasks.o(.text)
    xTaskGetCurrentTaskHandle                0x0800e41d   Thumb Code     6  tasks.o(.text)
    xTaskGetSchedulerState                   0x0800e423   Thumb Code    24  tasks.o(.text)
    xTaskPriorityInherit                     0x0800e43b   Thumb Code   186  tasks.o(.text)
    xTaskPriorityDisinherit                  0x0800e4f5   Thumb Code   176  tasks.o(.text)
    vTaskPriorityDisinheritAfterTimeout      0x0800e5a5   Thumb Code   218  tasks.o(.text)
    vTaskList                                0x0800e6a9   Thumb Code   200  tasks.o(.text)
    uxTaskResetEventItemValue                0x0800e771   Thumb Code    24  tasks.o(.text)
    pvTaskIncrementMutexHeldCount            0x0800e789   Thumb Code    80  tasks.o(.text)
    ulTaskNotifyTake                         0x0800e7d9   Thumb Code   108  tasks.o(.text)
    xTaskNotifyWait                          0x0800e845   Thumb Code   150  tasks.o(.text)
    xTaskGenericNotify                       0x0800e8db   Thumb Code   256  tasks.o(.text)
    xTaskGenericNotifyFromISR                0x0800e9db   Thumb Code   310  tasks.o(.text)
    vTaskNotifyGiveFromISR                   0x0800eb11   Thumb Code   232  tasks.o(.text)
    xTaskNotifyStateClear                    0x0800ebf9   Thumb Code    48  tasks.o(.text)
    xTimerGenericCommand                     0x0800ec7d   Thumb Code   118  timers.o(.text)
    xTimerCreateTimerTask                    0x0800efe3   Thumb Code    54  timers.o(.text)
    xTimerCreate                             0x0800f0bf   Thumb Code    48  timers.o(.text)
    xTimerGetTimerDaemonTaskHandle           0x0800f0ef   Thumb Code    38  timers.o(.text)
    xTimerGetPeriod                          0x0800f115   Thumb Code    28  timers.o(.text)
    xTimerGetExpiryTime                      0x0800f131   Thumb Code    30  timers.o(.text)
    pcTimerGetName                           0x0800f14f   Thumb Code    28  timers.o(.text)
    xTimerIsTimerActive                      0x0800f16b   Thumb Code    56  timers.o(.text)
    pvTimerGetTimerID                        0x0800f1a3   Thumb Code    38  timers.o(.text)
    vTimerSetTimerID                         0x0800f1c9   Thumb Code    38  timers.o(.text)
    xTimerPendFunctionCallFromISR            0x0800f1ef   Thumb Code    48  timers.o(.text)
    xTimerPendFunctionCall                   0x0800f21f   Thumb Code    70  timers.o(.text)
    uxTimerGetTimerNumber                    0x0800f265   Thumb Code     6  timers.o(.text)
    vTimerSetTimerNumber                     0x0800f26b   Thumb Code     4  timers.o(.text)
    pvPortMalloc                             0x0800f33b   Thumb Code   262  heap_4.o(.text)
    vPortFree                                0x0800f441   Thumb Code   120  heap_4.o(.text)
    xPortGetFreeHeapSize                     0x0800f4b9   Thumb Code     6  heap_4.o(.text)
    xPortGetMinimumEverFreeHeapSize          0x0800f4bf   Thumb Code     6  heap_4.o(.text)
    vPortInitialiseBlocks                    0x0800f4c5   Thumb Code     2  heap_4.o(.text)
    pxPortInitialiseStack                    0x0800f549   Thumb Code    30  port.o(.text)
    vPortSetupTimerInterrupt                 0x0800f567   Thumb Code    36  port.o(.text)
    xPortStartScheduler                      0x0800f58b   Thumb Code   240  port.o(.text)
    vPortEndScheduler                        0x0800f67b   Thumb Code    34  port.o(.text)
    vPortEnterCritical                       0x0800f69d   Thumb Code    70  port.o(.text)
    vPortExitCritical                        0x0800f6e3   Thumb Code    48  port.o(.text)
    xPortSysTickHandler                      0x0800f713   Thumb Code    52  port.o(.text)
    vPortValidateInterruptPriority           0x0800f747   Thumb Code    88  port.o(.text)
    shellWriteString                         0x0800f7f9   Thumb Code    40  shell.o(.text)
    shellToHex                               0x0800f875   Thumb Code    56  shell.o(.text)
    shellCheckPermission                     0x0800f8f9   Thumb Code    54  shell.o(.text)
    shellSeekCommand                         0x0800f92f   Thumb Code   122  shell.o(.text)
    shellInit                                0x0800fa2f   Thumb Code   144  shell.o(.text)
    shellGetCurrent                          0x0800fabf   Thumb Code    48  shell.o(.text)
    shellPrint                               0x0800fb4d   Thumb Code    50  shell.o(.text)
    shellToDec                               0x0800fb7f   Thumb Code    86  shell.o(.text)
    shellListItem                            0x0800fc75   Thumb Code   240  shell.o(.text)
    shellListCommand                         0x0800fd65   Thumb Code    90  shell.o(.text)
    shellListVar                             0x0800fdbf   Thumb Code    84  shell.o(.text)
    shellListUser                            0x0800fe13   Thumb Code    84  shell.o(.text)
    shellListKey                             0x0800fe67   Thumb Code    84  shell.o(.text)
    shellListAll                             0x0800febb   Thumb Code    12  shell.o(.text)
    shellDeleteCommandLine                   0x0800fec7   Thumb Code    28  shell.o(.text)
    shellClearCommandLine                    0x0800fee3   Thumb Code    40  shell.o(.text)
    shellInsertByte                          0x0800ff0b   Thumb Code   226  shell.o(.text)
    shellDeleteByte                          0x0800ffed   Thumb Code   232  shell.o(.text)
    shellGetVarValue                         0x080101cb   Thumb Code    84  shell.o(.text)
    shellSetVarValue                         0x080102bf   Thumb Code   140  shell.o(.text)
    shellSetVar                              0x0801034b   Thumb Code   106  shell.o(.text)
    shellRunCommand                          0x0801041f   Thumb Code   174  shell.o(.text)
    shellNormalInput                         0x08010675   Thumb Code    28  shell.o(.text)
    shellExec                                0x08010691   Thumb Code   110  shell.o(.text)
    shellUp                                  0x080106ff   Thumb Code    14  shell.o(.text)
    shellDown                                0x0801070d   Thumb Code    16  shell.o(.text)
    shellRight                               0x0801071d   Thumb Code    30  shell.o(.text)
    shellLeft                                0x0801073b   Thumb Code    26  shell.o(.text)
    shellTab                                 0x08010755   Thumb Code   378  shell.o(.text)
    shellBackspace                           0x080108cf   Thumb Code    14  shell.o(.text)
    shellDelete                              0x080108dd   Thumb Code    16  shell.o(.text)
    shellEnter                               0x080108ed   Thumb Code    20  shell.o(.text)
    shellHelp                                0x08010901   Thumb Code   118  shell.o(.text)
    shellHandler                             0x08010977   Thumb Code   246  shell.o(.text)
    shellTask                                0x08010a6d   Thumb Code    54  shell.o(.text)
    shellUsers                               0x08010aa3   Thumb Code    18  shell.o(.text)
    shellCmds                                0x08010ab5   Thumb Code    36  shell.o(.text)
    shellVars                                0x08010ad9   Thumb Code    18  shell.o(.text)
    shellKeys                                0x08010aeb   Thumb Code    18  shell.o(.text)
    shellClear                               0x08010afd   Thumb Code    22  shell.o(.text)
    shellRun                                 0x08010b13   Thumb Code    86  shell.o(.text)
    shellExtParsePara                        0x08010d97   Thumb Code    86  shell_ext.o(.text)
    shellExtRun                              0x08010ded   Thumb Code   202  shell_ext.o(.text)
    userShellWrite                           0x08010ebd   Thumb Code    14  shell_port.o(.text)
    userShellRead                            0x08010ecb   Thumb Code    22  shell_port.o(.text)
    userShellInit                            0x08010ee1   Thumb Code    30  shell_port.o(.text)
    rand                                     0x08010f0d   Thumb Code    20  rand.o(.text)
    srand                                    0x08010f21   Thumb Code     6  rand.o(.text)
    __aeabi_memcpy                           0x08010f31   Thumb Code    36  memcpya.o(.text)
    __aeabi_memcpy4                          0x08010f31   Thumb Code     0  memcpya.o(.text)
    __aeabi_memcpy8                          0x08010f31   Thumb Code     0  memcpya.o(.text)
    __aeabi_memset                           0x08010f55   Thumb Code    14  memseta.o(.text)
    __aeabi_memset4                          0x08010f55   Thumb Code     0  memseta.o(.text)
    __aeabi_memset8                          0x08010f55   Thumb Code     0  memseta.o(.text)
    __aeabi_memclr                           0x08010f63   Thumb Code     4  memseta.o(.text)
    __aeabi_memclr4                          0x08010f63   Thumb Code     0  memseta.o(.text)
    __aeabi_memclr8                          0x08010f63   Thumb Code     0  memseta.o(.text)
    _memset$wrapper                          0x08010f67   Thumb Code    18  memseta.o(.text)
    strlen                                   0x08010f79   Thumb Code    14  strlen.o(.text)
    strcmp                                   0x08010f87   Thumb Code    28  strcmp.o(.text)
    strcpy                                   0x08010fa3   Thumb Code    18  strcpy.o(.text)
    strncmp                                  0x08010fb5   Thumb Code    30  strncmp.o(.text)
    strtok                                   0x08010fd5   Thumb Code    62  strtok.o(.text)
    __0sscanf                                0x08011019   Thumb Code    48  __0sscanf.o(.text)
    _scanf_int                               0x08011051   Thumb Code   332  _scanf_int.o(.text)
    strtol                                   0x0801119d   Thumb Code   112  strtol.o(.text)
    atoi                                     0x0801120d   Thumb Code    26  atoi.o(.text)
    __aeabi_dadd                             0x08011227   Thumb Code   322  dadd.o(.text)
    __aeabi_dsub                             0x08011369   Thumb Code     6  dadd.o(.text)
    __aeabi_drsub                            0x0801136f   Thumb Code     6  dadd.o(.text)
    __aeabi_dmul                             0x08011375   Thumb Code   228  dmul.o(.text)
    __aeabi_ddiv                             0x08011459   Thumb Code   222  ddiv.o(.text)
    __aeabi_i2d                              0x08011537   Thumb Code    34  dflti.o(.text)
    __aeabi_d2iz                             0x08011559   Thumb Code    62  dfixi.o(.text)
    __aeabi_d2uiz                            0x08011597   Thumb Code    50  dfixui.o(.text)
    __aeabi_f2d                              0x080115c9   Thumb Code    38  f2d.o(.text)
    __aeabi_cdrcmple                         0x080115f1   Thumb Code    48  cdrcmple.o(.text)
    __aeabi_d2f                              0x08011621   Thumb Code    56  d2f.o(.text)
    __aeabi_uidiv                            0x08011659   Thumb Code     0  uidiv.o(.text)
    __aeabi_uidivmod                         0x08011659   Thumb Code    44  uidiv.o(.text)
    __aeabi_uldivmod                         0x08011685   Thumb Code    98  uldiv.o(.text)
    __aeabi_llsl                             0x080116e7   Thumb Code    30  llshl.o(.text)
    _ll_shift_l                              0x080116e7   Thumb Code     0  llshl.o(.text)
    __aeabi_llsr                             0x08011705   Thumb Code    32  llushr.o(.text)
    _ll_ushift_r                             0x08011705   Thumb Code     0  llushr.o(.text)
    __aeabi_lasr                             0x08011725   Thumb Code    36  llsshr.o(.text)
    _ll_sshift_r                             0x08011725   Thumb Code     0  llsshr.o(.text)
    __rt_ctype_table                         0x08011749   Thumb Code     4  ctype_o.o(.text)
    isspace                                  0x08011751   Thumb Code    18  isspace_o.o(.text)
    _chval                                   0x08011763   Thumb Code    28  _chval.o(.text)
    __vfscanf_char                           0x0801178d   Thumb Code    20  scanf_char.o(.text)
    _sgetc                                   0x080117a9   Thumb Code    30  _sgetc.o(.text)
    _sbackspace                              0x080117c7   Thumb Code    34  _sgetc.o(.text)
    _strtoul                                 0x080117e9   Thumb Code   158  _strtoul.o(.text)
    __I$use$fp                               0x08011887   Thumb Code     0  iusefp.o(.text)
    _float_round                             0x08011887   Thumb Code    18  fepilogue.o(.text)
    _float_epilogue                          0x08011899   Thumb Code    92  fepilogue.o(.text)
    _double_round                            0x080118f5   Thumb Code    30  depilogue.o(.text)
    _double_epilogue                         0x08011913   Thumb Code   156  depilogue.o(.text)
    __ARM_scalbn                             0x080119af   Thumb Code    46  dscalb.o(.text)
    scalbn                                   0x080119af   Thumb Code     0  dscalb.o(.text)
    __aeabi_d2ulz                            0x080119dd   Thumb Code    48  dfixul.o(.text)
    __aeabi_cdcmpeq                          0x08011a0d   Thumb Code     0  cdcmple.o(.text)
    __aeabi_cdcmple                          0x08011a0d   Thumb Code    48  cdcmple.o(.text)
    __scatterload                            0x08011a3d   Thumb Code    28  init.o(.text)
    __scatterload_rt2                        0x08011a3d   Thumb Code     0  init.o(.text)
    __vfscanf                                0x08011a61   Thumb Code   810  _scanf.o(.text)
    _dsqrt                                   0x08011d91   Thumb Code   162  dsqrt.o(.text)
    __decompress                             0x08011e33   Thumb Code     0  __dczerorl2.o(.text)
    __decompress1                            0x08011e33   Thumb Code    86  __dczerorl2.o(.text)
    __0printf                                0x08011e89   Thumb Code    22  printfa.o(i.__0printf)
    __1printf                                0x08011e89   Thumb Code     0  printfa.o(i.__0printf)
    __2printf                                0x08011e89   Thumb Code     0  printfa.o(i.__0printf)
    __c89printf                              0x08011e89   Thumb Code     0  printfa.o(i.__0printf)
    printf                                   0x08011e89   Thumb Code     0  printfa.o(i.__0printf)
    __0sprintf                               0x08011ea9   Thumb Code    34  printfa.o(i.__0sprintf)
    __1sprintf                               0x08011ea9   Thumb Code     0  printfa.o(i.__0sprintf)
    __2sprintf                               0x08011ea9   Thumb Code     0  printfa.o(i.__0sprintf)
    __c89sprintf                             0x08011ea9   Thumb Code     0  printfa.o(i.__0sprintf)
    sprintf                                  0x08011ea9   Thumb Code     0  printfa.o(i.__0sprintf)
    __0vsnprintf                             0x08011ed1   Thumb Code    46  printfa.o(i.__0vsnprintf)
    __1vsnprintf                             0x08011ed1   Thumb Code     0  printfa.o(i.__0vsnprintf)
    __2vsnprintf                             0x08011ed1   Thumb Code     0  printfa.o(i.__0vsnprintf)
    __c89vsnprintf                           0x08011ed1   Thumb Code     0  printfa.o(i.__0vsnprintf)
    vsnprintf                                0x08011ed1   Thumb Code     0  printfa.o(i.__0vsnprintf)
    __ARM_fpclassify                         0x08011f05   Thumb Code    48  fpclassify.o(i.__ARM_fpclassify)
    __aeabi_errno_addr                       0x08011f35   Thumb Code     4  errno.o(i.__aeabi_errno_addr)
    __rt_errno_addr                          0x08011f35   Thumb Code     0  errno.o(i.__aeabi_errno_addr)
    __hardfp_ceil                            0x08011f41   Thumb Code   252  ceil.o(i.__hardfp_ceil)
    __hardfp_log                             0x08012059   Thumb Code   872  log.o(i.__hardfp_log)
    __hardfp_pow                             0x08012421   Thumb Code  3072  pow.o(i.__hardfp_pow)
    __kernel_poly                            0x08013071   Thumb Code   248  poly.o(i.__kernel_poly)
    __mathlib_dbl_divzero                    0x08013169   Thumb Code    28  dunder.o(i.__mathlib_dbl_divzero)
    __mathlib_dbl_infnan                     0x08013199   Thumb Code    20  dunder.o(i.__mathlib_dbl_infnan)
    __mathlib_dbl_infnan2                    0x080131ad   Thumb Code    20  dunder.o(i.__mathlib_dbl_infnan2)
    __mathlib_dbl_invalid                    0x080131c1   Thumb Code    24  dunder.o(i.__mathlib_dbl_invalid)
    __mathlib_dbl_overflow                   0x080131e1   Thumb Code    24  dunder.o(i.__mathlib_dbl_overflow)
    __mathlib_dbl_underflow                  0x08013201   Thumb Code    24  dunder.o(i.__mathlib_dbl_underflow)
    __scatterload_copy                       0x08013221   Thumb Code    14  handlers.o(i.__scatterload_copy)
    __scatterload_null                       0x0801322f   Thumb Code     2  handlers.o(i.__scatterload_null)
    __scatterload_zeroinit                   0x08013231   Thumb Code    14  handlers.o(i.__scatterload_zeroinit)
    __set_errno                              0x08013241   Thumb Code     6  errno.o(i.__set_errno)
    fabs                                     0x08013af7   Thumb Code    24  fabs.o(i.fabs)
    sqrt                                     0x08013b0f   Thumb Code   110  sqrt.o(i.sqrt)
    shellCmdi2cTest                          0x08013d0c   Data           8  tools.o(.constdata)
    shellDesci2cTest                         0x08013d14   Data           9  tools.o(.constdata)
    shellCmdreboot                           0x08013d1d   Data           7  tools.o(.constdata)
    shellDescreboot                          0x08013d24   Data          15  tools.o(.constdata)
    shellCmdversion                          0x08013d33   Data           8  tools.o(.constdata)
    shellDescversion                         0x08013d3b   Data          21  tools.o(.constdata)
    shellCmdsensor                           0x08013d50   Data           7  tools.o(.constdata)
    shellDescsensor                          0x08013d57   Data          17  tools.o(.constdata)
    shellCmdifconfig                         0x08013d68   Data           9  tools.o(.constdata)
    shellDescifconfig                        0x08013d71   Data          20  tools.o(.constdata)
    shellCmdexit                             0x08013d85   Data           5  tools.o(.constdata)
    shellDescexit                            0x08013d8a   Data          11  tools.o(.constdata)
    m_DisableMsgFilterTbl                    0x08013d98   Data          40  msghndlr.o(.constdata)
    m_FlashModeFilterTbl                     0x08013e38   Data          10  msghndlr.o(.constdata)
    g_App_CmdHndlr                           0x08013e44   Data         544  app.o(.constdata)
    g_Chassis_CmdHndlr                       0x08014064   Data          48  chassis.o(.constdata)
    g_Oem_CmdHndlr                           0x08014094   Data          64  oem.o(.constdata)
    g_SensorEvent_CmdHndlr                   0x080140d4   Data         272  sensorevent.o(.constdata)
    g_Storage_CmdHndlr                       0x0801424c   Data         224  storage.o(.constdata)
    SDRSize                                  0x0801432c   Data          20  sdr.o(.constdata)
    g_Bridge_CmdHndlr                        0x08014344   Data          16  bridge.o(.constdata)
    shellCmdDefaultUser                      0x0801449c   Data           6  shell.o(.constdata)
    shellPasswordDefaultUser                 0x080144a2   Data           5  shell.o(.constdata)
    shellDesDefaultUser                      0x080144a7   Data          13  shell.o(.constdata)
    shellCmdsetVar                           0x080144b4   Data           7  shell.o(.constdata)
    shellDescsetVar                          0x080144bb   Data           8  shell.o(.constdata)
    shellDesc0x1B5B4100                      0x080144c3   Data           3  shell.o(.constdata)
    shellDesc0x1B5B4200                      0x080144c6   Data           5  shell.o(.constdata)
    shellDesc0x1B5B4300                      0x080144cb   Data           6  shell.o(.constdata)
    shellDesc0x1B5B4400                      0x080144d1   Data           5  shell.o(.constdata)
    shellDesc0x09000000                      0x080144d6   Data           4  shell.o(.constdata)
    shellDesc0x08000000                      0x080144da   Data          10  shell.o(.constdata)
    shellDesc0x7F000000                      0x080144e4   Data          10  shell.o(.constdata)
    shellDesc0x1B5B337E                      0x080144ee   Data           7  shell.o(.constdata)
    shellDesc0x0D000000                      0x080144f5   Data           6  shell.o(.constdata)
    shellDesc0x0D0A0000                      0x080144fb   Data           6  shell.o(.constdata)
    shellCmdhelp                             0x08014501   Data           5  shell.o(.constdata)
    shellDeschelp                            0x08014506   Data          30  shell.o(.constdata)
    shellCmdusers                            0x08014524   Data           6  shell.o(.constdata)
    shellDescusers                           0x0801452a   Data          14  shell.o(.constdata)
    shellCmdcmds                             0x08014538   Data           5  shell.o(.constdata)
    shellDesccmds                            0x0801453d   Data          13  shell.o(.constdata)
    shellCmdvars                             0x0801454a   Data           5  shell.o(.constdata)
    shellDescvars                            0x0801454f   Data          13  shell.o(.constdata)
    shellCmdkeys                             0x0801455c   Data           5  shell.o(.constdata)
    shellDesckeys                            0x08014561   Data          13  shell.o(.constdata)
    shellCmdclear                            0x0801456e   Data           6  shell.o(.constdata)
    shellDescclear                           0x08014574   Data          14  shell.o(.constdata)
    __mathlib_zero                           0x08014648   Data           8  qnan.o(.constdata)
    __ctype_table                            0x08014650   Data         129  ctype_o.o(.constdata)
    Region$$Table$$Base                      0x08014c00   Number         0  anon$$obj.o(Region$$Table)
    Region$$Table$$Limit                     0x08014c20   Number         0  anon$$obj.o(Region$$Table)
    shellCommand$$Base                       0x08014c20   Number         0  tools.o(shellCommand)
    shellCommandi2cTest                      0x08014c20   Data          16  tools.o(shellCommand)
    shellCommandreboot                       0x08014c30   Data          16  tools.o(shellCommand)
    shellCommandversion                      0x08014c40   Data          16  tools.o(shellCommand)
    shellCommandsensor                       0x08014c50   Data          16  tools.o(shellCommand)
    shellCommandifconfig                     0x08014c60   Data          16  tools.o(shellCommand)
    shellCommandexit                         0x08014c70   Data          16  tools.o(shellCommand)
    shellUserDefault                         0x08014c80   Data          16  shell.o(shellCommand)
    shellCommandsetVar                       0x08014c90   Data          16  shell.o(shellCommand)
    shellKey0x1B5B4100                       0x08014ca0   Data          16  shell.o(shellCommand)
    shellKey0x1B5B4200                       0x08014cb0   Data          16  shell.o(shellCommand)
    shellKey0x1B5B4300                       0x08014cc0   Data          16  shell.o(shellCommand)
    shellKey0x1B5B4400                       0x08014cd0   Data          16  shell.o(shellCommand)
    shellKey0x09000000                       0x08014ce0   Data          16  shell.o(shellCommand)
    shellKey0x08000000                       0x08014cf0   Data          16  shell.o(shellCommand)
    shellKey0x7F000000                       0x08014d00   Data          16  shell.o(shellCommand)
    shellKey0x1B5B337E                       0x08014d10   Data          16  shell.o(shellCommand)
    shellKey0x0D000000                       0x08014d20   Data          16  shell.o(shellCommand)
    shellKey0x0D0A0000                       0x08014d30   Data          16  shell.o(shellCommand)
    shellCommandhelp                         0x08014d40   Data          16  shell.o(shellCommand)
    shellCommandusers                        0x08014d50   Data          16  shell.o(shellCommand)
    shellCommandcmds                         0x08014d60   Data          16  shell.o(shellCommand)
    shellCommandvars                         0x08014d70   Data          16  shell.o(shellCommand)
    shellCommandkeys                         0x08014d80   Data          16  shell.o(shellCommand)
    shellCommandclear                        0x08014d90   Data          16  shell.o(shellCommand)
    shellCommand$$Limit                      0x08014da0   Number         0  shell.o(shellCommand)
    ComTask_Handler                          0x20000000   Data           4  main.o(.data)
    g_localtime                              0x20000004   Data           4  main.o(.data)
    g_utc_time_bmc_firmware_build            0x20000008   Data           8  main.o(.data)
    g_bmc_firmware_version                   0x20000010   Data           2  main.o(.data)
    projectInfo                              0x20000014   Data           4  main.o(.data)
    g_chassisCtrl_Queue                      0x20000018   Data           4  main.o(.data)
    FTUartWrite_Queue                        0x20000020   Data           4  api_cpu.o(.data)
    FTUartRead_Queue                         0x20000024   Data           4  api_cpu.o(.data)
    FTPowerStatus_Queue                      0x20000028   Data           4  api_cpu.o(.data)
    s_is_CPUInfo_has_received                0x20000030   Data           1  api_cpu.o(.data)
    g_CPUStatus                              0x20000031   Data           1  api_cpu.o(.data)
    MAC_ADDR0                                0x2000003d   Data           1  tools.o(.data)
    MAC_ADDR1                                0x2000003e   Data           1  tools.o(.data)
    MAC_ADDR2                                0x2000003f   Data           1  tools.o(.data)
    MAC_ADDR3                                0x20000040   Data           1  tools.o(.data)
    MAC_ADDR4                                0x20000041   Data           1  tools.o(.data)
    MAC_ADDR5                                0x20000042   Data           1  tools.o(.data)
    GW_ADDR0                                 0x20000043   Data           1  tools.o(.data)
    GW_ADDR1                                 0x20000044   Data           1  tools.o(.data)
    GW_ADDR2                                 0x20000045   Data           1  tools.o(.data)
    GW_ADDR3                                 0x20000046   Data           1  tools.o(.data)
    IP_ADDR0                                 0x20000047   Data           1  tools.o(.data)
    IP_ADDR1                                 0x20000048   Data           1  tools.o(.data)
    IP_ADDR2                                 0x20000049   Data           1  tools.o(.data)
    IP_ADDR3                                 0x2000004a   Data           1  tools.o(.data)
    ResponseDatMsg_Queue                     0x20000080   Data           4  msghndlr.o(.data)
    RecvDatMsg_Queue                         0x20000084   Data           4  msghndlr.o(.data)
    RecvForwardI2CDatMsg_Queue               0x20000088   Data           4  msghndlr.o(.data)
    g_sensor_sdr                             0x2000008c   Data         192  sdr.o(.data)
    g_device0_addr                           0x20000160   Data           1  bsp_i2c.o(.data)
    g_device1_addr                           0x20000161   Data           1  bsp_i2c.o(.data)
    g_device2_addr                           0x20000162   Data           1  bsp_i2c.o(.data)
    g_time_run                               0x20000210   Data           4  bsp_timer.o(.data)
    SystemCoreClock                          0x20000214   Data           4  system_gd32f30x.o(.data)
    pxCurrentTCB                             0x20000218   Data           4  tasks.o(.data)
    __stdout                                 0x200002e8   Data           4  stdout.o(.data)
    s_max_rotate_rpm                         0x20000308   Data          16  api_fan.o(.bss)
    s_max_duty_value                         0x20000318   Data          16  api_fan.o(.bss)
    g_fan_pid                                0x20000328   Data         224  api_fan.o(.bss)
    g_fan_rpm_set                            0x20000408   Data          16  api_fan.o(.bss)
    g_fan_rpm_calculate                      0x20000418   Data          16  api_fan.o(.bss)
    g_CPUVariableParam                       0x20000428   Data          18  api_cpu.o(.bss)
    g_CPUFixedParam                          0x2000043a   Data          23  api_cpu.o(.bss)
    g_BMCInfo                                0x20000454   Data        5836  msghndlr.o(.bss)
    g_timer_cap_info                         0x20001b20   Data          64  bsp_capture.o(.bss)
    xQueueRegistry                           0x20001fac   Data         120  queue.o(.bss)
    shell                                    0x2000af50   Data         108  shell_port.o(.bss)
    shellBuffer                              0x2000afbc   Data         512  shell_port.o(.bss)
    __initial_sp                             0x2000b5c0   Data           0  startup_gd32f30x_cl.o(STACK)



==============================================================================

Memory Map of the image

  Image Entry point : 0x08000151

  Load Region LR_IROM1 (Base: 0x08000000, Size: 0x00015090, Max: 0x00100000, ABSOLUTE, COMPRESSED[0x00014eac])

    Execution Region ER_IROM1 (Exec base: 0x08000000, Load base: 0x08000000, Size: 0x00014da0, Max: 0x00100000, ABSOLUTE)

    Exec Addr    Load Addr    Size         Type   Attr      Idx    E Section Name        Object

    0x08000000   0x08000000   0x00000150   Data   RO         2222    RESET               startup_gd32f30x_cl.o
    0x08000150   0x08000150   0x00000000   Code   RO         2602  * .ARM.Collect$$$$00000000  mc_w.l(entry.o)
    0x08000150   0x08000150   0x00000004   Code   RO         2952    .ARM.Collect$$$$00000001  mc_w.l(entry2.o)
    0x08000154   0x08000154   0x00000004   Code   RO         2955    .ARM.Collect$$$$00000004  mc_w.l(entry5.o)
    0x08000158   0x08000158   0x00000000   Code   RO         2957    .ARM.Collect$$$$00000008  mc_w.l(entry7b.o)
    0x08000158   0x08000158   0x00000000   Code   RO         2959    .ARM.Collect$$$$0000000A  mc_w.l(entry8b.o)
    0x08000158   0x08000158   0x00000008   Code   RO         2960    .ARM.Collect$$$$0000000B  mc_w.l(entry9a.o)
    0x08000160   0x08000160   0x00000004   Code   RO         2967    .ARM.Collect$$$$0000000E  mc_w.l(entry12b.o)
    0x08000164   0x08000164   0x00000000   Code   RO         2962    .ARM.Collect$$$$0000000F  mc_w.l(entry10a.o)
    0x08000164   0x08000164   0x00000000   Code   RO         2964    .ARM.Collect$$$$00000011  mc_w.l(entry11a.o)
    0x08000164   0x08000164   0x00000004   Code   RO         2953    .ARM.Collect$$$$00002712  mc_w.l(entry2.o)
    0x08000168   0x08000168   0x00000096   Code   RO         2437    .emb_text           port.o
    0x080001fe   0x080001fe   0x00000026   Code   RO            3    .text               gd32f30x_it.o
    0x08000224   0x08000224   0x00000378   Code   RO          183    .text               main.o
    0x0800059c   0x0800059c   0x00000080   Code   RO          388    .text               systick.o
    0x0800061c   0x0800061c   0x00000002   Code   RO          436    .text               gd32f30x_platform.o
    0x0800061e   0x0800061e   0x00000002   PAD
    0x08000620   0x08000620   0x000003d4   Code   RO          460    .text               api_adc.o
    0x080009f4   0x080009f4   0x000001ac   Code   RO          488    .text               api_fan.o
    0x08000ba0   0x08000ba0   0x000000a8   Code   RO          523    .text               pid.o
    0x08000c48   0x08000c48   0x000006e0   Code   RO          563    .text               api_cpu.o
    0x08001328   0x08001328   0x0000030c   Code   RO          596    .text               api_utc.o
    0x08001634   0x08001634   0x00000758   Code   RO          628    .text               tools.o
    0x08001d8c   0x08001d8c   0x0000019e   Code   RO          717    .text               fifo.o
    0x08001f2a   0x08001f2a   0x00000094   Code   RO          786    .text               ipmi_common.o
    0x08001fbe   0x08001fbe   0x00000002   PAD
    0x08001fc0   0x08001fc0   0x00000304   Code   RO          978    .text               serialifc.o
    0x080022c4   0x080022c4   0x00000060   Code   RO         1019    .text               serial.o
    0x08002324   0x08002324   0x000001dc   Code   RO         1094    .text               chassisctrl.o
    0x08002500   0x08002500   0x00000628   Code   RO         1124    .text               msghndlr.o
    0x08002b28   0x08002b28   0x000004c0   Code   RO         1202    .text               appdevice.o
    0x08002fe8   0x08002fe8   0x0000020c   Code   RO         1247    .text               oem.o
    0x080031f4   0x080031f4   0x00002620   Code   RO         1301    .text               sensor.o
    0x08005814   0x08005814   0x00001340   Code   RO         1395    .text               sdr.o
    0x08006b54   0x08006b54   0x00000210   Code   RO         1429    .text               ipmdevice.o
    0x08006d64   0x08006d64   0x000003a8   Code   RO         1484    .text               chassisdevice.o
    0x0800710c   0x0800710c   0x00000ce8   Code   RO         1508    .text               sensor_helpers.o
    0x08007df4   0x08007df4   0x000000ea   Code   RO         1553    .text               bsp_adc.o
    0x08007ede   0x08007ede   0x00000002   PAD
    0x08007ee0   0x08007ee0   0x0000035c   Code   RO         1573    .text               bsp_capture.o
    0x0800823c   0x0800823c   0x000008e4   Code   RO         1597    .text               bsp_i2c.o
    0x08008b20   0x08008b20   0x00000034   Code   RO         1648    .text               bsp_led.o
    0x08008b54   0x08008b54   0x000003b8   Code   RO         1668    .text               bsp_pwm.o
    0x08008f0c   0x08008f0c   0x00000050   Code   RO         1688    .text               bsp_uart3.o
    0x08008f5c   0x08008f5c   0x00000044   Code   RO         1715    .text               bsp_usart0.o
    0x08008fa0   0x08008fa0   0x00000178   Code   RO         1755    .text               bsp_usart1.o
    0x08009118   0x08009118   0x00000128   Code   RO         1780    .text               bsp_gpio.o
    0x08009240   0x08009240   0x000000f0   Code   RO         1828    .text               bsp_timer.o
    0x08009330   0x08009330   0x000002a8   Code   RO         1851    .text               bsp_uartcomm.o
    0x080095d8   0x080095d8   0x000002f8   Code   RO         1873    .text               system_gd32f30x.o
    0x080098d0   0x080098d0   0x000005ac   Code   RO         1899    .text               gd32f30x_adc.o
    0x08009e7c   0x08009e7c   0x00000360   Code   RO         1982    .text               gd32f30x_gpio.o
    0x0800a1dc   0x0800a1dc   0x00000108   Code   RO         2002    .text               gd32f30x_fwdgt.o
    0x0800a2e4   0x0800a2e4   0x000003cc   Code   RO         2042    .text               gd32f30x_i2c.o
    0x0800a6b0   0x0800a6b0   0x000006d4   Code   RO         2082    .text               gd32f30x_rcu.o
    0x0800ad84   0x0800ad84   0x00000e4c   Code   RO         2122    .text               gd32f30x_timer.o
    0x0800bbd0   0x0800bbd0   0x00000144   Code   RO         2142    .text               gd32f30x_misc.o
    0x0800bd14   0x0800bd14   0x0000049c   Code   RO         2162    .text               gd32f30x_usart.o
    0x0800c1b0   0x0800c1b0   0x00000080   Code   RO         2202    .text               gd32f30x_dbg.o
    0x0800c230   0x0800c230   0x00000024   Code   RO         2223    .text               startup_gd32f30x_cl.o
    0x0800c254   0x0800c254   0x00000094   Code   RO         2297    .text               list.o
    0x0800c2e8   0x0800c2e8   0x00000fd0   Code   RO         2320    .text               queue.o
    0x0800d2b8   0x0800d2b8   0x00001974   Code   RO         2349    .text               tasks.o
    0x0800ec2c   0x0800ec2c   0x0000064c   Code   RO         2388    .text               timers.o
    0x0800f278   0x0800f278   0x000002a0   Code   RO         2414    .text               heap_4.o
    0x0800f518   0x0800f518   0x000002e0   Code   RO         2438    .text               port.o
    0x0800f7f8   0x0800f7f8   0x00001374   Code   RO         2475    .text               shell.o
    0x08010b6c   0x08010b6c   0x00000350   Code   RO         2533    .text               shell_ext.o
    0x08010ebc   0x08010ebc   0x00000050   Code   RO         2547    .text               shell_port.o
    0x08010f0c   0x08010f0c   0x00000024   Code   RO         2605    .text               mc_w.l(rand.o)
    0x08010f30   0x08010f30   0x00000024   Code   RO         2608    .text               mc_w.l(memcpya.o)
    0x08010f54   0x08010f54   0x00000024   Code   RO         2610    .text               mc_w.l(memseta.o)
    0x08010f78   0x08010f78   0x0000000e   Code   RO         2612    .text               mc_w.l(strlen.o)
    0x08010f86   0x08010f86   0x0000001c   Code   RO         2614    .text               mc_w.l(strcmp.o)
    0x08010fa2   0x08010fa2   0x00000012   Code   RO         2616    .text               mc_w.l(strcpy.o)
    0x08010fb4   0x08010fb4   0x0000001e   Code   RO         2618    .text               mc_w.l(strncmp.o)
    0x08010fd2   0x08010fd2   0x00000002   PAD
    0x08010fd4   0x08010fd4   0x00000044   Code   RO         2620    .text               mc_w.l(strtok.o)
    0x08011018   0x08011018   0x00000038   Code   RO         2889    .text               mc_w.l(__0sscanf.o)
    0x08011050   0x08011050   0x0000014c   Code   RO         2891    .text               mc_w.l(_scanf_int.o)
    0x0801119c   0x0801119c   0x00000070   Code   RO         2893    .text               mc_w.l(strtol.o)
    0x0801120c   0x0801120c   0x0000001a   Code   RO         2895    .text               mc_w.l(atoi.o)
    0x08011226   0x08011226   0x0000014e   Code   RO         2897    .text               mf_w.l(dadd.o)
    0x08011374   0x08011374   0x000000e4   Code   RO         2899    .text               mf_w.l(dmul.o)
    0x08011458   0x08011458   0x000000de   Code   RO         2901    .text               mf_w.l(ddiv.o)
    0x08011536   0x08011536   0x00000022   Code   RO         2903    .text               mf_w.l(dflti.o)
    0x08011558   0x08011558   0x0000003e   Code   RO         2905    .text               mf_w.l(dfixi.o)
    0x08011596   0x08011596   0x00000032   Code   RO         2907    .text               mf_w.l(dfixui.o)
    0x080115c8   0x080115c8   0x00000026   Code   RO         2909    .text               mf_w.l(f2d.o)
    0x080115ee   0x080115ee   0x00000002   PAD
    0x080115f0   0x080115f0   0x00000030   Code   RO         2911    .text               mf_w.l(cdrcmple.o)
    0x08011620   0x08011620   0x00000038   Code   RO         2913    .text               mf_w.l(d2f.o)
    0x08011658   0x08011658   0x0000002c   Code   RO         2969    .text               mc_w.l(uidiv.o)
    0x08011684   0x08011684   0x00000062   Code   RO         2971    .text               mc_w.l(uldiv.o)
    0x080116e6   0x080116e6   0x0000001e   Code   RO         2973    .text               mc_w.l(llshl.o)
    0x08011704   0x08011704   0x00000020   Code   RO         2975    .text               mc_w.l(llushr.o)
    0x08011724   0x08011724   0x00000024   Code   RO         2977    .text               mc_w.l(llsshr.o)
    0x08011748   0x08011748   0x00000008   Code   RO         2979    .text               mc_w.l(ctype_o.o)
    0x08011750   0x08011750   0x00000012   Code   RO         3001    .text               mc_w.l(isspace_o.o)
    0x08011762   0x08011762   0x0000001c   Code   RO         3014    .text               mc_w.l(_chval.o)
    0x0801177e   0x0801177e   0x00000002   PAD
    0x08011780   0x08011780   0x00000028   Code   RO         3016    .text               mc_w.l(scanf_char.o)
    0x080117a8   0x080117a8   0x00000040   Code   RO         3018    .text               mc_w.l(_sgetc.o)
    0x080117e8   0x080117e8   0x0000009e   Code   RO         3020    .text               mc_w.l(_strtoul.o)
    0x08011886   0x08011886   0x00000000   Code   RO         3022    .text               mc_w.l(iusefp.o)
    0x08011886   0x08011886   0x0000006e   Code   RO         3023    .text               mf_w.l(fepilogue.o)
    0x080118f4   0x080118f4   0x000000ba   Code   RO         3025    .text               mf_w.l(depilogue.o)
    0x080119ae   0x080119ae   0x0000002e   Code   RO         3029    .text               mf_w.l(dscalb.o)
    0x080119dc   0x080119dc   0x00000030   Code   RO         3031    .text               mf_w.l(dfixul.o)
    0x08011a0c   0x08011a0c   0x00000030   Code   RO         3033    .text               mf_w.l(cdcmple.o)
    0x08011a3c   0x08011a3c   0x00000024   Code   RO         3035    .text               mc_w.l(init.o)
    0x08011a60   0x08011a60   0x00000330   Code   RO         3039    .text               mc_w.l(_scanf.o)
    0x08011d90   0x08011d90   0x000000a2   Code   RO         3041    .text               mf_w.l(dsqrt.o)
    0x08011e32   0x08011e32   0x00000056   Code   RO         3054    .text               mc_w.l(__dczerorl2.o)
    0x08011e88   0x08011e88   0x00000020   Code   RO         2861    i.__0printf         mc_w.l(printfa.o)
    0x08011ea8   0x08011ea8   0x00000028   Code   RO         2863    i.__0sprintf        mc_w.l(printfa.o)
    0x08011ed0   0x08011ed0   0x00000034   Code   RO         2866    i.__0vsnprintf      mc_w.l(printfa.o)
    0x08011f04   0x08011f04   0x00000030   Code   RO         2935    i.__ARM_fpclassify  m_wm.l(fpclassify.o)
    0x08011f34   0x08011f34   0x00000008   Code   RO         3007    i.__aeabi_errno_addr  mc_w.l(errno.o)
    0x08011f3c   0x08011f3c   0x00000004   PAD
    0x08011f40   0x08011f40   0x00000118   Code   RO         2568    i.__hardfp_ceil     m_wm.l(ceil.o)
    0x08012058   0x08012058   0x000003c4   Code   RO         2574    i.__hardfp_log      m_wm.l(log.o)
    0x0801241c   0x0801241c   0x00000004   PAD
    0x08012420   0x08012420   0x00000c50   Code   RO         2588    i.__hardfp_pow      m_wm.l(pow.o)
    0x08013070   0x08013070   0x000000f8   Code   RO         2937    i.__kernel_poly     m_wm.l(poly.o)
    0x08013168   0x08013168   0x00000030   Code   RO         2915    i.__mathlib_dbl_divzero  m_wm.l(dunder.o)
    0x08013198   0x08013198   0x00000014   Code   RO         2916    i.__mathlib_dbl_infnan  m_wm.l(dunder.o)
    0x080131ac   0x080131ac   0x00000014   Code   RO         2917    i.__mathlib_dbl_infnan2  m_wm.l(dunder.o)
    0x080131c0   0x080131c0   0x00000020   Code   RO         2918    i.__mathlib_dbl_invalid  m_wm.l(dunder.o)
    0x080131e0   0x080131e0   0x00000020   Code   RO         2919    i.__mathlib_dbl_overflow  m_wm.l(dunder.o)
    0x08013200   0x08013200   0x00000020   Code   RO         2921    i.__mathlib_dbl_underflow  m_wm.l(dunder.o)
    0x08013220   0x08013220   0x0000000e   Code   RO         3048    i.__scatterload_copy  mc_w.l(handlers.o)
    0x0801322e   0x0801322e   0x00000002   Code   RO         3049    i.__scatterload_null  mc_w.l(handlers.o)
    0x08013230   0x08013230   0x0000000e   Code   RO         3050    i.__scatterload_zeroinit  mc_w.l(handlers.o)
    0x0801323e   0x0801323e   0x00000002   PAD
    0x08013240   0x08013240   0x0000000c   Code   RO         3009    i.__set_errno       mc_w.l(errno.o)
    0x0801324c   0x0801324c   0x00000184   Code   RO         2868    i._fp_digits        mc_w.l(printfa.o)
    0x080133d0   0x080133d0   0x000006b4   Code   RO         2869    i._printf_core      mc_w.l(printfa.o)
    0x08013a84   0x08013a84   0x00000024   Code   RO         2870    i._printf_post_padding  mc_w.l(printfa.o)
    0x08013aa8   0x08013aa8   0x0000002e   Code   RO         2871    i._printf_pre_padding  mc_w.l(printfa.o)
    0x08013ad6   0x08013ad6   0x00000016   Code   RO         2872    i._snputc           mc_w.l(printfa.o)
    0x08013aec   0x08013aec   0x0000000a   Code   RO         2873    i._sputc            mc_w.l(printfa.o)
    0x08013af6   0x08013af6   0x00000018   Code   RO         2931    i.fabs              m_wm.l(fabs.o)
    0x08013b0e   0x08013b0e   0x0000006e   Code   RO         2942    i.sqrt              m_wm.l(sqrt.o)
    0x08013b7c   0x08013b7c   0x00000160   Data   RO          462    .constdata          api_adc.o
    0x08013cdc   0x08013cdc   0x00000030   Data   RO          597    .constdata          api_utc.o
    0x08013d0c   0x08013d0c   0x00000089   Data   RO          629    .constdata          tools.o
    0x08013d95   0x08013d95   0x00000003   PAD
    0x08013d98   0x08013d98   0x000000aa   Data   RO         1126    .constdata          msghndlr.o
    0x08013e42   0x08013e42   0x00000002   PAD
    0x08013e44   0x08013e44   0x00000220   Data   RO         1173    .constdata          app.o
    0x08014064   0x08014064   0x00000030   Data   RO         1233    .constdata          chassis.o
    0x08014094   0x08014094   0x00000040   Data   RO         1248    .constdata          oem.o
    0x080140d4   0x080140d4   0x00000110   Data   RO         1278    .constdata          sensorevent.o
    0x080141e4   0x080141e4   0x00000066   Data   RO         1302    .constdata          sensor.o
    0x0801424a   0x0801424a   0x00000002   PAD
    0x0801424c   0x0801424c   0x000000e0   Data   RO         1381    .constdata          storage.o
    0x0801432c   0x0801432c   0x00000014   Data   RO         1396    .constdata          sdr.o
    0x08014340   0x08014340   0x00000003   Data   RO         1430    .constdata          ipmdevice.o
    0x08014343   0x08014343   0x00000001   PAD
    0x08014344   0x08014344   0x00000010   Data   RO         1459    .constdata          bridge.o
    0x08014354   0x08014354   0x00000024   Data   RO         1690    .constdata          bsp_uart3.o
    0x08014378   0x08014378   0x00000024   Data   RO         1717    .constdata          bsp_usart0.o
    0x0801439c   0x0801439c   0x00000024   Data   RO         1757    .constdata          bsp_usart1.o
    0x080143c0   0x080143c0   0x000000dc   Data   RO         1781    .constdata          bsp_gpio.o
    0x0801449c   0x0801449c   0x000000e6   Data   RO         2477    .constdata          shell.o
    0x08014582   0x08014582   0x00000006   PAD
    0x08014588   0x08014588   0x00000038   Data   RO         2577    .constdata          m_wm.l(log.o)
    0x080145c0   0x080145c0   0x00000088   Data   RO         2591    .constdata          m_wm.l(pow.o)
    0x08014648   0x08014648   0x00000008   Data   RO         2939    .constdata          m_wm.l(qnan.o)
    0x08014650   0x08014650   0x00000081   Data   RO         2980    .constdata          mc_w.l(ctype_o.o)
    0x080146d1   0x080146d1   0x00000003   PAD
    0x080146d4   0x080146d4   0x00000004   Data   RO         2981    .constdata          mc_w.l(ctype_o.o)
    0x080146d8   0x080146d8   0x00000105   Data   RO          184    .conststring        main.o
    0x080147dd   0x080147dd   0x00000003   PAD
    0x080147e0   0x080147e0   0x00000061   Data   RO          463    .conststring        api_adc.o
    0x08014841   0x08014841   0x00000003   PAD
    0x08014844   0x08014844   0x00000090   Data   RO          565    .conststring        api_cpu.o
    0x080148d4   0x080148d4   0x00000030   Data   RO          598    .conststring        api_utc.o
    0x08014904   0x08014904   0x000000be   Data   RO          630    .conststring        tools.o
    0x080149c2   0x080149c2   0x00000002   PAD
    0x080149c4   0x080149c4   0x000000de   Data   RO         1303    .conststring        sensor.o
    0x08014aa2   0x08014aa2   0x00000002   PAD
    0x08014aa4   0x08014aa4   0x00000159   Data   RO         2478    .conststring        shell.o
    0x08014bfd   0x08014bfd   0x00000003   PAD
    0x08014c00   0x08014c00   0x00000020   Data   RO         3046    Region$$Table       anon$$obj.o
    0x08014c20   0x08014c20   0x00000060   Data   RO          632    shellCommand        tools.o
    0x08014c80   0x08014c80   0x00000120   Data   RO         2480    shellCommand        shell.o


    Execution Region RW_IRAM1 (Exec base: 0x20000000, Load base: 0x08014da0, Size: 0x0000b5c0, Max: 0x00018000, ABSOLUTE, COMPRESSED[0x0000010c])

    Exec Addr    Load Addr    Size         Type   Attr      Idx    E Section Name        Object

    0x20000000   COMPRESSED   0x0000001c   Data   RW          185    .data               main.o
    0x2000001c   COMPRESSED   0x00000004   Data   RW          490    .data               api_fan.o
    0x20000020   COMPRESSED   0x00000012   Data   RW          566    .data               api_cpu.o
    0x20000032   COMPRESSED   0x00000002   PAD
    0x20000034   COMPRESSED   0x00000048   Data   RW          631    .data               tools.o
    0x2000007c   COMPRESSED   0x00000010   Data   RW         1127    .data               msghndlr.o
    0x2000008c   COMPRESSED   0x000000c0   Data   RW         1397    .data               sdr.o
    0x2000014c   COMPRESSED   0x00000014   Data   RW         1431    .data               ipmdevice.o
    0x20000160   COMPRESSED   0x00000008   Data   RW         1599    .data               bsp_i2c.o
    0x20000168   COMPRESSED   0x00000034   Data   RW         1691    .data               bsp_uart3.o
    0x2000019c   COMPRESSED   0x00000038   Data   RW         1718    .data               bsp_usart0.o
    0x200001d4   COMPRESSED   0x00000039   Data   RW         1758    .data               bsp_usart1.o
    0x2000020d   COMPRESSED   0x00000003   PAD
    0x20000210   COMPRESSED   0x00000004   Data   RW         1829    .data               bsp_timer.o
    0x20000214   COMPRESSED   0x00000004   Data   RW         1874    .data               system_gd32f30x.o
    0x20000218   COMPRESSED   0x0000003c   Data   RW         2351    .data               tasks.o
    0x20000254   COMPRESSED   0x00000014   Data   RW         2390    .data               timers.o
    0x20000268   COMPRESSED   0x00000018   Data   RW         2416    .data               heap_4.o
    0x20000280   COMPRESSED   0x0000000c   Data   RW         2439    .data               port.o
    0x2000028c   COMPRESSED   0x00000054   Data   RW         2479    .data               shell.o
    0x200002e0   COMPRESSED   0x00000004   Data   RW         2606    .data               mc_w.l(rand.o)
    0x200002e4   COMPRESSED   0x00000004   Data   RW         2621    .data               mc_w.l(strtok.o)
    0x200002e8   COMPRESSED   0x00000004   Data   RW         2968    .data               mc_w.l(stdout.o)
    0x200002ec   COMPRESSED   0x00000004   Data   RW         3010    .data               mc_w.l(errno.o)
    0x200002f0        -       0x00000016   Zero   RW          461    .bss                api_adc.o
    0x20000306   COMPRESSED   0x00000002   PAD
    0x20000308        -       0x00000120   Zero   RW          489    .bss                api_fan.o
    0x20000428        -       0x00000029   Zero   RW          564    .bss                api_cpu.o
    0x20000451   COMPRESSED   0x00000003   PAD
    0x20000454        -       0x000016cc   Zero   RW         1125    .bss                msghndlr.o
    0x20001b20        -       0x00000040   Zero   RW         1574    .bss                bsp_capture.o
    0x20001b60        -       0x00000077   Zero   RW         1598    .bss                bsp_i2c.o
    0x20001bd7        -       0x00000064   Zero   RW         1689    .bss                bsp_uart3.o
    0x20001c3b        -       0x00000064   Zero   RW         1716    .bss                bsp_usart0.o
    0x20001c9f        -       0x00000301   Zero   RW         1756    .bss                bsp_usart1.o
    0x20001fa0        -       0x0000000c   Zero   RW         1852    .bss                bsp_uartcomm.o
    0x20001fac        -       0x00000078   Zero   RW         2321    .bss                queue.o
    0x20002024        -       0x000002e4   Zero   RW         2350    .bss                tasks.o
    0x20002308        -       0x00000028   Zero   RW         2389    .bss                timers.o
    0x20002330        -       0x00008c00   Zero   RW         2415    .bss                heap_4.o
    0x2000af30        -       0x0000001d   Zero   RW         2476    .bss                shell.o
    0x2000af4d   COMPRESSED   0x00000003   PAD
    0x2000af50        -       0x0000026c   Zero   RW         2548    .bss                shell_port.o
    0x2000b1bc   COMPRESSED   0x00000004   PAD
    0x2000b1c0        -       0x00000400   Zero   RW         2220    STACK               startup_gd32f30x_cl.o


==============================================================================

Image component sizes


      Code (inc. data)   RO Data    RW Data    ZI Data      Debug   Object Name

       980         80        449          0         22       5353   api_adc.o
      1760        502        144         18         41       5221   api_cpu.o
       428         42          0          4        288       7128   api_fan.o
       780         86         96          0          0       4298   api_utc.o
         0          0        544          0          0        897   app.o
      1216        112          0          0          0      16720   appdevice.o
         0          0         16          0          0        788   bridge.o
       234          0          0          0          0       1617   bsp_adc.o
       860         16          0          0         64       3067   bsp_capture.o
       296          6        220          0          0       3706   bsp_gpio.o
      2276        182          0          8        119       8706   bsp_i2c.o
        52          4          0          0          0        728   bsp_led.o
       952         26          0          0          0       2293   bsp_pwm.o
       240         12          0          4          0       1387   bsp_timer.o
        80         22         36         52        100       1466   bsp_uart3.o
       680          8          0          0         12       4568   bsp_uartcomm.o
        68         22         36         56        100       2979   bsp_usart0.o
       376         94         36         57        769       1858   bsp_usart1.o
         0          0         48          0          0        801   chassis.o
       476        206          0          0          0      28433   chassisctrl.o
       936        310          0          0          0       8415   chassisdevice.o
         0          0          0          0          0       7948   event_groups.o
       414          0          0          0          0       6946   fifo.o
      1452         22          0          0          0       9457   gd32f30x_adc.o
       128          6          0          0          0       1831   gd32f30x_dbg.o
         0          0          0          0          0       1472   gd32f30x_dma.o
       264         10          0          0          0       2398   gd32f30x_fwdgt.o
       864         12          0          0          0       5220   gd32f30x_gpio.o
       972         28          0          0          0       7968   gd32f30x_i2c.o
        38          0          0          0          0      19679   gd32f30x_it.o
       324         20          0          0          0       2033   gd32f30x_misc.o
         2          0          0          0          0        580   gd32f30x_platform.o
      1748         72          0          0          0       8508   gd32f30x_rcu.o
      3660         42          0          0          0      18935   gd32f30x_timer.o
      1180         16          0          0          0      11116   gd32f30x_usart.o
       672         82          0         24      35840       3440   heap_4.o
         0          0          0          0          0      52465   ipmbmsghndlr.o
       528        134          3         20          0       5723   ipmdevice.o
       148          0          0          0          0       1977   ipmi_common.o
       148          0          0          0          0       1994   list.o
       888        366        261         28          0      87607   main.o
      1576        402        170         16       5836      19163   msghndlr.o
       524         20         64          0          0       8520   oem.o
       168          0          0          0          0       2177   pid.o
       886        102          0         12          0       8035   port.o
      4048         56          0          0        120      20926   queue.o
      4928         98         20        192          0      19847   sdr.o
      9760        746        324          0          0      45225   sensor.o
      3304        600          0          0          0      14209   sensor_helpers.o
         0          0        272          0          0       1625   sensorevent.o
        96          4          0          0          0       2021   serial.o
       772        142          0          0          0      17384   serialifc.o
      4980        138        863         84         29      26565   shell.o
       848         14          0          0          0       3776   shell_ext.o
        80         14          0          0        620       1669   shell_port.o
        36          8        336          0       1024        928   startup_gd32f30x_cl.o
         0          0        224          0          0        845   storage.o
       760         58          0          4          0       2749   system_gd32f30x.o
       128         16          0          0          0      42750   systick.o
      6516        410          0         60        740      33477   tasks.o
      1612        112          0         20         40      11911   timers.o
      1880        812        423         72          0      40041   tools.o

    ----------------------------------------------------------------------
     69028       6292       4644        736      45776     691569   Object Totals
         0          0         32          0          0          0   (incl. Generated)
         6          0         27          5         12          0   (incl. Padding)

    ----------------------------------------------------------------------

      Code (inc. data)   RO Data    RW Data    ZI Data      Debug   Library Member Name

       280         28          0          0          0        156   ceil.o
       184         44          0          0          0        744   dunder.o
        24          0          0          0          0        124   fabs.o
        48          0          0          0          0        124   fpclassify.o
       964         92         56          0          0        316   log.o
       248          0          0          0          0        152   poly.o
      3152        296        136          0          0        352   pow.o
         0          0          8          0          0          0   qnan.o
       110          0          0          0          0        148   sqrt.o
        56          8          0          0          0         84   __0sscanf.o
        86          0          0          0          0          0   __dczerorl2.o
        28          0          0          0          0         68   _chval.o
       816          6          0          0          0        112   _scanf.o
       332          0          0          0          0         96   _scanf_int.o
        64          0          0          0          0         84   _sgetc.o
       158          0          0          0          0         92   _strtoul.o
        26          0          0          0          0         80   atoi.o
         8          4        133          0          0         68   ctype_o.o
         0          0          0          0          0          0   entry.o
         0          0          0          0          0          0   entry10a.o
         0          0          0          0          0          0   entry11a.o
         4          0          0          0          0          0   entry12b.o
         8          4          0          0          0          0   entry2.o
         4          0          0          0          0          0   entry5.o
         0          0          0          0          0          0   entry7b.o
         0          0          0          0          0          0   entry8b.o
         8          4          0          0          0          0   entry9a.o
        20         10          0          4          0        136   errno.o
        30          0          0          0          0          0   handlers.o
        36          8          0          0          0         68   init.o
        18          0          0          0          0         76   isspace_o.o
         0          0          0          0          0          0   iusefp.o
        30          0          0          0          0         68   llshl.o
        36          0          0          0          0         68   llsshr.o
        32          0          0          0          0         68   llushr.o
        36          0          0          0          0         68   memcpya.o
        36          0          0          0          0        108   memseta.o
      2342        102          0          0          0        764   printfa.o
        36         10          0          4          0        136   rand.o
        40          8          0          0          0         84   scanf_char.o
         0          0          0          4          0          0   stdout.o
        28          0          0          0          0         76   strcmp.o
        18          0          0          0          0         68   strcpy.o
        14          0          0          0          0         68   strlen.o
        30          0          0          0          0         80   strncmp.o
        68          6          0          4          0         80   strtok.o
       112          0          0          0          0         88   strtol.o
        44          0          0          0          0         80   uidiv.o
        98          0          0          0          0         92   uldiv.o
        48          0          0          0          0         68   cdcmple.o
        48          0          0          0          0         68   cdrcmple.o
        56          0          0          0          0         88   d2f.o
       334          0          0          0          0        148   dadd.o
       222          0          0          0          0        100   ddiv.o
       186          0          0          0          0        176   depilogue.o
        62          0          0          0          0         80   dfixi.o
        50          0          0          0          0         76   dfixui.o
        48          0          0          0          0         68   dfixul.o
        34          0          0          0          0         76   dflti.o
       228          0          0          0          0         96   dmul.o
        46          0          0          0          0         80   dscalb.o
       162          0          0          0          0        100   dsqrt.o
        38          0          0          0          0         68   f2d.o
       110          0          0          0          0        168   fepilogue.o

    ----------------------------------------------------------------------
     11400        638        336         16          0       6536   Library Totals
        16          8          3          0          0          0   (incl. Padding)

    ----------------------------------------------------------------------

      Code (inc. data)   RO Data    RW Data    ZI Data      Debug   Library Name

      5010        460        200          0          0       2116   m_wm.l
      4702        170        133         16          0       2960   mc_w.l
      1672          0          0          0          0       1460   mf_w.l

    ----------------------------------------------------------------------
     11400        638        336         16          0       6536   Library Totals

    ----------------------------------------------------------------------

==============================================================================


      Code (inc. data)   RO Data    RW Data    ZI Data      Debug   

     80428       6930       4980        752      45776     682393   Grand Totals
     80428       6930       4980        268      45776     682393   ELF Image Totals (compressed)
     80428       6930       4980        268          0          0   ROM Totals

==============================================================================

    Total RO  Size (Code + RO Data)                85408 (  83.41kB)
    Total RW  Size (RW Data + ZI Data)             46528 (  45.44kB)
    Total ROM Size (Code + RO Data + RW Data)      85676 (  83.67kB)

==============================================================================

